exec make kpkg_version=12.036+nmu3 -f /usr/share/kernel-package/ruleset/minimal.mk debian APPEND_TO_VERSION=new 
====== making target debian/stamp/conf/minimal_debian [new prereqs: ]======
This is kernel package version 12.036+nmu3.
test -d debian             || mkdir debian
test ! -e stamp-building || rm -f stamp-building
install -p -m 755 /usr/share/kernel-package/rules debian/rules
for file in ChangeLog  Control  Control.bin86 config templates.in rules; do                                      \
            cp -f  /usr/share/kernel-package/$file ./debian/;                               \
        done
for dir  in Config docs examples ruleset scripts pkg po;  do                                      \
          cp -af /usr/share/kernel-package/$dir  ./debian/;                                 \
        done
test -f debian/control || sed         -e 's/=V/3.16.0new/g'  \
                -e 's/=D/3.16.0new-10.00.Custom/g'         -e 's/=A/amd64/g'  \
		-e 's/=SA//g'  \
		-e 's/=I//g'				    \
		-e 's/=CV/3.16/g'			    \
		-e 's/=M/Unknown Kernel Package Maintainer <unknown@unconfigured.in.etc.kernel-pkg.conf>/g'			    \
		-e 's/=ST/linux/g'      -e 's/=B/x86_64/g'    \
                  /usr/share/kernel-package/Control > debian/control
test -f debian/changelog ||  sed -e 's/=V/3.16.0new/g'       \
            -e 's/=D/3.16.0new-10.00.Custom/g'        -e 's/=A/amd64/g'       \
            -e 's/=ST/linux/g'     -e 's/=B/x86_64/g'         \
            -e 's/=M/Unknown Kernel Package Maintainer <unknown@unconfigured.in.etc.kernel-pkg.conf>/g'                            \
             /usr/share/kernel-package/changelog > debian/changelog
chmod 0644 debian/control debian/changelog
test -d ./debian/stamp || mkdir debian/stamp 
make -f debian/rules debian/stamp/conf/kernel-conf
make[1]: Entering directory `/home/yjiao/linux-3.16'
====== making target debian/stamp/conf/kernel-conf [new prereqs: ]======
make EXTRAVERSION=new   ARCH=x86_64 \
                    oldconfig;
make[2]: Entering directory `/home/yjiao/linux-3.16'
scripts/kconfig/conf --oldconfig Kconfig
#
# configuration written to .config
#
make[2]: Leaving directory `/home/yjiao/linux-3.16'
make EXTRAVERSION=new   ARCH=x86_64 prepare
make[2]: Entering directory `/home/yjiao/linux-3.16'
scripts/kconfig/conf --silentoldconfig Kconfig
make[2]: Leaving directory `/home/yjiao/linux-3.16'
make[2]: Entering directory `/home/yjiao/linux-3.16'
  SYSTBL  arch/x86/syscalls/../include/generated/asm/syscalls_32.h
  SYSHDR  arch/x86/syscalls/../include/generated/asm/unistd_32_ia32.h
  SYSHDR  arch/x86/syscalls/../include/generated/asm/unistd_64_x32.h
  SYSTBL  arch/x86/syscalls/../include/generated/asm/syscalls_64.h
  SYSHDR  arch/x86/syscalls/../include/generated/uapi/asm/unistd_32.h
  SYSHDR  arch/x86/syscalls/../include/generated/uapi/asm/unistd_64.h
  SYSHDR  arch/x86/syscalls/../include/generated/uapi/asm/unistd_x32.h
  HOSTCC  arch/x86/tools/relocs_32.o
  HOSTCC  arch/x86/tools/relocs_64.o
  HOSTCC  arch/x86/tools/relocs_common.o
  HOSTLD  arch/x86/tools/relocs
  CHK     include/config/kernel.release
  UPD     include/config/kernel.release
  WRAP    arch/x86/include/generated/asm/clkdev.h
  WRAP    arch/x86/include/generated/asm/early_ioremap.h
  WRAP    arch/x86/include/generated/asm/cputime.h
  WRAP    arch/x86/include/generated/asm/mcs_spinlock.h
  CHK     include/generated/uapi/linux/version.h
  UPD     include/generated/uapi/linux/version.h
  CHK     include/generated/utsrelease.h
  UPD     include/generated/utsrelease.h
  CC      kernel/bounds.s
  GEN     include/generated/bounds.h
  CC      arch/x86/kernel/asm-offsets.s
  GEN     include/generated/asm-offsets.h
  CALL    scripts/checksyscalls.sh
make[2]: Leaving directory `/home/yjiao/linux-3.16'
echo done > debian/stamp/conf/kernel-conf
make[1]: Leaving directory `/home/yjiao/linux-3.16'
make -f debian/rules debian/stamp/conf/full-changelog
make[1]: Entering directory `/home/yjiao/linux-3.16'
====== making target debian/stamp/conf/full-changelog [new prereqs: ]======
for file in ChangeLog  Control  Control.bin86 config templates.in rules; do				\
	     cp -f  /usr/share/kernel-package/$file ./debian/;			\
	done
for dir  in Config docs examples ruleset scripts pkg po;	do				\
	   cp -af /usr/share/kernel-package/$dir  ./debian/;				\
	done
install -p -m 755 /usr/share/kernel-package/rules debian/rules
sed         -e 's/=V/3.16.0new/g'  \
                -e 's/=D/3.16.0new-10.00.Custom/g'         -e 's/=A/amd64/g'  \
		-e 's/=SA//g'  \
		-e 's/=I//g'				    \
		-e 's/=CV/3.16/g'			    \
		-e 's/=M/Unknown Kernel Package Maintainer <unknown@unconfigured.in.etc.kernel-pkg.conf>/g'			    \
		-e 's/=ST/linux/g'      -e 's/=B/x86_64/g'    \
                  /usr/share/kernel-package/Control > debian/control
sed -e 's/=V/3.16.0new/g' -e 's/=D/3.16.0new-10.00.Custom/g'	      \
	    -e 's/=A/amd64/g' -e 's/=M/Unknown Kernel Package Maintainer <unknown@unconfigured.in.etc.kernel-pkg.conf>/g' \
	    -e 's/=ST/linux/g'	 -e 's/=B/x86_64/g'	      \
		/usr/share/kernel-package/changelog > debian/changelog
chmod 0644 debian/control debian/changelog
make -f debian/rules debian/stamp/conf/kernel-conf
make[2]: Entering directory `/home/yjiao/linux-3.16'
make[2]: `debian/stamp/conf/kernel-conf' is up to date.
make[2]: Leaving directory `/home/yjiao/linux-3.16'
make[1]: Leaving directory `/home/yjiao/linux-3.16'
echo done > debian/stamp/conf/minimal_debian
exec debian/rules  APPEND_TO_VERSION=new  kernel_image 
====== making target debian/stamp/conf/vars [new prereqs: ]======

====== making target debian/stamp/build/kernel [new prereqs: vars]======
This is kernel package version 12.036+nmu3.
restore_upstream_debianization
test ! -f scripts/package/builddeb.kpkg-dist ||	mv -f scripts/package/builddeb.kpkg-dist scripts/package/builddeb
test ! -f scripts/package/Makefile.kpkg-dist ||	mv -f scripts/package/Makefile.kpkg-dist scripts/package/Makefile
/usr/bin/make  EXTRAVERSION=new  ARCH=x86_64 \
			     bzImage
make[1]: Entering directory `/home/yjiao/linux-3.16'
scripts/kconfig/conf --silentoldconfig Kconfig
make[1]: Leaving directory `/home/yjiao/linux-3.16'
make[1]: Entering directory `/home/yjiao/linux-3.16'
  CHK     include/config/kernel.release
  CHK     include/generated/uapi/linux/version.h
  CHK     include/generated/utsrelease.h
  CALL    scripts/checksyscalls.sh
  HOSTCC  scripts/genksyms/genksyms.o
  SHIPPED scripts/genksyms/lex.lex.c
  SHIPPED scripts/genksyms/keywords.hash.c
  SHIPPED scripts/genksyms/parse.tab.h
  HOSTCC  scripts/genksyms/lex.lex.o
  SHIPPED scripts/genksyms/parse.tab.c
  HOSTCC  scripts/genksyms/parse.tab.o
  HOSTLD  scripts/genksyms/genksyms
  CC      scripts/mod/empty.o
  HOSTCC  scripts/mod/mk_elfconfig
  MKELF   scripts/mod/elfconfig.h
  CC      scripts/mod/devicetable-offsets.s
  GEN     scripts/mod/devicetable-offsets.h
  HOSTCC  scripts/mod/file2alias.o
  HOSTCC  scripts/mod/modpost.o
  HOSTCC  scripts/mod/sumversion.o
  HOSTLD  scripts/mod/modpost
  HOSTCC  scripts/selinux/genheaders/genheaders
  HOSTCC  scripts/selinux/mdp/mdp
  HOSTCC  scripts/kallsyms
  HOSTCC  scripts/conmakehash
  HOSTCC  scripts/recordmcount
  HOSTCC  scripts/sortextable
  HOSTCC  scripts/asn1_compiler
  CC      init/main.o
  CHK     include/generated/compile.h
  UPD     include/generated/compile.h
  CC      init/version.o
  CC      init/do_mounts.o
  CC      init/do_mounts_rd.o
  CC      init/do_mounts_initrd.o
  CC      init/do_mounts_md.o
  LD      init/mounts.o
  CC      init/initramfs.o
  CC      init/calibrate.o
  CC      init/init_task.o
  LD      init/built-in.o
  HOSTCC  usr/gen_init_cpio
  GEN     usr/initramfs_data.cpio.gz
  AS      usr/initramfs_data.o
  LD      usr/built-in.o
  CC      arch/x86/crypto/crc32c-intel_glue.o
  AS      arch/x86/crypto/crc32c-pcl-intel-asm_64.o
  LD      arch/x86/crypto/crc32c-intel.o
  LD      arch/x86/crypto/built-in.o
  AS      arch/x86/ia32/ia32entry.o
  CC      arch/x86/ia32/sys_ia32.o
  CC      arch/x86/ia32/ia32_signal.o
  CC      arch/x86/ia32/nosyscall.o
  CC      arch/x86/ia32/syscall_ia32.o
  CC      arch/x86/ia32/audit.o
  LD      arch/x86/ia32/built-in.o
  CC      arch/x86/kernel/process_64.o
  CC      arch/x86/kernel/signal.o
  AS      arch/x86/kernel/entry_64.o
  CC      arch/x86/kernel/traps.o
  CC      arch/x86/kernel/irq.o
  CC      arch/x86/kernel/irq_64.o
  CC      arch/x86/kernel/dumpstack_64.o
  CC      arch/x86/kernel/time.o
  CC      arch/x86/kernel/ioport.o
  CC      arch/x86/kernel/ldt.o
  CC      arch/x86/kernel/dumpstack.o
  CC      arch/x86/kernel/nmi.o
  CC      arch/x86/kernel/setup.o
  CC      arch/x86/kernel/x86_init.o
  CC      arch/x86/kernel/i8259.o
  CC      arch/x86/kernel/irqinit.o
  CC      arch/x86/kernel/jump_label.o
  CC      arch/x86/kernel/irq_work.o
  CC      arch/x86/kernel/probe_roms.o
  CC      arch/x86/kernel/sys_x86_64.o
  CC      arch/x86/kernel/x8664_ksyms_64.o
  AS      arch/x86/kernel/mcount_64.o
  CC      arch/x86/kernel/syscall_64.o
  CC      arch/x86/kernel/vsyscall_gtod.o
  CC      arch/x86/kernel/vsyscall_64.o
  AS      arch/x86/kernel/vsyscall_emu_64.o
  CC      arch/x86/kernel/espfix_64.o
  CC      arch/x86/kernel/ksysfs.o
  CC      arch/x86/kernel/bootflag.o
  CC      arch/x86/kernel/e820.o
  CC      arch/x86/kernel/pci-dma.o
  CC      arch/x86/kernel/quirks.o
  CC      arch/x86/kernel/topology.o
  CC      arch/x86/kernel/kdebugfs.o
  CC      arch/x86/kernel/alternative.o
  CC      arch/x86/kernel/i8253.o
  CC      arch/x86/kernel/pci-nommu.o
  CC      arch/x86/kernel/hw_breakpoint.o
  CC      arch/x86/kernel/tsc.o
  CC      arch/x86/kernel/tsc_msr.o
  CC      arch/x86/kernel/io_delay.o
  CC      arch/x86/kernel/rtc.o
  CC      arch/x86/kernel/pci-iommu_table.o
  CC      arch/x86/kernel/resource.o
  CC      arch/x86/kernel/process.o
  CC      arch/x86/kernel/i387.o
  CC      arch/x86/kernel/xsave.o
  CC      arch/x86/kernel/ptrace.o
  CC      arch/x86/kernel/tls.o
  CC      arch/x86/kernel/step.o
  CC      arch/x86/kernel/tboot.o
  CC      arch/x86/kernel/i8237.o
  CC      arch/x86/kernel/stacktrace.o
  CC      arch/x86/kernel/acpi/boot.o
  CC      arch/x86/kernel/acpi/sleep.o
  AS      arch/x86/kernel/acpi/wakeup_64.o
  CC      arch/x86/kernel/acpi/cstate.o
  LD      arch/x86/kernel/acpi/built-in.o
  CC      arch/x86/kernel/apic/apic.o
  CC      arch/x86/kernel/apic/apic_noop.o
  CC      arch/x86/kernel/apic/ipi.o
  CC      arch/x86/kernel/apic/hw_nmi.o
  CC      arch/x86/kernel/apic/io_apic.o
  CC      arch/x86/kernel/apic/apic_numachip.o
  CC      arch/x86/kernel/apic/x2apic_phys.o
  CC      arch/x86/kernel/apic/x2apic_cluster.o
  CC      arch/x86/kernel/apic/apic_flat_64.o
  CC      arch/x86/kernel/apic/probe_64.o
  LD      arch/x86/kernel/apic/built-in.o
  CC      arch/x86/kernel/cpu/intel_cacheinfo.o
  CC      arch/x86/kernel/cpu/scattered.o
  CC      arch/x86/kernel/cpu/topology.o
  CC      arch/x86/kernel/cpu/proc.o
  MKCAP   arch/x86/kernel/cpu/capflags.c
  CC      arch/x86/kernel/cpu/capflags.o
  CC      arch/x86/kernel/cpu/powerflags.o
  CC      arch/x86/kernel/cpu/common.o
  CC      arch/x86/kernel/cpu/rdrand.o
  CC      arch/x86/kernel/cpu/match.o
  CC      arch/x86/kernel/cpu/bugs_64.o
  CC      arch/x86/kernel/cpu/intel.o
  CC      arch/x86/kernel/cpu/amd.o
  CC      arch/x86/kernel/cpu/centaur.o
  CC      arch/x86/kernel/cpu/perf_event.o
  CC      arch/x86/kernel/cpu/perf_event_amd.o
  CC      arch/x86/kernel/cpu/perf_event_amd_uncore.o
  CC      arch/x86/kernel/cpu/perf_event_amd_iommu.o
  CC      arch/x86/kernel/cpu/perf_event_p6.o
  CC      arch/x86/kernel/cpu/perf_event_knc.o
  CC      arch/x86/kernel/cpu/perf_event_p4.o
  CC      arch/x86/kernel/cpu/perf_event_intel_lbr.o
  CC      arch/x86/kernel/cpu/perf_event_intel_ds.o
  CC      arch/x86/kernel/cpu/perf_event_intel.o
  CC      arch/x86/kernel/cpu/perf_event_intel_uncore.o
  CC      arch/x86/kernel/cpu/perf_event_intel_rapl.o
  CC      arch/x86/kernel/cpu/mcheck/mce.o
  CC      arch/x86/kernel/cpu/mcheck/mce-severity.o
  CC      arch/x86/kernel/cpu/mcheck/mce_intel.o
  CC      arch/x86/kernel/cpu/mcheck/mce_amd.o
  CC      arch/x86/kernel/cpu/mcheck/threshold.o
  CC      arch/x86/kernel/cpu/mcheck/therm_throt.o
  CC      arch/x86/kernel/cpu/mcheck/mce-apei.o
  LD      arch/x86/kernel/cpu/mcheck/built-in.o
  CC      arch/x86/kernel/cpu/microcode/core.o
  CC      arch/x86/kernel/cpu/microcode/intel.o
  CC      arch/x86/kernel/cpu/microcode/intel_lib.o
  CC      arch/x86/kernel/cpu/microcode/amd.o
  LD      arch/x86/kernel/cpu/microcode/microcode.o
  CC      arch/x86/kernel/cpu/microcode/core_early.o
  CC      arch/x86/kernel/cpu/microcode/intel_early.o
arch/x86/kernel/cpu/microcode/intel_early.c: In function ‘get_matching_model_microcode.isra.2.constprop.6’:
arch/x86/kernel/cpu/microcode/intel_early.c:366:1: warning: the frame size of 1064 bytes is larger than 1024 bytes [-Wframe-larger-than=]
 }
 ^
arch/x86/kernel/cpu/microcode/intel_early.c: In function ‘save_mc_for_early’:
arch/x86/kernel/cpu/microcode/intel_early.c:541:1: warning: the frame size of 1032 bytes is larger than 1024 bytes [-Wframe-larger-than=]
 }
 ^
  CC      arch/x86/kernel/cpu/microcode/amd_early.o
  LD      arch/x86/kernel/cpu/microcode/built-in.o
  CC      arch/x86/kernel/cpu/mtrr/main.o
  CC      arch/x86/kernel/cpu/mtrr/if.o
  CC      arch/x86/kernel/cpu/mtrr/generic.o
  CC      arch/x86/kernel/cpu/mtrr/cleanup.o
  LD      arch/x86/kernel/cpu/mtrr/built-in.o
  CC      arch/x86/kernel/cpu/perfctr-watchdog.o
  CC      arch/x86/kernel/cpu/perf_event_amd_ibs.o
  CC      arch/x86/kernel/cpu/vmware.o
  CC      arch/x86/kernel/cpu/hypervisor.o
  CC      arch/x86/kernel/cpu/mshyperv.o
  LD      arch/x86/kernel/cpu/built-in.o
  CC      arch/x86/kernel/kprobes/core.o
  CC      arch/x86/kernel/kprobes/opt.o
  CC      arch/x86/kernel/kprobes/ftrace.o
  LD      arch/x86/kernel/kprobes/built-in.o
  CC      arch/x86/kernel/reboot.o
  CC      arch/x86/kernel/early-quirks.o
  CC      arch/x86/kernel/smp.o
  CC      arch/x86/kernel/smpboot.o
  CC      arch/x86/kernel/tsc_sync.o
  CC      arch/x86/kernel/setup_percpu.o
  CC      arch/x86/kernel/mpparse.o
  CC      arch/x86/kernel/ftrace.o
  CC      arch/x86/kernel/trace_clock.o
  CC      arch/x86/kernel/machine_kexec_64.o
  AS      arch/x86/kernel/relocate_kernel_64.o
  CC      arch/x86/kernel/crash.o
  CC      arch/x86/kernel/crash_dump_64.o
  CC      arch/x86/kernel/module.o
  CC      arch/x86/kernel/doublefault.o
  CC      arch/x86/kernel/kgdb.o
  CC      arch/x86/kernel/early_printk.o
  CC      arch/x86/kernel/hpet.o
  CC      arch/x86/kernel/amd_nb.o
  CC      arch/x86/kernel/kvm.o
  CC      arch/x86/kernel/kvmclock.o
  CC      arch/x86/kernel/paravirt.o
  CC      arch/x86/kernel/paravirt_patch_64.o
  CC      arch/x86/kernel/paravirt-spinlocks.o
  CC      arch/x86/kernel/pvclock.o
  CC      arch/x86/kernel/pcspeaker.o
  CC      arch/x86/kernel/check.o
  CC      arch/x86/kernel/pci-swiotlb.o
  CC      arch/x86/kernel/uprobes.o
  CC      arch/x86/kernel/sysfb.o
  CC      arch/x86/kernel/sysfb_efi.o
  CC      arch/x86/kernel/perf_regs.o
  CC      arch/x86/kernel/tracepoint.o
  CC      arch/x86/kernel/audit_64.o
  CC      arch/x86/kernel/amd_gart_64.o
  CC      arch/x86/kernel/aperture_64.o
  CC      arch/x86/kernel/pci-calgary_64.o
  CC      arch/x86/kernel/tce_64.o
  CC      arch/x86/kernel/mmconf-fam10h_64.o
  CC      arch/x86/kernel/vsmp_64.o
  LD      arch/x86/kernel/built-in.o
  AS      arch/x86/kernel/head_64.o
  CC      arch/x86/kernel/head64.o
  CC      arch/x86/kernel/head.o
  LDS     arch/x86/kernel/vmlinux.lds
  LD      arch/x86/kvm/built-in.o
  CC      arch/x86/mm/init.o
  CC      arch/x86/mm/init_64.o
  CC      arch/x86/mm/fault.o
  CC      arch/x86/mm/ioremap.o
  CC      arch/x86/mm/extable.o
  CC      arch/x86/mm/pageattr.o
  CC      arch/x86/mm/mmap.o
  CC      arch/x86/mm/pat.o
  CC      arch/x86/mm/pgtable.o
  CC      arch/x86/mm/physaddr.o
  CC      arch/x86/mm/gup.o
  CC      arch/x86/mm/setup_nx.o
  CC      arch/x86/mm/pat_rbtree.o
  CC      arch/x86/mm/tlb.o
  CC      arch/x86/mm/hugetlbpage.o
  CC      arch/x86/mm/kmmio.o
  CC      arch/x86/mm/pf_in.o
  CC      arch/x86/mm/mmio-mod.o
  LD      arch/x86/mm/mmiotrace.o
  CC      arch/x86/mm/numa.o
  CC      arch/x86/mm/numa_64.o
  CC      arch/x86/mm/amdtopology.o
  CC      arch/x86/mm/srat.o
  CC      arch/x86/mm/memtest.o
  LD      arch/x86/mm/built-in.o
  AS      arch/x86/net/bpf_jit.o
  CC      arch/x86/net/bpf_jit_comp.o
  LD      arch/x86/net/built-in.o
  LD      arch/x86/platform/ce4100/built-in.o
  CC      arch/x86/platform/efi/efi.o
  CC      arch/x86/platform/efi/efi_64.o
  AS      arch/x86/platform/efi/efi_stub_64.o
  CC      arch/x86/platform/efi/efi-bgrt.o
  CC      arch/x86/platform/efi/early_printk.o
  AS      arch/x86/platform/efi/efi_thunk_64.o
  LD      arch/x86/platform/efi/built-in.o
  LD      arch/x86/platform/geode/built-in.o
  LD      arch/x86/platform/goldfish/built-in.o
  LD      arch/x86/platform/intel-mid/built-in.o
  LD      arch/x86/platform/iris/built-in.o
  LD      arch/x86/platform/olpc/built-in.o
  LD      arch/x86/platform/scx200/built-in.o
  CC      arch/x86/platform/sfi/sfi.o
  LD      arch/x86/platform/sfi/built-in.o
  LD      arch/x86/platform/ts5500/built-in.o
  LD      arch/x86/platform/uv/built-in.o
  LD      arch/x86/platform/built-in.o
  CC      arch/x86/realmode/init.o
  AS      arch/x86/realmode/rm/header.o
  AS      arch/x86/realmode/rm/trampoline_64.o
  AS      arch/x86/realmode/rm/stack.o
  AS      arch/x86/realmode/rm/reboot.o
  AS      arch/x86/realmode/rm/wakeup_asm.o
  CC      arch/x86/realmode/rm/wakemain.o
  CC      arch/x86/realmode/rm/video-mode.o
  AS      arch/x86/realmode/rm/copy.o
  AS      arch/x86/realmode/rm/bioscall.o
  CC      arch/x86/realmode/rm/regs.o
  CC      arch/x86/realmode/rm/video-vga.o
  CC      arch/x86/realmode/rm/video-vesa.o
  CC      arch/x86/realmode/rm/video-bios.o
  PASYMS  arch/x86/realmode/rm/pasyms.h
  LDS     arch/x86/realmode/rm/realmode.lds
  LD      arch/x86/realmode/rm/realmode.elf
  RELOCS  arch/x86/realmode/rm/realmode.relocs
  OBJCOPY arch/x86/realmode/rm/realmode.bin
  AS      arch/x86/realmode/rmpiggy.o
  LD      arch/x86/realmode/built-in.o
  CC      arch/x86/vdso/vma.o
  CC      arch/x86/vdso/vdso32-setup.o
  LDS     arch/x86/vdso/vdso.lds
  AS      arch/x86/vdso/vdso-note.o
  CC      arch/x86/vdso/vclock_gettime.o
  CC      arch/x86/vdso/vgetcpu.o
  CC      arch/x86/vdso/vdso-fakesections.o
  VDSO    arch/x86/vdso/vdso64.so.dbg
  HOSTCC  arch/x86/vdso/vdso2c
  VDSO2C  arch/x86/vdso/vdso-image-64.c
  CC      arch/x86/vdso/vdso-image-64.o
  LDS     arch/x86/vdso/vdsox32.lds
  X32     arch/x86/vdso/vdso-note-x32.o
  X32     arch/x86/vdso/vclock_gettime-x32.o
  X32     arch/x86/vdso/vgetcpu-x32.o
  X32     arch/x86/vdso/vdso-fakesections-x32.o
  VDSO    arch/x86/vdso/vdsox32.so.dbg
  VDSO2C  arch/x86/vdso/vdso-image-x32.c
  CC      arch/x86/vdso/vdso-image-x32.o
  LDS     arch/x86/vdso/vdso32/vdso32.lds
  CC      arch/x86/vdso/vdso32/vclock_gettime.o
  CC      arch/x86/vdso/vdso32/vdso-fakesections.o
  AS      arch/x86/vdso/vdso32/note.o
  AS      arch/x86/vdso/vdso32/int80.o
  VDSO    arch/x86/vdso/vdso32-int80.so.dbg
  VDSO2C  arch/x86/vdso/vdso-image-32-int80.c
  CC      arch/x86/vdso/vdso-image-32-int80.o
  AS      arch/x86/vdso/vdso32/syscall.o
  VDSO    arch/x86/vdso/vdso32-syscall.so.dbg
  VDSO2C  arch/x86/vdso/vdso-image-32-syscall.c
  CC      arch/x86/vdso/vdso-image-32-syscall.o
  AS      arch/x86/vdso/vdso32/sysenter.o
  VDSO    arch/x86/vdso/vdso32-sysenter.so.dbg
  VDSO2C  arch/x86/vdso/vdso-image-32-sysenter.c
  CC      arch/x86/vdso/vdso-image-32-sysenter.o
  LD      arch/x86/vdso/built-in.o
  CC      arch/x86/xen/enlighten.o
  CC      arch/x86/xen/setup.o
  CC      arch/x86/xen/multicalls.o
  CC      arch/x86/xen/mmu.o
  CC      arch/x86/xen/irq.o
  CC      arch/x86/xen/time.o
  AS      arch/x86/xen/xen-asm.o
  AS      arch/x86/xen/xen-asm_64.o
  CC      arch/x86/xen/grant-table.o
  CC      arch/x86/xen/suspend.o
  CC      arch/x86/xen/platform-pci-unplug.o
  CC      arch/x86/xen/p2m.o
  CC      arch/x86/xen/trace.o
  CC      arch/x86/xen/smp.o
  CC      arch/x86/xen/spinlock.o
  CC      arch/x86/xen/apic.o
  CC      arch/x86/xen/vga.o
  CC      arch/x86/xen/pci-swiotlb-xen.o
  LD      arch/x86/xen/built-in.o
  LD      arch/x86/built-in.o
  CC      kernel/fork.o
  CC      kernel/exec_domain.o
  CC      kernel/panic.o
  CC      kernel/cpu.o
  CC      kernel/exit.o
  CC      kernel/itimer.o
  HZFILE  kernel/hz.bc
  BC      kernel/timeconst.h
  CC      kernel/time.o
  CC      kernel/softirq.o
  CC      kernel/resource.o
  CC      kernel/sysctl.o
  CC      kernel/sysctl_binary.o
  CC      kernel/capability.o
  CC      kernel/ptrace.o
  CC      kernel/timer.o
  CC      kernel/user.o
  CC      kernel/signal.o
  CC      kernel/sys.o
  CC      kernel/kmod.o
  CC      kernel/workqueue.o
  CC      kernel/pid.o
  CC      kernel/task_work.o
  CC      kernel/extable.o
  CC      kernel/params.o
  CC      kernel/posix-timers.o
  CC      kernel/kthread.o
  CC      kernel/sys_ni.o
  CC      kernel/posix-cpu-timers.o
  CC      kernel/hrtimer.o
  CC      kernel/nsproxy.o
  CC      kernel/notifier.o
  CC      kernel/ksysfs.o
  CC      kernel/cred.o
  CC      kernel/reboot.o
  CC      kernel/async.o
  CC      kernel/range.o
  CC      kernel/groups.o
  CC      kernel/smpboot.o
  CC      kernel/debug/debug_core.o
  CC      kernel/debug/gdbstub.o
  CC      kernel/debug/kdb/kdb_io.o
  CC      kernel/debug/kdb/kdb_main.o
  CC      kernel/debug/kdb/kdb_support.o
  CC      kernel/debug/kdb/kdb_bt.o
  GENKDB  kernel/debug/kdb/gen-kdb_cmds.c
  CC      kernel/debug/kdb/gen-kdb_cmds.o
  CC      kernel/debug/kdb/kdb_bp.o
  CC      kernel/debug/kdb/kdb_debugger.o
  CC      kernel/debug/kdb/kdb_keyboard.o
  LD      kernel/debug/kdb/built-in.o
  LD      kernel/debug/built-in.o
  CC      kernel/events/core.o
  CC      kernel/events/ring_buffer.o
  CC      kernel/events/callchain.o
  CC      kernel/events/hw_breakpoint.o
  CC      kernel/events/uprobes.o
  LD      kernel/events/built-in.o
  CC      kernel/irq/irqdesc.o
  CC      kernel/irq/handle.o
  CC      kernel/irq/manage.o
  CC      kernel/irq/spurious.o
  CC      kernel/irq/resend.o
  CC      kernel/irq/chip.o
  CC      kernel/irq/dummychip.o
  CC      kernel/irq/devres.o
  CC      kernel/irq/generic-chip.o
  CC      kernel/irq/autoprobe.o
  CC      kernel/irq/irqdomain.o
  CC      kernel/irq/proc.o
  CC      kernel/irq/migration.o
  CC      kernel/irq/pm.o
  LD      kernel/irq/built-in.o
  CC      kernel/locking/mutex.o
  CC      kernel/locking/semaphore.o
  CC      kernel/locking/rwsem.o
  CC      kernel/locking/mcs_spinlock.o
  CC      kernel/locking/spinlock.o
  CC      kernel/locking/lglock.o
  CC      kernel/locking/rtmutex.o
  CC      kernel/locking/rwsem-xadd.o
  CC      kernel/locking/percpu-rwsem.o
  CC      kernel/locking/qrwlock.o
  LD      kernel/locking/built-in.o
  CC      kernel/power/qos.o
  CC      kernel/power/main.o
  CC      kernel/power/console.o
  CC      kernel/power/process.o
  CC      kernel/power/suspend.o
  CC      kernel/power/hibernate.o
  CC      kernel/power/snapshot.o
  CC      kernel/power/swap.o
  CC      kernel/power/user.o
  CC      kernel/power/block_io.o
  CC      kernel/power/wakelock.o
  CC      kernel/power/poweroff.o
  LD      kernel/power/built-in.o
  CC      kernel/printk/printk.o
  LD      kernel/printk/built-in.o
  CC      kernel/rcu/update.o
  CC      kernel/rcu/srcu.o
  CC      kernel/rcu/tree.o
  LD      kernel/rcu/built-in.o
  CC      kernel/sched/core.o
  CC      kernel/sched/proc.o
  CC      kernel/sched/clock.o
  CC      kernel/sched/cputime.o
  CC      kernel/sched/idle_task.o
  CC      kernel/sched/fair.o
  CC      kernel/sched/rt.o
  CC      kernel/sched/deadline.o
  CC      kernel/sched/stop_task.o
  CC      kernel/sched/wait.o
  CC      kernel/sched/completion.o
  CC      kernel/sched/idle.o
  CC      kernel/sched/cpupri.o
  CC      kernel/sched/cpudeadline.o
  CC      kernel/sched/auto_group.o
  CC      kernel/sched/stats.o
  CC      kernel/sched/debug.o
  CC      kernel/sched/cpuacct.o
  LD      kernel/sched/built-in.o
  CC      kernel/time/timekeeping.o
  CC      kernel/time/ntp.o
  CC      kernel/time/clocksource.o
  CC      kernel/time/jiffies.o
  CC      kernel/time/timer_list.o
  CC      kernel/time/timeconv.o
  CC      kernel/time/posix-clock.o
  CC      kernel/time/alarmtimer.o
  CC      kernel/time/clockevents.o
  CC      kernel/time/tick-common.o
  CC      kernel/time/tick-broadcast.o
  CC      kernel/time/tick-broadcast-hrtimer.o
  CC      kernel/time/tick-oneshot.o
  CC      kernel/time/tick-sched.o
  CC      kernel/time/timer_stats.o
  CC      kernel/time/timekeeping_debug.o
  LD      kernel/time/built-in.o
  CC      kernel/trace/trace_clock.o
  CC      kernel/trace/ftrace.o
  LD      kernel/trace/libftrace.o
  CC      kernel/trace/ring_buffer.o
  CC      kernel/trace/trace.o
  CC      kernel/trace/trace_output.o
  CC      kernel/trace/trace_stat.o
  CC      kernel/trace/trace_printk.o
  CC      kernel/trace/trace_sched_switch.o
  CC      kernel/trace/trace_functions.o
  CC      kernel/trace/trace_sched_wakeup.o
  CC      kernel/trace/trace_nop.o
  CC      kernel/trace/trace_stack.o
  CC      kernel/trace/trace_mmiotrace.o
  CC      kernel/trace/trace_functions_graph.o
  CC      kernel/trace/blktrace.o
  CC      kernel/trace/trace_events.o
  CC      kernel/trace/trace_export.o
  CC      kernel/trace/trace_syscalls.o
  CC      kernel/trace/trace_event_perf.o
  CC      kernel/trace/trace_events_filter.o
  CC      kernel/trace/trace_events_trigger.o
  CC      kernel/trace/trace_kprobe.o
  CC      kernel/trace/power-traces.o
  CC      kernel/trace/rpm-traces.o
  CC      kernel/trace/trace_kdb.o
  CC      kernel/trace/trace_probe.o
  CC      kernel/trace/trace_uprobe.o
  LD      kernel/trace/built-in.o
  CC      kernel/kcmp.o
  CC      kernel/freezer.o
  CC      kernel/profile.o
  CC      kernel/stacktrace.o
  CC      kernel/futex.o
  CC      kernel/futex_compat.o
  CC      kernel/dma.o
  CC      kernel/smp.o
  CC      kernel/uid16.o
  CC      kernel/system_keyring.o
Generating X.509 key generation config
###
### Now generating an X.509 key pair to be used for signing modules.
###
### If this takes a long time, you might wish to run rngd in the
### background to keep the supply of entropy topped up.  It
### needs to be run as root, and uses a hardware random
### number generator if one is available.
###
openssl req -new -nodes -utf8 -"sha512" -days 36500 \
		-batch -x509 -config x509.genkey \
		-outform DER -out signing_key.x509 \
		-keyout signing_key.priv 2>&1
Generating a 4096 bit RSA private key
.......................................................................................++
..++
writing new private key to 'signing_key.priv'
-----
###
### Key pair generated.
###
  CERTS   kernel/x509_certificate_list
  - Including cert ./signing_key.x509
  AS      kernel/system_certificates.o
  CC      kernel/module.o
  CC      kernel/module_signing.o
  CC      kernel/kallsyms.o
  CC      kernel/acct.o
  CC      kernel/kexec.o
  CC      kernel/compat.o
  CC      kernel/cgroup.o
  CC      kernel/cgroup_freezer.o
  CC      kernel/cpuset.o
  CC      kernel/utsname.o
  CC      kernel/user_namespace.o
  CC      kernel/pid_namespace.o
  CC      kernel/res_counter.o
  CC      kernel/stop_machine.o
  CC      kernel/audit.o
  CC      kernel/auditfilter.o
  CC      kernel/auditsc.o
  CC      kernel/audit_watch.o
  CC      kernel/audit_tree.o
  CC      kernel/kprobes.o
  CC      kernel/hung_task.o
  CC      kernel/watchdog.o
  CC      kernel/seccomp.o
  CC      kernel/relay.o
  CC      kernel/utsname_sysctl.o
  CC      kernel/delayacct.o
  CC      kernel/taskstats.o
  CC      kernel/tsacct.o
  CC      kernel/tracepoint.o
  CC      kernel/elfcore.o
  CC      kernel/irq_work.o
  CC      kernel/user-return-notifier.o
  CC      kernel/padata.o
  CC      kernel/crash_dump.o
  CC      kernel/jump_label.o
  CC      kernel/context_tracking.o
  LD      kernel/built-in.o
  CC      mm/filemap.o
  CC      mm/mempool.o
  CC      mm/oom_kill.o
  CC      mm/fadvise.o
  CC      mm/maccess.o
  CC      mm/page_alloc.o
  CC      mm/page-writeback.o
  CC      mm/readahead.o
  CC      mm/swap.o
  CC      mm/truncate.o
  CC      mm/vmscan.o
  CC      mm/shmem.o
  CC      mm/util.o
  CC      mm/mmzone.o
  CC      mm/vmstat.o
  CC      mm/backing-dev.o
  CC      mm/mm_init.o
  CC      mm/mmu_context.o
  CC      mm/percpu.o
  CC      mm/slab_common.o
  CC      mm/compaction.o
  CC      mm/balloon_compaction.o
  CC      mm/vmacache.o
  CC      mm/interval_tree.o
  CC      mm/list_lru.o
  CC      mm/workingset.o
  CC      mm/iov_iter.o
  CC      mm/fremap.o
  CC      mm/gup.o
  CC      mm/highmem.o
  CC      mm/madvise.o
  CC      mm/memory.o
  CC      mm/mincore.o
  CC      mm/mlock.o
  CC      mm/mmap.o
  CC      mm/mprotect.o
  CC      mm/mremap.o
  CC      mm/msync.o
  CC      mm/rmap.o
  CC      mm/vmalloc.o
  CC      mm/pagewalk.o
  CC      mm/pgtable-generic.o
  CC      mm/process_vm_access.o
  CC      mm/init-mm.o
  CC      mm/nobootmem.o
  CC      mm/memblock.o
  CC      mm/page_io.o
  CC      mm/swap_state.o
  CC      mm/swapfile.o
  CC      mm/frontswap.o
  CC      mm/zswap.o
  CC      mm/dmapool.o
  CC      mm/hugetlb.o
  CC      mm/mempolicy.o
  CC      mm/sparse.o
  CC      mm/sparse-vmemmap.o
  CC      mm/mmu_notifier.o
  CC      mm/ksm.o
  CC      mm/slub.o
  CC      mm/memory_hotplug.o
  CC      mm/migrate.o
  CC      mm/huge_memory.o
  CC      mm/memcontrol.o
  CC      mm/page_cgroup.o
  CC      mm/vmpressure.o
  CC      mm/hugetlb_cgroup.o
  CC      mm/memory-failure.o
  CC      mm/cleancache.o
  CC      mm/page_isolation.o
  CC      mm/zbud.o
  CC      mm/zsmalloc.o
  CC      mm/early_ioremap.o
  LD      mm/built-in.o
  CC      fs/open.o
  CC      fs/read_write.o
  CC      fs/file_table.o
  CC      fs/super.o
  CC      fs/char_dev.o
  CC      fs/stat.o
  CC      fs/exec.o
  CC      fs/pipe.o
  CC      fs/namei.o
  CC      fs/fcntl.o
  CC      fs/ioctl.o
  CC      fs/readdir.o
  CC      fs/select.o
  CC      fs/dcache.o
  CC      fs/inode.o
  CC      fs/attr.o
  CC      fs/bad_inode.o
  CC      fs/file.o
  CC      fs/filesystems.o
  CC      fs/namespace.o
  CC      fs/seq_file.o
  CC      fs/xattr.o
  CC      fs/libfs.o
  CC      fs/fs-writeback.o
  CC      fs/pnode.o
  CC      fs/splice.o
  CC      fs/sync.o
  CC      fs/utimes.o
  CC      fs/stack.o
  CC      fs/fs_struct.o
  CC      fs/statfs.o
  CC      fs/buffer.o
  CC      fs/block_dev.o
  CC      fs/direct-io.o
  CC      fs/mpage.o
  CC      fs/proc_namespace.o
  LD      fs/9p/built-in.o
  LD      fs/adfs/built-in.o
  LD      fs/affs/built-in.o
  LD      fs/afs/built-in.o
  LD      fs/autofs4/built-in.o
  LD      fs/befs/built-in.o
  LD      fs/bfs/built-in.o
  LD      fs/btrfs/built-in.o
  LD      fs/cachefiles/built-in.o
  LD      fs/ceph/built-in.o
  LD      fs/cifs/built-in.o
  LD      fs/coda/built-in.o
  LD      fs/configfs/built-in.o
  LD      fs/cramfs/built-in.o
  CC      fs/debugfs/inode.o
  CC      fs/debugfs/file.o
  LD      fs/debugfs/debugfs.o
  LD      fs/debugfs/built-in.o
  CC      fs/devpts/inode.o
  LD      fs/devpts/devpts.o
  LD      fs/devpts/built-in.o
  LD      fs/dlm/built-in.o
  CC      fs/ecryptfs/dentry.o
  CC      fs/ecryptfs/file.o
  CC      fs/ecryptfs/inode.o
  CC      fs/ecryptfs/main.o
  CC      fs/ecryptfs/super.o
  CC      fs/ecryptfs/mmap.o
  CC      fs/ecryptfs/read_write.o
  CC      fs/ecryptfs/crypto.o
  CC      fs/ecryptfs/keystore.o
  CC      fs/ecryptfs/kthread.o
  CC      fs/ecryptfs/debug.o
  CC      fs/ecryptfs/messaging.o
  CC      fs/ecryptfs/miscdev.o
  LD      fs/ecryptfs/ecryptfs.o
  LD      fs/ecryptfs/built-in.o
  CC      fs/efivarfs/inode.o
  CC      fs/efivarfs/file.o
  CC      fs/efivarfs/super.o
  LD      fs/efivarfs/efivarfs.o
  LD      fs/efivarfs/built-in.o
  LD      fs/efs/built-in.o
  LD      fs/exofs/built-in.o
  CC      fs/exportfs/expfs.o
  LD      fs/exportfs/exportfs.o
  LD      fs/exportfs/built-in.o
  CC      fs/ext4/balloc.o
  CC      fs/ext4/bitmap.o
  CC      fs/ext4/dir.o
  CC      fs/ext4/file.o
  CC      fs/ext4/fsync.o
  CC      fs/ext4/ialloc.o
  CC      fs/ext4/inode.o
  CC      fs/ext4/page-io.o
  CC      fs/ext4/ioctl.o
  CC      fs/ext4/namei.o
  CC      fs/ext4/super.o
  CC      fs/ext4/symlink.o
  CC      fs/ext4/hash.o
  CC      fs/ext4/resize.o
  CC      fs/ext4/extents.o
  CC      fs/ext4/ext4_jbd2.o
  CC      fs/ext4/migrate.o
  CC      fs/ext4/mballoc.o
  CC      fs/ext4/block_validity.o
  CC      fs/ext4/move_extent.o
  CC      fs/ext4/mmp.o
  CC      fs/ext4/indirect.o
  CC      fs/ext4/extents_status.o
  CC      fs/ext4/xattr.o
  CC      fs/ext4/xattr_user.o
  CC      fs/ext4/xattr_trusted.o
  CC      fs/ext4/inline.o
  CC      fs/ext4/acl.o
  CC      fs/ext4/xattr_security.o
  LD      fs/ext4/ext4.o
  LD      fs/ext4/built-in.o
  LD      fs/f2fs/built-in.o
  CC      fs/fat/cache.o
  CC      fs/fat/dir.o
  CC      fs/fat/fatent.o
  CC      fs/fat/file.o
  CC      fs/fat/inode.o
  CC      fs/fat/misc.o
  CC      fs/fat/nfs.o
  CC      fs/fat/namei_vfat.o
  LD      fs/fat/fat.o
  LD      fs/fat/vfat.o
  LD      fs/fat/built-in.o
  LD      fs/freevxfs/built-in.o
  LD      fs/fscache/built-in.o
  CC      fs/fuse/dev.o
  CC      fs/fuse/dir.o
  CC      fs/fuse/file.o
  CC      fs/fuse/inode.o
  CC      fs/fuse/control.o
  LD      fs/fuse/fuse.o
  LD      fs/fuse/built-in.o
  LD      fs/gfs2/built-in.o
  LD      fs/hfs/built-in.o
  LD      fs/hfsplus/built-in.o
  LD      fs/hpfs/built-in.o
  CC      fs/hugetlbfs/inode.o
  LD      fs/hugetlbfs/hugetlbfs.o
  LD      fs/hugetlbfs/built-in.o
  LD      fs/isofs/built-in.o
  CC      fs/jbd2/transaction.o
  CC      fs/jbd2/commit.o
  CC      fs/jbd2/recovery.o
  CC      fs/jbd2/checkpoint.o
  CC      fs/jbd2/revoke.o
  CC      fs/jbd2/journal.o
  LD      fs/jbd2/jbd2.o
  LD      fs/jbd2/built-in.o
  LD      fs/jffs2/built-in.o
  LD      fs/jfs/built-in.o
  CC      fs/kernfs/mount.o
  CC      fs/kernfs/inode.o
  CC      fs/kernfs/dir.o
  CC      fs/kernfs/file.o
  CC      fs/kernfs/symlink.o
  LD      fs/kernfs/built-in.o
  LD      fs/lockd/built-in.o
  LD      fs/minix/built-in.o
  LD      fs/ncpfs/built-in.o
  LD      fs/nfs/built-in.o
  LD      fs/nfs/blocklayout/built-in.o
  LD      fs/nfs/filelayout/built-in.o
  LD      fs/nfs/objlayout/built-in.o
  LD      fs/nfs_common/built-in.o
  LD      fs/nfsd/built-in.o
  LD      fs/nilfs2/built-in.o
  CC      fs/nls/nls_base.o
  CC      fs/nls/nls_cp437.o
  LD      fs/nls/built-in.o
  CC      fs/notify/fsnotify.o
  CC      fs/notify/notification.o
  CC      fs/notify/group.o
  CC      fs/notify/inode_mark.o
  CC      fs/notify/mark.o
  CC      fs/notify/vfsmount_mark.o
  CC      fs/notify/fdinfo.o
  CC      fs/notify/dnotify/dnotify.o
  LD      fs/notify/dnotify/built-in.o
  CC      fs/notify/fanotify/fanotify.o
  CC      fs/notify/fanotify/fanotify_user.o
  LD      fs/notify/fanotify/built-in.o
  CC      fs/notify/inotify/inotify_fsnotify.o
  CC      fs/notify/inotify/inotify_user.o
  LD      fs/notify/inotify/built-in.o
  LD      fs/notify/built-in.o
  LD      fs/ntfs/built-in.o
  LD      fs/ocfs2/built-in.o
  LD      fs/ocfs2/cluster/built-in.o
  LD      fs/ocfs2/dlm/built-in.o
  LD      fs/ocfs2/dlmfs/built-in.o
  LD      fs/omfs/built-in.o
  CC      fs/proc/task_mmu.o
  CC      fs/proc/inode.o
  CC      fs/proc/root.o
  CC      fs/proc/base.o
  CC      fs/proc/generic.o
  CC      fs/proc/array.o
  CC      fs/proc/fd.o
  CC      fs/proc/proc_tty.o
  CC      fs/proc/cmdline.o
  CC      fs/proc/consoles.o
  CC      fs/proc/cpuinfo.o
  CC      fs/proc/devices.o
  CC      fs/proc/interrupts.o
  CC      fs/proc/loadavg.o
  CC      fs/proc/meminfo.o
  CC      fs/proc/stat.o
  CC      fs/proc/uptime.o
  CC      fs/proc/version.o
  CC      fs/proc/softirqs.o
  CC      fs/proc/namespaces.o
  CC      fs/proc/self.o
  CC      fs/proc/proc_sysctl.o
  CC      fs/proc/proc_net.o
  CC      fs/proc/kcore.o
  CC      fs/proc/vmcore.o
  CC      fs/proc/kmsg.o
  CC      fs/proc/page.o
  LD      fs/proc/proc.o
  LD      fs/proc/built-in.o
  CC      fs/pstore/inode.o
  CC      fs/pstore/platform.o
  LD      fs/pstore/pstore.o
  LD      fs/pstore/built-in.o
  LD      fs/qnx4/built-in.o
  LD      fs/qnx6/built-in.o
  CC      fs/quota/dquot.o
  CC      fs/quota/quota.o
  CC      fs/quota/kqid.o
  CC      fs/quota/compat.o
  CC      fs/quota/netlink.o
  LD      fs/quota/built-in.o
  CC      fs/ramfs/inode.o
  CC      fs/ramfs/file-mmu.o
  LD      fs/ramfs/ramfs.o
  LD      fs/ramfs/built-in.o
  LD      fs/reiserfs/built-in.o
  LD      fs/romfs/built-in.o
  LD      fs/squashfs/built-in.o
  CC      fs/sysfs/file.o
  CC      fs/sysfs/dir.o
  CC      fs/sysfs/symlink.o
  CC      fs/sysfs/mount.o
  CC      fs/sysfs/group.o
  LD      fs/sysfs/built-in.o
  LD      fs/sysv/built-in.o
  LD      fs/ubifs/built-in.o
  LD      fs/udf/built-in.o
  LD      fs/ufs/built-in.o
  LD      fs/xfs/built-in.o
  CC      fs/eventpoll.o
  CC      fs/anon_inodes.o
  CC      fs/signalfd.o
  CC      fs/timerfd.o
  CC      fs/eventfd.o
  CC      fs/aio.o
  CC      fs/locks.o
  CC      fs/compat.o
  CC      fs/compat_ioctl.o
  CC      fs/binfmt_script.o
  CC      fs/binfmt_elf.o
  CC      fs/compat_binfmt_elf.o
  CC      fs/mbcache.o
  CC      fs/posix_acl.o
  CC      fs/coredump.o
  CC      fs/drop_caches.o
  CC      fs/fhandle.o
  CC      fs/dcookies.o
  LD      fs/built-in.o
  CC      ipc/compat.o
  CC      ipc/util.o
  CC      ipc/msgutil.o
  CC      ipc/msg.o
  CC      ipc/sem.o
  CC      ipc/shm.o
  CC      ipc/ipcns_notifier.o
  CC      ipc/syscall.o
  CC      ipc/ipc_sysctl.o
  CC      ipc/mqueue.o
  CC      ipc/compat_mq.o
  CC      ipc/namespace.o
  CC      ipc/mq_sysctl.o
  LD      ipc/built-in.o
  CC      security/apparmor/apparmorfs.o
  CC      security/apparmor/audit.o
  GEN     security/apparmor/capability_names.h
  CC      security/apparmor/capability.o
  CC      security/apparmor/context.o
  CC      security/apparmor/ipc.o
  CC      security/apparmor/lib.o
  CC      security/apparmor/match.o
  CC      security/apparmor/path.o
  CC      security/apparmor/domain.o
  CC      security/apparmor/policy.o
  CC      security/apparmor/policy_unpack.o
  CC      security/apparmor/procattr.o
  CC      security/apparmor/lsm.o
  GEN     security/apparmor/rlim_names.h
  CC      security/apparmor/resource.o
  CC      security/apparmor/sid.o
  CC      security/apparmor/file.o
  CC      security/apparmor/crypto.o
  LD      security/apparmor/apparmor.o
  LD      security/apparmor/built-in.o
  CC      security/integrity/iint.o
  LD      security/integrity/integrity.o
  CC      security/integrity/integrity_audit.o
  CC      security/integrity/digsig.o
  CC      security/integrity/digsig_asymmetric.o
  CC      security/integrity/evm/evm_main.o
  CC      security/integrity/evm/evm_crypto.o
  CC      security/integrity/evm/evm_secfs.o
  CC      security/integrity/evm/evm_posix_acl.o
  LD      security/integrity/evm/evm.o
  LD      security/integrity/evm/built-in.o
  CC      security/integrity/ima/ima_fs.o
  CC      security/integrity/ima/ima_queue.o
  CC      security/integrity/ima/ima_init.o
  CC      security/integrity/ima/ima_main.o
  CC      security/integrity/ima/ima_crypto.o
  CC      security/integrity/ima/ima_api.o
  CC      security/integrity/ima/ima_policy.o
  CC      security/integrity/ima/ima_template.o
  CC      security/integrity/ima/ima_template_lib.o
  CC      security/integrity/ima/ima_appraise.o
  LD      security/integrity/ima/ima.o
  LD      security/integrity/ima/built-in.o
  LD      security/integrity/built-in.o
  CC      security/keys/gc.o
  CC      security/keys/key.o
  CC      security/keys/keyring.o
  CC      security/keys/keyctl.o
  CC      security/keys/permission.o
  CC      security/keys/process_keys.o
  CC      security/keys/request_key.o
  CC      security/keys/request_key_auth.o
  CC      security/keys/user_defined.o
  CC      security/keys/compat.o
  CC      security/keys/proc.o
  CC      security/keys/sysctl.o
  CC      security/keys/persistent.o
  CC      security/keys/big_key.o
  CC      security/keys/trusted.o
  CC      security/keys/encrypted-keys/encrypted.o
  CC      security/keys/encrypted-keys/ecryptfs_format.o
  CC      security/keys/encrypted-keys/masterkey_trusted.o
  LD      security/keys/encrypted-keys/encrypted-keys.o
  LD      security/keys/encrypted-keys/built-in.o
  LD      security/keys/built-in.o
  GEN     security/selinux/flask.h security/selinux/av_permissions.h
  CC      security/selinux/avc.o
  CC      security/selinux/hooks.o
  CC      security/selinux/selinuxfs.o
  CC      security/selinux/netlink.o
  CC      security/selinux/nlmsgtab.o
  CC      security/selinux/netif.o
  CC      security/selinux/netnode.o
  CC      security/selinux/netport.o
  CC      security/selinux/exports.o
  CC      security/selinux/ss/ebitmap.o
  CC      security/selinux/ss/hashtab.o
  CC      security/selinux/ss/symtab.o
  CC      security/selinux/ss/sidtab.o
  CC      security/selinux/ss/avtab.o
  CC      security/selinux/ss/policydb.o
  CC      security/selinux/ss/services.o
  CC      security/selinux/ss/conditional.o
  CC      security/selinux/ss/mls.o
  CC      security/selinux/ss/status.o
  CC      security/selinux/xfrm.o
  CC      security/selinux/netlabel.o
  LD      security/selinux/selinux.o
  LD      security/selinux/built-in.o
  CC      security/smack/smack_lsm.o
  CC      security/smack/smack_access.o
  CC      security/smack/smackfs.o
  LD      security/smack/smack.o
  LD      security/smack/built-in.o
  CC      security/tomoyo/audit.o
  CC      security/tomoyo/common.o
  CC      security/tomoyo/condition.o
  CC      security/tomoyo/domain.o
  CC      security/tomoyo/environ.o
  CC      security/tomoyo/file.o
  CC      security/tomoyo/gc.o
  CC      security/tomoyo/group.o
  CC      security/tomoyo/load_policy.o
  CC      security/tomoyo/memory.o
  CC      security/tomoyo/mount.o
  CC      security/tomoyo/network.o
  CC      security/tomoyo/realpath.o
  CC      security/tomoyo/securityfs_if.o
  CC      security/tomoyo/tomoyo.o
  CC      security/tomoyo/util.o
  LD      security/tomoyo/built-in.o
  CC      security/yama/yama_lsm.o
  LD      security/yama/yama.o
  LD      security/yama/built-in.o
  CC      security/commoncap.o
  CC      security/min_addr.o
  CC      security/security.o
  CC      security/capability.o
  CC      security/inode.o
  CC      security/lsm_audit.o
  CC      security/device_cgroup.o
  LD      security/built-in.o
  CC      crypto/api.o
  CC      crypto/cipher.o
  CC      crypto/compress.o
  CC      crypto/memneq.o
  CC      crypto/algapi.o
  CC      crypto/scatterwalk.o
  CC      crypto/proc.o
  CC      crypto/ablkcipher.o
  CC      crypto/blkcipher.o
  CC      crypto/ahash.o
  CC      crypto/shash.o
  CC      crypto/algboss.o
  CC      crypto/testmgr.o
  LD      crypto/crypto.o
  CC      crypto/crypto_wq.o
  LD      crypto/crypto_algapi.o
  CC      crypto/aead.o
  LD      crypto/crypto_blkcipher.o
  CC      crypto/chainiv.o
  CC      crypto/eseqiv.o
  LD      crypto/crypto_hash.o
  CC      crypto/pcompress.o
  LD      crypto/cryptomgr.o
  CC      crypto/hmac.o
  CC      crypto/md5.o
  CC      crypto/sha1_generic.o
  CC      crypto/sha256_generic.o
  CC      crypto/sha512_generic.o
  CC      crypto/ecb.o
  CC      crypto/cbc.o
  CC      crypto/aes_generic.o
  CC      crypto/crc32c_generic.o
  CC      crypto/crct10dif_common.o
  CC      crypto/crct10dif_generic.o
  CC      crypto/lzo.o
  CC      crypto/rng.o
  CC      crypto/krng.o
  CC      crypto/asymmetric_keys/asymmetric_type.o
  CC      crypto/asymmetric_keys/signature.o
  ASN.1   crypto/asymmetric_keys/x509-asn1.c
Extracted 200 tokens
Extracted 14 types
Extracted 11 actions
Pass 1
Pass 2
  CC      crypto/asymmetric_keys/x509-asn1.o
  ASN.1   crypto/asymmetric_keys/x509_rsakey-asn1.c
Extracted 16 tokens
Extracted 1 types
Extracted 1 actions
Pass 1
Pass 2
  CC      crypto/asymmetric_keys/x509_rsakey-asn1.o
  CC      crypto/asymmetric_keys/x509_cert_parser.o
  CC      crypto/asymmetric_keys/x509_public_key.o
  LD      crypto/asymmetric_keys/asymmetric_keys.o
  CC      crypto/asymmetric_keys/public_key.o
  CC      crypto/asymmetric_keys/rsa.o
  LD      crypto/asymmetric_keys/x509_key_parser.o
  LD      crypto/asymmetric_keys/built-in.o
  LD      crypto/async_tx/built-in.o
  CC      crypto/hash_info.o
  LD      crypto/built-in.o
  CC      block/bio.o
  CC      block/elevator.o
  CC      block/blk-core.o
  CC      block/blk-tag.o
  CC      block/blk-sysfs.o
  CC      block/blk-flush.o
  CC      block/blk-settings.o
  CC      block/blk-ioc.o
  CC      block/blk-map.o
  CC      block/blk-exec.o
  CC      block/blk-merge.o
  CC      block/blk-softirq.o
  CC      block/blk-timeout.o
  CC      block/blk-iopoll.o
  CC      block/blk-lib.o
  CC      block/blk-mq.o
  CC      block/blk-mq-tag.o
  CC      block/blk-mq-sysfs.o
  CC      block/blk-mq-cpu.o
  CC      block/blk-mq-cpumap.o
  CC      block/ioctl.o
  CC      block/genhd.o
  CC      block/scsi_ioctl.o
  CC      block/partition-generic.o
  CC      block/ioprio.o
  CC      block/partitions/check.o
  CC      block/partitions/acorn.o
  CC      block/partitions/amiga.o
  CC      block/partitions/atari.o
  CC      block/partitions/aix.o
  CC      block/partitions/cmdline.o
  CC      block/partitions/mac.o
  CC      block/partitions/ldm.o
  CC      block/partitions/msdos.o
  CC      block/partitions/osf.o
  CC      block/partitions/sgi.o
  CC      block/partitions/sun.o
  CC      block/partitions/ultrix.o
  CC      block/partitions/efi.o
  CC      block/partitions/karma.o
  CC      block/partitions/sysv68.o
  LD      block/partitions/built-in.o
  CC      block/bounce.o
  CC      block/bsg.o
  CC      block/bsg-lib.o
  CC      block/blk-cgroup.o
  CC      block/blk-throttle.o
  CC      block/noop-iosched.o
  CC      block/deadline-iosched.o
  CC      block/cfq-iosched.o
  CC      block/compat_ioctl.o
  CC      block/blk-integrity.o
  CC      block/cmdline-parser.o
  CC      block/bio-integrity.o
  LD      block/built-in.o
  CC      drivers/acpi/tables.o
  CC      drivers/acpi/blacklist.o
  CC      drivers/acpi/osl.o
  CC      drivers/acpi/utils.o
  CC      drivers/acpi/reboot.o
  CC      drivers/acpi/nvs.o
  CC      drivers/acpi/wakeup.o
  CC      drivers/acpi/sleep.o
  CC      drivers/acpi/device_pm.o
  CC      drivers/acpi/proc.o
  CC      drivers/acpi/bus.o
  CC      drivers/acpi/glue.o
  CC      drivers/acpi/scan.o
  CC      drivers/acpi/resource.o
  CC      drivers/acpi/acpi_processor.o
  CC      drivers/acpi/processor_core.o
  CC      drivers/acpi/ec.o
  CC      drivers/acpi/dock.o
  CC      drivers/acpi/pci_root.o
  CC      drivers/acpi/pci_link.o
  CC      drivers/acpi/pci_irq.o
  CC      drivers/acpi/acpi_lpss.o
  CC      drivers/acpi/acpi_platform.o
  CC      drivers/acpi/acpi_pnp.o
  CC      drivers/acpi/power.o
  CC      drivers/acpi/event.o
  CC      drivers/acpi/sysfs.o
  CC      drivers/acpi/acpi_cmos_rtc.o
  CC      drivers/acpi/debugfs.o
  CC      drivers/acpi/numa.o
  CC      drivers/acpi/video_detect.o
  CC      drivers/acpi/processor_driver.o
  CC      drivers/acpi/processor_throttling.o
  CC      drivers/acpi/processor_idle.o
  CC      drivers/acpi/processor_thermal.o
  CC      drivers/acpi/processor_perflib.o
  LD      drivers/acpi/acpi.o
  CC      drivers/acpi/acpica/dsargs.o
  CC      drivers/acpi/acpica/dscontrol.o
  CC      drivers/acpi/acpica/dsfield.o
  CC      drivers/acpi/acpica/dsinit.o
  CC      drivers/acpi/acpica/dsmethod.o
  CC      drivers/acpi/acpica/dsmthdat.o
  CC      drivers/acpi/acpica/dsobject.o
  CC      drivers/acpi/acpica/dsopcode.o
  CC      drivers/acpi/acpica/dsutils.o
  CC      drivers/acpi/acpica/dswexec.o
  CC      drivers/acpi/acpica/dswload.o
  CC      drivers/acpi/acpica/dswload2.o
  CC      drivers/acpi/acpica/dswscope.o
  CC      drivers/acpi/acpica/dswstate.o
  CC      drivers/acpi/acpica/evevent.o
  CC      drivers/acpi/acpica/evgpe.o
  CC      drivers/acpi/acpica/evgpeblk.o
  CC      drivers/acpi/acpica/evgpeinit.o
  CC      drivers/acpi/acpica/evgpeutil.o
  CC      drivers/acpi/acpica/evglock.o
  CC      drivers/acpi/acpica/evhandler.o
  CC      drivers/acpi/acpica/evmisc.o
  CC      drivers/acpi/acpica/evregion.o
  CC      drivers/acpi/acpica/evrgnini.o
  CC      drivers/acpi/acpica/evsci.o
  CC      drivers/acpi/acpica/evxface.o
  CC      drivers/acpi/acpica/evxfevnt.o
  CC      drivers/acpi/acpica/evxfgpe.o
  CC      drivers/acpi/acpica/evxfregn.o
  CC      drivers/acpi/acpica/exconfig.o
  CC      drivers/acpi/acpica/exconvrt.o
  CC      drivers/acpi/acpica/excreate.o
  CC      drivers/acpi/acpica/exdebug.o
  CC      drivers/acpi/acpica/exdump.o
  CC      drivers/acpi/acpica/exfield.o
  CC      drivers/acpi/acpica/exfldio.o
  CC      drivers/acpi/acpica/exmutex.o
  CC      drivers/acpi/acpica/exnames.o
  CC      drivers/acpi/acpica/exoparg1.o
  CC      drivers/acpi/acpica/exoparg2.o
  CC      drivers/acpi/acpica/exoparg3.o
  CC      drivers/acpi/acpica/exoparg6.o
  CC      drivers/acpi/acpica/exprep.o
  CC      drivers/acpi/acpica/exmisc.o
  CC      drivers/acpi/acpica/exregion.o
  CC      drivers/acpi/acpica/exresnte.o
  CC      drivers/acpi/acpica/exresolv.o
  CC      drivers/acpi/acpica/exresop.o
  CC      drivers/acpi/acpica/exstore.o
  CC      drivers/acpi/acpica/exstoren.o
  CC      drivers/acpi/acpica/exstorob.o
  CC      drivers/acpi/acpica/exsystem.o
  CC      drivers/acpi/acpica/exutils.o
  CC      drivers/acpi/acpica/hwacpi.o
  CC      drivers/acpi/acpica/hwesleep.o
  CC      drivers/acpi/acpica/hwgpe.o
  CC      drivers/acpi/acpica/hwpci.o
  CC      drivers/acpi/acpica/hwregs.o
  CC      drivers/acpi/acpica/hwsleep.o
  CC      drivers/acpi/acpica/hwvalid.o
  CC      drivers/acpi/acpica/hwxface.o
  CC      drivers/acpi/acpica/hwxfsleep.o
  CC      drivers/acpi/acpica/nsaccess.o
  CC      drivers/acpi/acpica/nsalloc.o
  CC      drivers/acpi/acpica/nsarguments.o
  CC      drivers/acpi/acpica/nsconvert.o
  CC      drivers/acpi/acpica/nsdump.o
  CC      drivers/acpi/acpica/nseval.o
  CC      drivers/acpi/acpica/nsinit.o
  CC      drivers/acpi/acpica/nsload.o
  CC      drivers/acpi/acpica/nsnames.o
  CC      drivers/acpi/acpica/nsobject.o
  CC      drivers/acpi/acpica/nsparse.o
  CC      drivers/acpi/acpica/nspredef.o
  CC      drivers/acpi/acpica/nsprepkg.o
  CC      drivers/acpi/acpica/nsrepair.o
  CC      drivers/acpi/acpica/nsrepair2.o
  CC      drivers/acpi/acpica/nssearch.o
  CC      drivers/acpi/acpica/nsutils.o
  CC      drivers/acpi/acpica/nswalk.o
  CC      drivers/acpi/acpica/nsxfeval.o
  CC      drivers/acpi/acpica/nsxfname.o
  CC      drivers/acpi/acpica/nsxfobj.o
  CC      drivers/acpi/acpica/psargs.o
  CC      drivers/acpi/acpica/psloop.o
  CC      drivers/acpi/acpica/psobject.o
  CC      drivers/acpi/acpica/psopcode.o
  CC      drivers/acpi/acpica/psopinfo.o
  CC      drivers/acpi/acpica/psparse.o
  CC      drivers/acpi/acpica/psscope.o
  CC      drivers/acpi/acpica/pstree.o
  CC      drivers/acpi/acpica/psutils.o
  CC      drivers/acpi/acpica/pswalk.o
  CC      drivers/acpi/acpica/psxface.o
  CC      drivers/acpi/acpica/rsaddr.o
  CC      drivers/acpi/acpica/rscalc.o
  CC      drivers/acpi/acpica/rscreate.o
  CC      drivers/acpi/acpica/rsdump.o
  CC      drivers/acpi/acpica/rsdumpinfo.o
  CC      drivers/acpi/acpica/rsinfo.o
  CC      drivers/acpi/acpica/rsio.o
  CC      drivers/acpi/acpica/rsirq.o
  CC      drivers/acpi/acpica/rslist.o
  CC      drivers/acpi/acpica/rsmemory.o
  CC      drivers/acpi/acpica/rsmisc.o
  CC      drivers/acpi/acpica/rsserial.o
  CC      drivers/acpi/acpica/rsutils.o
  CC      drivers/acpi/acpica/rsxface.o
  CC      drivers/acpi/acpica/tbdata.o
  CC      drivers/acpi/acpica/tbfadt.o
  CC      drivers/acpi/acpica/tbfind.o
  CC      drivers/acpi/acpica/tbinstal.o
  CC      drivers/acpi/acpica/tbprint.o
  CC      drivers/acpi/acpica/tbutils.o
  CC      drivers/acpi/acpica/tbxface.o
  CC      drivers/acpi/acpica/tbxfload.o
  CC      drivers/acpi/acpica/tbxfroot.o
  CC      drivers/acpi/acpica/utaddress.o
  CC      drivers/acpi/acpica/utalloc.o
  CC      drivers/acpi/acpica/utbuffer.o
  CC      drivers/acpi/acpica/utcopy.o
  CC      drivers/acpi/acpica/utexcep.o
  CC      drivers/acpi/acpica/utdebug.o
  CC      drivers/acpi/acpica/utdecode.o
  CC      drivers/acpi/acpica/utdelete.o
  CC      drivers/acpi/acpica/uterror.o
  CC      drivers/acpi/acpica/uteval.o
  CC      drivers/acpi/acpica/utglobal.o
  CC      drivers/acpi/acpica/utids.o
  CC      drivers/acpi/acpica/utinit.o
  CC      drivers/acpi/acpica/utlock.o
  CC      drivers/acpi/acpica/utmath.o
  CC      drivers/acpi/acpica/utmisc.o
  CC      drivers/acpi/acpica/utmutex.o
  CC      drivers/acpi/acpica/utobject.o
  CC      drivers/acpi/acpica/utosi.o
  CC      drivers/acpi/acpica/utownerid.o
  CC      drivers/acpi/acpica/utpredef.o
  CC      drivers/acpi/acpica/utresrc.o
  CC      drivers/acpi/acpica/utstate.o
  CC      drivers/acpi/acpica/utstring.o
  CC      drivers/acpi/acpica/utxface.o
  CC      drivers/acpi/acpica/utxfinit.o
  CC      drivers/acpi/acpica/utxferror.o
  CC      drivers/acpi/acpica/utxfmutex.o
  LD      drivers/acpi/acpica/acpi.o
  LD      drivers/acpi/acpica/built-in.o
  CC      drivers/acpi/apei/apei-base.o
  CC      drivers/acpi/apei/hest.o
  CC      drivers/acpi/apei/erst.o
  LD      drivers/acpi/apei/apei.o
  CC      drivers/acpi/apei/ghes.o
  LD      drivers/acpi/apei/built-in.o
  CC      drivers/acpi/ac.o
  CC      drivers/acpi/button.o
  CC      drivers/acpi/fan.o
  CC      drivers/acpi/pci_slot.o
  LD      drivers/acpi/processor.o
  CC      drivers/acpi/container.o
  CC      drivers/acpi/thermal.o
  CC      drivers/acpi/acpi_memhotplug.o
  CC      drivers/acpi/battery.o
  CC      drivers/acpi/hed.o
  CC      drivers/acpi/bgrt.o
  LD      drivers/acpi/built-in.o
  LD      drivers/amba/built-in.o
  CC      drivers/ata/libata-core.o
  CC      drivers/ata/libata-scsi.o
  CC      drivers/ata/libata-eh.o
  CC      drivers/ata/libata-transport.o
  CC      drivers/ata/libata-sff.o
  CC      drivers/ata/libata-pmp.o
  CC      drivers/ata/libata-acpi.o
  CC      drivers/ata/libata-zpodd.o
  LD      drivers/ata/libata.o
  CC      drivers/ata/ata_piix.o
  CC      drivers/ata/pata_sis.o
  CC      drivers/ata/ata_generic.o
  LD      drivers/ata/built-in.o
  LD      drivers/atm/built-in.o
  LD      drivers/auxdisplay/built-in.o
  CC      drivers/base/component.o
  CC      drivers/base/core.o
  CC      drivers/base/bus.o
  CC      drivers/base/dd.o
  CC      drivers/base/syscore.o
  CC      drivers/base/driver.o
  CC      drivers/base/class.o
  CC      drivers/base/platform.o
  CC      drivers/base/cpu.o
  CC      drivers/base/firmware.o
  CC      drivers/base/init.o
  CC      drivers/base/map.o
  CC      drivers/base/devres.o
  CC      drivers/base/attribute_container.o
  CC      drivers/base/transport_class.o
  CC      drivers/base/topology.o
  CC      drivers/base/container.o
  CC      drivers/base/devtmpfs.o
  CC      drivers/base/power/sysfs.o
  CC      drivers/base/power/generic_ops.o
  CC      drivers/base/power/common.o
  CC      drivers/base/power/qos.o
  CC      drivers/base/power/runtime.o
  CC      drivers/base/power/main.o
  CC      drivers/base/power/wakeup.o
  CC      drivers/base/power/trace.o
  CC      drivers/base/power/clock_ops.o
  LD      drivers/base/power/built-in.o
  CC      drivers/base/regmap/regmap.o
  CC      drivers/base/regmap/regcache.o
  CC      drivers/base/regmap/regcache-rbtree.o
  CC      drivers/base/regmap/regcache-lzo.o
  CC      drivers/base/regmap/regcache-flat.o
  CC      drivers/base/regmap/regmap-debugfs.o
  CC      drivers/base/regmap/regmap-i2c.o
  CC      drivers/base/regmap/regmap-spi.o
  CC      drivers/base/regmap/regmap-mmio.o
  CC      drivers/base/regmap/regmap-irq.o
  LD      drivers/base/regmap/built-in.o
  CC      drivers/base/dma-mapping.o
  CC      drivers/base/dma-buf.o
  CC      drivers/base/reservation.o
  CC      drivers/base/firmware_class.o
  CC      drivers/base/node.o
  CC      drivers/base/memory.o
  CC      drivers/base/module.o
  CC      drivers/base/hypervisor.o
  CC      drivers/base/pinctrl.o
  LD      drivers/base/built-in.o
  LD      drivers/bcma/built-in.o
  CC      drivers/block/brd.o
  CC      drivers/block/loop.o
  CC      drivers/block/virtio_blk.o
  CC      drivers/block/xen-blkfront.o
  LD      drivers/block/built-in.o
  LD      drivers/block/drbd/built-in.o
  LD      drivers/block/mtip32xx/built-in.o
  LD      drivers/block/rsxx/built-in.o
  LD      drivers/block/xen-blkback/built-in.o
  LD      drivers/block/zram/built-in.o
  LD      drivers/block/aoe/built-in.o
  LD      drivers/block/paride/built-in.o
  LD      drivers/bluetooth/built-in.o
  LD      drivers/bus/built-in.o
  CC      drivers/cdrom/cdrom.o
  LD      drivers/cdrom/built-in.o
  CC      drivers/char/mem.o
  CC      drivers/char/random.o
  CC      drivers/char/ttyprintk.o
  CC      drivers/char/misc.o
  CC      drivers/char/virtio_console.o
  CC      drivers/char/hpet.o
  CC      drivers/char/agp/backend.o
  CC      drivers/char/agp/frontend.o
  CC      drivers/char/agp/generic.o
  CC      drivers/char/agp/isoch.o
  CC      drivers/char/agp/compat_ioctl.o
  LD      drivers/char/agp/agpgart.o
  CC      drivers/char/agp/amd64-agp.o
  CC      drivers/char/agp/intel-agp.o
  CC      drivers/char/agp/intel-gtt.o
  CC      drivers/char/agp/via-agp.o
  LD      drivers/char/agp/built-in.o
  CC      drivers/char/hw_random/core.o
  LD      drivers/char/hw_random/rng-core.o
  LD      drivers/char/hw_random/built-in.o
  LD      drivers/char/mwave/built-in.o
  LD      drivers/char/pcmcia/built-in.o
  CC      drivers/char/tpm/tpm-interface.o
  CC      drivers/char/tpm/tpm-dev.o
  CC      drivers/char/tpm/tpm-sysfs.o
  CC      drivers/char/tpm/tpm_ppi.o
  CC      drivers/char/tpm/tpm_eventlog.o
  CC      drivers/char/tpm/tpm_acpi.o
  LD      drivers/char/tpm/tpm.o
  CC      drivers/char/tpm/tpm_tis.o
  LD      drivers/char/tpm/built-in.o
  LD      drivers/char/built-in.o
  LD      drivers/char/ipmi/built-in.o
  CC      drivers/clk/clk-devres.o
  CC      drivers/clk/clkdev.o
  CC      drivers/clk/clk.o
  CC      drivers/clk/clk-divider.o
  CC      drivers/clk/clk-fixed-factor.o
  CC      drivers/clk/clk-fixed-rate.o
  CC      drivers/clk/clk-gate.o
  CC      drivers/clk/clk-mux.o
  CC      drivers/clk/clk-composite.o
  CC      drivers/clk/clk-fractional-divider.o
  CC      drivers/clk/x86/clk-lpt.o
  LD      drivers/clk/x86/clk-x86-lpss.o
  LD      drivers/clk/x86/built-in.o
  LD      drivers/clk/built-in.o
  CC      drivers/clocksource/acpi_pm.o
  CC      drivers/clocksource/i8253.o
  LD      drivers/clocksource/built-in.o
  CC      drivers/connector/cn_queue.o
  CC      drivers/connector/connector.o
  LD      drivers/connector/cn.o
  CC      drivers/connector/cn_proc.o
  LD      drivers/connector/built-in.o
  CC      drivers/cpufreq/cpufreq.o
  CC      drivers/cpufreq/freq_table.o
  CC      drivers/cpufreq/cpufreq_stats.o
  CC      drivers/cpufreq/cpufreq_performance.o
  CC      drivers/cpufreq/cpufreq_powersave.o
  CC      drivers/cpufreq/cpufreq_userspace.o
  CC      drivers/cpufreq/cpufreq_ondemand.o
  CC      drivers/cpufreq/cpufreq_conservative.o
  CC      drivers/cpufreq/cpufreq_governor.o
  CC      drivers/cpufreq/acpi-cpufreq.o
  CC      drivers/cpufreq/powernow-k8.o
  CC      drivers/cpufreq/pcc-cpufreq.o
  CC      drivers/cpufreq/speedstep-centrino.o
  CC      drivers/cpufreq/intel_pstate.o
  LD      drivers/cpufreq/built-in.o
  CC      drivers/cpuidle/cpuidle.o
  CC      drivers/cpuidle/driver.o
  CC      drivers/cpuidle/governor.o
  CC      drivers/cpuidle/sysfs.o
  CC      drivers/cpuidle/governors/ladder.o
  CC      drivers/cpuidle/governors/menu.o
  LD      drivers/cpuidle/governors/built-in.o
  LD      drivers/cpuidle/built-in.o
  LD      drivers/crypto/ccp/built-in.o
  LD      drivers/crypto/built-in.o
  LD      drivers/dca/built-in.o
  CC      drivers/devfreq/devfreq.o
  CC      drivers/devfreq/governor_simpleondemand.o
  CC      drivers/devfreq/governor_performance.o
  CC      drivers/devfreq/governor_powersave.o
  CC      drivers/devfreq/governor_userspace.o
  LD      drivers/devfreq/built-in.o
  CC      drivers/dma/dmaengine.o
  CC      drivers/dma/acpi-dma.o
  LD      drivers/dma/dw/built-in.o
  LD      drivers/dma/ioat/built-in.o
  LD      drivers/dma/xilinx/built-in.o
  LD      drivers/dma/built-in.o
  CC      drivers/edac/edac_stub.o
  LD      drivers/edac/built-in.o
  CC      drivers/extcon/extcon-class.o
  LD      drivers/extcon/built-in.o
  LD      drivers/firewire/built-in.o
  CC      drivers/firmware/dmi_scan.o
  CC      drivers/firmware/edd.o
  CC      drivers/firmware/dmi-id.o
  CC      drivers/firmware/iscsi_ibft_find.o
  CC      drivers/firmware/memmap.o
  CC      drivers/firmware/efi/efi.o
  CC      drivers/firmware/efi/vars.o
  CC      drivers/firmware/efi/efivars.o
  CC      drivers/firmware/efi/cper.o
  CC      drivers/firmware/efi/runtime-map.o
  LD      drivers/firmware/efi/built-in.o
  LD      drivers/firmware/built-in.o
  LD      drivers/fmc/built-in.o
  CC      drivers/gpio/devres.o
  CC      drivers/gpio/gpiolib.o
  CC      drivers/gpio/gpiolib-acpi.o
  CC      drivers/gpio/gpio-intel-mid.o
  CC      drivers/gpio/gpio-lynxpoint.o
  CC      drivers/gpio/gpio-rc5t583.o
  CC      drivers/gpio/gpio-sx150x.o
  CC      drivers/gpio/gpio-tc3589x.o
  CC      drivers/gpio/gpio-timberdale.o
  CC      drivers/gpio/gpio-palmas.o
  CC      drivers/gpio/gpio-tps6586x.o
  CC      drivers/gpio/gpio-tps65910.o
  LD      drivers/gpio/built-in.o
  LD      drivers/gpu/drm/ast/built-in.o
  LD      drivers/gpu/drm/bridge/built-in.o
  LD      drivers/gpu/drm/cirrus/built-in.o
  LD      drivers/gpu/drm/gma500/built-in.o
  LD      drivers/gpu/drm/i2c/built-in.o
  LD      drivers/gpu/drm/i810/built-in.o
  LD      drivers/gpu/drm/i915/built-in.o
  LD      drivers/gpu/drm/mga/built-in.o
  LD      drivers/gpu/drm/nouveau/built-in.o
  LD      drivers/gpu/drm/panel/built-in.o
  LD      drivers/gpu/drm/qxl/built-in.o
  LD      drivers/gpu/drm/r128/built-in.o
  LD      drivers/gpu/drm/radeon/built-in.o
  LD      drivers/gpu/drm/savage/built-in.o
  LD      drivers/gpu/drm/sis/built-in.o
  LD      drivers/gpu/drm/tdfx/built-in.o
  LD      drivers/gpu/drm/ttm/built-in.o
  LD      drivers/gpu/drm/udl/built-in.o
  LD      drivers/gpu/drm/via/built-in.o
  LD      drivers/gpu/drm/vmwgfx/built-in.o
  LD      drivers/gpu/drm/built-in.o
  CC      drivers/gpu/vga/vgaarb.o
  CC      drivers/gpu/vga/vga_switcheroo.o
  LD      drivers/gpu/vga/built-in.o
  LD      drivers/gpu/built-in.o
  LD      drivers/hid/built-in.o
  LD      drivers/hid/i2c-hid/built-in.o
  LD      drivers/hid/usbhid/built-in.o
  CC      drivers/hsi/hsi_boardinfo.o
  LD      drivers/hsi/clients/built-in.o
  LD      drivers/hsi/controllers/built-in.o
  LD      drivers/hsi/built-in.o
  LD      drivers/hv/built-in.o
  CC      drivers/hwmon/hwmon.o
  LD      drivers/hwmon/built-in.o
  LD      drivers/hwmon/pmbus/built-in.o
  CC      drivers/i2c/i2c-boardinfo.o
  CC      drivers/i2c/i2c-core.o
  LD      drivers/i2c/algos/built-in.o
  LD      drivers/i2c/busses/built-in.o
  LD      drivers/i2c/muxes/built-in.o
  LD      drivers/i2c/built-in.o
  CC      drivers/idle/intel_idle.o
  LD      drivers/idle/built-in.o
  LD      drivers/iio/accel/built-in.o
  LD      drivers/iio/adc/built-in.o
  LD      drivers/iio/amplifiers/built-in.o
  LD      drivers/iio/common/hid-sensors/built-in.o
  LD      drivers/iio/common/st_sensors/built-in.o
  LD      drivers/iio/common/built-in.o
  LD      drivers/iio/dac/built-in.o
  LD      drivers/iio/frequency/built-in.o
  LD      drivers/iio/gyro/built-in.o
  LD      drivers/iio/humidity/built-in.o
  LD      drivers/iio/imu/inv_mpu6050/built-in.o
  LD      drivers/iio/imu/built-in.o
  LD      drivers/iio/light/built-in.o
  LD      drivers/iio/magnetometer/built-in.o
  LD      drivers/iio/orientation/built-in.o
  LD      drivers/iio/pressure/built-in.o
  LD      drivers/iio/proximity/built-in.o
  LD      drivers/iio/temperature/built-in.o
  LD      drivers/iio/trigger/built-in.o
  LD      drivers/iio/built-in.o
  LD      drivers/infiniband/built-in.o
  LD      drivers/infiniband/core/built-in.o
  LD      drivers/infiniband/hw/built-in.o
  LD      drivers/infiniband/hw/amso1100/built-in.o
  LD      drivers/infiniband/hw/cxgb3/built-in.o
  LD      drivers/infiniband/hw/cxgb4/built-in.o
  LD      drivers/infiniband/hw/ipath/built-in.o
  LD      drivers/infiniband/hw/mlx4/built-in.o
  LD      drivers/infiniband/hw/mlx5/built-in.o
  LD      drivers/infiniband/hw/mthca/built-in.o
  LD      drivers/infiniband/hw/nes/built-in.o
  LD      drivers/infiniband/hw/ocrdma/built-in.o
  LD      drivers/infiniband/hw/qib/built-in.o
  LD      drivers/infiniband/hw/usnic/built-in.o
  LD      drivers/infiniband/ulp/built-in.o
  LD      drivers/infiniband/ulp/ipoib/built-in.o
  LD      drivers/infiniband/ulp/iser/built-in.o
  LD      drivers/infiniband/ulp/isert/built-in.o
  LD      drivers/infiniband/ulp/srp/built-in.o
  LD      drivers/infiniband/ulp/srpt/built-in.o
  CC      drivers/input/input.o
  CC      drivers/input/input-compat.o
  CC      drivers/input/input-mt.o
  CC      drivers/input/ff-core.o
  LD      drivers/input/input-core.o
  CC      drivers/input/mousedev.o
  CC      drivers/input/evdev.o
  LD      drivers/input/joystick/built-in.o
  LD      drivers/input/joystick/iforce/built-in.o
  CC      drivers/input/keyboard/atkbd.o
  LD      drivers/input/keyboard/built-in.o
  CC      drivers/input/misc/uinput.o
  LD      drivers/input/misc/built-in.o
  LD      drivers/input/mouse/built-in.o
  LD      drivers/input/tablet/built-in.o
  LD      drivers/input/touchscreen/built-in.o
  LD      drivers/input/built-in.o
  LD      drivers/input/gameport/built-in.o
  CC      drivers/input/serio/serio.o
  CC      drivers/input/serio/i8042.o
  CC      drivers/input/serio/libps2.o
  LD      drivers/input/serio/built-in.o
  CC      drivers/iommu/iommu.o
  CC      drivers/iommu/iommu-traces.o
  CC      drivers/iommu/amd_iommu.o
  CC      drivers/iommu/amd_iommu_init.o
  CC      drivers/iommu/dmar.o
  CC      drivers/iommu/iova.o
  CC      drivers/iommu/intel-iommu.o
  CC      drivers/iommu/intel_irq_remapping.o
  CC      drivers/iommu/irq_remapping.o
  LD      drivers/iommu/built-in.o
  LD      drivers/ipack/carriers/built-in.o
  LD      drivers/ipack/devices/built-in.o
  LD      drivers/ipack/built-in.o
  LD      drivers/irqchip/built-in.o
  LD      drivers/isdn/capi/built-in.o
  LD      drivers/isdn/divert/built-in.o
  LD      drivers/isdn/gigaset/built-in.o
  LD      drivers/isdn/hardware/avm/built-in.o
  LD      drivers/isdn/hardware/eicon/built-in.o
  LD      drivers/isdn/hardware/mISDN/built-in.o
  LD      drivers/isdn/hardware/built-in.o
  LD      drivers/isdn/hisax/built-in.o
  LD      drivers/isdn/hysdn/built-in.o
  LD      drivers/isdn/i4l/built-in.o
  LD      drivers/isdn/mISDN/built-in.o
  LD      drivers/isdn/built-in.o
  CC      drivers/leds/led-core.o
  CC      drivers/leds/led-class.o
  CC      drivers/leds/led-triggers.o
  CC      drivers/leds/trigger/ledtrig-cpu.o
  LD      drivers/leds/trigger/built-in.o
  LD      drivers/leds/built-in.o
  LD      drivers/lguest/built-in.o
  LD      drivers/macintosh/built-in.o
  LD      drivers/mailbox/built-in.o
  LD      drivers/mcb/built-in.o
  CC      drivers/md/dm-uevent.o
  CC      drivers/md/dm.o
  CC      drivers/md/dm-table.o
  CC      drivers/md/dm-target.o
  CC      drivers/md/dm-linear.o
  CC      drivers/md/dm-stripe.o
  CC      drivers/md/dm-ioctl.o
  CC      drivers/md/dm-io.o
  CC      drivers/md/dm-kcopyd.o
  CC      drivers/md/dm-sysfs.o
  CC      drivers/md/dm-stats.o
  CC      drivers/md/md.o
  CC      drivers/md/bitmap.o
  LD      drivers/md/md-mod.o
  LD      drivers/md/dm-mod.o
  CC      drivers/md/dm-builtin.o
  LD      drivers/md/built-in.o
  LD      drivers/md/bcache/built-in.o
  LD      drivers/md/persistent-data/built-in.o
  LD      drivers/media/common/b2c2/built-in.o
  LD      drivers/media/common/saa7146/built-in.o
  LD      drivers/media/common/siano/built-in.o
  LD      drivers/media/common/built-in.o
  LD      drivers/media/dvb-core/built-in.o
  LD      drivers/media/dvb-frontends/built-in.o
  LD      drivers/media/dvb-frontends/drx39xyj/built-in.o
  LD      drivers/media/firewire/built-in.o
  LD      drivers/media/i2c/cx25840/built-in.o
  LD      drivers/media/i2c/soc_camera/built-in.o
  LD      drivers/media/i2c/built-in.o
  LD      drivers/media/mmc/siano/built-in.o
  LD      drivers/media/mmc/built-in.o
  LD      drivers/media/parport/built-in.o
  LD      drivers/media/pci/b2c2/built-in.o
  LD      drivers/media/pci/bt8xx/built-in.o
  LD      drivers/media/pci/cx18/built-in.o
  LD      drivers/media/pci/cx23885/built-in.o
  LD      drivers/media/pci/cx25821/built-in.o
  LD      drivers/media/pci/cx88/built-in.o
  LD      drivers/media/pci/ddbridge/built-in.o
  LD      drivers/media/pci/dm1105/built-in.o
  LD      drivers/media/pci/ivtv/built-in.o
  LD      drivers/media/pci/mantis/built-in.o
  LD      drivers/media/pci/meye/built-in.o
  LD      drivers/media/pci/ngene/built-in.o
  LD      drivers/media/pci/pluto2/built-in.o
  LD      drivers/media/pci/pt1/built-in.o
  LD      drivers/media/pci/saa7134/built-in.o
  LD      drivers/media/pci/saa7146/built-in.o
  LD      drivers/media/pci/saa7164/built-in.o
  LD      drivers/media/pci/ttpci/built-in.o
  LD      drivers/media/pci/zoran/built-in.o
  LD      drivers/media/pci/built-in.o
  LD      drivers/media/platform/davinci/built-in.o
  LD      drivers/media/platform/marvell-ccic/built-in.o
  LD      drivers/media/platform/soc_camera/built-in.o
  LD      drivers/media/platform/vsp1/built-in.o
  LD      drivers/media/platform/built-in.o
  LD      drivers/media/radio/si470x/built-in.o
  LD      drivers/media/radio/si4713/built-in.o
  LD      drivers/media/radio/wl128x/built-in.o
  LD      drivers/media/radio/built-in.o
  LD      drivers/media/rc/img-ir/built-in.o
  LD      drivers/media/rc/keymaps/built-in.o
  LD      drivers/media/rc/built-in.o
  LD      drivers/media/tuners/built-in.o
  LD      drivers/media/usb/au0828/built-in.o
  LD      drivers/media/usb/b2c2/built-in.o
  LD      drivers/media/usb/cpia2/built-in.o
  LD      drivers/media/usb/cx231xx/built-in.o
  LD      drivers/media/usb/dvb-usb/built-in.o
  LD      drivers/media/usb/dvb-usb-v2/built-in.o
  LD      drivers/media/usb/em28xx/built-in.o
  LD      drivers/media/usb/gspca/built-in.o
  LD      drivers/media/usb/gspca/gl860/built-in.o
  LD      drivers/media/usb/gspca/m5602/built-in.o
  LD      drivers/media/usb/gspca/stv06xx/built-in.o
  LD      drivers/media/usb/hdpvr/built-in.o
  LD      drivers/media/usb/pvrusb2/built-in.o
  LD      drivers/media/usb/pwc/built-in.o
  LD      drivers/media/usb/s2255/built-in.o
  LD      drivers/media/usb/siano/built-in.o
  LD      drivers/media/usb/stk1160/built-in.o
  LD      drivers/media/usb/stkwebcam/built-in.o
  LD      drivers/media/usb/tlg2300/built-in.o
  LD      drivers/media/usb/tm6000/built-in.o
  LD      drivers/media/usb/ttusb-budget/built-in.o
  LD      drivers/media/usb/ttusb-dec/built-in.o
  LD      drivers/media/usb/usbtv/built-in.o
  LD      drivers/media/usb/usbvision/built-in.o
  LD      drivers/media/usb/uvc/built-in.o
  LD      drivers/media/usb/zr364xx/built-in.o
  LD      drivers/media/usb/built-in.o
  LD      drivers/media/v4l2-core/built-in.o
  LD      drivers/media/built-in.o
  LD      drivers/memory/built-in.o
  LD      drivers/memstick/built-in.o
  LD      drivers/memstick/core/built-in.o
  LD      drivers/memstick/host/built-in.o
  LD      drivers/message/fusion/built-in.o
  LD      drivers/message/i2o/built-in.o
  LD      drivers/message/built-in.o
  CC      drivers/mfd/88pm860x-core.o
  CC      drivers/mfd/88pm860x-i2c.o
  CC      drivers/mfd/da9055-core.o
  CC      drivers/mfd/da9055-i2c.o
  CC      drivers/mfd/da9063-core.o
  CC      drivers/mfd/da9063-irq.o
  CC      drivers/mfd/da9063-i2c.o
  CC      drivers/mfd/max8925-core.o
  CC      drivers/mfd/max8925-i2c.o
  CC      drivers/mfd/tps65912-core.o
  CC      drivers/mfd/tps65912-irq.o
  CC      drivers/mfd/wm831x-core.o
  CC      drivers/mfd/wm831x-irq.o
  CC      drivers/mfd/wm831x-otp.o
  CC      drivers/mfd/wm831x-auxadc.o
  CC      drivers/mfd/wm8350-core.o
  CC      drivers/mfd/wm8350-regmap.o
  CC      drivers/mfd/wm8350-gpio.o
  CC      drivers/mfd/wm8350-irq.o
  LD      drivers/mfd/88pm860x.o
  CC      drivers/mfd/htc-i2cpld.o
  CC      drivers/mfd/tc3589x.o
  CC      drivers/mfd/arizona-core.o
  CC      drivers/mfd/arizona-irq.o
  CC      drivers/mfd/wm5102-tables.o
  CC      drivers/mfd/wm5110-tables.o
  CC      drivers/mfd/wm8997-tables.o
  CC      drivers/mfd/wm8400-core.o
  LD      drivers/mfd/wm831x.o
  CC      drivers/mfd/wm831x-i2c.o
  CC      drivers/mfd/wm831x-spi.o
  LD      drivers/mfd/wm8350.o
  CC      drivers/mfd/wm8350-i2c.o
  CC      drivers/mfd/wm8994-core.o
  CC      drivers/mfd/wm8994-irq.o
  CC      drivers/mfd/wm8994-regmap.o
  CC      drivers/mfd/tps65910.o
  LD      drivers/mfd/tps65912.o
  CC      drivers/mfd/tps65912-i2c.o
  CC      drivers/mfd/tps65912-spi.o
  CC      drivers/mfd/tps80031.o
  CC      drivers/mfd/twl-core.o
  CC      drivers/mfd/twl4030-irq.o
  CC      drivers/mfd/twl6030-irq.o
  CC      drivers/mfd/twl4030-audio.o
  CC      drivers/mfd/twl6040.o
  CC      drivers/mfd/mfd-core.o
  CC      drivers/mfd/ezx-pcap.o
  CC      drivers/mfd/smsc-ece1099.o
  CC      drivers/mfd/da903x.o
  CC      drivers/mfd/da9052-irq.o
  CC      drivers/mfd/da9052-core.o
  CC      drivers/mfd/da9052-spi.o
  CC      drivers/mfd/da9052-i2c.o
  CC      drivers/mfd/axp20x.o
  CC      drivers/mfd/lp8788.o
  CC      drivers/mfd/lp8788-irq.o
  LD      drivers/mfd/da9055.o
  LD      drivers/mfd/da9063.o
  CC      drivers/mfd/max14577.o
  CC      drivers/mfd/max77686.o
  CC      drivers/mfd/max77686-irq.o
  CC      drivers/mfd/max77693.o
  CC      drivers/mfd/max77693-irq.o
  LD      drivers/mfd/max8925.o
  CC      drivers/mfd/max8997.o
  CC      drivers/mfd/max8997-irq.o
  CC      drivers/mfd/max8998.o
  CC      drivers/mfd/max8998-irq.o
  CC      drivers/mfd/abx500-core.o
  CC      drivers/mfd/ab3100-core.o
  CC      drivers/mfd/adp5520.o
  CC      drivers/mfd/tps6586x.o
  CC      drivers/mfd/tps65090.o
  CC      drivers/mfd/aat2870-core.o
  CC      drivers/mfd/palmas.o
  CC      drivers/mfd/rc5t583.o
  CC      drivers/mfd/rc5t583-irq.o
  CC      drivers/mfd/sec-core.o
  CC      drivers/mfd/sec-irq.o
  CC      drivers/mfd/syscon.o
  CC      drivers/mfd/as3711.o
  LD      drivers/mfd/built-in.o
  CC      drivers/misc/bmp085.o
  LD      drivers/misc/altera-stapl/built-in.o
  LD      drivers/misc/c2port/built-in.o
  LD      drivers/misc/carma/built-in.o
  LD      drivers/misc/cb710/built-in.o
  LD      drivers/misc/echo/built-in.o
  LD      drivers/misc/eeprom/built-in.o
  LD      drivers/misc/genwqe/built-in.o
  LD      drivers/misc/ibmasm/built-in.o
  LD      drivers/misc/lis3lv02d/built-in.o
  LD      drivers/misc/mei/built-in.o
  LD      drivers/misc/mic/built-in.o
  LD      drivers/misc/mic/card/built-in.o
  LD      drivers/misc/mic/host/built-in.o
  LD      drivers/misc/ti-st/built-in.o
  LD      drivers/misc/vmw_vmci/built-in.o
  CC      drivers/misc/sram.o
  LD      drivers/misc/built-in.o
  LD      drivers/mmc/card/built-in.o
  CC      drivers/mmc/core/core.o
  CC      drivers/mmc/core/bus.o
  CC      drivers/mmc/core/host.o
  CC      drivers/mmc/core/mmc.o
  CC      drivers/mmc/core/mmc_ops.o
  CC      drivers/mmc/core/sd.o
  CC      drivers/mmc/core/sd_ops.o
  CC      drivers/mmc/core/sdio.o
  CC      drivers/mmc/core/sdio_ops.o
  CC      drivers/mmc/core/sdio_bus.o
  CC      drivers/mmc/core/sdio_cis.o
  CC      drivers/mmc/core/sdio_io.o
  CC      drivers/mmc/core/sdio_irq.o
  CC      drivers/mmc/core/quirks.o
  CC      drivers/mmc/core/slot-gpio.o
  CC      drivers/mmc/core/debugfs.o
  LD      drivers/mmc/core/mmc_core.o
  LD      drivers/mmc/core/built-in.o
  CC      drivers/mmc/host/sdhci-pci-data.o
  CC      drivers/mmc/host/sdhci-pci-o2micro.o
  LD      drivers/mmc/host/built-in.o
  LD      drivers/mmc/built-in.o
  LD      drivers/mtd/chips/built-in.o
  LD      drivers/mtd/devices/built-in.o
  LD      drivers/mtd/lpddr/built-in.o
  LD      drivers/mtd/maps/built-in.o
  LD      drivers/mtd/nand/built-in.o
  LD      drivers/mtd/onenand/built-in.o
  LD      drivers/mtd/spi-nor/built-in.o
  LD      drivers/mtd/tests/built-in.o
  LD      drivers/mtd/ubi/built-in.o
  LD      drivers/mtd/built-in.o
  CC      drivers/net/Space.o
  CC      drivers/net/loopback.o
  LD      drivers/net/appletalk/built-in.o
  LD      drivers/net/arcnet/built-in.o
  LD      drivers/net/bonding/built-in.o
  LD      drivers/net/caif/built-in.o
  LD      drivers/net/can/c_can/built-in.o
  LD      drivers/net/can/cc770/built-in.o
  LD      drivers/net/can/sja1000/built-in.o
  LD      drivers/net/can/softing/built-in.o
  LD      drivers/net/can/spi/built-in.o
  LD      drivers/net/can/usb/built-in.o
  LD      drivers/net/can/usb/peak_usb/built-in.o
  LD      drivers/net/can/built-in.o
  LD      drivers/net/dsa/built-in.o
  LD      drivers/net/ethernet/3com/built-in.o
  LD      drivers/net/ethernet/8390/built-in.o
  LD      drivers/net/ethernet/adaptec/built-in.o
  LD      drivers/net/ethernet/alteon/built-in.o
  LD      drivers/net/ethernet/altera/built-in.o
  LD      drivers/net/ethernet/amd/built-in.o
  LD      drivers/net/ethernet/arc/built-in.o
  LD      drivers/net/ethernet/atheros/built-in.o
  LD      drivers/net/ethernet/atheros/alx/built-in.o
  LD      drivers/net/ethernet/atheros/atl1c/built-in.o
  LD      drivers/net/ethernet/atheros/atl1e/built-in.o
  LD      drivers/net/ethernet/atheros/atlx/built-in.o
  LD      drivers/net/ethernet/broadcom/built-in.o
  LD      drivers/net/ethernet/broadcom/bnx2x/built-in.o
  LD      drivers/net/ethernet/brocade/built-in.o
  LD      drivers/net/ethernet/brocade/bna/built-in.o
  LD      drivers/net/ethernet/calxeda/built-in.o
  LD      drivers/net/ethernet/chelsio/built-in.o
  LD      drivers/net/ethernet/chelsio/cxgb/built-in.o
  LD      drivers/net/ethernet/chelsio/cxgb3/built-in.o
  LD      drivers/net/ethernet/chelsio/cxgb4/built-in.o
  LD      drivers/net/ethernet/chelsio/cxgb4vf/built-in.o
  LD      drivers/net/ethernet/cisco/built-in.o
  LD      drivers/net/ethernet/cisco/enic/built-in.o
  LD      drivers/net/ethernet/dec/tulip/built-in.o
  LD      drivers/net/ethernet/dec/built-in.o
  LD      drivers/net/ethernet/dlink/built-in.o
  LD      drivers/net/ethernet/emulex/built-in.o
  LD      drivers/net/ethernet/emulex/benet/built-in.o
  LD      drivers/net/ethernet/fujitsu/built-in.o
  LD      drivers/net/ethernet/hp/built-in.o
  LD      drivers/net/ethernet/i825xx/built-in.o
  LD      drivers/net/ethernet/icplus/built-in.o
  LD      drivers/net/ethernet/intel/built-in.o
  LD      drivers/net/ethernet/intel/e1000/built-in.o
  LD      drivers/net/ethernet/intel/e1000e/built-in.o
  LD      drivers/net/ethernet/intel/i40e/built-in.o
  LD      drivers/net/ethernet/intel/i40evf/built-in.o
  LD      drivers/net/ethernet/intel/igb/built-in.o
  LD      drivers/net/ethernet/intel/igbvf/built-in.o
  LD      drivers/net/ethernet/intel/ixgb/built-in.o
  LD      drivers/net/ethernet/intel/ixgbe/built-in.o
  LD      drivers/net/ethernet/intel/ixgbevf/built-in.o
  LD      drivers/net/ethernet/marvell/built-in.o
  LD      drivers/net/ethernet/mellanox/built-in.o
  LD      drivers/net/ethernet/mellanox/mlx4/built-in.o
  LD      drivers/net/ethernet/mellanox/mlx5/core/built-in.o
  LD      drivers/net/ethernet/micrel/built-in.o
  LD      drivers/net/ethernet/microchip/built-in.o
  LD      drivers/net/ethernet/myricom/built-in.o
  LD      drivers/net/ethernet/myricom/myri10ge/built-in.o
  LD      drivers/net/ethernet/natsemi/built-in.o
  LD      drivers/net/ethernet/neterion/built-in.o
  LD      drivers/net/ethernet/neterion/vxge/built-in.o
  LD      drivers/net/ethernet/nvidia/built-in.o
  LD      drivers/net/ethernet/oki-semi/built-in.o
  LD      drivers/net/ethernet/packetengines/built-in.o
  LD      drivers/net/ethernet/qlogic/built-in.o
  LD      drivers/net/ethernet/qlogic/netxen/built-in.o
  LD      drivers/net/ethernet/qlogic/qlcnic/built-in.o
  LD      drivers/net/ethernet/qlogic/qlge/built-in.o
  LD      drivers/net/ethernet/rdc/built-in.o
  LD      drivers/net/ethernet/realtek/built-in.o
  LD      drivers/net/ethernet/renesas/built-in.o
  LD      drivers/net/ethernet/samsung/built-in.o
  LD      drivers/net/ethernet/samsung/sxgbe/built-in.o
  LD      drivers/net/ethernet/seeq/built-in.o
  LD      drivers/net/ethernet/sfc/built-in.o
  LD      drivers/net/ethernet/silan/built-in.o
  LD      drivers/net/ethernet/sis/built-in.o
  LD      drivers/net/ethernet/smsc/built-in.o
  LD      drivers/net/ethernet/stmicro/built-in.o
  LD      drivers/net/ethernet/stmicro/stmmac/built-in.o
  LD      drivers/net/ethernet/sun/built-in.o
  LD      drivers/net/ethernet/tehuti/built-in.o
  LD      drivers/net/ethernet/ti/built-in.o
  LD      drivers/net/ethernet/via/built-in.o
  LD      drivers/net/ethernet/wiznet/built-in.o
  LD      drivers/net/ethernet/xircom/built-in.o
  LD      drivers/net/ethernet/built-in.o
  LD      drivers/net/fddi/built-in.o
  LD      drivers/net/fddi/skfp/built-in.o
  LD      drivers/net/hamradio/built-in.o
  LD      drivers/net/hyperv/built-in.o
  LD      drivers/net/ieee802154/built-in.o
  LD      drivers/net/irda/built-in.o
  CC      drivers/net/phy/phy.o
  CC      drivers/net/phy/phy_device.o
  CC      drivers/net/phy/mdio_bus.o
  LD      drivers/net/phy/libphy.o
  CC      drivers/net/phy/fixed.o
  LD      drivers/net/phy/built-in.o
  LD      drivers/net/plip/built-in.o
  CC      drivers/net/ppp/ppp_generic.o
  LD      drivers/net/ppp/built-in.o
  CC      drivers/net/slip/slhc.o
  LD      drivers/net/slip/built-in.o
  LD      drivers/net/team/built-in.o
  LD      drivers/net/usb/built-in.o
  LD      drivers/net/vmxnet3/built-in.o
  LD      drivers/net/wan/built-in.o
  LD      drivers/net/wan/lmc/built-in.o
  LD      drivers/net/wimax/built-in.o
  LD      drivers/net/wimax/i2400m/built-in.o
  LD      drivers/net/wireless/ath/built-in.o
  LD      drivers/net/wireless/ath/ar5523/built-in.o
  LD      drivers/net/wireless/ath/ath10k/built-in.o
  LD      drivers/net/wireless/ath/ath5k/built-in.o
  LD      drivers/net/wireless/ath/ath6kl/built-in.o
  LD      drivers/net/wireless/ath/ath9k/built-in.o
  LD      drivers/net/wireless/ath/carl9170/built-in.o
  LD      drivers/net/wireless/ath/wcn36xx/built-in.o
  LD      drivers/net/wireless/ath/wil6210/built-in.o
  LD      drivers/net/wireless/b43/built-in.o
  LD      drivers/net/wireless/b43legacy/built-in.o
  LD      drivers/net/wireless/brcm80211/built-in.o
  LD      drivers/net/wireless/brcm80211/brcmfmac/built-in.o
  LD      drivers/net/wireless/brcm80211/brcmsmac/built-in.o
  LD      drivers/net/wireless/brcm80211/brcmutil/built-in.o
  LD      drivers/net/wireless/cw1200/built-in.o
  LD      drivers/net/wireless/hostap/built-in.o
  LD      drivers/net/wireless/ipw2x00/built-in.o
  LD      drivers/net/wireless/iwlegacy/built-in.o
  LD      drivers/net/wireless/iwlwifi/built-in.o
  LD      drivers/net/wireless/iwlwifi/dvm/built-in.o
  LD      drivers/net/wireless/iwlwifi/mvm/built-in.o
  LD      drivers/net/wireless/libertas/built-in.o
  LD      drivers/net/wireless/libertas_tf/built-in.o
  LD      drivers/net/wireless/mwifiex/built-in.o
  LD      drivers/net/wireless/orinoco/built-in.o
  LD      drivers/net/wireless/p54/built-in.o
  LD      drivers/net/wireless/rsi/built-in.o
  LD      drivers/net/wireless/rt2x00/built-in.o
  LD      drivers/net/wireless/rtl818x/built-in.o
  LD      drivers/net/wireless/rtl818x/rtl8180/built-in.o
  LD      drivers/net/wireless/rtl818x/rtl8187/built-in.o
  LD      drivers/net/wireless/rtlwifi/built-in.o
  LD      drivers/net/wireless/rtlwifi/btcoexist/built-in.o
  LD      drivers/net/wireless/rtlwifi/rtl8188ee/built-in.o
  LD      drivers/net/wireless/rtlwifi/rtl8192c/built-in.o
  LD      drivers/net/wireless/rtlwifi/rtl8192ce/built-in.o
  LD      drivers/net/wireless/rtlwifi/rtl8192cu/built-in.o
  LD      drivers/net/wireless/rtlwifi/rtl8192de/built-in.o
  LD      drivers/net/wireless/rtlwifi/rtl8192se/built-in.o
  LD      drivers/net/wireless/rtlwifi/rtl8723ae/built-in.o
  LD      drivers/net/wireless/rtlwifi/rtl8723be/built-in.o
  LD      drivers/net/wireless/rtlwifi/rtl8723com/built-in.o
  CC      drivers/net/wireless/ti/wilink_platform_data.o
  LD      drivers/net/wireless/ti/built-in.o
  LD      drivers/net/wireless/ti/wl1251/built-in.o
  LD      drivers/net/wireless/ti/wl12xx/built-in.o
  LD      drivers/net/wireless/ti/wl18xx/built-in.o
  LD      drivers/net/wireless/ti/wlcore/built-in.o
  LD      drivers/net/wireless/zd1211rw/built-in.o
  LD      drivers/net/wireless/built-in.o
  LD      drivers/net/xen-netback/built-in.o
  CC      drivers/net/tun.o
  CC      drivers/net/virtio_net.o
  CC      drivers/net/xen-netfront.o
  LD      drivers/net/built-in.o
  LD      drivers/nfc/built-in.o
  LD      drivers/nfc/microread/built-in.o
  LD      drivers/nfc/nfcmrvl/built-in.o
  LD      drivers/nfc/pn544/built-in.o
  LD      drivers/nfc/st21nfca/built-in.o
  LD      drivers/ntb/built-in.o
  LD      drivers/parport/built-in.o
  CC      drivers/pci/access.o
  CC      drivers/pci/bus.o
  CC      drivers/pci/probe.o
  CC      drivers/pci/host-bridge.o
  CC      drivers/pci/remove.o
  CC      drivers/pci/pci.o
  CC      drivers/pci/pci-driver.o
  CC      drivers/pci/search.o
  CC      drivers/pci/pci-sysfs.o
  CC      drivers/pci/rom.o
  CC      drivers/pci/setup-res.o
  CC      drivers/pci/irq.o
  CC      drivers/pci/vpd.o
  CC      drivers/pci/setup-bus.o
  CC      drivers/pci/vc.o
  CC      drivers/pci/proc.o
  CC      drivers/pci/slot.o
  CC      drivers/pci/quirks.o
  LD      drivers/pci/host/built-in.o
  CC      drivers/pci/hotplug/acpiphp_core.o
  CC      drivers/pci/hotplug/acpiphp_glue.o
  CC      drivers/pci/hotplug/pci_hotplug_core.o
  CC      drivers/pci/hotplug/pcihp_slot.o
  CC      drivers/pci/hotplug/cpci_hotplug_core.o
  CC      drivers/pci/hotplug/cpci_hotplug_pci.o
  CC      drivers/pci/hotplug/acpi_pcihp.o
  CC      drivers/pci/hotplug/pciehp_core.o
  CC      drivers/pci/hotplug/pciehp_ctrl.o
  CC      drivers/pci/hotplug/pciehp_pci.o
  CC      drivers/pci/hotplug/pciehp_hpc.o
  CC      drivers/pci/hotplug/pciehp_acpi.o
  LD      drivers/pci/hotplug/pci_hotplug.o
  LD      drivers/pci/hotplug/pciehp.o
  LD      drivers/pci/hotplug/acpiphp.o
  LD      drivers/pci/hotplug/built-in.o
  CC      drivers/pci/pcie/aspm.o
  CC      drivers/pci/pcie/portdrv_core.o
  CC      drivers/pci/pcie/portdrv_pci.o
  CC      drivers/pci/pcie/portdrv_bus.o
  CC      drivers/pci/pcie/portdrv_acpi.o
  LD      drivers/pci/pcie/pcieportdrv.o
  CC      drivers/pci/pcie/aer/aerdrv_errprint.o
  CC      drivers/pci/pcie/aer/aerdrv_core.o
  CC      drivers/pci/pcie/aer/aerdrv.o
  CC      drivers/pci/pcie/aer/aerdrv_acpi.o
  LD      drivers/pci/pcie/aer/aerdriver.o
  LD      drivers/pci/pcie/aer/built-in.o
  CC      drivers/pci/pcie/pme.o
  LD      drivers/pci/pcie/built-in.o
  CC      drivers/pci/ioapic.o
  CC      drivers/pci/hotplug-pci.o
  CC      drivers/pci/msi.o
  CC      drivers/pci/htirq.o
  CC      drivers/pci/ats.o
  CC      drivers/pci/iov.o
  CC      drivers/pci/pci-acpi.o
  CC      drivers/pci/pci-label.o
  LD      drivers/pci/built-in.o
  LD      drivers/pcmcia/built-in.o
  CC      drivers/phy/phy-core.o
  LD      drivers/phy/built-in.o
  CC      drivers/pinctrl/core.o
  CC      drivers/pinctrl/pinctrl-utils.o
  CC      drivers/pinctrl/pinmux.o
  CC      drivers/pinctrl/pinconf.o
  CC      drivers/pinctrl/pinctrl-baytrail.o
  LD      drivers/pinctrl/built-in.o
  LD      drivers/platform/chrome/built-in.o
  LD      drivers/platform/x86/built-in.o
  LD      drivers/platform/built-in.o
  CC      drivers/pnp/core.o
  CC      drivers/pnp/card.o
  CC      drivers/pnp/driver.o
  CC      drivers/pnp/resource.o
  CC      drivers/pnp/manager.o
  CC      drivers/pnp/support.o
  CC      drivers/pnp/interface.o
  CC      drivers/pnp/quirks.o
  CC      drivers/pnp/system.o
  LD      drivers/pnp/pnp.o
  CC      drivers/pnp/pnpacpi/core.o
  CC      drivers/pnp/pnpacpi/rsparser.o
  LD      drivers/pnp/pnpacpi/pnp.o
  LD      drivers/pnp/pnpacpi/built-in.o
  LD      drivers/pnp/built-in.o
  CC      drivers/power/power_supply_core.o
  CC      drivers/power/power_supply_sysfs.o
  CC      drivers/power/power_supply_leds.o
  LD      drivers/power/power_supply.o
  CC      drivers/power/charger-manager.o
  LD      drivers/power/avs/built-in.o
  LD      drivers/power/reset/built-in.o
  LD      drivers/power/built-in.o
  CC      drivers/powercap/powercap_sys.o
  LD      drivers/powercap/built-in.o
  LD      drivers/pps/clients/built-in.o
  LD      drivers/pps/generators/built-in.o
  LD      drivers/pps/built-in.o
  LD      drivers/ptp/built-in.o
  CC      drivers/pwm/core.o
  CC      drivers/pwm/sysfs.o
  LD      drivers/pwm/built-in.o
  CC      drivers/rapidio/rio.o
  CC      drivers/rapidio/rio-access.o
  CC      drivers/rapidio/rio-driver.o
  CC      drivers/rapidio/rio-sysfs.o
  LD      drivers/rapidio/rapidio.o
  LD      drivers/rapidio/devices/built-in.o
  LD      drivers/rapidio/switches/built-in.o
  LD      drivers/rapidio/built-in.o
  CC      drivers/regulator/core.o
  CC      drivers/regulator/dummy.o
  CC      drivers/regulator/fixed-helper.o
  CC      drivers/regulator/helpers.o
  CC      drivers/regulator/devres.o
  LD      drivers/regulator/built-in.o
  LD      drivers/remoteproc/built-in.o
  CC      drivers/reset/core.o
  LD      drivers/reset/built-in.o
  CC      drivers/rtc/rtc-lib.o
  CC      drivers/rtc/hctosys.o
  CC      drivers/rtc/systohc.o
  CC      drivers/rtc/class.o
  CC      drivers/rtc/interface.o
  CC      drivers/rtc/rtc-dev.o
  CC      drivers/rtc/rtc-proc.o
  CC      drivers/rtc/rtc-sysfs.o
  LD      drivers/rtc/rtc-core.o
  CC      drivers/rtc/rtc-cmos.o
  LD      drivers/rtc/built-in.o
  CC      drivers/scsi/scsi.o
  CC      drivers/scsi/hosts.o
  CC      drivers/scsi/scsi_ioctl.o
  CC      drivers/scsi/constants.o
  CC      drivers/scsi/scsicam.o
  CC      drivers/scsi/scsi_error.o
  CC      drivers/scsi/scsi_lib.o
  CC      drivers/scsi/scsi_lib_dma.o
  CC      drivers/scsi/scsi_scan.o
  CC      drivers/scsi/scsi_sysfs.o
  CC      drivers/scsi/scsi_devinfo.o
  CC      drivers/scsi/scsi_netlink.o
  CC      drivers/scsi/scsi_sysctl.o
  CC      drivers/scsi/scsi_proc.o
  CC      drivers/scsi/scsi_trace.o
  CC      drivers/scsi/scsi_pm.o
  CC      drivers/scsi/sd.o
  CC      drivers/scsi/sd_dif.o
  CC      drivers/scsi/sr.o
  CC      drivers/scsi/sr_ioctl.o
  CC      drivers/scsi/sr_vendor.o
  LD      drivers/scsi/scsi_mod.o
  LD      drivers/scsi/aacraid/built-in.o
  LD      drivers/scsi/aic7xxx/built-in.o
  LD      drivers/scsi/aic94xx/built-in.o
  LD      drivers/scsi/arcmsr/built-in.o
  LD      drivers/scsi/be2iscsi/built-in.o
  LD      drivers/scsi/bfa/built-in.o
  LD      drivers/scsi/bnx2fc/built-in.o
  LD      drivers/scsi/bnx2i/built-in.o
  LD      drivers/scsi/csiostor/built-in.o
  LD      drivers/scsi/cxgbi/built-in.o
  LD      drivers/scsi/cxgbi/cxgb3i/built-in.o
  LD      drivers/scsi/cxgbi/cxgb4i/built-in.o
  LD      drivers/scsi/device_handler/built-in.o
  LD      drivers/scsi/esas2r/built-in.o
  LD      drivers/scsi/fcoe/built-in.o
  LD      drivers/scsi/fnic/built-in.o
  LD      drivers/scsi/isci/built-in.o
  LD      drivers/scsi/libfc/built-in.o
  LD      drivers/scsi/libsas/built-in.o
  LD      drivers/scsi/lpfc/built-in.o
  LD      drivers/scsi/megaraid/built-in.o
  LD      drivers/scsi/mpt2sas/built-in.o
  LD      drivers/scsi/mpt3sas/built-in.o
  LD      drivers/scsi/mvsas/built-in.o
  LD      drivers/scsi/osd/built-in.o
  LD      drivers/scsi/pcmcia/built-in.o
  LD      drivers/scsi/pm8001/built-in.o
  LD      drivers/scsi/qla2xxx/built-in.o
  LD      drivers/scsi/qla4xxx/built-in.o
  LD      drivers/scsi/sym53c8xx_2/built-in.o
  LD      drivers/scsi/ufs/built-in.o
  LD      drivers/scsi/sd_mod.o
  LD      drivers/scsi/sr_mod.o
  CC      drivers/scsi/sg.o
  LD      drivers/scsi/built-in.o
  CC      drivers/sfi/sfi_acpi.o
  CC      drivers/sfi/sfi_core.o
  LD      drivers/sfi/built-in.o
  LD      drivers/soc/built-in.o
  CC      drivers/spi/spi.o
  LD      drivers/spi/built-in.o
  LD      drivers/spmi/built-in.o
  LD      drivers/ssb/built-in.o
  CC      drivers/staging/staging.o
  LD      drivers/staging/bcm/built-in.o
  LD      drivers/staging/ced1401/built-in.o
  LD      drivers/staging/comedi/built-in.o
  LD      drivers/staging/comedi/drivers/built-in.o
  LD      drivers/staging/comedi/kcomedilib/built-in.o
  LD      drivers/staging/cptm1217/built-in.o
  LD      drivers/staging/crystalhd/built-in.o
  LD      drivers/staging/cxt1e1/built-in.o
  LD      drivers/staging/dgap/built-in.o
  LD      drivers/staging/dgnc/built-in.o
  LD      drivers/staging/dgrp/built-in.o
  LD      drivers/staging/et131x/built-in.o
  LD      drivers/staging/frontier/built-in.o
  LD      drivers/staging/ft1000/built-in.o
  LD      drivers/staging/ft1000/ft1000-pcmcia/built-in.o
  LD      drivers/staging/ft1000/ft1000-usb/built-in.o
  LD      drivers/staging/fwserial/built-in.o
  LD      drivers/staging/gdm724x/built-in.o
  LD      drivers/staging/gdm72xx/built-in.o
  LD      drivers/staging/gs_fpgaboot/built-in.o
  LD      drivers/staging/iio/accel/built-in.o
  LD      drivers/staging/iio/adc/built-in.o
  LD      drivers/staging/iio/addac/built-in.o
  LD      drivers/staging/iio/cdc/built-in.o
  LD      drivers/staging/iio/frequency/built-in.o
  LD      drivers/staging/iio/gyro/built-in.o
  LD      drivers/staging/iio/impedance-analyzer/built-in.o
  LD      drivers/staging/iio/light/built-in.o
  LD      drivers/staging/iio/magnetometer/built-in.o
  LD      drivers/staging/iio/meter/built-in.o
  LD      drivers/staging/iio/resolver/built-in.o
  LD      drivers/staging/iio/trigger/built-in.o
  LD      drivers/staging/iio/built-in.o
  LD      drivers/staging/keucr/built-in.o
  LD      drivers/staging/line6/built-in.o
  LD      drivers/staging/lustre/built-in.o
  LD      drivers/staging/lustre/lnet/built-in.o
  LD      drivers/staging/lustre/lnet/klnds/built-in.o
  LD      drivers/staging/lustre/lnet/klnds/o2iblnd/built-in.o
  LD      drivers/staging/lustre/lnet/klnds/socklnd/built-in.o
  LD      drivers/staging/lustre/lnet/lnet/built-in.o
  LD      drivers/staging/lustre/lnet/selftest/built-in.o
  LD      drivers/staging/lustre/lustre/built-in.o
  LD      drivers/staging/lustre/lustre/fid/built-in.o
  LD      drivers/staging/lustre/lustre/fld/built-in.o
  LD      drivers/staging/lustre/lustre/libcfs/built-in.o
  LD      drivers/staging/lustre/lustre/llite/built-in.o
  LD      drivers/staging/lustre/lustre/lmv/built-in.o
  LD      drivers/staging/lustre/lustre/lov/built-in.o
  LD      drivers/staging/lustre/lustre/lvfs/built-in.o
  LD      drivers/staging/lustre/lustre/mdc/built-in.o
  LD      drivers/staging/lustre/lustre/mgc/built-in.o
  LD      drivers/staging/lustre/lustre/obdclass/built-in.o
  LD      drivers/staging/lustre/lustre/obdecho/built-in.o
  LD      drivers/staging/lustre/lustre/osc/built-in.o
  LD      drivers/staging/lustre/lustre/ptlrpc/built-in.o
  LD      drivers/staging/media/as102/built-in.o
  LD      drivers/staging/media/bcm2048/built-in.o
  LD      drivers/staging/media/cxd2099/built-in.o
  LD      drivers/staging/media/dt3155v4l/built-in.o
  LD      drivers/staging/media/go7007/built-in.o
  LD      drivers/staging/media/lirc/built-in.o
  LD      drivers/staging/media/msi3101/built-in.o
  LD      drivers/staging/media/rtl2832u_sdr/built-in.o
  LD      drivers/staging/media/solo6x10/built-in.o
  LD      drivers/staging/media/built-in.o
  LD      drivers/staging/mt29f_spinand/built-in.o
  LD      drivers/staging/ozwpan/built-in.o
  LD      drivers/staging/panel/built-in.o
  LD      drivers/staging/phison/built-in.o
  LD      drivers/staging/quickstart/built-in.o
  LD      drivers/staging/rtl8188eu/built-in.o
  LD      drivers/staging/rtl8192e/built-in.o
  LD      drivers/staging/rtl8192e/rtl8192e/built-in.o
  LD      drivers/staging/rtl8192ee/built-in.o
  LD      drivers/staging/rtl8192u/built-in.o
  LD      drivers/staging/rtl8712/built-in.o
  LD      drivers/staging/rtl8723au/built-in.o
  LD      drivers/staging/rtl8821ae/built-in.o
  LD      drivers/staging/rts5208/built-in.o
  LD      drivers/staging/sep/built-in.o
  LD      drivers/staging/serqt_usb2/built-in.o
  LD      drivers/staging/silicom/built-in.o
  LD      drivers/staging/silicom/bypasslib/built-in.o
  CC      drivers/staging/skein/skein.o
  CC      drivers/staging/skein/skein_api.o
  CC      drivers/staging/skein/skein_block.o
  CC      drivers/staging/skein/threefish_block.o
  CC      drivers/staging/skein/threefish_api.o
  LD      drivers/staging/skein/built-in.o
  LD      drivers/staging/slicoss/built-in.o
  LD      drivers/staging/speakup/built-in.o
  LD      drivers/staging/ste_rmi4/built-in.o
  LD      drivers/staging/usbip/built-in.o
  LD      drivers/staging/vme/devices/built-in.o
  LD      drivers/staging/vme/built-in.o
  LD      drivers/staging/vt6655/built-in.o
  LD      drivers/staging/vt6656/built-in.o
  LD      drivers/staging/winbond/built-in.o
  LD      drivers/staging/wlags49_h2/built-in.o
  LD      drivers/staging/wlags49_h25/built-in.o
  LD      drivers/staging/wlan-ng/built-in.o
  LD      drivers/staging/xgifb/built-in.o
  LD      drivers/staging/xillybus/built-in.o
  LD      drivers/staging/built-in.o
  LD      drivers/target/built-in.o
  LD      drivers/target/iscsi/built-in.o
  LD      drivers/target/loopback/built-in.o
  LD      drivers/target/sbp/built-in.o
  LD      drivers/target/tcm_fc/built-in.o
  CC      drivers/thermal/thermal_core.o
  CC      drivers/thermal/thermal_hwmon.o
  CC      drivers/thermal/fair_share.o
  CC      drivers/thermal/step_wise.o
  CC      drivers/thermal/user_space.o
  LD      drivers/thermal/thermal_sys.o
  LD      drivers/thermal/samsung/built-in.o
  LD      drivers/thermal/built-in.o
  CC      drivers/tty/tty_io.o
  CC      drivers/tty/n_tty.o
  CC      drivers/tty/tty_ioctl.o
  CC      drivers/tty/tty_ldisc.o
  CC      drivers/tty/tty_buffer.o
  CC      drivers/tty/tty_port.o
  CC      drivers/tty/tty_mutex.o
  CC      drivers/tty/tty_ldsem.o
  CC      drivers/tty/pty.o
  CC      drivers/tty/tty_audit.o
  CC      drivers/tty/sysrq.o
  CC      drivers/tty/hvc/hvc_console.o
  CC      drivers/tty/hvc/hvc_irq.o
  CC      drivers/tty/hvc/hvc_xen.o
  LD      drivers/tty/hvc/built-in.o
  LD      drivers/tty/ipwireless/built-in.o
  CC      drivers/tty/serial/serial_core.o
  CC      drivers/tty/serial/earlycon.o
  CC      drivers/tty/serial/8250/8250_core.o
  CC      drivers/tty/serial/8250/8250_pnp.o
  CC      drivers/tty/serial/8250/8250_dma.o
  LD      drivers/tty/serial/8250/8250.o
  CC      drivers/tty/serial/8250/8250_pci.o
  CC      drivers/tty/serial/8250/8250_early.o
  LD      drivers/tty/serial/8250/built-in.o
  LD      drivers/tty/serial/jsm/built-in.o
  CC      drivers/tty/serial/max310x.o
  CC      drivers/tty/serial/sccnxp.o
  CC      drivers/tty/serial/kgdb_nmi.o
  CC      drivers/tty/serial/kgdboc.o
  LD      drivers/tty/serial/built-in.o
  CC      drivers/tty/vt/vt_ioctl.o
  CC      drivers/tty/vt/vc_screen.o
  CC      drivers/tty/vt/selection.o
  CC      drivers/tty/vt/keyboard.o
  CC      drivers/tty/vt/consolemap.o
  CONMK   drivers/tty/vt/consolemap_deftbl.c
  CC      drivers/tty/vt/consolemap_deftbl.o
  CC      drivers/tty/vt/vt.o
  SHIPPED drivers/tty/vt/defkeymap.c
  CC      drivers/tty/vt/defkeymap.o
  LD      drivers/tty/vt/built-in.o
  LD      drivers/tty/built-in.o
  LD      drivers/uio/built-in.o
  LD      drivers/usb/atm/built-in.o
  LD      drivers/usb/c67x00/built-in.o
  LD      drivers/usb/chipidea/built-in.o
  LD      drivers/usb/class/built-in.o
  CC      drivers/usb/common/usb-common.o
  LD      drivers/usb/common/built-in.o
  CC      drivers/usb/core/usb.o
  CC      drivers/usb/core/hub.o
  CC      drivers/usb/core/hcd.o
  CC      drivers/usb/core/urb.o
  CC      drivers/usb/core/message.o
  CC      drivers/usb/core/driver.o
  CC      drivers/usb/core/config.o
  CC      drivers/usb/core/file.o
  CC      drivers/usb/core/buffer.o
  CC      drivers/usb/core/sysfs.o
  CC      drivers/usb/core/endpoint.o
  CC      drivers/usb/core/devio.o
  CC      drivers/usb/core/notify.o
  CC      drivers/usb/core/generic.o
  CC      drivers/usb/core/quirks.o
  CC      drivers/usb/core/devices.o
  CC      drivers/usb/core/port.o
  CC      drivers/usb/core/hcd-pci.o
  CC      drivers/usb/core/usb-acpi.o
  LD      drivers/usb/core/usbcore.o
  LD      drivers/usb/core/built-in.o
  LD      drivers/usb/dwc2/built-in.o
  LD      drivers/usb/dwc3/built-in.o
  CC      drivers/usb/early/ehci-dbgp.o
  LD      drivers/usb/early/built-in.o
  LD      drivers/usb/gadget/built-in.o
  CC      drivers/usb/host/pci-quirks.o
  CC      drivers/usb/host/ehci-hcd.o
  CC      drivers/usb/host/ehci-pci.o
  CC      drivers/usb/host/ehci-platform.o
  CC      drivers/usb/host/ohci-hcd.o
  CC      drivers/usb/host/ohci-pci.o
  CC      drivers/usb/host/ohci-platform.o
  CC      drivers/usb/host/uhci-hcd.o
  CC      drivers/usb/host/xhci.o
  CC      drivers/usb/host/xhci-mem.o
  CC      drivers/usb/host/xhci-ring.o
  CC      drivers/usb/host/xhci-hub.o
  CC      drivers/usb/host/xhci-dbg.o
  CC      drivers/usb/host/xhci-trace.o
  CC      drivers/usb/host/xhci-pci.o
  CC      drivers/usb/host/xhci-plat.o
  LD      drivers/usb/host/xhci-hcd.o
  LD      drivers/usb/host/built-in.o
  LD      drivers/usb/host/whci/built-in.o
  LD      drivers/usb/image/built-in.o
  LD      drivers/usb/misc/built-in.o
  LD      drivers/usb/misc/sisusbvga/built-in.o
  LD      drivers/usb/mon/built-in.o
  LD      drivers/usb/musb/built-in.o
  CC      drivers/usb/phy/phy.o
  LD      drivers/usb/phy/built-in.o
  LD      drivers/usb/renesas_usbhs/built-in.o
  LD      drivers/usb/serial/built-in.o
  LD      drivers/usb/storage/built-in.o
  LD      drivers/usb/wusbcore/built-in.o
  LD      drivers/usb/built-in.o
  LD      drivers/uwb/built-in.o
  LD      drivers/uwb/i1480/built-in.o
  LD      drivers/uwb/i1480/dfu/built-in.o
  LD      drivers/vfio/built-in.o
  LD      drivers/vfio/pci/built-in.o
  LD      drivers/vhost/built-in.o
  CC      drivers/video/hdmi.o
  CC      drivers/video/backlight/backlight.o
  LD      drivers/video/backlight/built-in.o
  CC      drivers/video/console/dummycon.o
  CC      drivers/video/console/vgacon.o
  CC      drivers/video/console/fbcon.o
  CC      drivers/video/console/bitblit.o
  CC      drivers/video/console/softcursor.o
  CC      drivers/video/console/tileblit.o
  CC      drivers/video/console/fbcon_rotate.o
  CC      drivers/video/console/fbcon_cw.o
  CC      drivers/video/console/fbcon_ud.o
  CC      drivers/video/console/fbcon_ccw.o
  LD      drivers/video/console/built-in.o
  LD      drivers/video/fbdev/aty/built-in.o
  CC      drivers/video/fbdev/core/fb_notify.o
  CC      drivers/video/fbdev/core/fbmem.o
  CC      drivers/video/fbdev/core/fbmon.o
  CC      drivers/video/fbdev/core/fbcmap.o
  CC      drivers/video/fbdev/core/fbsysfs.o
  CC      drivers/video/fbdev/core/modedb.o
  CC      drivers/video/fbdev/core/fbcvt.o
  LD      drivers/video/fbdev/core/fb.o
  CC      drivers/video/fbdev/core/cfbfillrect.o
  CC      drivers/video/fbdev/core/cfbcopyarea.o
  CC      drivers/video/fbdev/core/cfbimgblt.o
  CC      drivers/video/fbdev/core/fb_defio.o
  LD      drivers/video/fbdev/core/built-in.o
  LD      drivers/video/fbdev/kyro/built-in.o
  LD      drivers/video/fbdev/matrox/built-in.o
  LD      drivers/video/fbdev/mb862xx/built-in.o
  LD      drivers/video/fbdev/nvidia/built-in.o
  LD      drivers/video/fbdev/omap2/displays-new/built-in.o
  LD      drivers/video/fbdev/omap2/dss/built-in.o
  LD      drivers/video/fbdev/omap2/built-in.o
  LD      drivers/video/fbdev/riva/built-in.o
  LD      drivers/video/fbdev/savage/built-in.o
  LD      drivers/video/fbdev/sis/built-in.o
  LD      drivers/video/fbdev/vermilion/built-in.o
  LD      drivers/video/fbdev/via/built-in.o
  CC      drivers/video/fbdev/imsttfb.o
  CC      drivers/video/fbdev/asiliantfb.o
  CC      drivers/video/fbdev/vesafb.o
  CC      drivers/video/fbdev/efifb.o
  CC      drivers/video/fbdev/simplefb.o
  LD      drivers/video/fbdev/built-in.o
  LD      drivers/video/built-in.o
  LD      drivers/video/fbdev/intelfb/built-in.o
  LD      drivers/virt/built-in.o
  CC      drivers/virtio/virtio.o
  CC      drivers/virtio/virtio_ring.o
  CC      drivers/virtio/virtio_mmio.o
  CC      drivers/virtio/virtio_pci.o
  CC      drivers/virtio/virtio_balloon.o
  LD      drivers/virtio/built-in.o
  CC      drivers/vme/vme.o
  LD      drivers/vme/boards/built-in.o
  LD      drivers/vme/bridges/built-in.o
  LD      drivers/vme/built-in.o
  LD      drivers/w1/masters/built-in.o
  LD      drivers/w1/slaves/built-in.o
  LD      drivers/w1/built-in.o
  CC      drivers/watchdog/watchdog_core.o
  CC      drivers/watchdog/watchdog_dev.o
  LD      drivers/watchdog/watchdog.o
  LD      drivers/watchdog/built-in.o
  CC      drivers/xen/cpu_hotplug.o
  CC      drivers/xen/fallback.o
  CC      drivers/xen/grant-table.o
  CC      drivers/xen/features.o
  CC      drivers/xen/balloon.o
  CC      drivers/xen/manage.o
  CC      drivers/xen/events/events_base.o
  CC      drivers/xen/events/events_2l.o
  CC      drivers/xen/events/events_fifo.o
  LD      drivers/xen/events/events.o
  LD      drivers/xen/events/built-in.o
  LD      drivers/xen/xen-pciback/built-in.o
  CC      drivers/xen/xenbus/xenbus_client.o
  CC      drivers/xen/xenbus/xenbus_comms.o
  CC      drivers/xen/xenbus/xenbus_xs.o
  CC      drivers/xen/xenbus/xenbus_probe.o
  CC      drivers/xen/xenbus/xenbus_probe_backend.o
  LD      drivers/xen/xenbus/xenbus.o
  CC      drivers/xen/xenbus/xenbus_dev_frontend.o
  CC      drivers/xen/xenbus/xenbus_dev_backend.o
  CC      drivers/xen/xenbus/xenbus_probe_frontend.o
  LD      drivers/xen/xenbus/built-in.o
  LD      drivers/xen/xenfs/built-in.o
  CC      drivers/xen/pci.o
  CC      drivers/xen/dbgp.o
  CC      drivers/xen/acpi.o
  CC      drivers/xen/xen-acpi-pad.o
  CC      drivers/xen/pcpu.o
  CC      drivers/xen/biomerge.o
  CC      drivers/xen/xen-balloon.o
  CC      drivers/xen/xen-selfballoon.o
  CC      drivers/xen/sys-hypervisor.o
  CC      drivers/xen/platform-pci.o
  CC      drivers/xen/swiotlb-xen.o
  CC      drivers/xen/mcelog.o
  CC      drivers/xen/xen-acpi-processor.o
  LD      drivers/xen/built-in.o
  LD      drivers/built-in.o
  LD      sound/built-in.o
  LD      sound/arm/built-in.o
  LD      sound/atmel/built-in.o
  LD      sound/core/oss/built-in.o
  LD      sound/core/seq/built-in.o
  LD      sound/core/built-in.o
  LD      sound/drivers/built-in.o
  LD      sound/drivers/mpu401/built-in.o
  LD      sound/drivers/opl3/built-in.o
  LD      sound/drivers/opl4/built-in.o
  LD      sound/drivers/pcsp/built-in.o
  LD      sound/drivers/vx/built-in.o
  LD      sound/firewire/built-in.o
  LD      sound/firewire/bebob/built-in.o
  LD      sound/firewire/fireworks/built-in.o
  LD      sound/i2c/built-in.o
  LD      sound/i2c/other/built-in.o
  LD      sound/isa/built-in.o
  LD      sound/isa/ad1816a/built-in.o
  LD      sound/isa/ad1848/built-in.o
  LD      sound/isa/cs423x/built-in.o
  LD      sound/isa/es1688/built-in.o
  LD      sound/isa/galaxy/built-in.o
  LD      sound/isa/gus/built-in.o
  LD      sound/isa/msnd/built-in.o
  LD      sound/isa/opti9xx/built-in.o
  LD      sound/isa/sb/built-in.o
  LD      sound/isa/wavefront/built-in.o
  LD      sound/isa/wss/built-in.o
  LD      sound/mips/built-in.o
  LD      sound/parisc/built-in.o
  LD      sound/pci/built-in.o
  LD      sound/pci/ac97/built-in.o
  LD      sound/pci/ali5451/built-in.o
  LD      sound/pci/asihpi/built-in.o
  LD      sound/pci/au88x0/built-in.o
  LD      sound/pci/aw2/built-in.o
  LD      sound/pci/ca0106/built-in.o
  LD      sound/pci/cs46xx/built-in.o
  LD      sound/pci/cs5535audio/built-in.o
  LD      sound/pci/ctxfi/built-in.o
  LD      sound/pci/echoaudio/built-in.o
  LD      sound/pci/emu10k1/built-in.o
  LD      sound/pci/hda/built-in.o
  LD      sound/pci/ice1712/built-in.o
  LD      sound/pci/korg1212/built-in.o
  LD      sound/pci/lola/built-in.o
  LD      sound/pci/lx6464es/built-in.o
  LD      sound/pci/mixart/built-in.o
  LD      sound/pci/nm256/built-in.o
  LD      sound/pci/oxygen/built-in.o
  LD      sound/pci/pcxhr/built-in.o
  LD      sound/pci/riptide/built-in.o
  LD      sound/pci/rme9652/built-in.o
  LD      sound/pci/trident/built-in.o
  LD      sound/pci/vx222/built-in.o
  LD      sound/pci/ymfpci/built-in.o
  LD      sound/pcmcia/built-in.o
  LD      sound/pcmcia/pdaudiocf/built-in.o
  LD      sound/pcmcia/vx/built-in.o
  LD      sound/ppc/built-in.o
  LD      sound/sh/built-in.o
  LD      sound/soc/built-in.o
  LD      sound/soc/adi/built-in.o
  LD      sound/soc/atmel/built-in.o
  LD      sound/soc/au1x/built-in.o
  LD      sound/soc/bcm/built-in.o
  LD      sound/soc/blackfin/built-in.o
  LD      sound/soc/cirrus/built-in.o
  LD      sound/soc/codecs/built-in.o
  LD      sound/soc/davinci/built-in.o
  LD      sound/soc/dwc/built-in.o
  LD      sound/soc/fsl/built-in.o
  LD      sound/soc/generic/built-in.o
  LD      sound/soc/intel/built-in.o
  LD      sound/soc/jz4740/built-in.o
  LD      sound/soc/kirkwood/built-in.o
  LD      sound/soc/mxs/built-in.o
  LD      sound/soc/nuc900/built-in.o
  LD      sound/soc/omap/built-in.o
  LD      sound/soc/pxa/built-in.o
  LD      sound/soc/s6000/built-in.o
  LD      sound/soc/samsung/built-in.o
  LD      sound/soc/sh/built-in.o
  LD      sound/soc/sirf/built-in.o
  LD      sound/soc/spear/built-in.o
  LD      sound/soc/tegra/built-in.o
  LD      sound/soc/txx9/built-in.o
  LD      sound/soc/ux500/built-in.o
  LD      sound/sparc/built-in.o
  LD      sound/spi/built-in.o
  LD      sound/synth/built-in.o
  LD      sound/synth/emux/built-in.o
  LD      sound/usb/built-in.o
  LD      sound/usb/6fire/built-in.o
  LD      sound/usb/bcd2000/built-in.o
  LD      sound/usb/caiaq/built-in.o
  LD      sound/usb/hiface/built-in.o
  LD      sound/usb/misc/built-in.o
  LD      sound/usb/usx2y/built-in.o
  MK_FW   firmware/keyspan/mpr.fw.gen.S
  HOSTCC  firmware/ihex2fw
  IHEX2FW firmware/keyspan/mpr.fw
  AS      firmware/keyspan/mpr.fw.gen.o
  MK_FW   firmware/keyspan/usa18x.fw.gen.S
  IHEX2FW firmware/keyspan/usa18x.fw
  AS      firmware/keyspan/usa18x.fw.gen.o
  MK_FW   firmware/keyspan/usa19.fw.gen.S
  IHEX2FW firmware/keyspan/usa19.fw
  AS      firmware/keyspan/usa19.fw.gen.o
  MK_FW   firmware/keyspan/usa19qi.fw.gen.S
  IHEX2FW firmware/keyspan/usa19qi.fw
  AS      firmware/keyspan/usa19qi.fw.gen.o
  MK_FW   firmware/keyspan/usa19qw.fw.gen.S
  IHEX2FW firmware/keyspan/usa19qw.fw
  AS      firmware/keyspan/usa19qw.fw.gen.o
  MK_FW   firmware/keyspan/usa19w.fw.gen.S
  IHEX2FW firmware/keyspan/usa19w.fw
  AS      firmware/keyspan/usa19w.fw.gen.o
  MK_FW   firmware/keyspan/usa28.fw.gen.S
  IHEX2FW firmware/keyspan/usa28.fw
  AS      firmware/keyspan/usa28.fw.gen.o
  MK_FW   firmware/keyspan/usa28xa.fw.gen.S
  IHEX2FW firmware/keyspan/usa28xa.fw
  AS      firmware/keyspan/usa28xa.fw.gen.o
  MK_FW   firmware/keyspan/usa28xb.fw.gen.S
  IHEX2FW firmware/keyspan/usa28xb.fw
  AS      firmware/keyspan/usa28xb.fw.gen.o
  MK_FW   firmware/keyspan/usa28x.fw.gen.S
  IHEX2FW firmware/keyspan/usa28x.fw
  AS      firmware/keyspan/usa28x.fw.gen.o
  MK_FW   firmware/keyspan/usa49w.fw.gen.S
  IHEX2FW firmware/keyspan/usa49w.fw
  AS      firmware/keyspan/usa49w.fw.gen.o
  MK_FW   firmware/keyspan/usa49wlc.fw.gen.S
  IHEX2FW firmware/keyspan/usa49wlc.fw
  AS      firmware/keyspan/usa49wlc.fw.gen.o
  LD      firmware/built-in.o
  CC      arch/x86/pci/i386.o
  CC      arch/x86/pci/init.o
  CC      arch/x86/pci/mmconfig_64.o
  CC      arch/x86/pci/direct.o
  CC      arch/x86/pci/mmconfig-shared.o
  CC      arch/x86/pci/xen.o
  CC      arch/x86/pci/fixup.o
  CC      arch/x86/pci/acpi.o
  CC      arch/x86/pci/legacy.o
  CC      arch/x86/pci/irq.o
  CC      arch/x86/pci/numachip.o
  CC      arch/x86/pci/common.o
  CC      arch/x86/pci/early.o
  CC      arch/x86/pci/bus_numa.o
  CC      arch/x86/pci/amd_bus.o
  LD      arch/x86/pci/built-in.o
  CC      arch/x86/power/cpu.o
  CC      arch/x86/power/hibernate_64.o
  AS      arch/x86/power/hibernate_asm_64.o
  LD      arch/x86/power/built-in.o
  CC      arch/x86/video/fbdev.o
  LD      arch/x86/video/built-in.o
  LD      arch/x86/oprofile/built-in.o
  CC      net/socket.o
  CC      net/802/fc.o
  CC      net/802/fddi.o
  LD      net/802/built-in.o
  CC      net/8021q/vlan_core.o
  LD      net/8021q/built-in.o
  LD      net/9p/built-in.o
  LD      net/appletalk/built-in.o
  LD      net/atm/built-in.o
  LD      net/ax25/built-in.o
  LD      net/batman-adv/built-in.o
  LD      net/bluetooth/built-in.o
  LD      net/bluetooth/bnep/built-in.o
  LD      net/bluetooth/cmtp/built-in.o
  LD      net/bluetooth/hidp/built-in.o
  LD      net/bluetooth/rfcomm/built-in.o
  LD      net/bridge/netfilter/built-in.o
  LD      net/bridge/built-in.o
  LD      net/caif/built-in.o
  LD      net/can/built-in.o
  LD      net/ceph/built-in.o
  CC      net/core/sock.o
  CC      net/core/request_sock.o
  CC      net/core/skbuff.o
  CC      net/core/iovec.o
  CC      net/core/datagram.o
  CC      net/core/stream.o
  CC      net/core/scm.o
  CC      net/core/gen_stats.o
  CC      net/core/gen_estimator.o
  CC      net/core/net_namespace.o
  CC      net/core/secure_seq.o
  CC      net/core/flow_dissector.o
  CC      net/core/sysctl_net_core.o
  CC      net/core/dev.o
  CC      net/core/ethtool.o
  CC      net/core/dev_addr_lists.o
  CC      net/core/dst.o
  CC      net/core/netevent.o
  CC      net/core/neighbour.o
  CC      net/core/rtnetlink.o
  CC      net/core/utils.o
  CC      net/core/link_watch.o
  CC      net/core/filter.o
  CC      net/core/sock_diag.o
  CC      net/core/dev_ioctl.o
  CC      net/core/tso.o
  CC      net/core/flow.o
  CC      net/core/net-sysfs.o
  CC      net/core/net-procfs.o
  CC      net/core/netpoll.o
  CC      net/core/fib_rules.o
  CC      net/core/net-traces.o
  CC      net/core/ptp_classifier.o
  CC      net/core/netprio_cgroup.o
  CC      net/core/netclassid_cgroup.o
  LD      net/core/built-in.o
  CC      net/dcb/dcbnl.o
  CC      net/dcb/dcbevent.o
  LD      net/dcb/built-in.o
  LD      net/dccp/built-in.o
  LD      net/decnet/netfilter/built-in.o
  LD      net/decnet/built-in.o
  CC      net/dns_resolver/dns_key.o
  CC      net/dns_resolver/dns_query.o
  LD      net/dns_resolver/dns_resolver.o
  LD      net/dns_resolver/built-in.o
  LD      net/dsa/built-in.o
  CC      net/ethernet/eth.o
  LD      net/ethernet/built-in.o
  LD      net/hsr/built-in.o
  LD      net/ieee802154/built-in.o
  CC      net/ipv4/route.o
  CC      net/ipv4/inetpeer.o
  CC      net/ipv4/protocol.o
  CC      net/ipv4/ip_input.o
  CC      net/ipv4/ip_fragment.o
  CC      net/ipv4/ip_forward.o
  CC      net/ipv4/ip_options.o
  CC      net/ipv4/ip_output.o
  CC      net/ipv4/ip_sockglue.o
  CC      net/ipv4/inet_hashtables.o
  CC      net/ipv4/inet_timewait_sock.o
  CC      net/ipv4/inet_connection_sock.o
  CC      net/ipv4/tcp.o
  CC      net/ipv4/tcp_input.o
  CC      net/ipv4/tcp_output.o
  CC      net/ipv4/tcp_timer.o
  CC      net/ipv4/tcp_ipv4.o
  CC      net/ipv4/tcp_minisocks.o
  CC      net/ipv4/tcp_cong.o
  CC      net/ipv4/tcp_metrics.o
  CC      net/ipv4/tcp_fastopen.o
  CC      net/ipv4/tcp_offload.o
  CC      net/ipv4/datagram.o
  CC      net/ipv4/raw.o
  CC      net/ipv4/udp.o
  CC      net/ipv4/udplite.o
  CC      net/ipv4/udp_offload.o
  CC      net/ipv4/arp.o
  CC      net/ipv4/icmp.o
  CC      net/ipv4/devinet.o
  CC      net/ipv4/af_inet.o
  CC      net/ipv4/igmp.o
  CC      net/ipv4/fib_frontend.o
  CC      net/ipv4/fib_semantics.o
  CC      net/ipv4/fib_trie.o
  CC      net/ipv4/inet_fragment.o
  CC      net/ipv4/ping.o
  CC      net/ipv4/ip_tunnel_core.o
  CC      net/ipv4/gre_offload.o
  CC      net/ipv4/sysctl_net_ipv4.o
  CC      net/ipv4/proc.o
  CC      net/ipv4/fib_rules.o
  CC      net/ipv4/ipmr.o
  CC      net/ipv4/syncookies.o
  CC      net/ipv4/inet_lro.o
  CC      net/ipv4/ipconfig.o
  CC      net/ipv4/netfilter.o
  LD      net/ipv4/netfilter/built-in.o
  CC      net/ipv4/tcp_cubic.o
  CC      net/ipv4/tcp_memcontrol.o
  CC      net/ipv4/cipso_ipv4.o
  CC      net/ipv4/xfrm4_policy.o
  CC      net/ipv4/xfrm4_state.o
  CC      net/ipv4/xfrm4_input.o
  CC      net/ipv4/xfrm4_output.o
  CC      net/ipv4/xfrm4_protocol.o
  LD      net/ipv4/built-in.o
  CC      net/ipv6/af_inet6.o
  CC      net/ipv6/anycast.o
  CC      net/ipv6/ip6_output.o
  CC      net/ipv6/ip6_input.o
  CC      net/ipv6/addrconf.o
  CC      net/ipv6/addrlabel.o
  CC      net/ipv6/route.o
  CC      net/ipv6/ip6_fib.o
  CC      net/ipv6/ipv6_sockglue.o
  CC      net/ipv6/ndisc.o
  CC      net/ipv6/udp.o
  CC      net/ipv6/udplite.o
  CC      net/ipv6/raw.o
  CC      net/ipv6/icmp.o
  CC      net/ipv6/mcast.o
  CC      net/ipv6/reassembly.o
  CC      net/ipv6/tcp_ipv6.o
  CC      net/ipv6/ping.o
  CC      net/ipv6/exthdrs.o
  CC      net/ipv6/datagram.o
  CC      net/ipv6/ip6_flowlabel.o
  CC      net/ipv6/inet6_connection_sock.o
  CC      net/ipv6/sysctl_net_ipv6.o
  CC      net/ipv6/ip6mr.o
  CC      net/ipv6/xfrm6_policy.o
  CC      net/ipv6/xfrm6_state.o
  CC      net/ipv6/xfrm6_input.o
  CC      net/ipv6/xfrm6_output.o
  CC      net/ipv6/xfrm6_protocol.o
  CC      net/ipv6/netfilter.o
  CC      net/ipv6/fib6_rules.o
  CC      net/ipv6/proc.o
  CC      net/ipv6/syncookies.o
  LD      net/ipv6/ipv6.o
  LD      net/ipv6/netfilter/built-in.o
  CC      net/ipv6/addrconf_core.o
  CC      net/ipv6/exthdrs_core.o
  CC      net/ipv6/ip6_checksum.o
  CC      net/ipv6/ip6_icmp.o
  CC      net/ipv6/output_core.o
  CC      net/ipv6/protocol.o
  CC      net/ipv6/ip6_offload.o
  CC      net/ipv6/tcpv6_offload.o
  CC      net/ipv6/udp_offload.o
  CC      net/ipv6/exthdrs_offload.o
  CC      net/ipv6/inet6_hashtables.o
  LD      net/ipv6/built-in.o
  LD      net/ipx/built-in.o
  LD      net/irda/built-in.o
  LD      net/irda/ircomm/built-in.o
  LD      net/irda/irlan/built-in.o
  LD      net/irda/irnet/built-in.o
  LD      net/key/built-in.o
  LD      net/l2tp/built-in.o
  LD      net/lapb/built-in.o
  LD      net/llc/built-in.o
  LD      net/mac80211/built-in.o
  LD      net/mac802154/built-in.o
  CC      net/mpls/mpls_gso.o
  LD      net/mpls/built-in.o
  CC      net/netfilter/core.o
  CC      net/netfilter/nf_log.o
  CC      net/netfilter/nf_queue.o
  CC      net/netfilter/nf_sockopt.o
  LD      net/netfilter/netfilter.o
  LD      net/netfilter/built-in.o
  LD      net/netfilter/ipset/built-in.o
  LD      net/netfilter/ipvs/built-in.o
  CC      net/netlabel/netlabel_user.o
  CC      net/netlabel/netlabel_kapi.o
  CC      net/netlabel/netlabel_domainhash.o
  CC      net/netlabel/netlabel_addrlist.o
  CC      net/netlabel/netlabel_mgmt.o
  CC      net/netlabel/netlabel_unlabeled.o
  CC      net/netlabel/netlabel_cipso_v4.o
  LD      net/netlabel/built-in.o
  CC      net/netlink/af_netlink.o
  CC      net/netlink/genetlink.o
  LD      net/netlink/built-in.o
  LD      net/netrom/built-in.o
  LD      net/nfc/built-in.o
  LD      net/nfc/hci/built-in.o
  LD      net/nfc/nci/built-in.o
  LD      net/openvswitch/built-in.o
  CC      net/packet/af_packet.o
  LD      net/packet/built-in.o
  LD      net/phonet/built-in.o
  LD      net/rds/built-in.o
  CC      net/rfkill/core.o
  CC      net/rfkill/input.o
  LD      net/rfkill/rfkill.o
  LD      net/rfkill/built-in.o
  LD      net/rose/built-in.o
  LD      net/rxrpc/built-in.o
  CC      net/sched/sch_generic.o
  CC      net/sched/sch_mq.o
  CC      net/sched/sch_api.o
  CC      net/sched/sch_blackhole.o
  CC      net/sched/cls_api.o
  CC      net/sched/act_api.o
  CC      net/sched/sch_fifo.o
  CC      net/sched/ematch.o
  LD      net/sched/built-in.o
  LD      net/sctp/built-in.o
  LD      net/sunrpc/auth_gss/built-in.o
  LD      net/sunrpc/xprtrdma/built-in.o
  LD      net/sunrpc/built-in.o
  LD      net/tipc/built-in.o
  CC      net/unix/af_unix.o
  CC      net/unix/garbage.o
  CC      net/unix/sysctl_net_unix.o
  LD      net/unix/unix.o
  LD      net/unix/built-in.o
  LD      net/vmw_vsock/built-in.o
  LD      net/wimax/built-in.o
  CC      net/wireless/wext-core.o
  CC      net/wireless/wext-proc.o
  CC      net/wireless/wext-spy.o
  CC      net/wireless/wext-priv.o
  LD      net/wireless/built-in.o
  LD      net/x25/built-in.o
  CC      net/xfrm/xfrm_policy.o
  CC      net/xfrm/xfrm_state.o
  CC      net/xfrm/xfrm_hash.o
  CC      net/xfrm/xfrm_input.o
  CC      net/xfrm/xfrm_output.o
  CC      net/xfrm/xfrm_sysctl.o
  CC      net/xfrm/xfrm_replay.o
  CC      net/xfrm/xfrm_proc.o
  LD      net/xfrm/built-in.o
  CC      net/compat.o
  CC      net/sysctl_net.o
  LD      net/built-in.o
  CC      lib/usercopy.o
  CC      lib/lockref.o
  CC      lib/bcd.o
  CC      lib/div64.o
  CC      lib/sort.o
  CC      lib/parser.o
  CC      lib/halfmd4.o
  CC      lib/debug_locks.o
  CC      lib/random32.o
  CC      lib/bust_spinlocks.o
  CC      lib/hexdump.o
  CC      lib/kasprintf.o
  CC      lib/bitmap.o
  CC      lib/scatterlist.o
  CC      lib/gcd.o
  CC      lib/lcm.o
  CC      lib/list_sort.o
  CC      lib/uuid.o
  CC      lib/flex_array.o
  CC      lib/iovec.o
  CC      lib/clz_ctz.o
  CC      lib/bsearch.o
  CC      lib/find_last_bit.o
  CC      lib/find_next_bit.o
  CC      lib/llist.o
  CC      lib/memweight.o
  CC      lib/kfifo.o
  CC      lib/percpu-refcount.o
  CC      lib/percpu_ida.o
  CC      lib/hash.o
  CC      lib/string_helpers.o
  CC      lib/kstrtox.o
  CC      lib/iomap.o
  CC      lib/pci_iomap.o
  CC      lib/iomap_copy.o
  CC      lib/devres.o
  CC      lib/check_signature.o
  CC      lib/hweight.o
  CC      lib/btree.o
  CC      lib/interval_tree.o
  CC      lib/assoc_array.o
  CC      lib/bitrev.o
  CC      lib/rational.o
  CC      lib/crc16.o
  CC      lib/crc-t10dif.o
  HOSTCC  lib/gen_crc32table
  GEN     lib/crc32table.h
  CC      lib/crc32.o
  CC      lib/genalloc.o
  CC      lib/fonts/fonts.o
  CC      lib/fonts/font_8x8.o
  CC      lib/fonts/font_8x16.o
  LD      lib/fonts/font.o
  LD      lib/fonts/built-in.o
  CC      lib/lz4/lz4_decompress.o
  LD      lib/lz4/built-in.o
  CC      lib/lzo/lzo1x_compress.o
  CC      lib/lzo/lzo1x_decompress_safe.o
  LD      lib/lzo/lzo_compress.o
  LD      lib/lzo/lzo_decompress.o
  LD      lib/lzo/built-in.o
  CC      lib/mpi/generic_mpih-lshift.o
  CC      lib/mpi/generic_mpih-mul1.o
  CC      lib/mpi/generic_mpih-mul2.o
  CC      lib/mpi/generic_mpih-mul3.o
  CC      lib/mpi/generic_mpih-rshift.o
  CC      lib/mpi/generic_mpih-sub1.o
  CC      lib/mpi/generic_mpih-add1.o
  CC      lib/mpi/mpicoder.o
  CC      lib/mpi/mpi-bit.o
  CC      lib/mpi/mpi-cmp.o
  CC      lib/mpi/mpih-cmp.o
  CC      lib/mpi/mpih-div.o
  CC      lib/mpi/mpih-mul.o
  CC      lib/mpi/mpi-pow.o
  CC      lib/mpi/mpiutil.o
  LD      lib/mpi/mpi.o
  LD      lib/mpi/built-in.o
  LD      lib/raid6/built-in.o
  LD      lib/reed_solomon/built-in.o
  CC      lib/xz/xz_dec_syms.o
  CC      lib/xz/xz_dec_stream.o
  CC      lib/xz/xz_dec_lzma2.o
  CC      lib/xz/xz_dec_bcj.o
  LD      lib/xz/xz_dec.o
  LD      lib/xz/built-in.o
  CC      lib/zlib_deflate/deflate.o
  CC      lib/zlib_deflate/deftree.o
  CC      lib/zlib_deflate/deflate_syms.o
  LD      lib/zlib_deflate/zlib_deflate.o
  LD      lib/zlib_deflate/built-in.o
  CC      lib/zlib_inflate/inffast.o
  CC      lib/zlib_inflate/inflate.o
  CC      lib/zlib_inflate/infutil.o
  CC      lib/zlib_inflate/inftrees.o
  CC      lib/zlib_inflate/inflate_syms.o
  LD      lib/zlib_inflate/zlib_inflate.o
  LD      lib/zlib_inflate/built-in.o
  CC      lib/textsearch.o
  CC      lib/percpu_counter.o
  CC      lib/swiotlb.o
  CC      lib/iommu-helper.o
  CC      lib/syscall.o
  CC      lib/dynamic_debug.o
  CC      lib/nlattr.o
  CC      lib/average.o
  CC      lib/cpu_rmap.o
  CC      lib/dynamic_queue_limits.o
  CC      lib/digsig.o
  CC      lib/clz_tab.o
  CC      lib/jedec_ddr_data.o
  CC      lib/strncpy_from_user.o
  CC      lib/strnlen_user.o
  CC      lib/net_utils.o
  CC      lib/asn1_decoder.o
  GEN     lib/oid_registry_data.c
  CC      lib/oid_registry.o
  CC      lib/ucs2_string.o
  LD      lib/built-in.o
  CC      lib/argv_split.o
  CC      lib/bug.o
  CC      lib/cmdline.o
  CC      lib/cpumask.o
  CC      lib/ctype.o
  CC      lib/dec_and_lock.o
  CC      lib/decompress.o
  CC      lib/decompress_bunzip2.o
  CC      lib/decompress_inflate.o
  CC      lib/decompress_unlz4.o
  CC      lib/decompress_unlzma.o
  CC      lib/decompress_unlzo.o
  CC      lib/decompress_unxz.o
  CC      lib/dump_stack.o
  CC      lib/earlycpio.o
  CC      lib/extable.o
  CC      lib/flex_proportions.o
  CC      lib/idr.o
  CC      lib/int_sqrt.o
  CC      lib/ioremap.o
  CC      lib/irq_regs.o
  CC      lib/is_single_threaded.o
  CC      lib/klist.o
  CC      lib/kobject.o
  CC      lib/kobject_uevent.o
  CC      lib/md5.o
  CC      lib/plist.o
  CC      lib/prio_heap.o
  CC      lib/proportions.o
  CC      lib/radix-tree.o
  CC      lib/ratelimit.o
  CC      lib/rbtree.o
  CC      lib/reciprocal_div.o
  CC      lib/sha1.o
  CC      lib/show_mem.o
  CC      lib/string.o
  CC      lib/timerqueue.o
  CC      lib/vsprintf.o
  AR      lib/lib.a
  CC      arch/x86/lib/msr-smp.o
  CC      arch/x86/lib/cache-smp.o
  CC      arch/x86/lib/msr.o
  AS      arch/x86/lib/msr-reg.o
  CC      arch/x86/lib/msr-reg-export.o
  CC      arch/x86/lib/hash.o
  AS      arch/x86/lib/iomap_copy_64.o
  LD      arch/x86/lib/built-in.o
  AS      arch/x86/lib/clear_page_64.o
  CC      arch/x86/lib/cmdline.o
  AS      arch/x86/lib/cmpxchg16b_emu.o
  AS      arch/x86/lib/copy_page_64.o
  AS      arch/x86/lib/copy_user_64.o
  AS      arch/x86/lib/copy_user_nocache_64.o
  AS      arch/x86/lib/csum-copy_64.o
  CC      arch/x86/lib/csum-partial_64.o
  CC      arch/x86/lib/csum-wrappers_64.o
  CC      arch/x86/lib/delay.o
  AS      arch/x86/lib/getuser.o
  GEN     arch/x86/lib/inat-tables.c
  CC      arch/x86/lib/inat.o
  CC      arch/x86/lib/insn.o
  AS      arch/x86/lib/memcpy_64.o
  AS      arch/x86/lib/memmove_64.o
  AS      arch/x86/lib/memset_64.o
  CC      arch/x86/lib/misc.o
  AS      arch/x86/lib/putuser.o
  AS      arch/x86/lib/rwlock.o
  AS      arch/x86/lib/rwsem.o
  AS      arch/x86/lib/thunk_64.o
  CC      arch/x86/lib/usercopy.o
  CC      arch/x86/lib/usercopy_64.o
  AR      arch/x86/lib/lib.a
  LINK    vmlinux
  LD      vmlinux.o
  MODPOST vmlinux.o
  GEN     .version
  CHK     include/generated/compile.h
  UPD     include/generated/compile.h
  CC      init/version.o
  LD      init/built-in.o
  KSYM    .tmp_kallsyms1.o
  KSYM    .tmp_kallsyms2.o
  LD      vmlinux
  SORTEX  vmlinux
  SYSMAP  System.map
  CC      arch/x86/boot/a20.o
  AS      arch/x86/boot/bioscall.o
  CC      arch/x86/boot/cmdline.o
  AS      arch/x86/boot/copy.o
  HOSTCC  arch/x86/boot/mkcpustr
  CPUSTR  arch/x86/boot/cpustr.h
  CC      arch/x86/boot/cpu.o
  CC      arch/x86/boot/cpuflags.o
  CC      arch/x86/boot/cpucheck.o
  CC      arch/x86/boot/early_serial_console.o
  CC      arch/x86/boot/edd.o
  VOFFSET arch/x86/boot/voffset.h
  LDS     arch/x86/boot/compressed/vmlinux.lds
  AS      arch/x86/boot/compressed/head_64.o
  CC      arch/x86/boot/compressed/misc.o
  CC      arch/x86/boot/compressed/string.o
  CC      arch/x86/boot/compressed/cmdline.o
  CC      arch/x86/boot/compressed/early_serial_console.o
  OBJCOPY arch/x86/boot/compressed/vmlinux.bin
  RELOCS  arch/x86/boot/compressed/vmlinux.relocs
  GZIP    arch/x86/boot/compressed/vmlinux.bin.gz
  HOSTCC  arch/x86/boot/compressed/mkpiggy
  MKPIGGY arch/x86/boot/compressed/piggy.S
  AS      arch/x86/boot/compressed/piggy.o
  CC      arch/x86/boot/compressed/cpuflags.o
  CC      arch/x86/boot/compressed/aslr.o
  CC      arch/x86/boot/compressed/eboot.o
  AS      arch/x86/boot/compressed/efi_stub_64.o
  LD      arch/x86/boot/compressed/vmlinux
  ZOFFSET arch/x86/boot/zoffset.h
  AS      arch/x86/boot/header.o
  CC      arch/x86/boot/main.o
  CC      arch/x86/boot/mca.o
  CC      arch/x86/boot/memory.o
  CC      arch/x86/boot/pm.o
  AS      arch/x86/boot/pmjump.o
  CC      arch/x86/boot/printf.o
  CC      arch/x86/boot/regs.o
  CC      arch/x86/boot/string.o
  CC      arch/x86/boot/tty.o
  CC      arch/x86/boot/video.o
  CC      arch/x86/boot/video-mode.o
  CC      arch/x86/boot/version.o
  CC      arch/x86/boot/video-vga.o
  CC      arch/x86/boot/video-vesa.o
  CC      arch/x86/boot/video-bios.o
  LD      arch/x86/boot/setup.elf
  OBJCOPY arch/x86/boot/setup.bin
  OBJCOPY arch/x86/boot/vmlinux.bin
  HOSTCC  arch/x86/boot/tools/build
  BUILD   arch/x86/boot/bzImage
Setup is 17248 bytes (padded to 17408 bytes).
System is 6146 kB
CRC 4a3ba7d0
Kernel: arch/x86/boot/bzImage is ready  (#1)
make[1]: Leaving directory `/home/yjiao/linux-3.16'
/usr/bin/make  EXTRAVERSION=new  ARCH=x86_64 \
			     modules
make[1]: Entering directory `/home/yjiao/linux-3.16'
  CHK     include/config/kernel.release
  CHK     include/generated/uapi/linux/version.h
  CHK     include/generated/utsrelease.h
  CALL    scripts/checksyscalls.sh
  CC [M]  arch/x86/crypto/glue_helper.o
  AS [M]  arch/x86/crypto/aes-x86_64-asm_64.o
  CC [M]  arch/x86/crypto/aes_glue.o
  AS [M]  arch/x86/crypto/aesni-intel_asm.o
  CC [M]  arch/x86/crypto/aesni-intel_glue.o
  CC [M]  arch/x86/crypto/fpu.o
  AS [M]  arch/x86/crypto/aesni-intel_avx-x86_64.o
  AS [M]  arch/x86/crypto/blowfish-x86_64-asm_64.o
  CC [M]  arch/x86/crypto/blowfish_glue.o
  AS [M]  arch/x86/crypto/camellia-aesni-avx-asm_64.o
  CC [M]  arch/x86/crypto/camellia_aesni_avx_glue.o
  AS [M]  arch/x86/crypto/camellia-aesni-avx2-asm_64.o
  CC [M]  arch/x86/crypto/camellia_aesni_avx2_glue.o
  AS [M]  arch/x86/crypto/camellia-x86_64-asm_64.o
  CC [M]  arch/x86/crypto/camellia_glue.o
  AS [M]  arch/x86/crypto/cast5-avx-x86_64-asm_64.o
  CC [M]  arch/x86/crypto/cast5_avx_glue.o
  AS [M]  arch/x86/crypto/cast6-avx-x86_64-asm_64.o
  CC [M]  arch/x86/crypto/cast6_avx_glue.o
  AS [M]  arch/x86/crypto/crc32-pclmul_asm.o
  CC [M]  arch/x86/crypto/crc32-pclmul_glue.o
  AS [M]  arch/x86/crypto/crct10dif-pcl-asm_64.o
  CC [M]  arch/x86/crypto/crct10dif-pclmul_glue.o
  AS [M]  arch/x86/crypto/ghash-clmulni-intel_asm.o
  CC [M]  arch/x86/crypto/ghash-clmulni-intel_glue.o
  AS [M]  arch/x86/crypto/salsa20-x86_64-asm_64.o
  CC [M]  arch/x86/crypto/salsa20_glue.o
  AS [M]  arch/x86/crypto/serpent-avx-x86_64-asm_64.o
  CC [M]  arch/x86/crypto/serpent_avx_glue.o
  AS [M]  arch/x86/crypto/serpent-avx2-asm_64.o
  CC [M]  arch/x86/crypto/serpent_avx2_glue.o
  AS [M]  arch/x86/crypto/serpent-sse2-x86_64-asm_64.o
  CC [M]  arch/x86/crypto/serpent_sse2_glue.o
  AS [M]  arch/x86/crypto/sha1_ssse3_asm.o
  CC [M]  arch/x86/crypto/sha1_ssse3_glue.o
  AS [M]  arch/x86/crypto/sha1_avx2_x86_64_asm.o
  AS [M]  arch/x86/crypto/sha256-ssse3-asm.o
  AS [M]  arch/x86/crypto/sha256-avx-asm.o
  AS [M]  arch/x86/crypto/sha256-avx2-asm.o
  CC [M]  arch/x86/crypto/sha256_ssse3_glue.o
  AS [M]  arch/x86/crypto/sha512-ssse3-asm.o
  AS [M]  arch/x86/crypto/sha512-avx-asm.o
  AS [M]  arch/x86/crypto/sha512-avx2-asm.o
  CC [M]  arch/x86/crypto/sha512_ssse3_glue.o
  AS [M]  arch/x86/crypto/twofish-avx-x86_64-asm_64.o
  CC [M]  arch/x86/crypto/twofish_avx_glue.o
  AS [M]  arch/x86/crypto/twofish-x86_64-asm_64-3way.o
  CC [M]  arch/x86/crypto/twofish_glue_3way.o
  AS [M]  arch/x86/crypto/twofish-x86_64-asm_64.o
  CC [M]  arch/x86/crypto/twofish_glue.o
  LD [M]  arch/x86/crypto/aes-x86_64.o
  LD [M]  arch/x86/crypto/camellia-x86_64.o
  LD [M]  arch/x86/crypto/blowfish-x86_64.o
  LD [M]  arch/x86/crypto/twofish-x86_64.o
  LD [M]  arch/x86/crypto/twofish-x86_64-3way.o
  LD [M]  arch/x86/crypto/salsa20-x86_64.o
  LD [M]  arch/x86/crypto/serpent-sse2-x86_64.o
  LD [M]  arch/x86/crypto/aesni-intel.o
  LD [M]  arch/x86/crypto/ghash-clmulni-intel.o
  LD [M]  arch/x86/crypto/sha1-ssse3.o
  LD [M]  arch/x86/crypto/crc32-pclmul.o
  LD [M]  arch/x86/crypto/sha256-ssse3.o
  LD [M]  arch/x86/crypto/sha512-ssse3.o
  LD [M]  arch/x86/crypto/crct10dif-pclmul.o
  LD [M]  arch/x86/crypto/camellia-aesni-avx-x86_64.o
  LD [M]  arch/x86/crypto/cast5-avx-x86_64.o
  LD [M]  arch/x86/crypto/cast6-avx-x86_64.o
  LD [M]  arch/x86/crypto/twofish-avx-x86_64.o
  LD [M]  arch/x86/crypto/serpent-avx-x86_64.o
  LD [M]  arch/x86/crypto/camellia-aesni-avx2.o
  LD [M]  arch/x86/crypto/serpent-avx2.o
  CC [M]  arch/x86/kernel/msr.o
  CC [M]  arch/x86/kernel/cpuid.o
  CC [M]  arch/x86/kernel/iosf_mbi.o
  CC [M]  arch/x86/kernel/cpu/mcheck/mce-inject.o
  CC [M]  arch/x86/kvm/svm.o
  CC [M]  arch/x86/kvm/vmx.o
  CC [M]  arch/x86/kvm/../../../virt/kvm/kvm_main.o
  CC [M]  arch/x86/kvm/../../../virt/kvm/ioapic.o
  CC [M]  arch/x86/kvm/../../../virt/kvm/coalesced_mmio.o
  CC [M]  arch/x86/kvm/../../../virt/kvm/irq_comm.o
  CC [M]  arch/x86/kvm/../../../virt/kvm/eventfd.o
  CC [M]  arch/x86/kvm/../../../virt/kvm/irqchip.o
  CC [M]  arch/x86/kvm/../../../virt/kvm/vfio.o
  CC [M]  arch/x86/kvm/../../../virt/kvm/assigned-dev.o
  CC [M]  arch/x86/kvm/../../../virt/kvm/iommu.o
  CC [M]  arch/x86/kvm/../../../virt/kvm/async_pf.o
  CC [M]  arch/x86/kvm/x86.o
  CC [M]  arch/x86/kvm/mmu.o
  CC [M]  arch/x86/kvm/emulate.o
  CC [M]  arch/x86/kvm/i8259.o
  CC [M]  arch/x86/kvm/irq.o
  CC [M]  arch/x86/kvm/lapic.o
  CC [M]  arch/x86/kvm/i8254.o
  CC [M]  arch/x86/kvm/cpuid.o
  CC [M]  arch/x86/kvm/pmu.o
  LD [M]  arch/x86/kvm/kvm.o
  LD [M]  arch/x86/kvm/kvm-intel.o
  LD [M]  arch/x86/kvm/kvm-amd.o
X.509 certificate list changed
  CC [M]  kernel/torture.o
  CC [M]  kernel/locking/locktorture.o
  CC [M]  mm/hwpoison-inject.o
  CC [M]  fs/binfmt_misc.o
  CC [M]  fs/9p/vfs_super.o
  CC [M]  fs/9p/vfs_inode.o
  CC [M]  fs/9p/vfs_inode_dotl.o
  CC [M]  fs/9p/vfs_addr.o
  CC [M]  fs/9p/vfs_file.o
  CC [M]  fs/9p/vfs_dir.o
  CC [M]  fs/9p/vfs_dentry.o
  CC [M]  fs/9p/v9fs.o
  CC [M]  fs/9p/fid.o
  CC [M]  fs/9p/xattr.o
  CC [M]  fs/9p/xattr_user.o
  CC [M]  fs/9p/xattr_trusted.o
  CC [M]  fs/9p/cache.o
  CC [M]  fs/9p/acl.o
  CC [M]  fs/9p/xattr_security.o
  LD [M]  fs/9p/9p.o
  CC [M]  fs/adfs/dir.o
  CC [M]  fs/adfs/dir_f.o
  CC [M]  fs/adfs/dir_fplus.o
  CC [M]  fs/adfs/file.o
  CC [M]  fs/adfs/inode.o
  CC [M]  fs/adfs/map.o
  CC [M]  fs/adfs/super.o
  LD [M]  fs/adfs/adfs.o
  CC [M]  fs/affs/super.o
  CC [M]  fs/affs/namei.o
  CC [M]  fs/affs/inode.o
  CC [M]  fs/affs/file.o
  CC [M]  fs/affs/dir.o
  CC [M]  fs/affs/amigaffs.o
  CC [M]  fs/affs/bitmap.o
  CC [M]  fs/affs/symlink.o
  LD [M]  fs/affs/affs.o
  CC [M]  fs/afs/cache.o
  CC [M]  fs/afs/callback.o
  CC [M]  fs/afs/cell.o
  CC [M]  fs/afs/cmservice.o
  CC [M]  fs/afs/dir.o
  CC [M]  fs/afs/file.o
  CC [M]  fs/afs/flock.o
  CC [M]  fs/afs/fsclient.o
  CC [M]  fs/afs/inode.o
  CC [M]  fs/afs/main.o
  CC [M]  fs/afs/misc.o
  CC [M]  fs/afs/mntpt.o
  CC [M]  fs/afs/proc.o
  CC [M]  fs/afs/rxrpc.o
  CC [M]  fs/afs/security.o
  CC [M]  fs/afs/server.o
  CC [M]  fs/afs/super.o
  CC [M]  fs/afs/netdevices.o
  CC [M]  fs/afs/vlclient.o
  CC [M]  fs/afs/vlocation.o
  CC [M]  fs/afs/vnode.o
  CC [M]  fs/afs/volume.o
  CC [M]  fs/afs/write.o
  LD [M]  fs/afs/kafs.o
  CC [M]  fs/autofs4/init.o
  CC [M]  fs/autofs4/inode.o
  CC [M]  fs/autofs4/root.o
  CC [M]  fs/autofs4/symlink.o
  CC [M]  fs/autofs4/waitq.o
  CC [M]  fs/autofs4/expire.o
  CC [M]  fs/autofs4/dev-ioctl.o
  LD [M]  fs/autofs4/autofs4.o
  CC [M]  fs/befs/datastream.o
  CC [M]  fs/befs/btree.o
  CC [M]  fs/befs/super.o
  CC [M]  fs/befs/inode.o
  CC [M]  fs/befs/debug.o
  CC [M]  fs/befs/io.o
  CC [M]  fs/befs/linuxvfs.o
  LD [M]  fs/befs/befs.o
  CC [M]  fs/bfs/inode.o
  CC [M]  fs/bfs/file.o
  CC [M]  fs/bfs/dir.o
  LD [M]  fs/bfs/bfs.o
  CC [M]  fs/btrfs/super.o
  CC [M]  fs/btrfs/ctree.o
  CC [M]  fs/btrfs/extent-tree.o
  CC [M]  fs/btrfs/print-tree.o
  CC [M]  fs/btrfs/root-tree.o
  CC [M]  fs/btrfs/dir-item.o
  CC [M]  fs/btrfs/file-item.o
  CC [M]  fs/btrfs/inode-item.o
  CC [M]  fs/btrfs/inode-map.o
  CC [M]  fs/btrfs/disk-io.o
  CC [M]  fs/btrfs/transaction.o
  CC [M]  fs/btrfs/inode.o
  CC [M]  fs/btrfs/file.o
  CC [M]  fs/btrfs/tree-defrag.o
  CC [M]  fs/btrfs/extent_map.o
  CC [M]  fs/btrfs/sysfs.o
  CC [M]  fs/btrfs/struct-funcs.o
  CC [M]  fs/btrfs/xattr.o
  CC [M]  fs/btrfs/ordered-data.o
  CC [M]  fs/btrfs/extent_io.o
  CC [M]  fs/btrfs/volumes.o
  CC [M]  fs/btrfs/async-thread.o
  CC [M]  fs/btrfs/ioctl.o
  CC [M]  fs/btrfs/locking.o
  CC [M]  fs/btrfs/orphan.o
  CC [M]  fs/btrfs/export.o
  CC [M]  fs/btrfs/tree-log.o
  CC [M]  fs/btrfs/free-space-cache.o
  CC [M]  fs/btrfs/zlib.o
  CC [M]  fs/btrfs/lzo.o
  CC [M]  fs/btrfs/compression.o
  CC [M]  fs/btrfs/delayed-ref.o
  CC [M]  fs/btrfs/relocation.o
  CC [M]  fs/btrfs/delayed-inode.o
  CC [M]  fs/btrfs/scrub.o
  CC [M]  fs/btrfs/reada.o
  CC [M]  fs/btrfs/backref.o
  CC [M]  fs/btrfs/ulist.o
  CC [M]  fs/btrfs/qgroup.o
  CC [M]  fs/btrfs/send.o
  CC [M]  fs/btrfs/dev-replace.o
  CC [M]  fs/btrfs/raid56.o
  CC [M]  fs/btrfs/uuid-tree.o
  CC [M]  fs/btrfs/props.o
  CC [M]  fs/btrfs/hash.o
  CC [M]  fs/btrfs/acl.o
  LD [M]  fs/btrfs/btrfs.o
  CC [M]  fs/cachefiles/bind.o
  CC [M]  fs/cachefiles/daemon.o
  CC [M]  fs/cachefiles/interface.o
  CC [M]  fs/cachefiles/key.o
  CC [M]  fs/cachefiles/main.o
  CC [M]  fs/cachefiles/namei.o
  CC [M]  fs/cachefiles/rdwr.o
  CC [M]  fs/cachefiles/security.o
  CC [M]  fs/cachefiles/xattr.o
  LD [M]  fs/cachefiles/cachefiles.o
  CC [M]  fs/ceph/super.o
  CC [M]  fs/ceph/inode.o
  CC [M]  fs/ceph/dir.o
  CC [M]  fs/ceph/file.o
  CC [M]  fs/ceph/locks.o
  CC [M]  fs/ceph/addr.o
  CC [M]  fs/ceph/ioctl.o
  CC [M]  fs/ceph/export.o
  CC [M]  fs/ceph/caps.o
  CC [M]  fs/ceph/snap.o
  CC [M]  fs/ceph/xattr.o
  CC [M]  fs/ceph/mds_client.o
  CC [M]  fs/ceph/mdsmap.o
  CC [M]  fs/ceph/strings.o
  CC [M]  fs/ceph/ceph_frag.o
  CC [M]  fs/ceph/debugfs.o
  CC [M]  fs/ceph/cache.o
  CC [M]  fs/ceph/acl.o
  LD [M]  fs/ceph/ceph.o
  CC [M]  fs/cifs/cifsfs.o
  CC [M]  fs/cifs/cifssmb.o
  CC [M]  fs/cifs/cifs_debug.o
  CC [M]  fs/cifs/connect.o
  CC [M]  fs/cifs/dir.o
  CC [M]  fs/cifs/file.o
  CC [M]  fs/cifs/inode.o
  CC [M]  fs/cifs/link.o
  CC [M]  fs/cifs/misc.o
  CC [M]  fs/cifs/netmisc.o
  CC [M]  fs/cifs/smbencrypt.o
  CC [M]  fs/cifs/transport.o
  CC [M]  fs/cifs/asn1.o
  CC [M]  fs/cifs/cifs_unicode.o
  CC [M]  fs/cifs/nterr.o
  CC [M]  fs/cifs/xattr.o
  CC [M]  fs/cifs/cifsencrypt.o
  CC [M]  fs/cifs/readdir.o
  CC [M]  fs/cifs/ioctl.o
  CC [M]  fs/cifs/sess.o
  CC [M]  fs/cifs/export.o
  CC [M]  fs/cifs/smb1ops.o
  CC [M]  fs/cifs/winucase.o
  CC [M]  fs/cifs/cifsacl.o
  CC [M]  fs/cifs/cifs_spnego.o
  CC [M]  fs/cifs/dns_resolve.o
  CC [M]  fs/cifs/cifs_dfs_ref.o
  CC [M]  fs/cifs/fscache.o
  CC [M]  fs/cifs/cache.o
  CC [M]  fs/cifs/smb2ops.o
  CC [M]  fs/cifs/smb2maperror.o
  CC [M]  fs/cifs/smb2transport.o
  CC [M]  fs/cifs/smb2misc.o
  CC [M]  fs/cifs/smb2pdu.o
  CC [M]  fs/cifs/smb2inode.o
  CC [M]  fs/cifs/smb2file.o
  LD [M]  fs/cifs/cifs.o
  CC [M]  fs/coda/psdev.o
  CC [M]  fs/coda/cache.o
  CC [M]  fs/coda/cnode.o
  CC [M]  fs/coda/inode.o
  CC [M]  fs/coda/dir.o
  CC [M]  fs/coda/file.o
  CC [M]  fs/coda/upcall.o
  CC [M]  fs/coda/coda_linux.o
  CC [M]  fs/coda/symlink.o
  CC [M]  fs/coda/pioctl.o
  CC [M]  fs/coda/sysctl.o
  LD [M]  fs/coda/coda.o
  CC [M]  fs/configfs/inode.o
  CC [M]  fs/configfs/file.o
  CC [M]  fs/configfs/dir.o
  CC [M]  fs/configfs/symlink.o
  CC [M]  fs/configfs/mount.o
  CC [M]  fs/configfs/item.o
  LD [M]  fs/configfs/configfs.o
  CC [M]  fs/cramfs/inode.o
  CC [M]  fs/cramfs/uncompress.o
  LD [M]  fs/cramfs/cramfs.o
  CC [M]  fs/dlm/ast.o
  CC [M]  fs/dlm/config.o
  CC [M]  fs/dlm/dir.o
  CC [M]  fs/dlm/lock.o
  CC [M]  fs/dlm/lockspace.o
  CC [M]  fs/dlm/main.o
  CC [M]  fs/dlm/member.o
  CC [M]  fs/dlm/memory.o
  CC [M]  fs/dlm/midcomms.o
  CC [M]  fs/dlm/netlink.o
  CC [M]  fs/dlm/lowcomms.o
  CC [M]  fs/dlm/plock.o
  CC [M]  fs/dlm/rcom.o
  CC [M]  fs/dlm/recover.o
  CC [M]  fs/dlm/recoverd.o
  CC [M]  fs/dlm/requestqueue.o
  CC [M]  fs/dlm/user.o
  CC [M]  fs/dlm/util.o
  LD [M]  fs/dlm/dlm.o
  CC [M]  fs/efs/super.o
  CC [M]  fs/efs/inode.o
  CC [M]  fs/efs/namei.o
  CC [M]  fs/efs/dir.o
  CC [M]  fs/efs/file.o
  CC [M]  fs/efs/symlink.o
  LD [M]  fs/efs/efs.o
  CC [M]  fs/exofs/inode.o
  CC [M]  fs/exofs/file.o
  CC [M]  fs/exofs/symlink.o
  CC [M]  fs/exofs/namei.o
  CC [M]  fs/exofs/dir.o
  CC [M]  fs/exofs/super.o
  CC [M]  fs/exofs/sys.o
  CC [M]  fs/exofs/ore.o
  CC [M]  fs/exofs/ore_raid.o
  LD [M]  fs/exofs/libore.o
  LD [M]  fs/exofs/exofs.o
  CC [M]  fs/f2fs/dir.o
  CC [M]  fs/f2fs/file.o
  CC [M]  fs/f2fs/inode.o
  CC [M]  fs/f2fs/namei.o
  CC [M]  fs/f2fs/hash.o
  CC [M]  fs/f2fs/super.o
  CC [M]  fs/f2fs/inline.o
  CC [M]  fs/f2fs/checkpoint.o
  CC [M]  fs/f2fs/gc.o
  CC [M]  fs/f2fs/data.o
  CC [M]  fs/f2fs/node.o
  CC [M]  fs/f2fs/segment.o
  CC [M]  fs/f2fs/recovery.o
  CC [M]  fs/f2fs/debug.o
  CC [M]  fs/f2fs/xattr.o
  CC [M]  fs/f2fs/acl.o
  LD [M]  fs/f2fs/f2fs.o
  CC [M]  fs/fat/namei_msdos.o
  LD [M]  fs/fat/msdos.o
  CC [M]  fs/freevxfs/vxfs_bmap.o
  CC [M]  fs/freevxfs/vxfs_fshead.o
  CC [M]  fs/freevxfs/vxfs_immed.o
  CC [M]  fs/freevxfs/vxfs_inode.o
  CC [M]  fs/freevxfs/vxfs_lookup.o
  CC [M]  fs/freevxfs/vxfs_olt.o
  CC [M]  fs/freevxfs/vxfs_subr.o
  CC [M]  fs/freevxfs/vxfs_super.o
  LD [M]  fs/freevxfs/freevxfs.o
  CC [M]  fs/fscache/cache.o
  CC [M]  fs/fscache/cookie.o
  CC [M]  fs/fscache/fsdef.o
  CC [M]  fs/fscache/main.o
  CC [M]  fs/fscache/netfs.o
  CC [M]  fs/fscache/object.o
  CC [M]  fs/fscache/operation.o
  CC [M]  fs/fscache/page.o
  CC [M]  fs/fscache/proc.o
  CC [M]  fs/fscache/stats.o
  LD [M]  fs/fscache/fscache.o
  CC [M]  fs/fuse/cuse.o
  CC [M]  fs/gfs2/acl.o
  CC [M]  fs/gfs2/bmap.o
  CC [M]  fs/gfs2/dir.o
  CC [M]  fs/gfs2/xattr.o
  CC [M]  fs/gfs2/glock.o
  CC [M]  fs/gfs2/glops.o
  CC [M]  fs/gfs2/log.o
  CC [M]  fs/gfs2/lops.o
  CC [M]  fs/gfs2/main.o
  CC [M]  fs/gfs2/meta_io.o
  CC [M]  fs/gfs2/aops.o
  CC [M]  fs/gfs2/dentry.o
  CC [M]  fs/gfs2/export.o
  CC [M]  fs/gfs2/file.o
  CC [M]  fs/gfs2/ops_fstype.o
  CC [M]  fs/gfs2/inode.o
  CC [M]  fs/gfs2/quota.o
  CC [M]  fs/gfs2/recovery.o
  CC [M]  fs/gfs2/rgrp.o
  CC [M]  fs/gfs2/super.o
  CC [M]  fs/gfs2/sys.o
  CC [M]  fs/gfs2/trans.o
  CC [M]  fs/gfs2/util.o
  CC [M]  fs/gfs2/lock_dlm.o
  LD [M]  fs/gfs2/gfs2.o
  CC [M]  fs/hfs/bitmap.o
  CC [M]  fs/hfs/bfind.o
  CC [M]  fs/hfs/bnode.o
  CC [M]  fs/hfs/brec.o
  CC [M]  fs/hfs/btree.o
  CC [M]  fs/hfs/catalog.o
  CC [M]  fs/hfs/dir.o
  CC [M]  fs/hfs/extent.o
  CC [M]  fs/hfs/inode.o
  CC [M]  fs/hfs/attr.o
  CC [M]  fs/hfs/mdb.o
  CC [M]  fs/hfs/part_tbl.o
  CC [M]  fs/hfs/string.o
  CC [M]  fs/hfs/super.o
  CC [M]  fs/hfs/sysdep.o
  CC [M]  fs/hfs/trans.o
  LD [M]  fs/hfs/hfs.o
  CC [M]  fs/hfsplus/super.o
  CC [M]  fs/hfsplus/options.o
  CC [M]  fs/hfsplus/inode.o
  CC [M]  fs/hfsplus/ioctl.o
  CC [M]  fs/hfsplus/extents.o
  CC [M]  fs/hfsplus/catalog.o
  CC [M]  fs/hfsplus/dir.o
  CC [M]  fs/hfsplus/btree.o
  CC [M]  fs/hfsplus/bnode.o
  CC [M]  fs/hfsplus/brec.o
  CC [M]  fs/hfsplus/bfind.o
  CC [M]  fs/hfsplus/tables.o
  CC [M]  fs/hfsplus/unicode.o
  CC [M]  fs/hfsplus/wrapper.o
  CC [M]  fs/hfsplus/bitmap.o
  CC [M]  fs/hfsplus/part_tbl.o
  CC [M]  fs/hfsplus/attributes.o
  CC [M]  fs/hfsplus/xattr.o
  CC [M]  fs/hfsplus/xattr_user.o
  CC [M]  fs/hfsplus/xattr_security.o
  CC [M]  fs/hfsplus/xattr_trusted.o
  CC [M]  fs/hfsplus/posix_acl.o
  LD [M]  fs/hfsplus/hfsplus.o
  CC [M]  fs/hpfs/alloc.o
  CC [M]  fs/hpfs/anode.o
  CC [M]  fs/hpfs/buffer.o
  CC [M]  fs/hpfs/dentry.o
  CC [M]  fs/hpfs/dir.o
  CC [M]  fs/hpfs/dnode.o
  CC [M]  fs/hpfs/ea.o
  CC [M]  fs/hpfs/file.o
  CC [M]  fs/hpfs/inode.o
  CC [M]  fs/hpfs/map.o
  CC [M]  fs/hpfs/name.o
  CC [M]  fs/hpfs/namei.o
  CC [M]  fs/hpfs/super.o
  LD [M]  fs/hpfs/hpfs.o
  CC [M]  fs/isofs/namei.o
  CC [M]  fs/isofs/inode.o
  CC [M]  fs/isofs/dir.o
  CC [M]  fs/isofs/util.o
  CC [M]  fs/isofs/rock.o
  CC [M]  fs/isofs/export.o
  CC [M]  fs/isofs/joliet.o
  CC [M]  fs/isofs/compress.o
  LD [M]  fs/isofs/isofs.o
  CC [M]  fs/jffs2/compr.o
  CC [M]  fs/jffs2/dir.o
  CC [M]  fs/jffs2/file.o
  CC [M]  fs/jffs2/ioctl.o
  CC [M]  fs/jffs2/nodelist.o
  CC [M]  fs/jffs2/malloc.o
  CC [M]  fs/jffs2/read.o
  CC [M]  fs/jffs2/nodemgmt.o
  CC [M]  fs/jffs2/readinode.o
  CC [M]  fs/jffs2/write.o
  CC [M]  fs/jffs2/scan.o
  CC [M]  fs/jffs2/gc.o
  CC [M]  fs/jffs2/symlink.o
  CC [M]  fs/jffs2/build.o
  CC [M]  fs/jffs2/erase.o
  CC [M]  fs/jffs2/background.o
  CC [M]  fs/jffs2/fs.o
  CC [M]  fs/jffs2/writev.o
  CC [M]  fs/jffs2/super.o
  CC [M]  fs/jffs2/debug.o
  CC [M]  fs/jffs2/wbuf.o
  CC [M]  fs/jffs2/xattr.o
fs/jffs2/xattr.c: In function ‘jffs2_build_xattr_subsystem’:
fs/jffs2/xattr.c:888:1: warning: the frame size of 1112 bytes is larger than 1024 bytes [-Wframe-larger-than=]
 }
 ^
  CC [M]  fs/jffs2/xattr_trusted.o
  CC [M]  fs/jffs2/xattr_user.o
  CC [M]  fs/jffs2/security.o
  CC [M]  fs/jffs2/acl.o
  CC [M]  fs/jffs2/compr_rtime.o
  CC [M]  fs/jffs2/compr_zlib.o
  CC [M]  fs/jffs2/compr_lzo.o
  LD [M]  fs/jffs2/jffs2.o
  CC [M]  fs/jfs/super.o
  CC [M]  fs/jfs/file.o
  CC [M]  fs/jfs/inode.o
  CC [M]  fs/jfs/namei.o
  CC [M]  fs/jfs/jfs_mount.o
  CC [M]  fs/jfs/jfs_umount.o
  CC [M]  fs/jfs/jfs_xtree.o
  CC [M]  fs/jfs/jfs_imap.o
  CC [M]  fs/jfs/jfs_debug.o
  CC [M]  fs/jfs/jfs_dmap.o
  CC [M]  fs/jfs/jfs_unicode.o
  CC [M]  fs/jfs/jfs_dtree.o
  CC [M]  fs/jfs/jfs_inode.o
  CC [M]  fs/jfs/jfs_discard.o
  CC [M]  fs/jfs/jfs_extent.o
  CC [M]  fs/jfs/symlink.o
  CC [M]  fs/jfs/jfs_metapage.o
  CC [M]  fs/jfs/jfs_logmgr.o
  CC [M]  fs/jfs/jfs_txnmgr.o
  CC [M]  fs/jfs/jfs_uniupr.o
  CC [M]  fs/jfs/resize.o
  CC [M]  fs/jfs/xattr.o
  CC [M]  fs/jfs/ioctl.o
  CC [M]  fs/jfs/acl.o
  LD [M]  fs/jfs/jfs.o
  CC [M]  fs/lockd/clntlock.o
  CC [M]  fs/lockd/clntproc.o
  CC [M]  fs/lockd/clntxdr.o
  CC [M]  fs/lockd/host.o
  CC [M]  fs/lockd/svc.o
  CC [M]  fs/lockd/svclock.o
  CC [M]  fs/lockd/svcshare.o
  CC [M]  fs/lockd/svcproc.o
  CC [M]  fs/lockd/svcsubs.o
  CC [M]  fs/lockd/mon.o
  CC [M]  fs/lockd/xdr.o
  CC [M]  fs/lockd/grace.o
  CC [M]  fs/lockd/clnt4xdr.o
  CC [M]  fs/lockd/xdr4.o
  CC [M]  fs/lockd/svc4proc.o
  LD [M]  fs/lockd/lockd.o
  CC [M]  fs/minix/bitmap.o
  CC [M]  fs/minix/itree_v1.o
  CC [M]  fs/minix/itree_v2.o
  CC [M]  fs/minix/namei.o
  CC [M]  fs/minix/inode.o
  CC [M]  fs/minix/file.o
  CC [M]  fs/minix/dir.o
  LD [M]  fs/minix/minix.o
  CC [M]  fs/ncpfs/dir.o
  CC [M]  fs/ncpfs/file.o
  CC [M]  fs/ncpfs/inode.o
  CC [M]  fs/ncpfs/ioctl.o
  CC [M]  fs/ncpfs/mmap.o
  CC [M]  fs/ncpfs/ncplib_kernel.o
  CC [M]  fs/ncpfs/sock.o
  CC [M]  fs/ncpfs/ncpsign_kernel.o
  CC [M]  fs/ncpfs/getopt.o
  CC [M]  fs/ncpfs/symlink.o
  LD [M]  fs/ncpfs/ncpfs.o
  CC [M]  fs/nfs/client.o
  CC [M]  fs/nfs/dir.o
  CC [M]  fs/nfs/file.o
  CC [M]  fs/nfs/getroot.o
  CC [M]  fs/nfs/inode.o
  CC [M]  fs/nfs/super.o
  CC [M]  fs/nfs/direct.o
  CC [M]  fs/nfs/pagelist.o
  CC [M]  fs/nfs/read.o
  CC [M]  fs/nfs/symlink.o
  CC [M]  fs/nfs/unlink.o
  CC [M]  fs/nfs/write.o
  CC [M]  fs/nfs/namespace.o
  CC [M]  fs/nfs/mount_clnt.o
  CC [M]  fs/nfs/nfstrace.o
  CC [M]  fs/nfs/sysctl.o
  CC [M]  fs/nfs/fscache.o
  CC [M]  fs/nfs/fscache-index.o
  CC [M]  fs/nfs/nfs2super.o
  CC [M]  fs/nfs/proc.o
  CC [M]  fs/nfs/nfs2xdr.o
  CC [M]  fs/nfs/nfs3super.o
  CC [M]  fs/nfs/nfs3client.o
  CC [M]  fs/nfs/nfs3proc.o
  CC [M]  fs/nfs/nfs3xdr.o
  CC [M]  fs/nfs/nfs3acl.o
  CC [M]  fs/nfs/nfs4proc.o
  CC [M]  fs/nfs/nfs4xdr.o
  CC [M]  fs/nfs/nfs4state.o
  CC [M]  fs/nfs/nfs4renewd.o
  CC [M]  fs/nfs/nfs4super.o
  CC [M]  fs/nfs/nfs4file.o
  CC [M]  fs/nfs/delegation.o
  CC [M]  fs/nfs/idmap.o
  CC [M]  fs/nfs/callback.o
  CC [M]  fs/nfs/callback_xdr.o
  CC [M]  fs/nfs/callback_proc.o
  CC [M]  fs/nfs/nfs4namespace.o
  CC [M]  fs/nfs/nfs4getroot.o
  CC [M]  fs/nfs/nfs4client.o
  CC [M]  fs/nfs/nfs4session.o
  CC [M]  fs/nfs/dns_resolve.o
  CC [M]  fs/nfs/nfs4trace.o
  CC [M]  fs/nfs/nfs4sysctl.o
  CC [M]  fs/nfs/pnfs.o
  CC [M]  fs/nfs/pnfs_dev.o
  LD [M]  fs/nfs/nfs.o
  LD [M]  fs/nfs/nfsv2.o
  LD [M]  fs/nfs/nfsv3.o
  LD [M]  fs/nfs/nfsv4.o
  CC [M]  fs/nfs/blocklayout/blocklayout.o
  CC [M]  fs/nfs/blocklayout/extents.o
  CC [M]  fs/nfs/blocklayout/blocklayoutdev.o
  CC [M]  fs/nfs/blocklayout/blocklayoutdm.o
  LD [M]  fs/nfs/blocklayout/blocklayoutdriver.o
  CC [M]  fs/nfs/filelayout/filelayout.o
  CC [M]  fs/nfs/filelayout/filelayoutdev.o
  LD [M]  fs/nfs/filelayout/nfs_layout_nfsv41_files.o
  CC [M]  fs/nfs/objlayout/objio_osd.o
  CC [M]  fs/nfs/objlayout/pnfs_osd_xdr_cli.o
  CC [M]  fs/nfs/objlayout/objlayout.o
  LD [M]  fs/nfs/objlayout/objlayoutdriver.o
  CC [M]  fs/nfs_common/nfsacl.o
  LD [M]  fs/nfs_common/nfs_acl.o
  CC [M]  fs/nfsd/nfssvc.o
  CC [M]  fs/nfsd/nfsctl.o
  CC [M]  fs/nfsd/nfsproc.o
  CC [M]  fs/nfsd/nfsfh.o
  CC [M]  fs/nfsd/vfs.o
  CC [M]  fs/nfsd/export.o
  CC [M]  fs/nfsd/auth.o
  CC [M]  fs/nfsd/lockd.o
  CC [M]  fs/nfsd/nfscache.o
  CC [M]  fs/nfsd/nfsxdr.o
  CC [M]  fs/nfsd/stats.o
  CC [M]  fs/nfsd/nfs2acl.o
  CC [M]  fs/nfsd/nfs3proc.o
  CC [M]  fs/nfsd/nfs3xdr.o
  CC [M]  fs/nfsd/nfs3acl.o
  CC [M]  fs/nfsd/nfs4proc.o
  CC [M]  fs/nfsd/nfs4xdr.o
  CC [M]  fs/nfsd/nfs4state.o
  CC [M]  fs/nfsd/nfs4idmap.o
  CC [M]  fs/nfsd/nfs4acl.o
  CC [M]  fs/nfsd/nfs4callback.o
  CC [M]  fs/nfsd/nfs4recover.o
  LD [M]  fs/nfsd/nfsd.o
  CC [M]  fs/nilfs2/inode.o
  CC [M]  fs/nilfs2/file.o
  CC [M]  fs/nilfs2/dir.o
  CC [M]  fs/nilfs2/super.o
  CC [M]  fs/nilfs2/namei.o
  CC [M]  fs/nilfs2/page.o
  CC [M]  fs/nilfs2/mdt.o
  CC [M]  fs/nilfs2/btnode.o
  CC [M]  fs/nilfs2/bmap.o
  CC [M]  fs/nilfs2/btree.o
  CC [M]  fs/nilfs2/direct.o
  CC [M]  fs/nilfs2/dat.o
  CC [M]  fs/nilfs2/recovery.o
  CC [M]  fs/nilfs2/the_nilfs.o
  CC [M]  fs/nilfs2/segbuf.o
  CC [M]  fs/nilfs2/segment.o
  CC [M]  fs/nilfs2/cpfile.o
  CC [M]  fs/nilfs2/sufile.o
  CC [M]  fs/nilfs2/ifile.o
  CC [M]  fs/nilfs2/alloc.o
  CC [M]  fs/nilfs2/gcinode.o
  CC [M]  fs/nilfs2/ioctl.o
  LD [M]  fs/nilfs2/nilfs2.o
  CC [M]  fs/nls/nls_cp737.o
  CC [M]  fs/nls/nls_cp775.o
  CC [M]  fs/nls/nls_cp850.o
  CC [M]  fs/nls/nls_cp852.o
  CC [M]  fs/nls/nls_cp855.o
  CC [M]  fs/nls/nls_cp857.o
  CC [M]  fs/nls/nls_cp860.o
  CC [M]  fs/nls/nls_cp861.o
  CC [M]  fs/nls/nls_cp862.o
  CC [M]  fs/nls/nls_cp863.o
  CC [M]  fs/nls/nls_cp864.o
  CC [M]  fs/nls/nls_cp865.o
  CC [M]  fs/nls/nls_cp866.o
  CC [M]  fs/nls/nls_cp869.o
  CC [M]  fs/nls/nls_cp874.o
  CC [M]  fs/nls/nls_cp932.o
  CC [M]  fs/nls/nls_euc-jp.o
  CC [M]  fs/nls/nls_cp936.o
  CC [M]  fs/nls/nls_cp949.o
  CC [M]  fs/nls/nls_cp950.o
  CC [M]  fs/nls/nls_cp1250.o
  CC [M]  fs/nls/nls_cp1251.o
  CC [M]  fs/nls/nls_ascii.o
  CC [M]  fs/nls/nls_iso8859-1.o
  CC [M]  fs/nls/nls_iso8859-2.o
  CC [M]  fs/nls/nls_iso8859-3.o
  CC [M]  fs/nls/nls_iso8859-4.o
  CC [M]  fs/nls/nls_iso8859-5.o
  CC [M]  fs/nls/nls_iso8859-6.o
  CC [M]  fs/nls/nls_iso8859-7.o
  CC [M]  fs/nls/nls_cp1255.o
  CC [M]  fs/nls/nls_iso8859-9.o
  CC [M]  fs/nls/nls_iso8859-13.o
  CC [M]  fs/nls/nls_iso8859-14.o
  CC [M]  fs/nls/nls_iso8859-15.o
  CC [M]  fs/nls/nls_koi8-r.o
  CC [M]  fs/nls/nls_koi8-u.o
  CC [M]  fs/nls/nls_koi8-ru.o
  CC [M]  fs/nls/nls_utf8.o
  CC [M]  fs/nls/mac-celtic.o
  CC [M]  fs/nls/mac-centeuro.o
  CC [M]  fs/nls/mac-croatian.o
  CC [M]  fs/nls/mac-cyrillic.o
  CC [M]  fs/nls/mac-gaelic.o
  CC [M]  fs/nls/mac-greek.o
  CC [M]  fs/nls/mac-iceland.o
  CC [M]  fs/nls/mac-inuit.o
  CC [M]  fs/nls/mac-romanian.o
  CC [M]  fs/nls/mac-roman.o
  CC [M]  fs/nls/mac-turkish.o
  CC [M]  fs/ntfs/aops.o
  CC [M]  fs/ntfs/attrib.o
  CC [M]  fs/ntfs/collate.o
  CC [M]  fs/ntfs/compress.o
  CC [M]  fs/ntfs/debug.o
  CC [M]  fs/ntfs/dir.o
  CC [M]  fs/ntfs/file.o
  CC [M]  fs/ntfs/index.o
  CC [M]  fs/ntfs/inode.o
  CC [M]  fs/ntfs/mft.o
  CC [M]  fs/ntfs/mst.o
  CC [M]  fs/ntfs/namei.o
  CC [M]  fs/ntfs/runlist.o
  CC [M]  fs/ntfs/super.o
  CC [M]  fs/ntfs/sysctl.o
  CC [M]  fs/ntfs/unistr.o
  CC [M]  fs/ntfs/upcase.o
  LD [M]  fs/ntfs/ntfs.o
  CC [M]  fs/ocfs2/alloc.o
  CC [M]  fs/ocfs2/aops.o
  CC [M]  fs/ocfs2/blockcheck.o
  CC [M]  fs/ocfs2/buffer_head_io.o
  CC [M]  fs/ocfs2/dcache.o
  CC [M]  fs/ocfs2/dir.o
  CC [M]  fs/ocfs2/dlmglue.o
  CC [M]  fs/ocfs2/export.o
  CC [M]  fs/ocfs2/extent_map.o
  CC [M]  fs/ocfs2/file.o
  CC [M]  fs/ocfs2/heartbeat.o
  CC [M]  fs/ocfs2/inode.o
  CC [M]  fs/ocfs2/ioctl.o
  CC [M]  fs/ocfs2/journal.o
  CC [M]  fs/ocfs2/localalloc.o
  CC [M]  fs/ocfs2/locks.o
  CC [M]  fs/ocfs2/mmap.o
  CC [M]  fs/ocfs2/namei.o
  CC [M]  fs/ocfs2/refcounttree.o
  CC [M]  fs/ocfs2/reservations.o
  CC [M]  fs/ocfs2/move_extents.o
  CC [M]  fs/ocfs2/resize.o
  CC [M]  fs/ocfs2/slot_map.o
  CC [M]  fs/ocfs2/suballoc.o
  CC [M]  fs/ocfs2/super.o
  CC [M]  fs/ocfs2/symlink.o
  CC [M]  fs/ocfs2/sysfile.o
  CC [M]  fs/ocfs2/uptodate.o
  CC [M]  fs/ocfs2/quota_local.o
  CC [M]  fs/ocfs2/quota_global.o
  CC [M]  fs/ocfs2/xattr.o
  CC [M]  fs/ocfs2/acl.o
  CC [M]  fs/ocfs2/stack_o2cb.o
  CC [M]  fs/ocfs2/stack_user.o
  CC [M]  fs/ocfs2/stackglue.o
  LD [M]  fs/ocfs2/ocfs2.o
  LD [M]  fs/ocfs2/ocfs2_stackglue.o
  LD [M]  fs/ocfs2/ocfs2_stack_o2cb.o
  LD [M]  fs/ocfs2/ocfs2_stack_user.o
  CC [M]  fs/ocfs2/cluster/heartbeat.o
  CC [M]  fs/ocfs2/cluster/masklog.o
  CC [M]  fs/ocfs2/cluster/sys.o
  CC [M]  fs/ocfs2/cluster/nodemanager.o
  CC [M]  fs/ocfs2/cluster/quorum.o
  CC [M]  fs/ocfs2/cluster/tcp.o
  CC [M]  fs/ocfs2/cluster/netdebug.o
  LD [M]  fs/ocfs2/cluster/ocfs2_nodemanager.o
  CC [M]  fs/ocfs2/dlm/dlmdomain.o
  CC [M]  fs/ocfs2/dlm/dlmdebug.o
  CC [M]  fs/ocfs2/dlm/dlmthread.o
  CC [M]  fs/ocfs2/dlm/dlmrecovery.o
  CC [M]  fs/ocfs2/dlm/dlmmaster.o
  CC [M]  fs/ocfs2/dlm/dlmast.o
  CC [M]  fs/ocfs2/dlm/dlmconvert.o
  CC [M]  fs/ocfs2/dlm/dlmlock.o
  CC [M]  fs/ocfs2/dlm/dlmunlock.o
  LD [M]  fs/ocfs2/dlm/ocfs2_dlm.o
  CC [M]  fs/ocfs2/dlmfs/userdlm.o
  CC [M]  fs/ocfs2/dlmfs/dlmfs.o
  LD [M]  fs/ocfs2/dlmfs/ocfs2_dlmfs.o
  CC [M]  fs/omfs/bitmap.o
  CC [M]  fs/omfs/dir.o
  CC [M]  fs/omfs/file.o
  CC [M]  fs/omfs/inode.o
  LD [M]  fs/omfs/omfs.o
  CC [M]  fs/pstore/ram.o
  CC [M]  fs/pstore/ram_core.o
  LD [M]  fs/pstore/ramoops.o
  CC [M]  fs/qnx4/inode.o
  CC [M]  fs/qnx4/dir.o
  CC [M]  fs/qnx4/namei.o
  CC [M]  fs/qnx4/bitmap.o
  LD [M]  fs/qnx4/qnx4.o
  CC [M]  fs/qnx6/inode.o
  CC [M]  fs/qnx6/dir.o
  CC [M]  fs/qnx6/namei.o
  CC [M]  fs/qnx6/super_mmi.o
  LD [M]  fs/qnx6/qnx6.o
  CC [M]  fs/quota/quota_v1.o
  CC [M]  fs/quota/quota_v2.o
  CC [M]  fs/quota/quota_tree.o
  CC [M]  fs/reiserfs/bitmap.o
  CC [M]  fs/reiserfs/do_balan.o
  CC [M]  fs/reiserfs/namei.o
  CC [M]  fs/reiserfs/inode.o
  CC [M]  fs/reiserfs/file.o
  CC [M]  fs/reiserfs/dir.o
  CC [M]  fs/reiserfs/fix_node.o
  CC [M]  fs/reiserfs/super.o
  CC [M]  fs/reiserfs/prints.o
  CC [M]  fs/reiserfs/objectid.o
  CC [M]  fs/reiserfs/lbalance.o
  CC [M]  fs/reiserfs/ibalance.o
  CC [M]  fs/reiserfs/stree.o
  CC [M]  fs/reiserfs/hashes.o
  CC [M]  fs/reiserfs/tail_conversion.o
  CC [M]  fs/reiserfs/journal.o
  CC [M]  fs/reiserfs/resize.o
  CC [M]  fs/reiserfs/item_ops.o
  CC [M]  fs/reiserfs/ioctl.o
  CC [M]  fs/reiserfs/xattr.o
  CC [M]  fs/reiserfs/lock.o
  CC [M]  fs/reiserfs/xattr_user.o
  CC [M]  fs/reiserfs/xattr_trusted.o
  CC [M]  fs/reiserfs/xattr_security.o
  CC [M]  fs/reiserfs/xattr_acl.o
  LD [M]  fs/reiserfs/reiserfs.o
  CC [M]  fs/romfs/storage.o
  CC [M]  fs/romfs/super.o
  LD [M]  fs/romfs/romfs.o
  CC [M]  fs/squashfs/block.o
  CC [M]  fs/squashfs/cache.o
  CC [M]  fs/squashfs/dir.o
  CC [M]  fs/squashfs/export.o
  CC [M]  fs/squashfs/file.o
  CC [M]  fs/squashfs/fragment.o
  CC [M]  fs/squashfs/id.o
  CC [M]  fs/squashfs/inode.o
  CC [M]  fs/squashfs/namei.o
  CC [M]  fs/squashfs/super.o
  CC [M]  fs/squashfs/symlink.o
  CC [M]  fs/squashfs/decompressor.o
  CC [M]  fs/squashfs/file_direct.o
  CC [M]  fs/squashfs/page_actor.o
  CC [M]  fs/squashfs/decompressor_multi_percpu.o
  CC [M]  fs/squashfs/xattr.o
  CC [M]  fs/squashfs/xattr_id.o
  CC [M]  fs/squashfs/lzo_wrapper.o
  CC [M]  fs/squashfs/xz_wrapper.o
  CC [M]  fs/squashfs/zlib_wrapper.o
  LD [M]  fs/squashfs/squashfs.o
  CC [M]  fs/sysv/ialloc.o
  CC [M]  fs/sysv/balloc.o
  CC [M]  fs/sysv/inode.o
  CC [M]  fs/sysv/itree.o
  CC [M]  fs/sysv/file.o
  CC [M]  fs/sysv/dir.o
  CC [M]  fs/sysv/namei.o
  CC [M]  fs/sysv/super.o
  CC [M]  fs/sysv/symlink.o
  LD [M]  fs/sysv/sysv.o
  CC [M]  fs/ubifs/shrinker.o
  CC [M]  fs/ubifs/journal.o
  CC [M]  fs/ubifs/file.o
  CC [M]  fs/ubifs/dir.o
  CC [M]  fs/ubifs/super.o
  CC [M]  fs/ubifs/sb.o
  CC [M]  fs/ubifs/io.o
  CC [M]  fs/ubifs/tnc.o
  CC [M]  fs/ubifs/master.o
  CC [M]  fs/ubifs/scan.o
  CC [M]  fs/ubifs/replay.o
  CC [M]  fs/ubifs/log.o
  CC [M]  fs/ubifs/commit.o
  CC [M]  fs/ubifs/gc.o
  CC [M]  fs/ubifs/orphan.o
  CC [M]  fs/ubifs/budget.o
  CC [M]  fs/ubifs/find.o
  CC [M]  fs/ubifs/tnc_commit.o
  CC [M]  fs/ubifs/compress.o
  CC [M]  fs/ubifs/lpt.o
  CC [M]  fs/ubifs/lprops.o
  CC [M]  fs/ubifs/recovery.o
  CC [M]  fs/ubifs/ioctl.o
  CC [M]  fs/ubifs/lpt_commit.o
  CC [M]  fs/ubifs/tnc_misc.o
  CC [M]  fs/ubifs/xattr.o
  CC [M]  fs/ubifs/debug.o
  LD [M]  fs/ubifs/ubifs.o
  CC [M]  fs/udf/balloc.o
  CC [M]  fs/udf/dir.o
  CC [M]  fs/udf/file.o
  CC [M]  fs/udf/ialloc.o
  CC [M]  fs/udf/inode.o
  CC [M]  fs/udf/lowlevel.o
  CC [M]  fs/udf/namei.o
  CC [M]  fs/udf/partition.o
  CC [M]  fs/udf/super.o
  CC [M]  fs/udf/truncate.o
  CC [M]  fs/udf/symlink.o
  CC [M]  fs/udf/directory.o
  CC [M]  fs/udf/misc.o
  CC [M]  fs/udf/udftime.o
  CC [M]  fs/udf/unicode.o
  LD [M]  fs/udf/udf.o
  CC [M]  fs/ufs/balloc.o
  CC [M]  fs/ufs/cylinder.o
  CC [M]  fs/ufs/dir.o
  CC [M]  fs/ufs/file.o
  CC [M]  fs/ufs/ialloc.o
  CC [M]  fs/ufs/inode.o
  CC [M]  fs/ufs/namei.o
  CC [M]  fs/ufs/super.o
  CC [M]  fs/ufs/symlink.o
  CC [M]  fs/ufs/truncate.o
  CC [M]  fs/ufs/util.o
  LD [M]  fs/ufs/ufs.o
  CC [M]  fs/xfs/xfs_trace.o
  CC [M]  fs/xfs/xfs_aops.o
  CC [M]  fs/xfs/xfs_attr_inactive.o
  CC [M]  fs/xfs/xfs_attr_list.o
  CC [M]  fs/xfs/xfs_bit.o
  CC [M]  fs/xfs/xfs_bmap_util.o
  CC [M]  fs/xfs/xfs_buf.o
  CC [M]  fs/xfs/xfs_dir2_readdir.o
  CC [M]  fs/xfs/xfs_discard.o
  CC [M]  fs/xfs/xfs_error.o
  CC [M]  fs/xfs/xfs_export.o
  CC [M]  fs/xfs/xfs_extent_busy.o
  CC [M]  fs/xfs/xfs_file.o
  CC [M]  fs/xfs/xfs_filestream.o
  CC [M]  fs/xfs/xfs_fsops.o
  CC [M]  fs/xfs/xfs_globals.o
  CC [M]  fs/xfs/xfs_icache.o
  CC [M]  fs/xfs/xfs_ioctl.o
  CC [M]  fs/xfs/xfs_iomap.o
  CC [M]  fs/xfs/xfs_iops.o
  CC [M]  fs/xfs/xfs_itable.o
  CC [M]  fs/xfs/xfs_message.o
  CC [M]  fs/xfs/xfs_mount.o
  CC [M]  fs/xfs/xfs_mru_cache.o
  CC [M]  fs/xfs/xfs_super.o
  CC [M]  fs/xfs/xfs_symlink.o
  CC [M]  fs/xfs/xfs_trans.o
  CC [M]  fs/xfs/xfs_xattr.o
  CC [M]  fs/xfs/kmem.o
  CC [M]  fs/xfs/uuid.o
  CC [M]  fs/xfs/xfs_alloc.o
  CC [M]  fs/xfs/xfs_alloc_btree.o
  CC [M]  fs/xfs/xfs_attr.o
  CC [M]  fs/xfs/xfs_attr_leaf.o
  CC [M]  fs/xfs/xfs_attr_remote.o
  CC [M]  fs/xfs/xfs_bmap.o
  CC [M]  fs/xfs/xfs_bmap_btree.o
  CC [M]  fs/xfs/xfs_btree.o
  CC [M]  fs/xfs/xfs_da_btree.o
  CC [M]  fs/xfs/xfs_da_format.o
  CC [M]  fs/xfs/xfs_dir2.o
  CC [M]  fs/xfs/xfs_dir2_block.o
  CC [M]  fs/xfs/xfs_dir2_data.o
  CC [M]  fs/xfs/xfs_dir2_leaf.o
  CC [M]  fs/xfs/xfs_dir2_node.o
  CC [M]  fs/xfs/xfs_dir2_sf.o
  CC [M]  fs/xfs/xfs_dquot_buf.o
  CC [M]  fs/xfs/xfs_ialloc.o
  CC [M]  fs/xfs/xfs_ialloc_btree.o
  CC [M]  fs/xfs/xfs_icreate_item.o
  CC [M]  fs/xfs/xfs_inode.o
  CC [M]  fs/xfs/xfs_inode_fork.o
  CC [M]  fs/xfs/xfs_inode_buf.o
  CC [M]  fs/xfs/xfs_log_recover.o
  CC [M]  fs/xfs/xfs_log_rlimit.o
  CC [M]  fs/xfs/xfs_sb.o
  CC [M]  fs/xfs/xfs_symlink_remote.o
  CC [M]  fs/xfs/xfs_trans_resv.o
  CC [M]  fs/xfs/xfs_log.o
  CC [M]  fs/xfs/xfs_log_cil.o
  CC [M]  fs/xfs/xfs_buf_item.o
  CC [M]  fs/xfs/xfs_extfree_item.o
  CC [M]  fs/xfs/xfs_inode_item.o
  CC [M]  fs/xfs/xfs_trans_ail.o
  CC [M]  fs/xfs/xfs_trans_buf.o
  CC [M]  fs/xfs/xfs_trans_extfree.o
  CC [M]  fs/xfs/xfs_trans_inode.o
  CC [M]  fs/xfs/xfs_dquot.o
  CC [M]  fs/xfs/xfs_dquot_item.o
  CC [M]  fs/xfs/xfs_trans_dquot.o
  CC [M]  fs/xfs/xfs_qm_syscalls.o
  CC [M]  fs/xfs/xfs_qm_bhv.o
  CC [M]  fs/xfs/xfs_qm.o
  CC [M]  fs/xfs/xfs_quotaops.o
  CC [M]  fs/xfs/xfs_rtalloc.o
  CC [M]  fs/xfs/xfs_rtbitmap.o
  CC [M]  fs/xfs/xfs_acl.o
  CC [M]  fs/xfs/xfs_stats.o
  CC [M]  fs/xfs/xfs_sysctl.o
  CC [M]  fs/xfs/xfs_ioctl32.o
  LD [M]  fs/xfs/xfs.o
  CC [M]  crypto/seqiv.o
  CC [M]  crypto/crypto_user.o
  CC [M]  crypto/cmac.o
  CC [M]  crypto/vmac.o
  CC [M]  crypto/xcbc.o
  CC [M]  crypto/crypto_null.o
  CC [M]  crypto/md4.o
  CC [M]  crypto/rmd128.o
  CC [M]  crypto/rmd160.o
  CC [M]  crypto/rmd256.o
  CC [M]  crypto/rmd320.o
  CC [M]  crypto/wp512.o
  CC [M]  crypto/tgr192.o
  CC [M]  crypto/gf128mul.o
  CC [M]  crypto/pcbc.o
  CC [M]  crypto/cts.o
  CC [M]  crypto/lrw.o
  CC [M]  crypto/xts.o
  CC [M]  crypto/ctr.o
  CC [M]  crypto/gcm.o
  CC [M]  crypto/ccm.o
  CC [M]  crypto/pcrypt.o
  CC [M]  crypto/cryptd.o
  CC [M]  crypto/des_generic.o
  CC [M]  crypto/fcrypt.o
  CC [M]  crypto/blowfish_generic.o
  CC [M]  crypto/blowfish_common.o
  CC [M]  crypto/twofish_generic.o
  CC [M]  crypto/twofish_common.o
  CC [M]  crypto/serpent_generic.o
  CC [M]  crypto/camellia_generic.o
  CC [M]  crypto/cast_common.o
  CC [M]  crypto/cast5_generic.o
  CC [M]  crypto/cast6_generic.o
  CC [M]  crypto/arc4.o
  CC [M]  crypto/tea.o
  CC [M]  crypto/khazad.o
  CC [M]  crypto/anubis.o
  CC [M]  crypto/seed.o
  CC [M]  crypto/salsa20_generic.o
  CC [M]  crypto/deflate.o
  CC [M]  crypto/zlib.o
  CC [M]  crypto/michael_mic.o
  CC [M]  crypto/crc32.o
  CC [M]  crypto/authenc.o
  CC [M]  crypto/authencesn.o
  CC [M]  crypto/lz4.o
  CC [M]  crypto/lz4hc.o
  CC [M]  crypto/ansi_cprng.o
  CC [M]  crypto/tcrypt.o
  CC [M]  crypto/ghash-generic.o
  CC [M]  crypto/af_alg.o
  CC [M]  crypto/algif_hash.o
  CC [M]  crypto/algif_skcipher.o
  CC [M]  crypto/xor.o
  CC [M]  crypto/ablk_helper.o
  CC [M]  crypto/async_tx/async_tx.o
  CC [M]  crypto/async_tx/async_memcpy.o
  CC [M]  crypto/async_tx/async_xor.o
  CC [M]  crypto/async_tx/async_pq.o
  CC [M]  crypto/async_tx/async_raid6_recov.o
  CC [M]  crypto/async_tx/raid6test.o
  CC [M]  drivers/acpi/acpi_ipmi.o
  CC [M]  drivers/acpi/video.o
  CC [M]  drivers/acpi/sbshc.o
  CC [M]  drivers/acpi/sbs.o
  CC [M]  drivers/acpi/ec_sys.o
  CC [M]  drivers/acpi/acpi_pad.o
  CC [M]  drivers/acpi/acpi_extlog.o
  CC [M]  drivers/acpi/apei/einj.o
  CC [M]  drivers/ata/ahci.o
  CC [M]  drivers/ata/libahci.o
  CC [M]  drivers/ata/acard-ahci.o
  CC [M]  drivers/ata/ahci_platform.o
  CC [M]  drivers/ata/libahci_platform.o
  CC [M]  drivers/ata/sata_inic162x.o
  CC [M]  drivers/ata/sata_sil24.o
  CC [M]  drivers/ata/pdc_adma.o
  CC [M]  drivers/ata/sata_qstor.o
  CC [M]  drivers/ata/sata_sx4.o
  CC [M]  drivers/ata/sata_mv.o
  CC [M]  drivers/ata/sata_nv.o
  CC [M]  drivers/ata/sata_promise.o
  CC [M]  drivers/ata/sata_sil.o
  CC [M]  drivers/ata/sata_sis.o
  CC [M]  drivers/ata/sata_svw.o
  CC [M]  drivers/ata/sata_uli.o
  CC [M]  drivers/ata/sata_via.o
  CC [M]  drivers/ata/sata_vsc.o
  CC [M]  drivers/ata/pata_ali.o
  CC [M]  drivers/ata/pata_amd.o
  CC [M]  drivers/ata/pata_artop.o
  CC [M]  drivers/ata/pata_atiixp.o
  CC [M]  drivers/ata/pata_atp867x.o
  CC [M]  drivers/ata/pata_cmd64x.o
  CC [M]  drivers/ata/pata_cypress.o
  CC [M]  drivers/ata/pata_efar.o
  CC [M]  drivers/ata/pata_hpt366.o
  CC [M]  drivers/ata/pata_hpt37x.o
  CC [M]  drivers/ata/pata_hpt3x2n.o
  CC [M]  drivers/ata/pata_hpt3x3.o
  CC [M]  drivers/ata/pata_it8213.o
  CC [M]  drivers/ata/pata_it821x.o
  CC [M]  drivers/ata/pata_jmicron.o
  CC [M]  drivers/ata/pata_marvell.o
  CC [M]  drivers/ata/pata_netcell.o
  CC [M]  drivers/ata/pata_ninja32.o
  CC [M]  drivers/ata/pata_ns87415.o
  CC [M]  drivers/ata/pata_oldpiix.o
  CC [M]  drivers/ata/pata_optidma.o
  CC [M]  drivers/ata/pata_pdc2027x.o
  CC [M]  drivers/ata/pata_pdc202xx_old.o
  CC [M]  drivers/ata/pata_radisys.o
  CC [M]  drivers/ata/pata_rdc.o
  CC [M]  drivers/ata/pata_sch.o
  CC [M]  drivers/ata/pata_serverworks.o
  CC [M]  drivers/ata/pata_sil680.o
  CC [M]  drivers/ata/pata_piccolo.o
  CC [M]  drivers/ata/pata_triflex.o
  CC [M]  drivers/ata/pata_via.o
  CC [M]  drivers/ata/pata_sl82c105.o
  CC [M]  drivers/ata/pata_cmd640.o
  CC [M]  drivers/ata/pata_mpiix.o
  CC [M]  drivers/ata/pata_ns87410.o
  CC [M]  drivers/ata/pata_opti.o
  CC [M]  drivers/ata/pata_pcmcia.o
  CC [M]  drivers/ata/pata_platform.o
  CC [M]  drivers/ata/pata_rz1000.o
  CC [M]  drivers/ata/pata_acpi.o
  CC [M]  drivers/ata/pata_legacy.o
  CC [M]  drivers/atm/zatm.o
  CC [M]  drivers/atm/uPD98402.o
  CC [M]  drivers/atm/nicstar.o
  CC [M]  drivers/atm/ambassador.o
  CC [M]  drivers/atm/horizon.o
  CC [M]  drivers/atm/iphase.o
  CC [M]  drivers/atm/suni.o
  CC [M]  drivers/atm/fore200e.o
  LD [M]  drivers/atm/fore_200e.o
  CC [M]  drivers/atm/eni.o
  CC [M]  drivers/atm/idt77252.o
  CC [M]  drivers/atm/solos-pci.o
  CC [M]  drivers/atm/adummy.o
  CC [M]  drivers/atm/atmtcp.o
  CC [M]  drivers/atm/firestream.o
  CC [M]  drivers/atm/lanai.o
  CC [M]  drivers/atm/he.o
  CC [M]  drivers/auxdisplay/ks0108.o
  CC [M]  drivers/auxdisplay/cfag12864b.o
  CC [M]  drivers/auxdisplay/cfag12864bfb.o
  CC [M]  drivers/bcma/main.o
  CC [M]  drivers/bcma/scan.o
  CC [M]  drivers/bcma/core.o
  CC [M]  drivers/bcma/sprom.o
  CC [M]  drivers/bcma/driver_chipcommon.o
  CC [M]  drivers/bcma/driver_chipcommon_pmu.o
  CC [M]  drivers/bcma/driver_pci.o
  CC [M]  drivers/bcma/driver_gmac_cmn.o
  CC [M]  drivers/bcma/driver_gpio.o
  CC [M]  drivers/bcma/host_pci.o
  CC [M]  drivers/bcma/host_soc.o
  LD [M]  drivers/bcma/bcma.o
  CC [M]  drivers/block/floppy.o
  CC [M]  drivers/block/cciss.o
  CC [M]  drivers/block/DAC960.o
  CC [M]  drivers/block/pktcdvd.o
  CC [M]  drivers/block/nvme-core.o
  CC [M]  drivers/block/nvme-scsi.o
  CC [M]  drivers/block/skd_main.o
  LD [M]  drivers/block/nvme.o
  LD [M]  drivers/block/skd.o
  CC [M]  drivers/block/osdblk.o
  CC [M]  drivers/block/umem.o
  CC [M]  drivers/block/nbd.o
  CC [M]  drivers/block/cryptoloop.o
  CC [M]  drivers/block/sx8.o
  CC [M]  drivers/block/rbd.o
  CC [M]  drivers/block/null_blk.o
  CC [M]  drivers/block/drbd/drbd_bitmap.o
  CC [M]  drivers/block/drbd/drbd_proc.o
  CC [M]  drivers/block/drbd/drbd_worker.o
  CC [M]  drivers/block/drbd/drbd_receiver.o
  CC [M]  drivers/block/drbd/drbd_req.o
  CC [M]  drivers/block/drbd/drbd_actlog.o
  CC [M]  drivers/block/drbd/drbd_main.o
  CC [M]  drivers/block/drbd/drbd_strings.o
  CC [M]  drivers/block/drbd/drbd_nl.o
  CC [M]  drivers/block/drbd/drbd_interval.o
  CC [M]  drivers/block/drbd/drbd_state.o
  CC [M]  drivers/block/drbd/drbd_nla.o
  LD [M]  drivers/block/drbd/drbd.o
  CC [M]  drivers/block/mtip32xx/mtip32xx.o
  CC [M]  drivers/block/rsxx/config.o
  CC [M]  drivers/block/rsxx/core.o
  CC [M]  drivers/block/rsxx/cregs.o
  CC [M]  drivers/block/rsxx/dev.o
  CC [M]  drivers/block/rsxx/dma.o
  LD [M]  drivers/block/rsxx/rsxx.o
  CC [M]  drivers/block/xen-blkback/blkback.o
  CC [M]  drivers/block/xen-blkback/xenbus.o
  LD [M]  drivers/block/xen-blkback/xen-blkback.o
  CC [M]  drivers/block/zram/zcomp_lzo.o
  CC [M]  drivers/block/zram/zcomp.o
  CC [M]  drivers/block/zram/zram_drv.o
  CC [M]  drivers/block/zram/zcomp_lz4.o
  LD [M]  drivers/block/zram/zram.o
  CC [M]  drivers/block/aoe/aoeblk.o
  CC [M]  drivers/block/aoe/aoechr.o
  CC [M]  drivers/block/aoe/aoecmd.o
  CC [M]  drivers/block/aoe/aoedev.o
  CC [M]  drivers/block/aoe/aoemain.o
  CC [M]  drivers/block/aoe/aoenet.o
  LD [M]  drivers/block/aoe/aoe.o
  CC [M]  drivers/block/paride/paride.o
  CC [M]  drivers/block/paride/aten.o
  CC [M]  drivers/block/paride/bpck.o
  CC [M]  drivers/block/paride/comm.o
  CC [M]  drivers/block/paride/dstr.o
  CC [M]  drivers/block/paride/kbic.o
  CC [M]  drivers/block/paride/epat.o
  CC [M]  drivers/block/paride/epia.o
  CC [M]  drivers/block/paride/frpw.o
  CC [M]  drivers/block/paride/friq.o
  CC [M]  drivers/block/paride/fit2.o
  CC [M]  drivers/block/paride/fit3.o
  CC [M]  drivers/block/paride/on20.o
  CC [M]  drivers/block/paride/on26.o
  CC [M]  drivers/block/paride/ktti.o
  CC [M]  drivers/block/paride/pd.o
  CC [M]  drivers/block/paride/pcd.o
  CC [M]  drivers/block/paride/pf.o
  CC [M]  drivers/block/paride/pt.o
  CC [M]  drivers/block/paride/pg.o
  CC [M]  drivers/bluetooth/hci_vhci.o
  CC [M]  drivers/bluetooth/btmrvl_main.o
  CC [M]  drivers/bluetooth/btmrvl_debugfs.o
  CC [M]  drivers/bluetooth/hci_ldisc.o
  CC [M]  drivers/bluetooth/hci_h4.o
  CC [M]  drivers/bluetooth/hci_bcsp.o
  CC [M]  drivers/bluetooth/hci_ll.o
  CC [M]  drivers/bluetooth/hci_ath.o
  CC [M]  drivers/bluetooth/hci_h5.o
  LD [M]  drivers/bluetooth/hci_uart.o
  CC [M]  drivers/bluetooth/bcm203x.o
  CC [M]  drivers/bluetooth/bpa10x.o
  CC [M]  drivers/bluetooth/bfusb.o
  CC [M]  drivers/bluetooth/dtl1_cs.o
  CC [M]  drivers/bluetooth/bt3c_cs.o
  CC [M]  drivers/bluetooth/bluecard_cs.o
  CC [M]  drivers/bluetooth/btuart_cs.o
  CC [M]  drivers/bluetooth/btusb.o
  CC [M]  drivers/bluetooth/btsdio.o
  CC [M]  drivers/bluetooth/ath3k.o
  LD [M]  drivers/bluetooth/btmrvl.o
  CC [M]  drivers/bluetooth/btmrvl_sdio.o
  CC [M]  drivers/bluetooth/btwilink.o
  CC [M]  drivers/char/raw.o
  CC [M]  drivers/char/lp.o
  CC [M]  drivers/char/applicom.o
  CC [M]  drivers/char/nvram.o
  CC [M]  drivers/char/i8k.o
  CC [M]  drivers/char/ppdev.o
  CC [M]  drivers/char/tlclk.o
  CC [M]  drivers/char/hangcheck-timer.o
  CC [M]  drivers/char/agp/sis-agp.o
  CC [M]  drivers/char/hw_random/timeriomem-rng.o
  CC [M]  drivers/char/hw_random/intel-rng.o
  CC [M]  drivers/char/hw_random/amd-rng.o
  CC [M]  drivers/char/hw_random/via-rng.o
  CC [M]  drivers/char/hw_random/virtio-rng.o
  CC [M]  drivers/char/hw_random/tpm-rng.o
  CC [M]  drivers/char/mwave/mwavedd.o
  CC [M]  drivers/char/mwave/smapi.o
  CC [M]  drivers/char/mwave/tp3780i.o
  CC [M]  drivers/char/mwave/3780i.o
  LD [M]  drivers/char/mwave/mwave.o
  CC [M]  drivers/char/pcmcia/synclink_cs.o
  CC [M]  drivers/char/pcmcia/cm4000_cs.o
  CC [M]  drivers/char/pcmcia/cm4040_cs.o
  CC [M]  drivers/char/tpm/tpm_i2c_atmel.o
  CC [M]  drivers/char/tpm/tpm_i2c_infineon.o
  CC [M]  drivers/char/tpm/tpm_i2c_nuvoton.o
  CC [M]  drivers/char/tpm/tpm_nsc.o
  CC [M]  drivers/char/tpm/tpm_atmel.o
  CC [M]  drivers/char/tpm/tpm_infineon.o
  CC [M]  drivers/char/tpm/tpm_i2c_stm_st33.o
  CC [M]  drivers/char/tpm/xen-tpmfront.o
  CC [M]  drivers/char/ipmi/ipmi_msghandler.o
  CC [M]  drivers/char/ipmi/ipmi_devintf.o
  CC [M]  drivers/char/ipmi/ipmi_si_intf.o
  CC [M]  drivers/char/ipmi/ipmi_kcs_sm.o
  CC [M]  drivers/char/ipmi/ipmi_smic_sm.o
  CC [M]  drivers/char/ipmi/ipmi_bt_sm.o
  LD [M]  drivers/char/ipmi/ipmi_si.o
  CC [M]  drivers/char/ipmi/ipmi_watchdog.o
  CC [M]  drivers/char/ipmi/ipmi_poweroff.o
  CC [M]  drivers/clk/clk-max77686.o
  CC [M]  drivers/clk/clk-s2mps11.o
  CC [M]  drivers/clk/clk-si5351.o
  CC [M]  drivers/clk/clk-twl6040.o
  CC [M]  drivers/clk/clk-wm831x.o
  CC [M]  drivers/cpufreq/speedstep-lib.o
  CC [M]  drivers/cpufreq/p4-clockmod.o
  CC [M]  drivers/cpufreq/amd_freq_sensitivity.o
  CC [M]  drivers/crypto/padlock-aes.o
  CC [M]  drivers/crypto/padlock-sha.o
  CC [M]  drivers/crypto/ccp/ccp-crypto-main.o
  CC [M]  drivers/crypto/ccp/ccp-crypto-aes.o
  CC [M]  drivers/crypto/ccp/ccp-crypto-aes-cmac.o
  CC [M]  drivers/crypto/ccp/ccp-crypto-aes-xts.o
  CC [M]  drivers/crypto/ccp/ccp-crypto-sha.o
  CC [M]  drivers/crypto/ccp/ccp-dev.o
  CC [M]  drivers/crypto/ccp/ccp-ops.o
  CC [M]  drivers/crypto/ccp/ccp-pci.o
  LD [M]  drivers/crypto/ccp/ccp.o
  LD [M]  drivers/crypto/ccp/ccp-crypto.o
  CC [M]  drivers/dca/dca-core.o
  CC [M]  drivers/dca/dca-sysfs.o
  LD [M]  drivers/dca/dca.o
  CC [M]  drivers/dma/intel_mid_dma.o
  CC [M]  drivers/dma/timb_dma.o
  CC [M]  drivers/dma/dw/platform.o
  CC [M]  drivers/dma/dw/core.o
  CC [M]  drivers/dma/dw/pci.o
  LD [M]  drivers/dma/dw/dw_dmac_core.o
  LD [M]  drivers/dma/dw/dw_dmac.o
  LD [M]  drivers/dma/dw/dw_dmac_pci.o
  CC [M]  drivers/dma/ioat/pci.o
  CC [M]  drivers/dma/ioat/dma.o
  CC [M]  drivers/dma/ioat/dma_v2.o
  CC [M]  drivers/dma/ioat/dma_v3.o
  CC [M]  drivers/dma/ioat/dca.o
  LD [M]  drivers/dma/ioat/ioatdma.o
  CC [M]  drivers/edac/amd64_edac.o
  CC [M]  drivers/edac/edac_mc.o
  CC [M]  drivers/edac/edac_device.o
  CC [M]  drivers/edac/edac_mc_sysfs.o
  CC [M]  drivers/edac/edac_pci_sysfs.o
  CC [M]  drivers/edac/edac_module.o
  CC [M]  drivers/edac/edac_device_sysfs.o
  CC [M]  drivers/edac/edac_pci.o
  CC [M]  drivers/edac/mce_amd.o
  LD [M]  drivers/edac/edac_core.o
  CC [M]  drivers/edac/mce_amd_inj.o
  LD [M]  drivers/edac/edac_mce_amd.o
  CC [M]  drivers/edac/i5000_edac.o
  CC [M]  drivers/edac/i5100_edac.o
  CC [M]  drivers/edac/i5400_edac.o
  CC [M]  drivers/edac/i7300_edac.o
  CC [M]  drivers/edac/i7core_edac.o
  CC [M]  drivers/edac/sb_edac.o
  CC [M]  drivers/edac/e752x_edac.o
  CC [M]  drivers/edac/i82975x_edac.o
  CC [M]  drivers/edac/i3000_edac.o
  CC [M]  drivers/edac/i3200_edac.o
  CC [M]  drivers/edac/x38_edac.o
  LD [M]  drivers/edac/amd64_edac_mod.o
  CC [M]  drivers/extcon/extcon-gpio.o
  CC [M]  drivers/extcon/extcon-adc-jack.o
  CC [M]  drivers/extcon/extcon-max14577.o
  CC [M]  drivers/extcon/extcon-max77693.o
  CC [M]  drivers/extcon/extcon-max8997.o
  CC [M]  drivers/extcon/extcon-arizona.o
  CC [M]  drivers/extcon/extcon-palmas.o
  CC [M]  drivers/firewire/core-card.o
  CC [M]  drivers/firewire/core-cdev.o
  CC [M]  drivers/firewire/core-device.o
  CC [M]  drivers/firewire/core-iso.o
  CC [M]  drivers/firewire/core-topology.o
  CC [M]  drivers/firewire/core-transaction.o
  CC [M]  drivers/firewire/net.o
  CC [M]  drivers/firewire/ohci.o
  CC [M]  drivers/firewire/sbp2.o
  LD [M]  drivers/firewire/firewire-core.o
  LD [M]  drivers/firewire/firewire-ohci.o
  LD [M]  drivers/firewire/firewire-sbp2.o
  LD [M]  drivers/firewire/firewire-net.o
  CC [M]  drivers/firewire/nosy.o
  CC [M]  drivers/firmware/dmi-sysfs.o
  CC [M]  drivers/firmware/dell_rbu.o
  CC [M]  drivers/firmware/dcdbas.o
  CC [M]  drivers/firmware/iscsi_ibft.o
  CC [M]  drivers/firmware/efi/efi-pstore.o
  CC [M]  drivers/fmc/fmc-core.o
  CC [M]  drivers/fmc/fmc-match.o
  CC [M]  drivers/fmc/fmc-sdb.o
  CC [M]  drivers/fmc/fru-parse.o
  CC [M]  drivers/fmc/fmc-dump.o
  LD [M]  drivers/fmc/fmc.o
  CC [M]  drivers/fmc/fmc-fakedev.o
  CC [M]  drivers/fmc/fmc-trivial.o
  CC [M]  drivers/fmc/fmc-write-eeprom.o
  CC [M]  drivers/fmc/fmc-chardev.o
  CC [M]  drivers/gpio/gpio-generic.o
  CC [M]  drivers/gpio/gpio-adp5520.o
  CC [M]  drivers/gpio/gpio-adp5588.o
  CC [M]  drivers/gpio/gpio-amd8111.o
  CC [M]  drivers/gpio/gpio-arizona.o
  CC [M]  drivers/gpio/gpio-cs5535.o
  CC [M]  drivers/gpio/gpio-da9052.o
  CC [M]  drivers/gpio/gpio-da9055.o
  CC [M]  drivers/gpio/gpio-f7188x.o
  CC [M]  drivers/gpio/gpio-ich.o
  CC [M]  drivers/gpio/gpio-it8761e.o
  CC [M]  drivers/gpio/gpio-janz-ttl.o
  CC [M]  drivers/gpio/gpio-kempld.o
  CC [M]  drivers/gpio/gpio-lp3943.o
  CC [M]  drivers/gpio/gpio-max730x.o
  CC [M]  drivers/gpio/gpio-max7300.o
  CC [M]  drivers/gpio/gpio-max7301.o
  CC [M]  drivers/gpio/gpio-max732x.o
  CC [M]  drivers/gpio/gpio-mc33880.o
  CC [M]  drivers/gpio/gpio-ml-ioh.o
  CC [M]  drivers/gpio/gpio-pca953x.o
  CC [M]  drivers/gpio/gpio-pcf857x.o
  CC [M]  drivers/gpio/gpio-rdc321x.o
  CC [M]  drivers/gpio/gpio-sch.o
  CC [M]  drivers/gpio/gpio-sch311x.o
  CC [M]  drivers/gpio/gpio-tps65912.o
  CC [M]  drivers/gpio/gpio-twl4030.o
  CC [M]  drivers/gpio/gpio-twl6040.o
  CC [M]  drivers/gpio/gpio-ucb1400.o
  CC [M]  drivers/gpio/gpio-viperboard.o
  CC [M]  drivers/gpio/gpio-vx855.o
  CC [M]  drivers/gpio/gpio-wm831x.o
  CC [M]  drivers/gpio/gpio-wm8350.o
  CC [M]  drivers/gpio/gpio-wm8994.o
  CC [M]  drivers/gpu/drm/drm_auth.o
  CC [M]  drivers/gpu/drm/drm_buffer.o
  CC [M]  drivers/gpu/drm/drm_bufs.o
  CC [M]  drivers/gpu/drm/drm_cache.o
  CC [M]  drivers/gpu/drm/drm_context.o
  CC [M]  drivers/gpu/drm/drm_dma.o
  CC [M]  drivers/gpu/drm/drm_drv.o
  CC [M]  drivers/gpu/drm/drm_fops.o
  CC [M]  drivers/gpu/drm/drm_gem.o
  CC [M]  drivers/gpu/drm/drm_ioctl.o
  CC [M]  drivers/gpu/drm/drm_irq.o
  CC [M]  drivers/gpu/drm/drm_lock.o
  CC [M]  drivers/gpu/drm/drm_memory.o
  CC [M]  drivers/gpu/drm/drm_stub.o
  CC [M]  drivers/gpu/drm/drm_vm.o
  CC [M]  drivers/gpu/drm/drm_agpsupport.o
  CC [M]  drivers/gpu/drm/drm_scatter.o
  CC [M]  drivers/gpu/drm/drm_pci.o
  CC [M]  drivers/gpu/drm/drm_platform.o
  CC [M]  drivers/gpu/drm/drm_sysfs.o
  CC [M]  drivers/gpu/drm/drm_hashtab.o
  CC [M]  drivers/gpu/drm/drm_mm.o
  CC [M]  drivers/gpu/drm/drm_crtc.o
  CC [M]  drivers/gpu/drm/drm_modes.o
  CC [M]  drivers/gpu/drm/drm_edid.o
  CC [M]  drivers/gpu/drm/drm_info.o
  CC [M]  drivers/gpu/drm/drm_debugfs.o
  CC [M]  drivers/gpu/drm/drm_encoder_slave.o
  CC [M]  drivers/gpu/drm/drm_trace_points.o
  CC [M]  drivers/gpu/drm/drm_global.o
  CC [M]  drivers/gpu/drm/drm_prime.o
  CC [M]  drivers/gpu/drm/drm_rect.o
  CC [M]  drivers/gpu/drm/drm_vma_manager.o
  CC [M]  drivers/gpu/drm/drm_flip_work.o
  CC [M]  drivers/gpu/drm/drm_modeset_lock.o
  CC [M]  drivers/gpu/drm/drm_ioc32.o
  CC [M]  drivers/gpu/drm/ati_pcigart.o
  CC [M]  drivers/gpu/drm/drm_crtc_helper.o
  CC [M]  drivers/gpu/drm/drm_dp_helper.o
  CC [M]  drivers/gpu/drm/drm_probe_helper.o
  CC [M]  drivers/gpu/drm/drm_plane_helper.o
  CC [M]  drivers/gpu/drm/drm_edid_load.o
  CC [M]  drivers/gpu/drm/drm_fb_helper.o
  LD [M]  drivers/gpu/drm/drm_kms_helper.o
  LD [M]  drivers/gpu/drm/drm.o
  CC [M]  drivers/gpu/drm/drm_usb.o
  CC [M]  drivers/gpu/drm/ast/ast_drv.o
  CC [M]  drivers/gpu/drm/ast/ast_main.o
  CC [M]  drivers/gpu/drm/ast/ast_mode.o
  CC [M]  drivers/gpu/drm/ast/ast_fb.o
  CC [M]  drivers/gpu/drm/ast/ast_ttm.o
  CC [M]  drivers/gpu/drm/ast/ast_post.o
  CC [M]  drivers/gpu/drm/ast/ast_dp501.o
  LD [M]  drivers/gpu/drm/ast/ast.o
  CC [M]  drivers/gpu/drm/bridge/ptn3460.o
  CC [M]  drivers/gpu/drm/cirrus/cirrus_main.o
  CC [M]  drivers/gpu/drm/cirrus/cirrus_mode.o
  CC [M]  drivers/gpu/drm/cirrus/cirrus_drv.o
  CC [M]  drivers/gpu/drm/cirrus/cirrus_fbdev.o
  CC [M]  drivers/gpu/drm/cirrus/cirrus_ttm.o
  LD [M]  drivers/gpu/drm/cirrus/cirrus.o
  CC [M]  drivers/gpu/drm/gma500/accel_2d.o
  CC [M]  drivers/gpu/drm/gma500/backlight.o
  CC [M]  drivers/gpu/drm/gma500/framebuffer.o
  CC [M]  drivers/gpu/drm/gma500/gem.o
  CC [M]  drivers/gpu/drm/gma500/gtt.o
  CC [M]  drivers/gpu/drm/gma500/intel_bios.o
  CC [M]  drivers/gpu/drm/gma500/intel_i2c.o
  CC [M]  drivers/gpu/drm/gma500/intel_gmbus.o
  CC [M]  drivers/gpu/drm/gma500/mmu.o
  CC [M]  drivers/gpu/drm/gma500/blitter.o
  CC [M]  drivers/gpu/drm/gma500/power.o
  CC [M]  drivers/gpu/drm/gma500/psb_drv.o
  CC [M]  drivers/gpu/drm/gma500/gma_display.o
  CC [M]  drivers/gpu/drm/gma500/gma_device.o
  CC [M]  drivers/gpu/drm/gma500/psb_intel_display.o
  CC [M]  drivers/gpu/drm/gma500/psb_intel_lvds.o
  CC [M]  drivers/gpu/drm/gma500/psb_intel_modes.o
  CC [M]  drivers/gpu/drm/gma500/psb_intel_sdvo.o
  CC [M]  drivers/gpu/drm/gma500/psb_lid.o
  CC [M]  drivers/gpu/drm/gma500/psb_irq.o
  CC [M]  drivers/gpu/drm/gma500/psb_device.o
  CC [M]  drivers/gpu/drm/gma500/mid_bios.o
  CC [M]  drivers/gpu/drm/gma500/opregion.o
  CC [M]  drivers/gpu/drm/gma500/cdv_device.o
  CC [M]  drivers/gpu/drm/gma500/cdv_intel_crt.o
  CC [M]  drivers/gpu/drm/gma500/cdv_intel_display.o
  CC [M]  drivers/gpu/drm/gma500/cdv_intel_hdmi.o
  CC [M]  drivers/gpu/drm/gma500/cdv_intel_lvds.o
  CC [M]  drivers/gpu/drm/gma500/cdv_intel_dp.o
  CC [M]  drivers/gpu/drm/gma500/oaktrail_device.o
  CC [M]  drivers/gpu/drm/gma500/oaktrail_crtc.o
  CC [M]  drivers/gpu/drm/gma500/oaktrail_lvds.o
  CC [M]  drivers/gpu/drm/gma500/oaktrail_hdmi.o
  CC [M]  drivers/gpu/drm/gma500/oaktrail_hdmi_i2c.o
  LD [M]  drivers/gpu/drm/gma500/gma500_gfx.o
  CC [M]  drivers/gpu/drm/i2c/ch7006_drv.o
  CC [M]  drivers/gpu/drm/i2c/ch7006_mode.o
  CC [M]  drivers/gpu/drm/i2c/sil164_drv.o
  CC [M]  drivers/gpu/drm/i2c/tda998x_drv.o
  LD [M]  drivers/gpu/drm/i2c/ch7006.o
  LD [M]  drivers/gpu/drm/i2c/sil164.o
  LD [M]  drivers/gpu/drm/i2c/tda998x.o
  CC [M]  drivers/gpu/drm/i810/i810_drv.o
  CC [M]  drivers/gpu/drm/i810/i810_dma.o
  LD [M]  drivers/gpu/drm/i810/i810.o
  CC [M]  drivers/gpu/drm/i915/i915_drv.o
  CC [M]  drivers/gpu/drm/i915/i915_params.o
  CC [M]  drivers/gpu/drm/i915/i915_suspend.o
  CC [M]  drivers/gpu/drm/i915/i915_sysfs.o
  CC [M]  drivers/gpu/drm/i915/intel_pm.o
  CC [M]  drivers/gpu/drm/i915/i915_ioc32.o
  CC [M]  drivers/gpu/drm/i915/i915_debugfs.o
  CC [M]  drivers/gpu/drm/i915/i915_cmd_parser.o
  CC [M]  drivers/gpu/drm/i915/i915_gem_context.o
  CC [M]  drivers/gpu/drm/i915/i915_gem_render_state.o
  CC [M]  drivers/gpu/drm/i915/i915_gem_debug.o
  CC [M]  drivers/gpu/drm/i915/i915_gem_dmabuf.o
  CC [M]  drivers/gpu/drm/i915/i915_gem_evict.o
  CC [M]  drivers/gpu/drm/i915/i915_gem_execbuffer.o
  CC [M]  drivers/gpu/drm/i915/i915_gem_gtt.o
  CC [M]  drivers/gpu/drm/i915/i915_gem.o
  CC [M]  drivers/gpu/drm/i915/i915_gem_stolen.o
  CC [M]  drivers/gpu/drm/i915/i915_gem_tiling.o
  CC [M]  drivers/gpu/drm/i915/i915_gem_userptr.o
  CC [M]  drivers/gpu/drm/i915/i915_gpu_error.o
  CC [M]  drivers/gpu/drm/i915/i915_irq.o
  CC [M]  drivers/gpu/drm/i915/i915_trace_points.o
  CC [M]  drivers/gpu/drm/i915/intel_ringbuffer.o
  CC [M]  drivers/gpu/drm/i915/intel_uncore.o
  CC [M]  drivers/gpu/drm/i915/intel_renderstate_gen6.o
  CC [M]  drivers/gpu/drm/i915/intel_renderstate_gen7.o
  CC [M]  drivers/gpu/drm/i915/intel_renderstate_gen8.o
  CC [M]  drivers/gpu/drm/i915/intel_bios.o
  CC [M]  drivers/gpu/drm/i915/intel_display.o
  CC [M]  drivers/gpu/drm/i915/intel_modes.o
  CC [M]  drivers/gpu/drm/i915/intel_overlay.o
  CC [M]  drivers/gpu/drm/i915/intel_sideband.o
  CC [M]  drivers/gpu/drm/i915/intel_sprite.o
  CC [M]  drivers/gpu/drm/i915/intel_acpi.o
  CC [M]  drivers/gpu/drm/i915/intel_opregion.o
  CC [M]  drivers/gpu/drm/i915/intel_fbdev.o
  CC [M]  drivers/gpu/drm/i915/dvo_ch7017.o
  CC [M]  drivers/gpu/drm/i915/dvo_ch7xxx.o
  CC [M]  drivers/gpu/drm/i915/dvo_ivch.o
  CC [M]  drivers/gpu/drm/i915/dvo_ns2501.o
  CC [M]  drivers/gpu/drm/i915/dvo_sil164.o
  CC [M]  drivers/gpu/drm/i915/dvo_tfp410.o
  CC [M]  drivers/gpu/drm/i915/intel_crt.o
  CC [M]  drivers/gpu/drm/i915/intel_ddi.o
  CC [M]  drivers/gpu/drm/i915/intel_dp.o
  CC [M]  drivers/gpu/drm/i915/intel_dsi_cmd.o
  CC [M]  drivers/gpu/drm/i915/intel_dsi.o
  CC [M]  drivers/gpu/drm/i915/intel_dsi_pll.o
  CC [M]  drivers/gpu/drm/i915/intel_dsi_panel_vbt.o
  CC [M]  drivers/gpu/drm/i915/intel_dvo.o
  CC [M]  drivers/gpu/drm/i915/intel_hdmi.o
  CC [M]  drivers/gpu/drm/i915/intel_i2c.o
  CC [M]  drivers/gpu/drm/i915/intel_lvds.o
  CC [M]  drivers/gpu/drm/i915/intel_panel.o
  CC [M]  drivers/gpu/drm/i915/intel_sdvo.o
  CC [M]  drivers/gpu/drm/i915/intel_tv.o
  CC [M]  drivers/gpu/drm/i915/i915_dma.o
  CC [M]  drivers/gpu/drm/i915/i915_ums.o
  LD [M]  drivers/gpu/drm/i915/i915.o
  CC [M]  drivers/gpu/drm/mga/mga_drv.o
  CC [M]  drivers/gpu/drm/mga/mga_dma.o
  CC [M]  drivers/gpu/drm/mga/mga_state.o
  CC [M]  drivers/gpu/drm/mga/mga_warp.o
  CC [M]  drivers/gpu/drm/mga/mga_irq.o
  CC [M]  drivers/gpu/drm/mga/mga_ioc32.o
  LD [M]  drivers/gpu/drm/mga/mga.o
  CC [M]  drivers/gpu/drm/nouveau/core/core/client.o
  CC [M]  drivers/gpu/drm/nouveau/core/core/engctx.o
  CC [M]  drivers/gpu/drm/nouveau/core/core/engine.o
  CC [M]  drivers/gpu/drm/nouveau/core/core/enum.o
  CC [M]  drivers/gpu/drm/nouveau/core/core/event.o
  CC [M]  drivers/gpu/drm/nouveau/core/core/gpuobj.o
  CC [M]  drivers/gpu/drm/nouveau/core/core/handle.o
  CC [M]  drivers/gpu/drm/nouveau/core/core/mm.o
  CC [M]  drivers/gpu/drm/nouveau/core/core/namedb.o
  CC [M]  drivers/gpu/drm/nouveau/core/core/object.o
  CC [M]  drivers/gpu/drm/nouveau/core/core/option.o
  CC [M]  drivers/gpu/drm/nouveau/core/core/parent.o
  CC [M]  drivers/gpu/drm/nouveau/core/core/printk.o
  CC [M]  drivers/gpu/drm/nouveau/core/core/ramht.o
  CC [M]  drivers/gpu/drm/nouveau/core/core/subdev.o
  CC [M]  drivers/gpu/drm/nouveau/core/subdev/bar/base.o
  CC [M]  drivers/gpu/drm/nouveau/core/subdev/bar/nv50.o
  CC [M]  drivers/gpu/drm/nouveau/core/subdev/bar/nvc0.o
  CC [M]  drivers/gpu/drm/nouveau/core/subdev/bios/base.o
  CC [M]  drivers/gpu/drm/nouveau/core/subdev/bios/bit.o
  CC [M]  drivers/gpu/drm/nouveau/core/subdev/bios/boost.o
  CC [M]  drivers/gpu/drm/nouveau/core/subdev/bios/conn.o
  CC [M]  drivers/gpu/drm/nouveau/core/subdev/bios/cstep.o
  CC [M]  drivers/gpu/drm/nouveau/core/subdev/bios/dcb.o
  CC [M]  drivers/gpu/drm/nouveau/core/subdev/bios/disp.o
  CC [M]  drivers/gpu/drm/nouveau/core/subdev/bios/dp.o
  CC [M]  drivers/gpu/drm/nouveau/core/subdev/bios/extdev.o
  CC [M]  drivers/gpu/drm/nouveau/core/subdev/bios/gpio.o
  CC [M]  drivers/gpu/drm/nouveau/core/subdev/bios/i2c.o
  CC [M]  drivers/gpu/drm/nouveau/core/subdev/bios/init.o
  CC [M]  drivers/gpu/drm/nouveau/core/subdev/bios/mxm.o
  CC [M]  drivers/gpu/drm/nouveau/core/subdev/bios/perf.o
  CC [M]  drivers/gpu/drm/nouveau/core/subdev/bios/pll.o
  CC [M]  drivers/gpu/drm/nouveau/core/subdev/bios/ramcfg.o
  CC [M]  drivers/gpu/drm/nouveau/core/subdev/bios/rammap.o
  CC [M]  drivers/gpu/drm/nouveau/core/subdev/bios/timing.o
  CC [M]  drivers/gpu/drm/nouveau/core/subdev/bios/therm.o
  CC [M]  drivers/gpu/drm/nouveau/core/subdev/bios/vmap.o
  CC [M]  drivers/gpu/drm/nouveau/core/subdev/bios/volt.o
  CC [M]  drivers/gpu/drm/nouveau/core/subdev/bios/xpio.o
  CC [M]  drivers/gpu/drm/nouveau/core/subdev/bios/P0260.o
  CC [M]  drivers/gpu/drm/nouveau/core/subdev/bus/hwsq.o
  CC [M]  drivers/gpu/drm/nouveau/core/subdev/bus/nv04.o
  CC [M]  drivers/gpu/drm/nouveau/core/subdev/bus/nv31.o
  CC [M]  drivers/gpu/drm/nouveau/core/subdev/bus/nv50.o
  CC [M]  drivers/gpu/drm/nouveau/core/subdev/bus/nv94.o
  CC [M]  drivers/gpu/drm/nouveau/core/subdev/bus/nvc0.o
  CC [M]  drivers/gpu/drm/nouveau/core/subdev/clock/base.o
  CC [M]  drivers/gpu/drm/nouveau/core/subdev/clock/nv04.o
  CC [M]  drivers/gpu/drm/nouveau/core/subdev/clock/nv40.o
  CC [M]  drivers/gpu/drm/nouveau/core/subdev/clock/nv50.o
  CC [M]  drivers/gpu/drm/nouveau/core/subdev/clock/nv84.o
  CC [M]  drivers/gpu/drm/nouveau/core/subdev/clock/nva3.o
  CC [M]  drivers/gpu/drm/nouveau/core/subdev/clock/nvaa.o
  CC [M]  drivers/gpu/drm/nouveau/core/subdev/clock/nvc0.o
  CC [M]  drivers/gpu/drm/nouveau/core/subdev/clock/nve0.o
  CC [M]  drivers/gpu/drm/nouveau/core/subdev/clock/pllnv04.o
  CC [M]  drivers/gpu/drm/nouveau/core/subdev/clock/pllnva3.o
  CC [M]  drivers/gpu/drm/nouveau/core/subdev/devinit/base.o
  CC [M]  drivers/gpu/drm/nouveau/core/subdev/devinit/nv04.o
  CC [M]  drivers/gpu/drm/nouveau/core/subdev/devinit/nv05.o
  CC [M]  drivers/gpu/drm/nouveau/core/subdev/devinit/nv10.o
  CC [M]  drivers/gpu/drm/nouveau/core/subdev/devinit/nv1a.o
  CC [M]  drivers/gpu/drm/nouveau/core/subdev/devinit/nv20.o
  CC [M]  drivers/gpu/drm/nouveau/core/subdev/devinit/nv50.o
  CC [M]  drivers/gpu/drm/nouveau/core/subdev/devinit/nv84.o
  CC [M]  drivers/gpu/drm/nouveau/core/subdev/devinit/nv98.o
  CC [M]  drivers/gpu/drm/nouveau/core/subdev/devinit/nva3.o
  CC [M]  drivers/gpu/drm/nouveau/core/subdev/devinit/nvaf.o
  CC [M]  drivers/gpu/drm/nouveau/core/subdev/devinit/nvc0.o
  CC [M]  drivers/gpu/drm/nouveau/core/subdev/devinit/gm107.o
  CC [M]  drivers/gpu/drm/nouveau/core/subdev/fb/base.o
  CC [M]  drivers/gpu/drm/nouveau/core/subdev/fb/nv04.o
  CC [M]  drivers/gpu/drm/nouveau/core/subdev/fb/nv10.o
  CC [M]  drivers/gpu/drm/nouveau/core/subdev/fb/nv1a.o
  CC [M]  drivers/gpu/drm/nouveau/core/subdev/fb/nv20.o
  CC [M]  drivers/gpu/drm/nouveau/core/subdev/fb/nv25.o
  CC [M]  drivers/gpu/drm/nouveau/core/subdev/fb/nv30.o
  CC [M]  drivers/gpu/drm/nouveau/core/subdev/fb/nv35.o
  CC [M]  drivers/gpu/drm/nouveau/core/subdev/fb/nv36.o
  CC [M]  drivers/gpu/drm/nouveau/core/subdev/fb/nv40.o
  CC [M]  drivers/gpu/drm/nouveau/core/subdev/fb/nv41.o
  CC [M]  drivers/gpu/drm/nouveau/core/subdev/fb/nv44.o
  CC [M]  drivers/gpu/drm/nouveau/core/subdev/fb/nv46.o
  CC [M]  drivers/gpu/drm/nouveau/core/subdev/fb/nv47.o
  CC [M]  drivers/gpu/drm/nouveau/core/subdev/fb/nv49.o
  CC [M]  drivers/gpu/drm/nouveau/core/subdev/fb/nv4e.o
  CC [M]  drivers/gpu/drm/nouveau/core/subdev/fb/nv50.o
  CC [M]  drivers/gpu/drm/nouveau/core/subdev/fb/nv84.o
  CC [M]  drivers/gpu/drm/nouveau/core/subdev/fb/nva3.o
  CC [M]  drivers/gpu/drm/nouveau/core/subdev/fb/nvaa.o
  CC [M]  drivers/gpu/drm/nouveau/core/subdev/fb/nvaf.o
  CC [M]  drivers/gpu/drm/nouveau/core/subdev/fb/nvc0.o
  CC [M]  drivers/gpu/drm/nouveau/core/subdev/fb/nve0.o
  CC [M]  drivers/gpu/drm/nouveau/core/subdev/fb/gk20a.o
  CC [M]  drivers/gpu/drm/nouveau/core/subdev/fb/gm107.o
  CC [M]  drivers/gpu/drm/nouveau/core/subdev/fb/ramnv04.o
  CC [M]  drivers/gpu/drm/nouveau/core/subdev/fb/ramnv10.o
  CC [M]  drivers/gpu/drm/nouveau/core/subdev/fb/ramnv1a.o
  CC [M]  drivers/gpu/drm/nouveau/core/subdev/fb/ramnv20.o
  CC [M]  drivers/gpu/drm/nouveau/core/subdev/fb/ramnv40.o
  CC [M]  drivers/gpu/drm/nouveau/core/subdev/fb/ramnv41.o
  CC [M]  drivers/gpu/drm/nouveau/core/subdev/fb/ramnv44.o
  CC [M]  drivers/gpu/drm/nouveau/core/subdev/fb/ramnv49.o
  CC [M]  drivers/gpu/drm/nouveau/core/subdev/fb/ramnv4e.o
  CC [M]  drivers/gpu/drm/nouveau/core/subdev/fb/ramnv50.o
  CC [M]  drivers/gpu/drm/nouveau/core/subdev/fb/ramnva3.o
  CC [M]  drivers/gpu/drm/nouveau/core/subdev/fb/ramnvaa.o
  CC [M]  drivers/gpu/drm/nouveau/core/subdev/fb/ramnvc0.o
  CC [M]  drivers/gpu/drm/nouveau/core/subdev/fb/ramnve0.o
  CC [M]  drivers/gpu/drm/nouveau/core/subdev/fb/ramgk20a.o
  CC [M]  drivers/gpu/drm/nouveau/core/subdev/fb/ramgm107.o
  CC [M]  drivers/gpu/drm/nouveau/core/subdev/fb/sddr3.o
  CC [M]  drivers/gpu/drm/nouveau/core/subdev/fb/gddr5.o
  CC [M]  drivers/gpu/drm/nouveau/core/subdev/gpio/base.o
  CC [M]  drivers/gpu/drm/nouveau/core/subdev/gpio/nv10.o
  CC [M]  drivers/gpu/drm/nouveau/core/subdev/gpio/nv50.o
  CC [M]  drivers/gpu/drm/nouveau/core/subdev/gpio/nv92.o
  CC [M]  drivers/gpu/drm/nouveau/core/subdev/gpio/nvd0.o
  CC [M]  drivers/gpu/drm/nouveau/core/subdev/gpio/nve0.o
  CC [M]  drivers/gpu/drm/nouveau/core/subdev/i2c/base.o
  CC [M]  drivers/gpu/drm/nouveau/core/subdev/i2c/anx9805.o
  CC [M]  drivers/gpu/drm/nouveau/core/subdev/i2c/aux.o
  CC [M]  drivers/gpu/drm/nouveau/core/subdev/i2c/bit.o
  CC [M]  drivers/gpu/drm/nouveau/core/subdev/i2c/pad.o
  CC [M]  drivers/gpu/drm/nouveau/core/subdev/i2c/padnv04.o
  CC [M]  drivers/gpu/drm/nouveau/core/subdev/i2c/padnv94.o
  CC [M]  drivers/gpu/drm/nouveau/core/subdev/i2c/nv04.o
  CC [M]  drivers/gpu/drm/nouveau/core/subdev/i2c/nv4e.o
  CC [M]  drivers/gpu/drm/nouveau/core/subdev/i2c/nv50.o
  CC [M]  drivers/gpu/drm/nouveau/core/subdev/i2c/nv94.o
  CC [M]  drivers/gpu/drm/nouveau/core/subdev/i2c/nvd0.o
  CC [M]  drivers/gpu/drm/nouveau/core/subdev/i2c/gf117.o
  CC [M]  drivers/gpu/drm/nouveau/core/subdev/i2c/nve0.o
  CC [M]  drivers/gpu/drm/nouveau/core/subdev/ibus/nvc0.o
  CC [M]  drivers/gpu/drm/nouveau/core/subdev/ibus/nve0.o
  CC [M]  drivers/gpu/drm/nouveau/core/subdev/ibus/gk20a.o
  CC [M]  drivers/gpu/drm/nouveau/core/subdev/instmem/base.o
  CC [M]  drivers/gpu/drm/nouveau/core/subdev/instmem/nv04.o
  CC [M]  drivers/gpu/drm/nouveau/core/subdev/instmem/nv40.o
  CC [M]  drivers/gpu/drm/nouveau/core/subdev/instmem/nv50.o
  CC [M]  drivers/gpu/drm/nouveau/core/subdev/ltcg/gf100.o
  CC [M]  drivers/gpu/drm/nouveau/core/subdev/ltcg/gm107.o
  CC [M]  drivers/gpu/drm/nouveau/core/subdev/mc/base.o
  CC [M]  drivers/gpu/drm/nouveau/core/subdev/mc/nv04.o
  CC [M]  drivers/gpu/drm/nouveau/core/subdev/mc/nv40.o
  CC [M]  drivers/gpu/drm/nouveau/core/subdev/mc/nv44.o
  CC [M]  drivers/gpu/drm/nouveau/core/subdev/mc/nv4c.o
  CC [M]  drivers/gpu/drm/nouveau/core/subdev/mc/nv50.o
  CC [M]  drivers/gpu/drm/nouveau/core/subdev/mc/nv94.o
  CC [M]  drivers/gpu/drm/nouveau/core/subdev/mc/nv98.o
  CC [M]  drivers/gpu/drm/nouveau/core/subdev/mc/nvc0.o
  CC [M]  drivers/gpu/drm/nouveau/core/subdev/mc/nvc3.o
  CC [M]  drivers/gpu/drm/nouveau/core/subdev/mxm/base.o
  CC [M]  drivers/gpu/drm/nouveau/core/subdev/mxm/mxms.o
  CC [M]  drivers/gpu/drm/nouveau/core/subdev/mxm/nv50.o
  CC [M]  drivers/gpu/drm/nouveau/core/subdev/pwr/base.o
  CC [M]  drivers/gpu/drm/nouveau/core/subdev/pwr/memx.o
  CC [M]  drivers/gpu/drm/nouveau/core/subdev/pwr/nva3.o
  CC [M]  drivers/gpu/drm/nouveau/core/subdev/pwr/nvc0.o
  CC [M]  drivers/gpu/drm/nouveau/core/subdev/pwr/nvd0.o
  CC [M]  drivers/gpu/drm/nouveau/core/subdev/pwr/nv108.o
  CC [M]  drivers/gpu/drm/nouveau/core/subdev/therm/base.o
  CC [M]  drivers/gpu/drm/nouveau/core/subdev/therm/fan.o
  CC [M]  drivers/gpu/drm/nouveau/core/subdev/therm/fannil.o
  CC [M]  drivers/gpu/drm/nouveau/core/subdev/therm/fanpwm.o
  CC [M]  drivers/gpu/drm/nouveau/core/subdev/therm/fantog.o
  CC [M]  drivers/gpu/drm/nouveau/core/subdev/therm/ic.o
  CC [M]  drivers/gpu/drm/nouveau/core/subdev/therm/temp.o
  CC [M]  drivers/gpu/drm/nouveau/core/subdev/therm/nv40.o
  CC [M]  drivers/gpu/drm/nouveau/core/subdev/therm/nv50.o
  CC [M]  drivers/gpu/drm/nouveau/core/subdev/therm/nv84.o
  CC [M]  drivers/gpu/drm/nouveau/core/subdev/therm/nva3.o
  CC [M]  drivers/gpu/drm/nouveau/core/subdev/therm/nvd0.o
  CC [M]  drivers/gpu/drm/nouveau/core/subdev/timer/base.o
  CC [M]  drivers/gpu/drm/nouveau/core/subdev/timer/nv04.o
  CC [M]  drivers/gpu/drm/nouveau/core/subdev/timer/gk20a.o
  CC [M]  drivers/gpu/drm/nouveau/core/subdev/vm/base.o
  CC [M]  drivers/gpu/drm/nouveau/core/subdev/vm/nv04.o
  CC [M]  drivers/gpu/drm/nouveau/core/subdev/vm/nv41.o
  CC [M]  drivers/gpu/drm/nouveau/core/subdev/vm/nv44.o
  CC [M]  drivers/gpu/drm/nouveau/core/subdev/vm/nv50.o
  CC [M]  drivers/gpu/drm/nouveau/core/subdev/vm/nvc0.o
  CC [M]  drivers/gpu/drm/nouveau/core/subdev/volt/base.o
  CC [M]  drivers/gpu/drm/nouveau/core/subdev/volt/gpio.o
  CC [M]  drivers/gpu/drm/nouveau/core/subdev/volt/nv40.o
  CC [M]  drivers/gpu/drm/nouveau/core/engine/falcon.o
  CC [M]  drivers/gpu/drm/nouveau/core/engine/xtensa.o
  CC [M]  drivers/gpu/drm/nouveau/core/engine/dmaobj/base.o
  CC [M]  drivers/gpu/drm/nouveau/core/engine/dmaobj/nv04.o
  CC [M]  drivers/gpu/drm/nouveau/core/engine/dmaobj/nv50.o
  CC [M]  drivers/gpu/drm/nouveau/core/engine/dmaobj/nvc0.o
  CC [M]  drivers/gpu/drm/nouveau/core/engine/dmaobj/nvd0.o
  CC [M]  drivers/gpu/drm/nouveau/core/engine/bsp/nv84.o
  CC [M]  drivers/gpu/drm/nouveau/core/engine/bsp/nv98.o
  CC [M]  drivers/gpu/drm/nouveau/core/engine/bsp/nvc0.o
  CC [M]  drivers/gpu/drm/nouveau/core/engine/bsp/nve0.o
  CC [M]  drivers/gpu/drm/nouveau/core/engine/copy/nva3.o
  CC [M]  drivers/gpu/drm/nouveau/core/engine/copy/nvc0.o
  CC [M]  drivers/gpu/drm/nouveau/core/engine/copy/nve0.o
  CC [M]  drivers/gpu/drm/nouveau/core/engine/crypt/nv84.o
  CC [M]  drivers/gpu/drm/nouveau/core/engine/crypt/nv98.o
  CC [M]  drivers/gpu/drm/nouveau/core/engine/device/base.o
  CC [M]  drivers/gpu/drm/nouveau/core/engine/device/ctrl.o
  CC [M]  drivers/gpu/drm/nouveau/core/engine/device/nv04.o
  CC [M]  drivers/gpu/drm/nouveau/core/engine/device/nv10.o
  CC [M]  drivers/gpu/drm/nouveau/core/engine/device/nv20.o
  CC [M]  drivers/gpu/drm/nouveau/core/engine/device/nv30.o
  CC [M]  drivers/gpu/drm/nouveau/core/engine/device/nv40.o
  CC [M]  drivers/gpu/drm/nouveau/core/engine/device/nv50.o
  CC [M]  drivers/gpu/drm/nouveau/core/engine/device/nvc0.o
  CC [M]  drivers/gpu/drm/nouveau/core/engine/device/nve0.o
  CC [M]  drivers/gpu/drm/nouveau/core/engine/device/gm100.o
  CC [M]  drivers/gpu/drm/nouveau/core/engine/disp/base.o
  CC [M]  drivers/gpu/drm/nouveau/core/engine/disp/conn.o
  CC [M]  drivers/gpu/drm/nouveau/core/engine/disp/outp.o
  CC [M]  drivers/gpu/drm/nouveau/core/engine/disp/outpdp.o
  CC [M]  drivers/gpu/drm/nouveau/core/engine/disp/nv04.o
  CC [M]  drivers/gpu/drm/nouveau/core/engine/disp/nv50.o
  CC [M]  drivers/gpu/drm/nouveau/core/engine/disp/nv84.o
  CC [M]  drivers/gpu/drm/nouveau/core/engine/disp/nv94.o
  CC [M]  drivers/gpu/drm/nouveau/core/engine/disp/nva0.o
  CC [M]  drivers/gpu/drm/nouveau/core/engine/disp/nva3.o
  CC [M]  drivers/gpu/drm/nouveau/core/engine/disp/nvd0.o
  CC [M]  drivers/gpu/drm/nouveau/core/engine/disp/nve0.o
  CC [M]  drivers/gpu/drm/nouveau/core/engine/disp/nvf0.o
  CC [M]  drivers/gpu/drm/nouveau/core/engine/disp/gm107.o
  CC [M]  drivers/gpu/drm/nouveau/core/engine/disp/dacnv50.o
  CC [M]  drivers/gpu/drm/nouveau/core/engine/disp/dport.o
  CC [M]  drivers/gpu/drm/nouveau/core/engine/disp/hdanva3.o
  CC [M]  drivers/gpu/drm/nouveau/core/engine/disp/hdanvd0.o
  CC [M]  drivers/gpu/drm/nouveau/core/engine/disp/hdminv84.o
  CC [M]  drivers/gpu/drm/nouveau/core/engine/disp/hdminva3.o
  CC [M]  drivers/gpu/drm/nouveau/core/engine/disp/hdminvd0.o
  CC [M]  drivers/gpu/drm/nouveau/core/engine/disp/piornv50.o
  CC [M]  drivers/gpu/drm/nouveau/core/engine/disp/sornv50.o
  CC [M]  drivers/gpu/drm/nouveau/core/engine/disp/sornv94.o
  CC [M]  drivers/gpu/drm/nouveau/core/engine/disp/sornvd0.o
  CC [M]  drivers/gpu/drm/nouveau/core/engine/disp/vga.o
  CC [M]  drivers/gpu/drm/nouveau/core/engine/fifo/base.o
  CC [M]  drivers/gpu/drm/nouveau/core/engine/fifo/nv04.o
  CC [M]  drivers/gpu/drm/nouveau/core/engine/fifo/nv10.o
  CC [M]  drivers/gpu/drm/nouveau/core/engine/fifo/nv17.o
  CC [M]  drivers/gpu/drm/nouveau/core/engine/fifo/nv40.o
  CC [M]  drivers/gpu/drm/nouveau/core/engine/fifo/nv50.o
  CC [M]  drivers/gpu/drm/nouveau/core/engine/fifo/nv84.o
  CC [M]  drivers/gpu/drm/nouveau/core/engine/fifo/nvc0.o
  CC [M]  drivers/gpu/drm/nouveau/core/engine/fifo/nve0.o
  CC [M]  drivers/gpu/drm/nouveau/core/engine/fifo/gk20a.o
  CC [M]  drivers/gpu/drm/nouveau/core/engine/fifo/nv108.o
  CC [M]  drivers/gpu/drm/nouveau/core/engine/graph/ctxnv40.o
  CC [M]  drivers/gpu/drm/nouveau/core/engine/graph/ctxnv50.o
  CC [M]  drivers/gpu/drm/nouveau/core/engine/graph/ctxnvc0.o
  CC [M]  drivers/gpu/drm/nouveau/core/engine/graph/ctxnvc1.o
  CC [M]  drivers/gpu/drm/nouveau/core/engine/graph/ctxnvc4.o
  CC [M]  drivers/gpu/drm/nouveau/core/engine/graph/ctxnvc8.o
  CC [M]  drivers/gpu/drm/nouveau/core/engine/graph/ctxnvd7.o
  CC [M]  drivers/gpu/drm/nouveau/core/engine/graph/ctxnvd9.o
  CC [M]  drivers/gpu/drm/nouveau/core/engine/graph/ctxnve4.o
  CC [M]  drivers/gpu/drm/nouveau/core/engine/graph/ctxgk20a.o
  CC [M]  drivers/gpu/drm/nouveau/core/engine/graph/ctxnvf0.o
  CC [M]  drivers/gpu/drm/nouveau/core/engine/graph/ctxnv108.o
  CC [M]  drivers/gpu/drm/nouveau/core/engine/graph/ctxgm107.o
  CC [M]  drivers/gpu/drm/nouveau/core/engine/graph/nv04.o
  CC [M]  drivers/gpu/drm/nouveau/core/engine/graph/nv10.o
  CC [M]  drivers/gpu/drm/nouveau/core/engine/graph/nv20.o
  CC [M]  drivers/gpu/drm/nouveau/core/engine/graph/nv25.o
  CC [M]  drivers/gpu/drm/nouveau/core/engine/graph/nv2a.o
  CC [M]  drivers/gpu/drm/nouveau/core/engine/graph/nv30.o
  CC [M]  drivers/gpu/drm/nouveau/core/engine/graph/nv34.o
  CC [M]  drivers/gpu/drm/nouveau/core/engine/graph/nv35.o
  CC [M]  drivers/gpu/drm/nouveau/core/engine/graph/nv40.o
  CC [M]  drivers/gpu/drm/nouveau/core/engine/graph/nv50.o
  CC [M]  drivers/gpu/drm/nouveau/core/engine/graph/nvc0.o
  CC [M]  drivers/gpu/drm/nouveau/core/engine/graph/nvc1.o
  CC [M]  drivers/gpu/drm/nouveau/core/engine/graph/nvc4.o
  CC [M]  drivers/gpu/drm/nouveau/core/engine/graph/nvc8.o
  CC [M]  drivers/gpu/drm/nouveau/core/engine/graph/nvd7.o
  CC [M]  drivers/gpu/drm/nouveau/core/engine/graph/nvd9.o
  CC [M]  drivers/gpu/drm/nouveau/core/engine/graph/nve4.o
  CC [M]  drivers/gpu/drm/nouveau/core/engine/graph/gk20a.o
  CC [M]  drivers/gpu/drm/nouveau/core/engine/graph/nvf0.o
  CC [M]  drivers/gpu/drm/nouveau/core/engine/graph/nv108.o
  CC [M]  drivers/gpu/drm/nouveau/core/engine/graph/gm107.o
  CC [M]  drivers/gpu/drm/nouveau/core/engine/mpeg/nv31.o
  CC [M]  drivers/gpu/drm/nouveau/core/engine/mpeg/nv40.o
  CC [M]  drivers/gpu/drm/nouveau/core/engine/mpeg/nv44.o
  CC [M]  drivers/gpu/drm/nouveau/core/engine/mpeg/nv50.o
  CC [M]  drivers/gpu/drm/nouveau/core/engine/mpeg/nv84.o
  CC [M]  drivers/gpu/drm/nouveau/core/engine/perfmon/base.o
  CC [M]  drivers/gpu/drm/nouveau/core/engine/perfmon/daemon.o
  CC [M]  drivers/gpu/drm/nouveau/core/engine/perfmon/nv40.o
  CC [M]  drivers/gpu/drm/nouveau/core/engine/perfmon/nv50.o
  CC [M]  drivers/gpu/drm/nouveau/core/engine/perfmon/nv84.o
  CC [M]  drivers/gpu/drm/nouveau/core/engine/perfmon/nva3.o
  CC [M]  drivers/gpu/drm/nouveau/core/engine/perfmon/nvc0.o
  CC [M]  drivers/gpu/drm/nouveau/core/engine/perfmon/nve0.o
  CC [M]  drivers/gpu/drm/nouveau/core/engine/perfmon/nvf0.o
  CC [M]  drivers/gpu/drm/nouveau/core/engine/ppp/nv98.o
  CC [M]  drivers/gpu/drm/nouveau/core/engine/ppp/nvc0.o
  CC [M]  drivers/gpu/drm/nouveau/core/engine/software/nv04.o
  CC [M]  drivers/gpu/drm/nouveau/core/engine/software/nv10.o
  CC [M]  drivers/gpu/drm/nouveau/core/engine/software/nv50.o
  CC [M]  drivers/gpu/drm/nouveau/core/engine/software/nvc0.o
  CC [M]  drivers/gpu/drm/nouveau/core/engine/vp/nv84.o
  CC [M]  drivers/gpu/drm/nouveau/core/engine/vp/nv98.o
  CC [M]  drivers/gpu/drm/nouveau/core/engine/vp/nvc0.o
  CC [M]  drivers/gpu/drm/nouveau/core/engine/vp/nve0.o
  CC [M]  drivers/gpu/drm/nouveau/nouveau_drm.o
  CC [M]  drivers/gpu/drm/nouveau/nouveau_chan.o
  CC [M]  drivers/gpu/drm/nouveau/nouveau_dma.o
  CC [M]  drivers/gpu/drm/nouveau/nouveau_fence.o
  CC [M]  drivers/gpu/drm/nouveau/nouveau_vga.o
  CC [M]  drivers/gpu/drm/nouveau/nouveau_agp.o
  CC [M]  drivers/gpu/drm/nouveau/nouveau_ttm.o
  CC [M]  drivers/gpu/drm/nouveau/nouveau_sgdma.o
  CC [M]  drivers/gpu/drm/nouveau/nouveau_bo.o
  CC [M]  drivers/gpu/drm/nouveau/nouveau_gem.o
  CC [M]  drivers/gpu/drm/nouveau/nouveau_prime.o
  CC [M]  drivers/gpu/drm/nouveau/nouveau_abi16.o
  CC [M]  drivers/gpu/drm/nouveau/nv04_fence.o
  CC [M]  drivers/gpu/drm/nouveau/nv10_fence.o
  CC [M]  drivers/gpu/drm/nouveau/nv17_fence.o
  CC [M]  drivers/gpu/drm/nouveau/nv50_fence.o
  CC [M]  drivers/gpu/drm/nouveau/nv84_fence.o
  CC [M]  drivers/gpu/drm/nouveau/nvc0_fence.o
  CC [M]  drivers/gpu/drm/nouveau/nouveau_bios.o
  CC [M]  drivers/gpu/drm/nouveau/nouveau_fbcon.o
  CC [M]  drivers/gpu/drm/nouveau/nouveau_display.o
  CC [M]  drivers/gpu/drm/nouveau/nouveau_connector.o
  CC [M]  drivers/gpu/drm/nouveau/nouveau_dp.o
  CC [M]  drivers/gpu/drm/nouveau/nv04_fbcon.o
  CC [M]  drivers/gpu/drm/nouveau/nv50_fbcon.o
  CC [M]  drivers/gpu/drm/nouveau/nvc0_fbcon.o
  CC [M]  drivers/gpu/drm/nouveau/dispnv04/arb.o
  CC [M]  drivers/gpu/drm/nouveau/dispnv04/crtc.o
  CC [M]  drivers/gpu/drm/nouveau/dispnv04/cursor.o
  CC [M]  drivers/gpu/drm/nouveau/dispnv04/dac.o
  CC [M]  drivers/gpu/drm/nouveau/dispnv04/dfp.o
  CC [M]  drivers/gpu/drm/nouveau/dispnv04/disp.o
  CC [M]  drivers/gpu/drm/nouveau/dispnv04/hw.o
  CC [M]  drivers/gpu/drm/nouveau/dispnv04/overlay.o
  CC [M]  drivers/gpu/drm/nouveau/dispnv04/tvmodesnv17.o
  CC [M]  drivers/gpu/drm/nouveau/dispnv04/tvnv04.o
  CC [M]  drivers/gpu/drm/nouveau/dispnv04/tvnv17.o
  CC [M]  drivers/gpu/drm/nouveau/nv50_display.o
  CC [M]  drivers/gpu/drm/nouveau/nouveau_hwmon.o
  CC [M]  drivers/gpu/drm/nouveau/nouveau_sysfs.o
  CC [M]  drivers/gpu/drm/nouveau/nouveau_ioc32.o
  CC [M]  drivers/gpu/drm/nouveau/nouveau_acpi.o
  CC [M]  drivers/gpu/drm/nouveau/nouveau_backlight.o
  CC [M]  drivers/gpu/drm/nouveau/nouveau_debugfs.o
  LD [M]  drivers/gpu/drm/nouveau/nouveau.o
  CC [M]  drivers/gpu/drm/qxl/qxl_drv.o
  CC [M]  drivers/gpu/drm/qxl/qxl_kms.o
  CC [M]  drivers/gpu/drm/qxl/qxl_display.o
  CC [M]  drivers/gpu/drm/qxl/qxl_ttm.o
  CC [M]  drivers/gpu/drm/qxl/qxl_fb.o
  CC [M]  drivers/gpu/drm/qxl/qxl_object.o
  CC [M]  drivers/gpu/drm/qxl/qxl_gem.o
  CC [M]  drivers/gpu/drm/qxl/qxl_cmd.o
  CC [M]  drivers/gpu/drm/qxl/qxl_image.o
  CC [M]  drivers/gpu/drm/qxl/qxl_draw.o
  CC [M]  drivers/gpu/drm/qxl/qxl_debugfs.o
  CC [M]  drivers/gpu/drm/qxl/qxl_irq.o
  CC [M]  drivers/gpu/drm/qxl/qxl_dumb.o
  CC [M]  drivers/gpu/drm/qxl/qxl_ioctl.o
  CC [M]  drivers/gpu/drm/qxl/qxl_fence.o
  CC [M]  drivers/gpu/drm/qxl/qxl_release.o
  LD [M]  drivers/gpu/drm/qxl/qxl.o
  CC [M]  drivers/gpu/drm/r128/r128_drv.o
  CC [M]  drivers/gpu/drm/r128/r128_cce.o
  CC [M]  drivers/gpu/drm/r128/r128_state.o
  CC [M]  drivers/gpu/drm/r128/r128_irq.o
  CC [M]  drivers/gpu/drm/r128/r128_ioc32.o
  LD [M]  drivers/gpu/drm/r128/r128.o
  CC [M]  drivers/gpu/drm/radeon/radeon_drv.o
  CC [M]  drivers/gpu/drm/radeon/radeon_device.o
  CC [M]  drivers/gpu/drm/radeon/radeon_asic.o
  CC [M]  drivers/gpu/drm/radeon/radeon_kms.o
  CC [M]  drivers/gpu/drm/radeon/radeon_atombios.o
  CC [M]  drivers/gpu/drm/radeon/radeon_agp.o
  CC [M]  drivers/gpu/drm/radeon/atombios_crtc.o
  CC [M]  drivers/gpu/drm/radeon/radeon_combios.o
  CC [M]  drivers/gpu/drm/radeon/atom.o
  CC [M]  drivers/gpu/drm/radeon/radeon_fence.o
  CC [M]  drivers/gpu/drm/radeon/radeon_ttm.o
  CC [M]  drivers/gpu/drm/radeon/radeon_object.o
  CC [M]  drivers/gpu/drm/radeon/radeon_gart.o
  CC [M]  drivers/gpu/drm/radeon/radeon_legacy_crtc.o
  CC [M]  drivers/gpu/drm/radeon/radeon_legacy_encoders.o
  CC [M]  drivers/gpu/drm/radeon/radeon_connectors.o
  CC [M]  drivers/gpu/drm/radeon/radeon_encoders.o
  CC [M]  drivers/gpu/drm/radeon/radeon_display.o
  CC [M]  drivers/gpu/drm/radeon/radeon_cursor.o
  CC [M]  drivers/gpu/drm/radeon/radeon_i2c.o
  CC [M]  drivers/gpu/drm/radeon/radeon_clocks.o
  CC [M]  drivers/gpu/drm/radeon/radeon_fb.o
  CC [M]  drivers/gpu/drm/radeon/radeon_gem.o
  CC [M]  drivers/gpu/drm/radeon/radeon_ring.o
  CC [M]  drivers/gpu/drm/radeon/radeon_irq_kms.o
  CC [M]  drivers/gpu/drm/radeon/radeon_cs.o
  CC [M]  drivers/gpu/drm/radeon/radeon_bios.o
  CC [M]  drivers/gpu/drm/radeon/radeon_benchmark.o
  HOSTCC  drivers/gpu/drm/radeon/mkregtable
  MKREGTABLE drivers/gpu/drm/radeon/r100_reg_safe.h
  MKREGTABLE drivers/gpu/drm/radeon/rn50_reg_safe.h
  CC [M]  drivers/gpu/drm/radeon/r100.o
  MKREGTABLE drivers/gpu/drm/radeon/r300_reg_safe.h
  CC [M]  drivers/gpu/drm/radeon/r300.o
  MKREGTABLE drivers/gpu/drm/radeon/r420_reg_safe.h
  CC [M]  drivers/gpu/drm/radeon/r420.o
  CC [M]  drivers/gpu/drm/radeon/rs400.o
  MKREGTABLE drivers/gpu/drm/radeon/rs600_reg_safe.h
  CC [M]  drivers/gpu/drm/radeon/rs600.o
  CC [M]  drivers/gpu/drm/radeon/rs690.o
  MKREGTABLE drivers/gpu/drm/radeon/rv515_reg_safe.h
  CC [M]  drivers/gpu/drm/radeon/rv515.o
  CC [M]  drivers/gpu/drm/radeon/r520.o
  CC [M]  drivers/gpu/drm/radeon/r600.o
  CC [M]  drivers/gpu/drm/radeon/rv770.o
  CC [M]  drivers/gpu/drm/radeon/radeon_test.o
  MKREGTABLE drivers/gpu/drm/radeon/r200_reg_safe.h
  CC [M]  drivers/gpu/drm/radeon/r200.o
  CC [M]  drivers/gpu/drm/radeon/radeon_legacy_tv.o
  MKREGTABLE drivers/gpu/drm/radeon/r600_reg_safe.h
  CC [M]  drivers/gpu/drm/radeon/r600_cs.o
  CC [M]  drivers/gpu/drm/radeon/r600_blit_shaders.o
  CC [M]  drivers/gpu/drm/radeon/radeon_pm.o
  CC [M]  drivers/gpu/drm/radeon/atombios_dp.o
  CC [M]  drivers/gpu/drm/radeon/r600_audio.o
  CC [M]  drivers/gpu/drm/radeon/r600_hdmi.o
  CC [M]  drivers/gpu/drm/radeon/dce3_1_afmt.o
  CC [M]  drivers/gpu/drm/radeon/evergreen.o
  MKREGTABLE drivers/gpu/drm/radeon/evergreen_reg_safe.h
  MKREGTABLE drivers/gpu/drm/radeon/cayman_reg_safe.h
  CC [M]  drivers/gpu/drm/radeon/evergreen_cs.o
  CC [M]  drivers/gpu/drm/radeon/evergreen_blit_shaders.o
  CC [M]  drivers/gpu/drm/radeon/evergreen_hdmi.o
  CC [M]  drivers/gpu/drm/radeon/radeon_trace_points.o
  CC [M]  drivers/gpu/drm/radeon/ni.o
  CC [M]  drivers/gpu/drm/radeon/cayman_blit_shaders.o
  CC [M]  drivers/gpu/drm/radeon/atombios_encoders.o
  CC [M]  drivers/gpu/drm/radeon/radeon_semaphore.o
  CC [M]  drivers/gpu/drm/radeon/radeon_sa.o
  CC [M]  drivers/gpu/drm/radeon/atombios_i2c.o
  CC [M]  drivers/gpu/drm/radeon/si.o
  CC [M]  drivers/gpu/drm/radeon/si_blit_shaders.o
  CC [M]  drivers/gpu/drm/radeon/radeon_prime.o
  CC [M]  drivers/gpu/drm/radeon/radeon_uvd.o
  CC [M]  drivers/gpu/drm/radeon/cik.o
  CC [M]  drivers/gpu/drm/radeon/cik_blit_shaders.o
  CC [M]  drivers/gpu/drm/radeon/r600_dpm.o
  CC [M]  drivers/gpu/drm/radeon/rs780_dpm.o
  CC [M]  drivers/gpu/drm/radeon/rv6xx_dpm.o
  CC [M]  drivers/gpu/drm/radeon/rv770_dpm.o
  CC [M]  drivers/gpu/drm/radeon/rv730_dpm.o
  CC [M]  drivers/gpu/drm/radeon/rv740_dpm.o
  CC [M]  drivers/gpu/drm/radeon/rv770_smc.o
  CC [M]  drivers/gpu/drm/radeon/cypress_dpm.o
  CC [M]  drivers/gpu/drm/radeon/btc_dpm.o
  CC [M]  drivers/gpu/drm/radeon/sumo_dpm.o
  CC [M]  drivers/gpu/drm/radeon/sumo_smc.o
  CC [M]  drivers/gpu/drm/radeon/trinity_dpm.o
  CC [M]  drivers/gpu/drm/radeon/trinity_smc.o
  CC [M]  drivers/gpu/drm/radeon/ni_dpm.o
  CC [M]  drivers/gpu/drm/radeon/si_smc.o
  CC [M]  drivers/gpu/drm/radeon/si_dpm.o
  CC [M]  drivers/gpu/drm/radeon/kv_smc.o
  CC [M]  drivers/gpu/drm/radeon/kv_dpm.o
  CC [M]  drivers/gpu/drm/radeon/ci_smc.o
  CC [M]  drivers/gpu/drm/radeon/ci_dpm.o
  CC [M]  drivers/gpu/drm/radeon/dce6_afmt.o
  CC [M]  drivers/gpu/drm/radeon/radeon_vm.o
  CC [M]  drivers/gpu/drm/radeon/r600_dma.o
  CC [M]  drivers/gpu/drm/radeon/rv770_dma.o
  CC [M]  drivers/gpu/drm/radeon/evergreen_dma.o
  CC [M]  drivers/gpu/drm/radeon/ni_dma.o
  CC [M]  drivers/gpu/drm/radeon/si_dma.o
  CC [M]  drivers/gpu/drm/radeon/cik_sdma.o
  CC [M]  drivers/gpu/drm/radeon/uvd_v1_0.o
  CC [M]  drivers/gpu/drm/radeon/uvd_v2_2.o
  CC [M]  drivers/gpu/drm/radeon/uvd_v3_1.o
  CC [M]  drivers/gpu/drm/radeon/uvd_v4_2.o
  CC [M]  drivers/gpu/drm/radeon/radeon_vce.o
  CC [M]  drivers/gpu/drm/radeon/vce_v1_0.o
  CC [M]  drivers/gpu/drm/radeon/vce_v2_0.o
  CC [M]  drivers/gpu/drm/radeon/radeon_ioc32.o
  CC [M]  drivers/gpu/drm/radeon/radeon_atpx_handler.o
  CC [M]  drivers/gpu/drm/radeon/radeon_acpi.o
  LD [M]  drivers/gpu/drm/radeon/radeon.o
  CC [M]  drivers/gpu/drm/savage/savage_drv.o
  CC [M]  drivers/gpu/drm/savage/savage_bci.o
  CC [M]  drivers/gpu/drm/savage/savage_state.o
  LD [M]  drivers/gpu/drm/savage/savage.o
  CC [M]  drivers/gpu/drm/sis/sis_drv.o
  CC [M]  drivers/gpu/drm/sis/sis_mm.o
  LD [M]  drivers/gpu/drm/sis/sis.o
  CC [M]  drivers/gpu/drm/tdfx/tdfx_drv.o
  LD [M]  drivers/gpu/drm/tdfx/tdfx.o
  CC [M]  drivers/gpu/drm/ttm/ttm_agp_backend.o
  CC [M]  drivers/gpu/drm/ttm/ttm_memory.o
  CC [M]  drivers/gpu/drm/ttm/ttm_tt.o
  CC [M]  drivers/gpu/drm/ttm/ttm_bo.o
  CC [M]  drivers/gpu/drm/ttm/ttm_bo_util.o
  CC [M]  drivers/gpu/drm/ttm/ttm_bo_vm.o
  CC [M]  drivers/gpu/drm/ttm/ttm_module.o
  CC [M]  drivers/gpu/drm/ttm/ttm_object.o
  CC [M]  drivers/gpu/drm/ttm/ttm_lock.o
  CC [M]  drivers/gpu/drm/ttm/ttm_execbuf_util.o
  CC [M]  drivers/gpu/drm/ttm/ttm_page_alloc.o
  CC [M]  drivers/gpu/drm/ttm/ttm_bo_manager.o
  CC [M]  drivers/gpu/drm/ttm/ttm_page_alloc_dma.o
  LD [M]  drivers/gpu/drm/ttm/ttm.o
  CC [M]  drivers/gpu/drm/udl/udl_drv.o
  CC [M]  drivers/gpu/drm/udl/udl_modeset.o
  CC [M]  drivers/gpu/drm/udl/udl_connector.o
  CC [M]  drivers/gpu/drm/udl/udl_encoder.o
  CC [M]  drivers/gpu/drm/udl/udl_main.o
  CC [M]  drivers/gpu/drm/udl/udl_fb.o
  CC [M]  drivers/gpu/drm/udl/udl_transfer.o
  CC [M]  drivers/gpu/drm/udl/udl_gem.o
  LD [M]  drivers/gpu/drm/udl/udl.o
  CC [M]  drivers/gpu/drm/via/via_irq.o
  CC [M]  drivers/gpu/drm/via/via_drv.o
  CC [M]  drivers/gpu/drm/via/via_map.o
  CC [M]  drivers/gpu/drm/via/via_mm.o
  CC [M]  drivers/gpu/drm/via/via_dma.o
  CC [M]  drivers/gpu/drm/via/via_verifier.o
  CC [M]  drivers/gpu/drm/via/via_video.o
  CC [M]  drivers/gpu/drm/via/via_dmablit.o
  LD [M]  drivers/gpu/drm/via/via.o
  CC [M]  drivers/gpu/drm/vmwgfx/vmwgfx_execbuf.o
  CC [M]  drivers/gpu/drm/vmwgfx/vmwgfx_gmr.o
  CC [M]  drivers/gpu/drm/vmwgfx/vmwgfx_kms.o
  CC [M]  drivers/gpu/drm/vmwgfx/vmwgfx_drv.o
  CC [M]  drivers/gpu/drm/vmwgfx/vmwgfx_fb.o
  CC [M]  drivers/gpu/drm/vmwgfx/vmwgfx_ioctl.o
  CC [M]  drivers/gpu/drm/vmwgfx/vmwgfx_resource.o
  CC [M]  drivers/gpu/drm/vmwgfx/vmwgfx_buffer.o
  CC [M]  drivers/gpu/drm/vmwgfx/vmwgfx_fifo.o
  CC [M]  drivers/gpu/drm/vmwgfx/vmwgfx_irq.o
  CC [M]  drivers/gpu/drm/vmwgfx/vmwgfx_ldu.o
  CC [M]  drivers/gpu/drm/vmwgfx/vmwgfx_ttm_glue.o
  CC [M]  drivers/gpu/drm/vmwgfx/vmwgfx_overlay.o
  CC [M]  drivers/gpu/drm/vmwgfx/vmwgfx_marker.o
  CC [M]  drivers/gpu/drm/vmwgfx/vmwgfx_gmrid_manager.o
  CC [M]  drivers/gpu/drm/vmwgfx/vmwgfx_fence.o
  CC [M]  drivers/gpu/drm/vmwgfx/vmwgfx_dmabuf.o
  CC [M]  drivers/gpu/drm/vmwgfx/vmwgfx_scrn.o
  CC [M]  drivers/gpu/drm/vmwgfx/vmwgfx_context.o
  CC [M]  drivers/gpu/drm/vmwgfx/vmwgfx_surface.o
  CC [M]  drivers/gpu/drm/vmwgfx/vmwgfx_prime.o
  CC [M]  drivers/gpu/drm/vmwgfx/vmwgfx_mob.o
  CC [M]  drivers/gpu/drm/vmwgfx/vmwgfx_shader.o
  LD [M]  drivers/gpu/drm/vmwgfx/vmwgfx.o
  CC [M]  drivers/hid/hid-lg.o
  CC [M]  drivers/hid/hid-lgff.o
  CC [M]  drivers/hid/hid-lg2ff.o
  CC [M]  drivers/hid/hid-lg3ff.o
  CC [M]  drivers/hid/hid-lg4ff.o
  CC [M]  drivers/hid/hid-picolcd_core.o
  CC [M]  drivers/hid/hid-picolcd_fb.o
  CC [M]  drivers/hid/hid-picolcd_backlight.o
  CC [M]  drivers/hid/hid-picolcd_lcd.o
  CC [M]  drivers/hid/hid-picolcd_leds.o
  CC [M]  drivers/hid/hid-picolcd_cir.o
  CC [M]  drivers/hid/hid-picolcd_debugfs.o
  CC [M]  drivers/hid/hid-wiimote-core.o
  CC [M]  drivers/hid/hid-wiimote-modules.o
  CC [M]  drivers/hid/hid-wiimote-debug.o
  CC [M]  drivers/hid/hid-debug.o
  CC [M]  drivers/hid/hid-core.o
  CC [M]  drivers/hid/hid-input.o
  CC [M]  drivers/hid/hidraw.o
  LD [M]  drivers/hid/hid.o
  CC [M]  drivers/hid/uhid.o
  CC [M]  drivers/hid/hid-generic.o
  CC [M]  drivers/hid/hid-a4tech.o
  CC [M]  drivers/hid/hid-axff.o
  CC [M]  drivers/hid/hid-apple.o
  CC [M]  drivers/hid/hid-appleir.o
  CC [M]  drivers/hid/hid-aureal.o
  CC [M]  drivers/hid/hid-belkin.o
  CC [M]  drivers/hid/hid-cherry.o
  CC [M]  drivers/hid/hid-chicony.o
  CC [M]  drivers/hid/hid-cp2112.o
  CC [M]  drivers/hid/hid-cypress.o
  CC [M]  drivers/hid/hid-dr.o
  CC [M]  drivers/hid/hid-emsff.o
  CC [M]  drivers/hid/hid-elecom.o
  CC [M]  drivers/hid/hid-elo.o
  CC [M]  drivers/hid/hid-ezkey.o
  CC [M]  drivers/hid/hid-gyration.o
  CC [M]  drivers/hid/hid-holtek-kbd.o
  CC [M]  drivers/hid/hid-holtek-mouse.o
  CC [M]  drivers/hid/hid-holtekff.o
  CC [M]  drivers/hid/hid-huion.o
  CC [M]  drivers/hid/hid-hyperv.o
  CC [M]  drivers/hid/hid-icade.o
  CC [M]  drivers/hid/hid-kensington.o
  CC [M]  drivers/hid/hid-keytouch.o
  CC [M]  drivers/hid/hid-kye.o
  CC [M]  drivers/hid/hid-lcpower.o
  CC [M]  drivers/hid/hid-lenovo-tpkbd.o
  LD [M]  drivers/hid/hid-logitech.o
  CC [M]  drivers/hid/hid-logitech-dj.o
  CC [M]  drivers/hid/hid-magicmouse.o
  CC [M]  drivers/hid/hid-microsoft.o
  CC [M]  drivers/hid/hid-monterey.o
  CC [M]  drivers/hid/hid-multitouch.o
  CC [M]  drivers/hid/hid-ntrig.o
  CC [M]  drivers/hid/hid-ortek.o
  CC [M]  drivers/hid/hid-prodikeys.o
  CC [M]  drivers/hid/hid-pl.o
  CC [M]  drivers/hid/hid-petalynx.o
  LD [M]  drivers/hid/hid-picolcd.o
  CC [M]  drivers/hid/hid-primax.o
  CC [M]  drivers/hid/hid-roccat.o
  CC [M]  drivers/hid/hid-roccat-common.o
  CC [M]  drivers/hid/hid-roccat-arvo.o
  CC [M]  drivers/hid/hid-roccat-isku.o
  CC [M]  drivers/hid/hid-roccat-kone.o
  CC [M]  drivers/hid/hid-roccat-koneplus.o
  CC [M]  drivers/hid/hid-roccat-konepure.o
  CC [M]  drivers/hid/hid-roccat-kovaplus.o
  CC [M]  drivers/hid/hid-roccat-lua.o
  CC [M]  drivers/hid/hid-roccat-pyra.o
  CC [M]  drivers/hid/hid-roccat-ryos.o
  CC [M]  drivers/hid/hid-roccat-savu.o
  CC [M]  drivers/hid/hid-rmi.o
  CC [M]  drivers/hid/hid-saitek.o
  CC [M]  drivers/hid/hid-samsung.o
  CC [M]  drivers/hid/hid-sjoy.o
  CC [M]  drivers/hid/hid-sony.o
  CC [M]  drivers/hid/hid-speedlink.o
  CC [M]  drivers/hid/hid-steelseries.o
  CC [M]  drivers/hid/hid-sunplus.o
  CC [M]  drivers/hid/hid-gaff.o
  CC [M]  drivers/hid/hid-thingm.o
  CC [M]  drivers/hid/hid-tmff.o
  CC [M]  drivers/hid/hid-tivo.o
  CC [M]  drivers/hid/hid-topseed.o
  CC [M]  drivers/hid/hid-twinhan.o
  CC [M]  drivers/hid/hid-uclogic.o
  CC [M]  drivers/hid/hid-xinmo.o
  CC [M]  drivers/hid/hid-zpff.o
  CC [M]  drivers/hid/hid-zydacron.o
  CC [M]  drivers/hid/hid-wacom.o
  CC [M]  drivers/hid/hid-waltop.o
  LD [M]  drivers/hid/hid-wiimote.o
  CC [M]  drivers/hid/hid-sensor-hub.o
  CC [M]  drivers/hid/i2c-hid/i2c-hid.o
  CC [M]  drivers/hid/usbhid/hid-core.o
  CC [M]  drivers/hid/usbhid/hid-quirks.o
  CC [M]  drivers/hid/usbhid/hiddev.o
  CC [M]  drivers/hid/usbhid/hid-pidff.o
  LD [M]  drivers/hid/usbhid/usbhid.o
  CC [M]  drivers/hid/usbhid/usbkbd.o
  CC [M]  drivers/hid/usbhid/usbmouse.o
  CC [M]  drivers/hsi/hsi.o
  CC [M]  drivers/hsi/clients/hsi_char.o
  CC [M]  drivers/hv/hv_util.o
  CC [M]  drivers/hv/hv_kvp.o
  CC [M]  drivers/hv/hv_snapshot.o
  CC [M]  drivers/hv/hv_fcopy.o
  CC [M]  drivers/hv/vmbus_drv.o
  CC [M]  drivers/hv/hv.o
  CC [M]  drivers/hv/connection.o
  CC [M]  drivers/hv/channel.o
  CC [M]  drivers/hv/channel_mgmt.o
  CC [M]  drivers/hv/ring_buffer.o
  LD [M]  drivers/hv/hv_vmbus.o
  LD [M]  drivers/hv/hv_utils.o
  CC [M]  drivers/hv/hv_balloon.o
  CC [M]  drivers/hwmon/hwmon-vid.o
  CC [M]  drivers/hwmon/acpi_power_meter.o
  CC [M]  drivers/hwmon/asus_atk0110.o
  CC [M]  drivers/hwmon/asb100.o
  CC [M]  drivers/hwmon/w83627hf.o
  CC [M]  drivers/hwmon/w83792d.o
  CC [M]  drivers/hwmon/w83793.o
  CC [M]  drivers/hwmon/w83795.o
  CC [M]  drivers/hwmon/w83781d.o
  CC [M]  drivers/hwmon/w83791d.o
  CC [M]  drivers/hwmon/abituguru.o
  CC [M]  drivers/hwmon/abituguru3.o
  CC [M]  drivers/hwmon/ad7314.o
  CC [M]  drivers/hwmon/ad7414.o
  CC [M]  drivers/hwmon/ad7418.o
  CC [M]  drivers/hwmon/adc128d818.o
  CC [M]  drivers/hwmon/adcxx.o
  CC [M]  drivers/hwmon/adm1021.o
  CC [M]  drivers/hwmon/adm1025.o
  CC [M]  drivers/hwmon/adm1026.o
  CC [M]  drivers/hwmon/adm1029.o
  CC [M]  drivers/hwmon/adm1031.o
  CC [M]  drivers/hwmon/adm9240.o
  CC [M]  drivers/hwmon/ads1015.o
  CC [M]  drivers/hwmon/ads7828.o
  CC [M]  drivers/hwmon/ads7871.o
  CC [M]  drivers/hwmon/adt7x10.o
  CC [M]  drivers/hwmon/adt7310.o
  CC [M]  drivers/hwmon/adt7410.o
  CC [M]  drivers/hwmon/adt7411.o
  CC [M]  drivers/hwmon/adt7462.o
  CC [M]  drivers/hwmon/adt7470.o
  CC [M]  drivers/hwmon/adt7475.o
  CC [M]  drivers/hwmon/applesmc.o
  CC [M]  drivers/hwmon/asc7621.o
  CC [M]  drivers/hwmon/atxp1.o
  CC [M]  drivers/hwmon/coretemp.o
  CC [M]  drivers/hwmon/da9052-hwmon.o
  CC [M]  drivers/hwmon/da9055-hwmon.o
  CC [M]  drivers/hwmon/dme1737.o
  CC [M]  drivers/hwmon/ds620.o
  CC [M]  drivers/hwmon/ds1621.o
  CC [M]  drivers/hwmon/emc1403.o
  CC [M]  drivers/hwmon/emc2103.o
  CC [M]  drivers/hwmon/emc6w201.o
  CC [M]  drivers/hwmon/f71805f.o
  CC [M]  drivers/hwmon/f71882fg.o
  CC [M]  drivers/hwmon/f75375s.o
  CC [M]  drivers/hwmon/fam15h_power.o
  CC [M]  drivers/hwmon/fschmd.o
  CC [M]  drivers/hwmon/g760a.o
  CC [M]  drivers/hwmon/g762.o
  CC [M]  drivers/hwmon/gl518sm.o
  CC [M]  drivers/hwmon/gl520sm.o
  CC [M]  drivers/hwmon/gpio-fan.o
  CC [M]  drivers/hwmon/hih6130.o
  CC [M]  drivers/hwmon/htu21.o
  CC [M]  drivers/hwmon/i5k_amb.o
  CC [M]  drivers/hwmon/ibmaem.o
  CC [M]  drivers/hwmon/ibmpex.o
  CC [M]  drivers/hwmon/iio_hwmon.o
  CC [M]  drivers/hwmon/ina209.o
  CC [M]  drivers/hwmon/ina2xx.o
  CC [M]  drivers/hwmon/it87.o
  CC [M]  drivers/hwmon/jc42.o
  CC [M]  drivers/hwmon/k8temp.o
  CC [M]  drivers/hwmon/k10temp.o
  CC [M]  drivers/hwmon/lineage-pem.o
  CC [M]  drivers/hwmon/lm63.o
  CC [M]  drivers/hwmon/lm70.o
  CC [M]  drivers/hwmon/lm73.o
  CC [M]  drivers/hwmon/lm75.o
  CC [M]  drivers/hwmon/lm77.o
  CC [M]  drivers/hwmon/lm78.o
  CC [M]  drivers/hwmon/lm80.o
  CC [M]  drivers/hwmon/lm83.o
  CC [M]  drivers/hwmon/lm85.o
  CC [M]  drivers/hwmon/lm87.o
  CC [M]  drivers/hwmon/lm90.o
  CC [M]  drivers/hwmon/lm92.o
  CC [M]  drivers/hwmon/lm93.o
  CC [M]  drivers/hwmon/lm95234.o
  CC [M]  drivers/hwmon/lm95241.o
  CC [M]  drivers/hwmon/lm95245.o
  CC [M]  drivers/hwmon/ltc2945.o
  CC [M]  drivers/hwmon/ltc4151.o
  CC [M]  drivers/hwmon/ltc4215.o
  CC [M]  drivers/hwmon/ltc4222.o
  CC [M]  drivers/hwmon/ltc4245.o
  CC [M]  drivers/hwmon/ltc4260.o
  CC [M]  drivers/hwmon/ltc4261.o
  CC [M]  drivers/hwmon/max1111.o
  CC [M]  drivers/hwmon/max16065.o
  CC [M]  drivers/hwmon/max1619.o
  CC [M]  drivers/hwmon/max1668.o
  CC [M]  drivers/hwmon/max197.o
  CC [M]  drivers/hwmon/max6639.o
  CC [M]  drivers/hwmon/max6642.o
  CC [M]  drivers/hwmon/max6650.o
  CC [M]  drivers/hwmon/max6697.o
  CC [M]  drivers/hwmon/mc13783-adc.o
  CC [M]  drivers/hwmon/mcp3021.o
  CC [M]  drivers/hwmon/nct6683.o
  CC [M]  drivers/hwmon/nct6775.o
  CC [M]  drivers/hwmon/ntc_thermistor.o
  CC [M]  drivers/hwmon/pc87360.o
  CC [M]  drivers/hwmon/pc87427.o
  CC [M]  drivers/hwmon/pcf8591.o
  CC [M]  drivers/hwmon/sch56xx-common.o
  CC [M]  drivers/hwmon/sch5627.o
  CC [M]  drivers/hwmon/sch5636.o
  CC [M]  drivers/hwmon/sht15.o
  CC [M]  drivers/hwmon/sht21.o
  CC [M]  drivers/hwmon/shtc1.o
  CC [M]  drivers/hwmon/sis5595.o
  CC [M]  drivers/hwmon/smm665.o
  CC [M]  drivers/hwmon/smsc47b397.o
  CC [M]  drivers/hwmon/smsc47m1.o
  CC [M]  drivers/hwmon/smsc47m192.o
  CC [M]  drivers/hwmon/amc6821.o
  CC [M]  drivers/hwmon/thmc50.o
  CC [M]  drivers/hwmon/tmp102.o
  CC [M]  drivers/hwmon/tmp401.o
  CC [M]  drivers/hwmon/tmp421.o
  CC [M]  drivers/hwmon/twl4030-madc-hwmon.o
  CC [M]  drivers/hwmon/via-cputemp.o
  CC [M]  drivers/hwmon/via686a.o
  CC [M]  drivers/hwmon/vt1211.o
  CC [M]  drivers/hwmon/vt8231.o
  CC [M]  drivers/hwmon/w83627ehf.o
  CC [M]  drivers/hwmon/w83l785ts.o
  CC [M]  drivers/hwmon/w83l786ng.o
  CC [M]  drivers/hwmon/wm831x-hwmon.o
  CC [M]  drivers/hwmon/wm8350-hwmon.o
  CC [M]  drivers/hwmon/pmbus/pmbus_core.o
  CC [M]  drivers/hwmon/pmbus/pmbus.o
  CC [M]  drivers/hwmon/pmbus/adm1275.o
  CC [M]  drivers/hwmon/pmbus/lm25066.o
  CC [M]  drivers/hwmon/pmbus/ltc2978.o
  CC [M]  drivers/hwmon/pmbus/max16064.o
  CC [M]  drivers/hwmon/pmbus/max34440.o
  CC [M]  drivers/hwmon/pmbus/max8688.o
  CC [M]  drivers/hwmon/pmbus/ucd9000.o
  CC [M]  drivers/hwmon/pmbus/ucd9200.o
  CC [M]  drivers/hwmon/pmbus/zl6100.o
  CC [M]  drivers/i2c/i2c-smbus.o
  CC [M]  drivers/i2c/i2c-dev.o
  CC [M]  drivers/i2c/i2c-mux.o
  CC [M]  drivers/i2c/i2c-stub.o
  CC [M]  drivers/i2c/algos/i2c-algo-bit.o
  CC [M]  drivers/i2c/algos/i2c-algo-pca.o
  CC [M]  drivers/i2c/busses/i2c-scmi.o
  CC [M]  drivers/i2c/busses/i2c-ali1535.o
  CC [M]  drivers/i2c/busses/i2c-ali1563.o
  CC [M]  drivers/i2c/busses/i2c-ali15x3.o
  CC [M]  drivers/i2c/busses/i2c-amd756.o
  CC [M]  drivers/i2c/busses/i2c-amd756-s4882.o
  CC [M]  drivers/i2c/busses/i2c-amd8111.o
  CC [M]  drivers/i2c/busses/i2c-i801.o
  CC [M]  drivers/i2c/busses/i2c-isch.o
  CC [M]  drivers/i2c/busses/i2c-ismt.o
  CC [M]  drivers/i2c/busses/i2c-nforce2.o
  CC [M]  drivers/i2c/busses/i2c-nforce2-s4985.o
  CC [M]  drivers/i2c/busses/i2c-piix4.o
  CC [M]  drivers/i2c/busses/i2c-sis5595.o
  CC [M]  drivers/i2c/busses/i2c-sis630.o
  CC [M]  drivers/i2c/busses/i2c-sis96x.o
  CC [M]  drivers/i2c/busses/i2c-via.o
  CC [M]  drivers/i2c/busses/i2c-viapro.o
  CC [M]  drivers/i2c/busses/i2c-cbus-gpio.o
  CC [M]  drivers/i2c/busses/i2c-designware-core.o
  CC [M]  drivers/i2c/busses/i2c-designware-pcidrv.o
  CC [M]  drivers/i2c/busses/i2c-designware-platdrv.o
  LD [M]  drivers/i2c/busses/i2c-designware-platform.o
  LD [M]  drivers/i2c/busses/i2c-designware-pci.o
  CC [M]  drivers/i2c/busses/i2c-gpio.o
  CC [M]  drivers/i2c/busses/i2c-kempld.o
  CC [M]  drivers/i2c/busses/i2c-ocores.o
  CC [M]  drivers/i2c/busses/i2c-pca-platform.o
  CC [M]  drivers/i2c/busses/i2c-simtec.o
  CC [M]  drivers/i2c/busses/i2c-xiic.o
  CC [M]  drivers/i2c/busses/i2c-diolan-u2c.o
  CC [M]  drivers/i2c/busses/i2c-parport.o
  CC [M]  drivers/i2c/busses/i2c-parport-light.o
  CC [M]  drivers/i2c/busses/i2c-robotfuzz-osif.o
  CC [M]  drivers/i2c/busses/i2c-taos-evm.o
  CC [M]  drivers/i2c/busses/i2c-tiny-usb.o
  CC [M]  drivers/i2c/busses/i2c-viperboard.o
  CC [M]  drivers/i2c/busses/i2c-cros-ec-tunnel.o
  CC [M]  drivers/i2c/muxes/i2c-mux-gpio.o
  CC [M]  drivers/i2c/muxes/i2c-mux-pca9541.o
  CC [M]  drivers/i2c/muxes/i2c-mux-pca954x.o
  CC [M]  drivers/i2c/muxes/i2c-mux-pinctrl.o
  CC [M]  drivers/idle/i7300_idle.o
  CC [M]  drivers/iio/industrialio-core.o
  CC [M]  drivers/iio/industrialio-event.o
  CC [M]  drivers/iio/inkern.o
  CC [M]  drivers/iio/industrialio-buffer.o
  CC [M]  drivers/iio/industrialio-trigger.o
  CC [M]  drivers/iio/buffer_cb.o
  LD [M]  drivers/iio/industrialio.o
  CC [M]  drivers/iio/industrialio-triggered-buffer.o
  CC [M]  drivers/iio/kfifo_buf.o
  CC [M]  drivers/iio/accel/bma180.o
  CC [M]  drivers/iio/accel/hid-sensor-accel-3d.o
  CC [M]  drivers/iio/accel/kxsd9.o
  CC [M]  drivers/iio/accel/mma8452.o
  CC [M]  drivers/iio/accel/st_accel_core.o
  CC [M]  drivers/iio/accel/st_accel_buffer.o
  LD [M]  drivers/iio/accel/st_accel.o
  CC [M]  drivers/iio/accel/st_accel_i2c.o
  CC [M]  drivers/iio/accel/st_accel_spi.o
  CC [M]  drivers/iio/adc/ad_sigma_delta.o
  CC [M]  drivers/iio/adc/ad7266.o
  CC [M]  drivers/iio/adc/ad7298.o
  CC [M]  drivers/iio/adc/ad7923.o
  CC [M]  drivers/iio/adc/ad7476.o
  CC [M]  drivers/iio/adc/ad7791.o
  CC [M]  drivers/iio/adc/ad7793.o
  CC [M]  drivers/iio/adc/ad7887.o
  CC [M]  drivers/iio/adc/ad799x.o
  CC [M]  drivers/iio/adc/lp8788_adc.o
  CC [M]  drivers/iio/adc/max1363.o
  CC [M]  drivers/iio/adc/mcp320x.o
  CC [M]  drivers/iio/adc/mcp3422.o
  CC [M]  drivers/iio/adc/men_z188_adc.o
  CC [M]  drivers/iio/adc/nau7802.o
  CC [M]  drivers/iio/adc/ti-adc081c.o
  CC [M]  drivers/iio/adc/ti_am335x_adc.o
  CC [M]  drivers/iio/adc/twl4030-madc.o
  CC [M]  drivers/iio/adc/twl6030-gpadc.o
  CC [M]  drivers/iio/adc/viperboard_adc.o
  CC [M]  drivers/iio/amplifiers/ad8366.o
  CC [M]  drivers/iio/common/hid-sensors/hid-sensor-attributes.o
  LD [M]  drivers/iio/common/hid-sensors/hid-sensor-iio-common.o
  CC [M]  drivers/iio/common/hid-sensors/hid-sensor-trigger.o
  CC [M]  drivers/iio/common/st_sensors/st_sensors_i2c.o
  CC [M]  drivers/iio/common/st_sensors/st_sensors_spi.o
  CC [M]  drivers/iio/common/st_sensors/st_sensors_core.o
  CC [M]  drivers/iio/common/st_sensors/st_sensors_buffer.o
  CC [M]  drivers/iio/common/st_sensors/st_sensors_trigger.o
  LD [M]  drivers/iio/common/st_sensors/st_sensors.o
  CC [M]  drivers/iio/dac/ad5360.o
  CC [M]  drivers/iio/dac/ad5380.o
  CC [M]  drivers/iio/dac/ad5421.o
  CC [M]  drivers/iio/dac/ad5624r_spi.o
  CC [M]  drivers/iio/dac/ad5064.o
  CC [M]  drivers/iio/dac/ad5504.o
  CC [M]  drivers/iio/dac/ad5446.o
  CC [M]  drivers/iio/dac/ad5449.o
  CC [M]  drivers/iio/dac/ad5755.o
  CC [M]  drivers/iio/dac/ad5764.o
  CC [M]  drivers/iio/dac/ad5791.o
  CC [M]  drivers/iio/dac/ad5686.o
  CC [M]  drivers/iio/dac/ad7303.o
  CC [M]  drivers/iio/dac/max517.o
  CC [M]  drivers/iio/dac/mcp4725.o
  CC [M]  drivers/iio/frequency/ad9523.o
  CC [M]  drivers/iio/frequency/adf4350.o
  CC [M]  drivers/iio/gyro/adis16080.o
  CC [M]  drivers/iio/gyro/adis16130.o
  CC [M]  drivers/iio/gyro/adis16136.o
  CC [M]  drivers/iio/gyro/adis16260.o
  CC [M]  drivers/iio/gyro/adxrs450.o
  CC [M]  drivers/iio/gyro/hid-sensor-gyro-3d.o
  CC [M]  drivers/iio/gyro/itg3200_core.o
  CC [M]  drivers/iio/gyro/itg3200_buffer.o
  CC [M]  drivers/iio/gyro/st_gyro_core.o
  CC [M]  drivers/iio/gyro/st_gyro_buffer.o
  LD [M]  drivers/iio/gyro/itg3200.o
  LD [M]  drivers/iio/gyro/st_gyro.o
  CC [M]  drivers/iio/gyro/st_gyro_i2c.o
  CC [M]  drivers/iio/gyro/st_gyro_spi.o
  CC [M]  drivers/iio/humidity/dht11.o
  CC [M]  drivers/iio/humidity/si7005.o
  CC [M]  drivers/iio/imu/adis16400_core.o
  CC [M]  drivers/iio/imu/adis16400_buffer.o
  CC [M]  drivers/iio/imu/adis.o
  CC [M]  drivers/iio/imu/adis_trigger.o
  CC [M]  drivers/iio/imu/adis_buffer.o
  LD [M]  drivers/iio/imu/adis16400.o
  CC [M]  drivers/iio/imu/adis16480.o
  LD [M]  drivers/iio/imu/adis_lib.o
  CC [M]  drivers/iio/imu/inv_mpu6050/inv_mpu_core.o
  CC [M]  drivers/iio/imu/inv_mpu6050/inv_mpu_ring.o
  CC [M]  drivers/iio/imu/inv_mpu6050/inv_mpu_trigger.o
  LD [M]  drivers/iio/imu/inv_mpu6050/inv-mpu6050.o
  CC [M]  drivers/iio/light/adjd_s311.o
  CC [M]  drivers/iio/light/apds9300.o
  CC [M]  drivers/iio/light/cm32181.o
  CC [M]  drivers/iio/light/cm36651.o
  CC [M]  drivers/iio/light/gp2ap020a00f.o
  CC [M]  drivers/iio/light/hid-sensor-als.o
  CC [M]  drivers/iio/light/hid-sensor-prox.o
  CC [M]  drivers/iio/light/lm3533-als.o
  CC [M]  drivers/iio/light/ltr501.o
  CC [M]  drivers/iio/light/tsl2563.o
  CC [M]  drivers/iio/light/tcs3472.o
  CC [M]  drivers/iio/light/tsl4531.o
  CC [M]  drivers/iio/light/vcnl4000.o
  CC [M]  drivers/iio/magnetometer/ak8975.o
  CC [M]  drivers/iio/magnetometer/mag3110.o
  CC [M]  drivers/iio/magnetometer/hid-sensor-magn-3d.o
  CC [M]  drivers/iio/magnetometer/st_magn_core.o
  CC [M]  drivers/iio/magnetometer/st_magn_buffer.o
  LD [M]  drivers/iio/magnetometer/st_magn.o
  CC [M]  drivers/iio/magnetometer/st_magn_i2c.o
  CC [M]  drivers/iio/magnetometer/st_magn_spi.o
  CC [M]  drivers/iio/orientation/hid-sensor-incl-3d.o
  CC [M]  drivers/iio/orientation/hid-sensor-rotation.o
  CC [M]  drivers/iio/pressure/hid-sensor-press.o
  CC [M]  drivers/iio/pressure/mpl115.o
  CC [M]  drivers/iio/pressure/mpl3115.o
  CC [M]  drivers/iio/pressure/st_pressure_core.o
  CC [M]  drivers/iio/pressure/st_pressure_buffer.o
  LD [M]  drivers/iio/pressure/st_pressure.o
  CC [M]  drivers/iio/pressure/st_pressure_i2c.o
  CC [M]  drivers/iio/pressure/st_pressure_spi.o
  CC [M]  drivers/iio/proximity/as3935.o
  CC [M]  drivers/iio/temperature/mlx90614.o
  CC [M]  drivers/iio/temperature/tmp006.o
  CC [M]  drivers/iio/trigger/iio-trig-interrupt.o
  CC [M]  drivers/iio/trigger/iio-trig-sysfs.o
  CC [M]  drivers/infiniband/core/addr.o
  CC [M]  drivers/infiniband/core/cm.o
  CC [M]  drivers/infiniband/core/packer.o
  CC [M]  drivers/infiniband/core/ud_header.o
  CC [M]  drivers/infiniband/core/verbs.o
  CC [M]  drivers/infiniband/core/sysfs.o
  CC [M]  drivers/infiniband/core/device.o
  CC [M]  drivers/infiniband/core/fmr_pool.o
  CC [M]  drivers/infiniband/core/cache.o
  CC [M]  drivers/infiniband/core/netlink.o
  CC [M]  drivers/infiniband/core/umem.o
  CC [M]  drivers/infiniband/core/mad.o
  CC [M]  drivers/infiniband/core/smi.o
  CC [M]  drivers/infiniband/core/agent.o
  CC [M]  drivers/infiniband/core/mad_rmpp.o
  CC [M]  drivers/infiniband/core/sa_query.o
  CC [M]  drivers/infiniband/core/multicast.o
  CC [M]  drivers/infiniband/core/ucm.o
  CC [M]  drivers/infiniband/core/user_mad.o
  CC [M]  drivers/infiniband/core/uverbs_main.o
  CC [M]  drivers/infiniband/core/uverbs_cmd.o
  CC [M]  drivers/infiniband/core/uverbs_marshall.o
  CC [M]  drivers/infiniband/core/iwcm.o
  CC [M]  drivers/infiniband/core/iwpm_util.o
  CC [M]  drivers/infiniband/core/iwpm_msg.o
  CC [M]  drivers/infiniband/core/cma.o
  CC [M]  drivers/infiniband/core/ucma.o
  LD [M]  drivers/infiniband/core/ib_core.o
  LD [M]  drivers/infiniband/core/ib_mad.o
  LD [M]  drivers/infiniband/core/ib_sa.o
  LD [M]  drivers/infiniband/core/ib_cm.o
  LD [M]  drivers/infiniband/core/iw_cm.o
  LD [M]  drivers/infiniband/core/ib_addr.o
  LD [M]  drivers/infiniband/core/rdma_cm.o
  LD [M]  drivers/infiniband/core/ib_umad.o
  LD [M]  drivers/infiniband/core/ib_uverbs.o
  LD [M]  drivers/infiniband/core/ib_ucm.o
  LD [M]  drivers/infiniband/core/rdma_ucm.o
  CC [M]  drivers/infiniband/hw/amso1100/c2.o
  CC [M]  drivers/infiniband/hw/amso1100/c2_provider.o
  CC [M]  drivers/infiniband/hw/amso1100/c2_rnic.o
  CC [M]  drivers/infiniband/hw/amso1100/c2_alloc.o
  CC [M]  drivers/infiniband/hw/amso1100/c2_mq.o
  CC [M]  drivers/infiniband/hw/amso1100/c2_ae.o
  CC [M]  drivers/infiniband/hw/amso1100/c2_vq.o
  CC [M]  drivers/infiniband/hw/amso1100/c2_intr.o
  CC [M]  drivers/infiniband/hw/amso1100/c2_cq.o
  CC [M]  drivers/infiniband/hw/amso1100/c2_qp.o
  CC [M]  drivers/infiniband/hw/amso1100/c2_cm.o
  CC [M]  drivers/infiniband/hw/amso1100/c2_mm.o
  CC [M]  drivers/infiniband/hw/amso1100/c2_pd.o
  LD [M]  drivers/infiniband/hw/amso1100/iw_c2.o
  CC [M]  drivers/infiniband/hw/cxgb3/iwch_cm.o
  CC [M]  drivers/infiniband/hw/cxgb3/iwch_ev.o
  CC [M]  drivers/infiniband/hw/cxgb3/iwch_cq.o
  CC [M]  drivers/infiniband/hw/cxgb3/iwch_qp.o
  CC [M]  drivers/infiniband/hw/cxgb3/iwch_mem.o
  CC [M]  drivers/infiniband/hw/cxgb3/iwch_provider.o
  CC [M]  drivers/infiniband/hw/cxgb3/iwch.o
  CC [M]  drivers/infiniband/hw/cxgb3/cxio_hal.o
  CC [M]  drivers/infiniband/hw/cxgb3/cxio_resource.o
  LD [M]  drivers/infiniband/hw/cxgb3/iw_cxgb3.o
  CC [M]  drivers/infiniband/hw/cxgb4/device.o
  CC [M]  drivers/infiniband/hw/cxgb4/cm.o
  CC [M]  drivers/infiniband/hw/cxgb4/provider.o
  CC [M]  drivers/infiniband/hw/cxgb4/mem.o
  CC [M]  drivers/infiniband/hw/cxgb4/cq.o
  CC [M]  drivers/infiniband/hw/cxgb4/qp.o
  CC [M]  drivers/infiniband/hw/cxgb4/resource.o
  CC [M]  drivers/infiniband/hw/cxgb4/ev.o
  CC [M]  drivers/infiniband/hw/cxgb4/id_table.o
  LD [M]  drivers/infiniband/hw/cxgb4/iw_cxgb4.o
  CC [M]  drivers/infiniband/hw/ipath/ipath_cq.o
  CC [M]  drivers/infiniband/hw/ipath/ipath_diag.o
  CC [M]  drivers/infiniband/hw/ipath/ipath_dma.o
  CC [M]  drivers/infiniband/hw/ipath/ipath_driver.o
  CC [M]  drivers/infiniband/hw/ipath/ipath_eeprom.o
  CC [M]  drivers/infiniband/hw/ipath/ipath_file_ops.o
  CC [M]  drivers/infiniband/hw/ipath/ipath_fs.o
  CC [M]  drivers/infiniband/hw/ipath/ipath_init_chip.o
  CC [M]  drivers/infiniband/hw/ipath/ipath_intr.o
  CC [M]  drivers/infiniband/hw/ipath/ipath_keys.o
  CC [M]  drivers/infiniband/hw/ipath/ipath_mad.o
  CC [M]  drivers/infiniband/hw/ipath/ipath_mmap.o
  CC [M]  drivers/infiniband/hw/ipath/ipath_mr.o
  CC [M]  drivers/infiniband/hw/ipath/ipath_qp.o
  CC [M]  drivers/infiniband/hw/ipath/ipath_rc.o
  CC [M]  drivers/infiniband/hw/ipath/ipath_ruc.o
  CC [M]  drivers/infiniband/hw/ipath/ipath_sdma.o
  CC [M]  drivers/infiniband/hw/ipath/ipath_srq.o
  CC [M]  drivers/infiniband/hw/ipath/ipath_stats.o
  CC [M]  drivers/infiniband/hw/ipath/ipath_sysfs.o
  CC [M]  drivers/infiniband/hw/ipath/ipath_uc.o
  CC [M]  drivers/infiniband/hw/ipath/ipath_ud.o
  CC [M]  drivers/infiniband/hw/ipath/ipath_user_pages.o
  CC [M]  drivers/infiniband/hw/ipath/ipath_user_sdma.o
  CC [M]  drivers/infiniband/hw/ipath/ipath_verbs_mcast.o
  CC [M]  drivers/infiniband/hw/ipath/ipath_verbs.o
  CC [M]  drivers/infiniband/hw/ipath/ipath_iba6110.o
  CC [M]  drivers/infiniband/hw/ipath/ipath_wc_x86_64.o
  LD [M]  drivers/infiniband/hw/ipath/ib_ipath.o
  CC [M]  drivers/infiniband/hw/mlx4/ah.o
  CC [M]  drivers/infiniband/hw/mlx4/cq.o
  CC [M]  drivers/infiniband/hw/mlx4/doorbell.o
  CC [M]  drivers/infiniband/hw/mlx4/mad.o
  CC [M]  drivers/infiniband/hw/mlx4/main.o
  CC [M]  drivers/infiniband/hw/mlx4/mr.o
  CC [M]  drivers/infiniband/hw/mlx4/qp.o
  CC [M]  drivers/infiniband/hw/mlx4/srq.o
  CC [M]  drivers/infiniband/hw/mlx4/mcg.o
  CC [M]  drivers/infiniband/hw/mlx4/cm.o
  CC [M]  drivers/infiniband/hw/mlx4/alias_GUID.o
  CC [M]  drivers/infiniband/hw/mlx4/sysfs.o
  LD [M]  drivers/infiniband/hw/mlx4/mlx4_ib.o
  CC [M]  drivers/infiniband/hw/mlx5/main.o
  CC [M]  drivers/infiniband/hw/mlx5/cq.o
  CC [M]  drivers/infiniband/hw/mlx5/doorbell.o
  CC [M]  drivers/infiniband/hw/mlx5/qp.o
  CC [M]  drivers/infiniband/hw/mlx5/mem.o
  CC [M]  drivers/infiniband/hw/mlx5/srq.o
  CC [M]  drivers/infiniband/hw/mlx5/mr.o
  CC [M]  drivers/infiniband/hw/mlx5/ah.o
  CC [M]  drivers/infiniband/hw/mlx5/mad.o
  LD [M]  drivers/infiniband/hw/mlx5/mlx5_ib.o
  CC [M]  drivers/infiniband/hw/mthca/mthca_main.o
  CC [M]  drivers/infiniband/hw/mthca/mthca_cmd.o
  CC [M]  drivers/infiniband/hw/mthca/mthca_profile.o
  CC [M]  drivers/infiniband/hw/mthca/mthca_reset.o
  CC [M]  drivers/infiniband/hw/mthca/mthca_allocator.o
  CC [M]  drivers/infiniband/hw/mthca/mthca_eq.o
  CC [M]  drivers/infiniband/hw/mthca/mthca_pd.o
  CC [M]  drivers/infiniband/hw/mthca/mthca_cq.o
  CC [M]  drivers/infiniband/hw/mthca/mthca_mr.o
  CC [M]  drivers/infiniband/hw/mthca/mthca_qp.o
  CC [M]  drivers/infiniband/hw/mthca/mthca_av.o
  CC [M]  drivers/infiniband/hw/mthca/mthca_mcg.o
  CC [M]  drivers/infiniband/hw/mthca/mthca_mad.o
  CC [M]  drivers/infiniband/hw/mthca/mthca_provider.o
  CC [M]  drivers/infiniband/hw/mthca/mthca_memfree.o
  CC [M]  drivers/infiniband/hw/mthca/mthca_uar.o
  CC [M]  drivers/infiniband/hw/mthca/mthca_srq.o
  CC [M]  drivers/infiniband/hw/mthca/mthca_catas.o
  LD [M]  drivers/infiniband/hw/mthca/ib_mthca.o
  CC [M]  drivers/infiniband/hw/nes/nes.o
  CC [M]  drivers/infiniband/hw/nes/nes_hw.o
  CC [M]  drivers/infiniband/hw/nes/nes_nic.o
  CC [M]  drivers/infiniband/hw/nes/nes_utils.o
  CC [M]  drivers/infiniband/hw/nes/nes_verbs.o
  CC [M]  drivers/infiniband/hw/nes/nes_cm.o
  CC [M]  drivers/infiniband/hw/nes/nes_mgt.o
  LD [M]  drivers/infiniband/hw/nes/iw_nes.o
  CC [M]  drivers/infiniband/hw/ocrdma/ocrdma_main.o
  CC [M]  drivers/infiniband/hw/ocrdma/ocrdma_verbs.o
  CC [M]  drivers/infiniband/hw/ocrdma/ocrdma_hw.o
  CC [M]  drivers/infiniband/hw/ocrdma/ocrdma_ah.o
  CC [M]  drivers/infiniband/hw/ocrdma/ocrdma_stats.o
  LD [M]  drivers/infiniband/hw/ocrdma/ocrdma.o
  CC [M]  drivers/infiniband/hw/qib/qib_cq.o
  CC [M]  drivers/infiniband/hw/qib/qib_diag.o
  CC [M]  drivers/infiniband/hw/qib/qib_dma.o
  CC [M]  drivers/infiniband/hw/qib/qib_driver.o
  CC [M]  drivers/infiniband/hw/qib/qib_eeprom.o
  CC [M]  drivers/infiniband/hw/qib/qib_file_ops.o
  CC [M]  drivers/infiniband/hw/qib/qib_fs.o
  CC [M]  drivers/infiniband/hw/qib/qib_init.o
  CC [M]  drivers/infiniband/hw/qib/qib_intr.o
  CC [M]  drivers/infiniband/hw/qib/qib_keys.o
  CC [M]  drivers/infiniband/hw/qib/qib_mad.o
  CC [M]  drivers/infiniband/hw/qib/qib_mmap.o
  CC [M]  drivers/infiniband/hw/qib/qib_mr.o
  CC [M]  drivers/infiniband/hw/qib/qib_pcie.o
  CC [M]  drivers/infiniband/hw/qib/qib_pio_copy.o
  CC [M]  drivers/infiniband/hw/qib/qib_qp.o
  CC [M]  drivers/infiniband/hw/qib/qib_qsfp.o
  CC [M]  drivers/infiniband/hw/qib/qib_rc.o
  CC [M]  drivers/infiniband/hw/qib/qib_ruc.o
  CC [M]  drivers/infiniband/hw/qib/qib_sdma.o
  CC [M]  drivers/infiniband/hw/qib/qib_srq.o
  CC [M]  drivers/infiniband/hw/qib/qib_sysfs.o
  CC [M]  drivers/infiniband/hw/qib/qib_twsi.o
  CC [M]  drivers/infiniband/hw/qib/qib_tx.o
  CC [M]  drivers/infiniband/hw/qib/qib_uc.o
  CC [M]  drivers/infiniband/hw/qib/qib_ud.o
  CC [M]  drivers/infiniband/hw/qib/qib_user_pages.o
  CC [M]  drivers/infiniband/hw/qib/qib_user_sdma.o
  CC [M]  drivers/infiniband/hw/qib/qib_verbs_mcast.o
  CC [M]  drivers/infiniband/hw/qib/qib_iba7220.o
  CC [M]  drivers/infiniband/hw/qib/qib_sd7220.o
  CC [M]  drivers/infiniband/hw/qib/qib_iba7322.o
  CC [M]  drivers/infiniband/hw/qib/qib_verbs.o
  CC [M]  drivers/infiniband/hw/qib/qib_iba6120.o
  CC [M]  drivers/infiniband/hw/qib/qib_wc_x86_64.o
  CC [M]  drivers/infiniband/hw/qib/qib_debugfs.o
  LD [M]  drivers/infiniband/hw/qib/ib_qib.o
  CC [M]  drivers/infiniband/hw/usnic/usnic_fwd.o
  CC [M]  drivers/infiniband/hw/usnic/usnic_transport.o
  CC [M]  drivers/infiniband/hw/usnic/usnic_uiom.o
  CC [M]  drivers/infiniband/hw/usnic/usnic_uiom_interval_tree.o
  CC [M]  drivers/infiniband/hw/usnic/usnic_vnic.o
  CC [M]  drivers/infiniband/hw/usnic/usnic_ib_main.o
  CC [M]  drivers/infiniband/hw/usnic/usnic_ib_qp_grp.o
  CC [M]  drivers/infiniband/hw/usnic/usnic_ib_sysfs.o
  CC [M]  drivers/infiniband/hw/usnic/usnic_ib_verbs.o
  CC [M]  drivers/infiniband/hw/usnic/usnic_debugfs.o
  LD [M]  drivers/infiniband/hw/usnic/usnic_verbs.o
  CC [M]  drivers/infiniband/ulp/ipoib/ipoib_main.o
  CC [M]  drivers/infiniband/ulp/ipoib/ipoib_ib.o
  CC [M]  drivers/infiniband/ulp/ipoib/ipoib_multicast.o
  CC [M]  drivers/infiniband/ulp/ipoib/ipoib_verbs.o
  CC [M]  drivers/infiniband/ulp/ipoib/ipoib_vlan.o
  CC [M]  drivers/infiniband/ulp/ipoib/ipoib_ethtool.o
  CC [M]  drivers/infiniband/ulp/ipoib/ipoib_netlink.o
  CC [M]  drivers/infiniband/ulp/ipoib/ipoib_cm.o
  LD [M]  drivers/infiniband/ulp/ipoib/ib_ipoib.o
  CC [M]  drivers/infiniband/ulp/iser/iser_verbs.o
  CC [M]  drivers/infiniband/ulp/iser/iser_initiator.o
  CC [M]  drivers/infiniband/ulp/iser/iser_memory.o
  CC [M]  drivers/infiniband/ulp/iser/iscsi_iser.o
  LD [M]  drivers/infiniband/ulp/iser/ib_iser.o
  CC [M]  drivers/infiniband/ulp/isert/ib_isert.o
  CC [M]  drivers/infiniband/ulp/srp/ib_srp.o
  CC [M]  drivers/infiniband/ulp/srpt/ib_srpt.o
  CC [M]  drivers/input/ff-memless.o
  CC [M]  drivers/input/input-polldev.o
  CC [M]  drivers/input/sparse-keymap.o
  CC [M]  drivers/input/matrix-keymap.o
  CC [M]  drivers/input/joydev.o
  CC [M]  drivers/input/evbug.o
  CC [M]  drivers/input/joystick/a3d.o
  CC [M]  drivers/input/joystick/adi.o
  CC [M]  drivers/input/joystick/as5011.o
  CC [M]  drivers/input/joystick/analog.o
  CC [M]  drivers/input/joystick/cobra.o
  CC [M]  drivers/input/joystick/db9.o
  CC [M]  drivers/input/joystick/gamecon.o
  CC [M]  drivers/input/joystick/gf2k.o
  CC [M]  drivers/input/joystick/grip.o
  CC [M]  drivers/input/joystick/grip_mp.o
  CC [M]  drivers/input/joystick/guillemot.o
  CC [M]  drivers/input/joystick/interact.o
  CC [M]  drivers/input/joystick/joydump.o
  CC [M]  drivers/input/joystick/magellan.o
  CC [M]  drivers/input/joystick/sidewinder.o
  CC [M]  drivers/input/joystick/spaceball.o
  CC [M]  drivers/input/joystick/spaceorb.o
  CC [M]  drivers/input/joystick/stinger.o
  CC [M]  drivers/input/joystick/tmdc.o
  CC [M]  drivers/input/joystick/turbografx.o
  CC [M]  drivers/input/joystick/twidjoy.o
  CC [M]  drivers/input/joystick/warrior.o
  CC [M]  drivers/input/joystick/xpad.o
  CC [M]  drivers/input/joystick/zhenhua.o
  CC [M]  drivers/input/joystick/walkera0701.o
  CC [M]  drivers/input/joystick/iforce/iforce-ff.o
  CC [M]  drivers/input/joystick/iforce/iforce-main.o
  CC [M]  drivers/input/joystick/iforce/iforce-packets.o
  CC [M]  drivers/input/joystick/iforce/iforce-serio.o
  CC [M]  drivers/input/joystick/iforce/iforce-usb.o
  LD [M]  drivers/input/joystick/iforce/iforce.o
  CC [M]  drivers/input/keyboard/adp5520-keys.o
  CC [M]  drivers/input/keyboard/adp5588-keys.o
  CC [M]  drivers/input/keyboard/adp5589-keys.o
  CC [M]  drivers/input/keyboard/cros_ec_keyb.o
  CC [M]  drivers/input/keyboard/gpio_keys.o
  CC [M]  drivers/input/keyboard/gpio_keys_polled.o
  CC [M]  drivers/input/keyboard/tca6416-keypad.o
  CC [M]  drivers/input/keyboard/tca8418_keypad.o
  CC [M]  drivers/input/keyboard/lkkbd.o
  CC [M]  drivers/input/keyboard/lm8323.o
  CC [M]  drivers/input/keyboard/lm8333.o
  CC [M]  drivers/input/keyboard/matrix_keypad.o
  CC [M]  drivers/input/keyboard/max7359_keypad.o
  CC [M]  drivers/input/keyboard/mcs_touchkey.o
  CC [M]  drivers/input/keyboard/mpr121_touchkey.o
  CC [M]  drivers/input/keyboard/newtonkbd.o
  CC [M]  drivers/input/keyboard/opencores-kbd.o
  CC [M]  drivers/input/keyboard/qt1070.o
  CC [M]  drivers/input/keyboard/qt2160.o
  CC [M]  drivers/input/keyboard/samsung-keypad.o
  CC [M]  drivers/input/keyboard/stowaway.o
  CC [M]  drivers/input/keyboard/sunkbd.o
  CC [M]  drivers/input/keyboard/tc3589x-keypad.o
  CC [M]  drivers/input/keyboard/twl4030_keypad.o
  CC [M]  drivers/input/keyboard/xtkbd.o
  CC [M]  drivers/input/misc/88pm860x_onkey.o
  CC [M]  drivers/input/misc/88pm80x_onkey.o
  CC [M]  drivers/input/misc/ad714x.o
  CC [M]  drivers/input/misc/ad714x-i2c.o
  CC [M]  drivers/input/misc/ad714x-spi.o
  CC [M]  drivers/input/misc/adxl34x.o
  CC [M]  drivers/input/misc/adxl34x-i2c.o
  CC [M]  drivers/input/misc/adxl34x-spi.o
  CC [M]  drivers/input/misc/apanel.o
  CC [M]  drivers/input/misc/arizona-haptics.o
  CC [M]  drivers/input/misc/ati_remote2.o
  CC [M]  drivers/input/misc/atlas_btns.o
  CC [M]  drivers/input/misc/bma150.o
  CC [M]  drivers/input/misc/cm109.o
  CC [M]  drivers/input/misc/cma3000_d0x.o
  CC [M]  drivers/input/misc/cma3000_d0x_i2c.o
  CC [M]  drivers/input/misc/da9052_onkey.o
  CC [M]  drivers/input/misc/da9055_onkey.o
  CC [M]  drivers/input/misc/gp2ap002a00f.o
  CC [M]  drivers/input/misc/gpio-beeper.o
  CC [M]  drivers/input/misc/gpio_tilt_polled.o
  CC [M]  drivers/input/misc/ims-pcu.o
  CC [M]  drivers/input/misc/keyspan_remote.o
  CC [M]  drivers/input/misc/kxtj9.o
  CC [M]  drivers/input/misc/max8925_onkey.o
  CC [M]  drivers/input/misc/max8997_haptic.o
  CC [M]  drivers/input/misc/mc13783-pwrbutton.o
  CC [M]  drivers/input/misc/mma8450.o
  CC [M]  drivers/input/misc/mpu3050.o
  CC [M]  drivers/input/misc/pcap_keys.o
  CC [M]  drivers/input/misc/pcf50633-input.o
  CC [M]  drivers/input/misc/pcf8574_keypad.o
  CC [M]  drivers/input/misc/pcspkr.o
  CC [M]  drivers/input/misc/powermate.o
  CC [M]  drivers/input/misc/pwm-beeper.o
  CC [M]  drivers/input/misc/retu-pwrbutton.o
  CC [M]  drivers/input/misc/rotary_encoder.o
  CC [M]  drivers/input/misc/soc_button_array.o
  CC [M]  drivers/input/misc/twl4030-pwrbutton.o
  CC [M]  drivers/input/misc/twl4030-vibra.o
  CC [M]  drivers/input/misc/twl6040-vibra.o
  CC [M]  drivers/input/misc/wm831x-on.o
  CC [M]  drivers/input/misc/xen-kbdfront.o
  CC [M]  drivers/input/misc/yealink.o
  CC [M]  drivers/input/misc/ideapad_slidebar.o
  CC [M]  drivers/input/mouse/appletouch.o
  CC [M]  drivers/input/mouse/bcm5974.o
  CC [M]  drivers/input/mouse/cyapa.o
  CC [M]  drivers/input/mouse/gpio_mouse.o
  CC [M]  drivers/input/mouse/psmouse-base.o
  CC [M]  drivers/input/mouse/synaptics.o
  CC [M]  drivers/input/mouse/alps.o
  CC [M]  drivers/input/mouse/elantech.o
  CC [M]  drivers/input/mouse/logips2pp.o
  CC [M]  drivers/input/mouse/lifebook.o
  CC [M]  drivers/input/mouse/sentelic.o
  CC [M]  drivers/input/mouse/trackpoint.o
  CC [M]  drivers/input/mouse/touchkit_ps2.o
  CC [M]  drivers/input/mouse/cypress_ps2.o
  LD [M]  drivers/input/mouse/psmouse.o
  CC [M]  drivers/input/mouse/sermouse.o
  CC [M]  drivers/input/mouse/synaptics_i2c.o
  CC [M]  drivers/input/mouse/synaptics_usb.o
  CC [M]  drivers/input/mouse/vsxxxaa.o
  CC [M]  drivers/input/tablet/acecad.o
  CC [M]  drivers/input/tablet/aiptek.o
  CC [M]  drivers/input/tablet/gtco.o
  CC [M]  drivers/input/tablet/hanwang.o
  CC [M]  drivers/input/tablet/kbtab.o
  CC [M]  drivers/input/tablet/wacom_wac.o
  CC [M]  drivers/input/tablet/wacom_sys.o
  LD [M]  drivers/input/tablet/wacom.o
  CC [M]  drivers/input/touchscreen/88pm860x-ts.o
  CC [M]  drivers/input/touchscreen/ad7877.o
  CC [M]  drivers/input/touchscreen/ad7879.o
  CC [M]  drivers/input/touchscreen/ad7879-i2c.o
  CC [M]  drivers/input/touchscreen/ad7879-spi.o
  CC [M]  drivers/input/touchscreen/ads7846.o
  CC [M]  drivers/input/touchscreen/atmel_mxt_ts.o
  CC [M]  drivers/input/touchscreen/auo-pixcir-ts.o
  CC [M]  drivers/input/touchscreen/bu21013_ts.o
  CC [M]  drivers/input/touchscreen/cy8ctmg110_ts.o
  CC [M]  drivers/input/touchscreen/cyttsp_core.o
  CC [M]  drivers/input/touchscreen/cyttsp_i2c.o
  CC [M]  drivers/input/touchscreen/cyttsp_i2c_common.o
  CC [M]  drivers/input/touchscreen/cyttsp_spi.o
  CC [M]  drivers/input/touchscreen/cyttsp4_core.o
  CC [M]  drivers/input/touchscreen/cyttsp4_i2c.o
  CC [M]  drivers/input/touchscreen/cyttsp4_spi.o
  CC [M]  drivers/input/touchscreen/da9034-ts.o
  CC [M]  drivers/input/touchscreen/da9052_tsi.o
  CC [M]  drivers/input/touchscreen/dynapro.o
  CC [M]  drivers/input/touchscreen/edt-ft5x06.o
  CC [M]  drivers/input/touchscreen/hampshire.o
  CC [M]  drivers/input/touchscreen/gunze.o
  CC [M]  drivers/input/touchscreen/eeti_ts.o
  CC [M]  drivers/input/touchscreen/elo.o
  CC [M]  drivers/input/touchscreen/fujitsu_ts.o
  CC [M]  drivers/input/touchscreen/ili210x.o
  CC [M]  drivers/input/touchscreen/inexio.o
  CC [M]  drivers/input/touchscreen/max11801_ts.o
  CC [M]  drivers/input/touchscreen/mc13783_ts.o
  CC [M]  drivers/input/touchscreen/mcs5000_ts.o
  CC [M]  drivers/input/touchscreen/mms114.o
  CC [M]  drivers/input/touchscreen/mtouch.o
  CC [M]  drivers/input/touchscreen/mk712.o
  CC [M]  drivers/input/touchscreen/usbtouchscreen.o
  CC [M]  drivers/input/touchscreen/pcap_ts.o
  CC [M]  drivers/input/touchscreen/penmount.o
  CC [M]  drivers/input/touchscreen/pixcir_i2c_ts.o
  CC [M]  drivers/input/touchscreen/st1232.o
  CC [M]  drivers/input/touchscreen/sur40.o
  CC [M]  drivers/input/touchscreen/ti_am335x_tsc.o
  CC [M]  drivers/input/touchscreen/touchit213.o
  CC [M]  drivers/input/touchscreen/touchright.o
  CC [M]  drivers/input/touchscreen/touchwin.o
  CC [M]  drivers/input/touchscreen/tsc40.o
  CC [M]  drivers/input/touchscreen/tsc2005.o
  CC [M]  drivers/input/touchscreen/tsc2007.o
  CC [M]  drivers/input/touchscreen/ucb1400_ts.o
  CC [M]  drivers/input/touchscreen/wacom_w8001.o
  CC [M]  drivers/input/touchscreen/wacom_i2c.o
  CC [M]  drivers/input/touchscreen/wm831x-ts.o
  CC [M]  drivers/input/touchscreen/wm97xx-core.o
  CC [M]  drivers/input/touchscreen/wm9705.o
  CC [M]  drivers/input/touchscreen/wm9712.o
  CC [M]  drivers/input/touchscreen/wm9713.o
  LD [M]  drivers/input/touchscreen/wm97xx-ts.o
  CC [M]  drivers/input/touchscreen/tps6507x-ts.o
  CC [M]  drivers/input/touchscreen/zforce_ts.o
  CC [M]  drivers/input/gameport/gameport.o
  CC [M]  drivers/input/gameport/emu10k1-gp.o
  CC [M]  drivers/input/gameport/fm801-gp.o
  CC [M]  drivers/input/gameport/lightning.o
  CC [M]  drivers/input/gameport/ns558.o
  CC [M]  drivers/input/serio/parkbd.o
  CC [M]  drivers/input/serio/serport.o
  CC [M]  drivers/input/serio/ct82c710.o
  CC [M]  drivers/input/serio/pcips2.o
  CC [M]  drivers/input/serio/ps2mult.o
  CC [M]  drivers/input/serio/serio_raw.o
  CC [M]  drivers/input/serio/altera_ps2.o
  CC [M]  drivers/input/serio/arc_ps2.o
  CC [M]  drivers/input/serio/hyperv-keyboard.o
  CC [M]  drivers/iommu/amd_iommu_v2.o
  CC [M]  drivers/ipack/ipack.o
  CC [M]  drivers/ipack/carriers/tpci200.o
  CC [M]  drivers/ipack/devices/ipoctal.o
  CC [M]  drivers/isdn/capi/kcapi.o
  CC [M]  drivers/isdn/capi/capiutil.o
  CC [M]  drivers/isdn/capi/capilib.o
  CC [M]  drivers/isdn/capi/kcapi_proc.o
  LD [M]  drivers/isdn/capi/kernelcapi.o
  CC [M]  drivers/isdn/capi/capi.o
  CC [M]  drivers/isdn/capi/capidrv.o
  CC [M]  drivers/isdn/divert/isdn_divert.o
  CC [M]  drivers/isdn/divert/divert_procfs.o
  CC [M]  drivers/isdn/divert/divert_init.o
  LD [M]  drivers/isdn/divert/dss1_divert.o
  CC [M]  drivers/isdn/gigaset/bas-gigaset.o
  CC [M]  drivers/isdn/gigaset/isocdata.o
  CC [M]  drivers/isdn/gigaset/common.o
  CC [M]  drivers/isdn/gigaset/interface.o
  CC [M]  drivers/isdn/gigaset/proc.o
  CC [M]  drivers/isdn/gigaset/ev-layer.o
  CC [M]  drivers/isdn/gigaset/asyncdata.o
  CC [M]  drivers/isdn/gigaset/i4l.o
  CC [M]  drivers/isdn/gigaset/ser-gigaset.o
  CC [M]  drivers/isdn/gigaset/usb-gigaset.o
  LD [M]  drivers/isdn/gigaset/gigaset.o
  LD [M]  drivers/isdn/gigaset/usb_gigaset.o
  LD [M]  drivers/isdn/gigaset/bas_gigaset.o
  LD [M]  drivers/isdn/gigaset/ser_gigaset.o
  CC [M]  drivers/isdn/hardware/avm/b1pci.o
  CC [M]  drivers/isdn/hardware/avm/b1.o
  CC [M]  drivers/isdn/hardware/avm/b1dma.o
  CC [M]  drivers/isdn/hardware/avm/b1pcmcia.o
  CC [M]  drivers/isdn/hardware/avm/avm_cs.o
  CC [M]  drivers/isdn/hardware/avm/t1pci.o
  CC [M]  drivers/isdn/hardware/avm/c4.o
  CC [M]  drivers/isdn/hardware/eicon/divasi.o
  CC [M]  drivers/isdn/hardware/eicon/idifunc.o
drivers/isdn/hardware/eicon/idifunc.c: In function ‘connect_didd’:
drivers/isdn/hardware/eicon/idifunc.c:223:1: warning: the frame size of 1136 bytes is larger than 1024 bytes [-Wframe-larger-than=]
 }
 ^
  CC [M]  drivers/isdn/hardware/eicon/um_idi.o
  CC [M]  drivers/isdn/hardware/eicon/dqueue.o
  CC [M]  drivers/isdn/hardware/eicon/divamnt.o
  CC [M]  drivers/isdn/hardware/eicon/mntfunc.o
drivers/isdn/hardware/eicon/mntfunc.c: In function ‘connect_didd’:
drivers/isdn/hardware/eicon/mntfunc.c:112:1: warning: the frame size of 1136 bytes is larger than 1024 bytes [-Wframe-larger-than=]
 }
 ^
  CC [M]  drivers/isdn/hardware/eicon/debug.o
  CC [M]  drivers/isdn/hardware/eicon/maintidi.o
  CC [M]  drivers/isdn/hardware/eicon/capimain.o
  CC [M]  drivers/isdn/hardware/eicon/capifunc.o
drivers/isdn/hardware/eicon/capifunc.c: In function ‘divacapi_connect_didd’:
drivers/isdn/hardware/eicon/capifunc.c:1094:1: warning: the frame size of 1136 bytes is larger than 1024 bytes [-Wframe-larger-than=]
 }
 ^
  CC [M]  drivers/isdn/hardware/eicon/message.o
drivers/isdn/hardware/eicon/message.c: In function ‘sig_ind’:
drivers/isdn/hardware/eicon/message.c:6115:1: warning: the frame size of 1196 bytes is larger than 1024 bytes [-Wframe-larger-than=]
 }
 ^
  CC [M]  drivers/isdn/hardware/eicon/capidtmf.o
  CC [M]  drivers/isdn/hardware/eicon/diva_didd.o
  CC [M]  drivers/isdn/hardware/eicon/diddfunc.o
drivers/isdn/hardware/eicon/diddfunc.c: In function ‘connect_didd’:
drivers/isdn/hardware/eicon/diddfunc.c:77:1: warning: the frame size of 1136 bytes is larger than 1024 bytes [-Wframe-larger-than=]
 }
 ^
  CC [M]  drivers/isdn/hardware/eicon/dadapter.o
  CC [M]  drivers/isdn/hardware/eicon/divasmain.o
  CC [M]  drivers/isdn/hardware/eicon/divasfunc.o
drivers/isdn/hardware/eicon/divasfunc.c: In function ‘connect_didd’:
drivers/isdn/hardware/eicon/divasfunc.c:192:1: warning: the frame size of 1136 bytes is larger than 1024 bytes [-Wframe-larger-than=]
 }
 ^
  CC [M]  drivers/isdn/hardware/eicon/di.o
  CC [M]  drivers/isdn/hardware/eicon/io.o
  CC [M]  drivers/isdn/hardware/eicon/istream.o
  CC [M]  drivers/isdn/hardware/eicon/diva.o
  CC [M]  drivers/isdn/hardware/eicon/divasproc.o
  CC [M]  drivers/isdn/hardware/eicon/diva_dma.o
  CC [M]  drivers/isdn/hardware/eicon/os_bri.o
  CC [M]  drivers/isdn/hardware/eicon/s_bri.o
  CC [M]  drivers/isdn/hardware/eicon/os_4bri.o
  CC [M]  drivers/isdn/hardware/eicon/s_4bri.o
  CC [M]  drivers/isdn/hardware/eicon/os_pri.o
  CC [M]  drivers/isdn/hardware/eicon/s_pri.o
  LD [M]  drivers/isdn/hardware/eicon/divadidd.o
  LD [M]  drivers/isdn/hardware/eicon/divas.o
  LD [M]  drivers/isdn/hardware/eicon/diva_mnt.o
  LD [M]  drivers/isdn/hardware/eicon/diva_idi.o
  LD [M]  drivers/isdn/hardware/eicon/divacapi.o
  CC [M]  drivers/isdn/hardware/mISDN/hfcpci.o
  CC [M]  drivers/isdn/hardware/mISDN/hfcmulti.o
  CC [M]  drivers/isdn/hardware/mISDN/hfcsusb.o
  CC [M]  drivers/isdn/hardware/mISDN/avmfritz.o
  CC [M]  drivers/isdn/hardware/mISDN/speedfax.o
  CC [M]  drivers/isdn/hardware/mISDN/mISDNinfineon.o
  CC [M]  drivers/isdn/hardware/mISDN/w6692.o
  CC [M]  drivers/isdn/hardware/mISDN/netjet.o
  CC [M]  drivers/isdn/hardware/mISDN/mISDNipac.o
  CC [M]  drivers/isdn/hardware/mISDN/mISDNisar.o
  CC [M]  drivers/isdn/hisax/config.o
  CC [M]  drivers/isdn/hisax/isdnl1.o
  CC [M]  drivers/isdn/hisax/tei.o
  CC [M]  drivers/isdn/hisax/isdnl2.o
  CC [M]  drivers/isdn/hisax/isdnl3.o
  CC [M]  drivers/isdn/hisax/lmgr.o
  CC [M]  drivers/isdn/hisax/q931.o
  CC [M]  drivers/isdn/hisax/callc.o
  CC [M]  drivers/isdn/hisax/fsm.o
  CC [M]  drivers/isdn/hisax/l3dss1.o
  CC [M]  drivers/isdn/hisax/l3ni1.o
  CC [M]  drivers/isdn/hisax/l3_1tr6.o
  CC [M]  drivers/isdn/hisax/teles3.o
  CC [M]  drivers/isdn/hisax/isac.o
  CC [M]  drivers/isdn/hisax/arcofi.o
  CC [M]  drivers/isdn/hisax/hscx.o
  CC [M]  drivers/isdn/hisax/telespci.o
  CC [M]  drivers/isdn/hisax/s0box.o
  CC [M]  drivers/isdn/hisax/avm_a1p.o
  CC [M]  drivers/isdn/hisax/avm_pci.o
  CC [M]  drivers/isdn/hisax/elsa.o
  CC [M]  drivers/isdn/hisax/diva.o
  CC [M]  drivers/isdn/hisax/ipacx.o
  CC [M]  drivers/isdn/hisax/sedlbauer.o
  CC [M]  drivers/isdn/hisax/isar.o
  CC [M]  drivers/isdn/hisax/nj_s.o
  CC [M]  drivers/isdn/hisax/netjet.o
  CC [M]  drivers/isdn/hisax/nj_u.o
  CC [M]  drivers/isdn/hisax/icc.o
  CC [M]  drivers/isdn/hisax/hfc_pci.o
  CC [M]  drivers/isdn/hisax/hfc_sx.o
  CC [M]  drivers/isdn/hisax/niccy.o
  CC [M]  drivers/isdn/hisax/bkm_a4t.o
  CC [M]  drivers/isdn/hisax/jade.o
  CC [M]  drivers/isdn/hisax/bkm_a8.o
  CC [M]  drivers/isdn/hisax/gazel.o
  CC [M]  drivers/isdn/hisax/w6692.o
  CC [M]  drivers/isdn/hisax/enternow_pci.o
  CC [M]  drivers/isdn/hisax/amd7930_fn.o
  CC [M]  drivers/isdn/hisax/st5481_init.o
  CC [M]  drivers/isdn/hisax/st5481_usb.o
  CC [M]  drivers/isdn/hisax/st5481_d.o
  CC [M]  drivers/isdn/hisax/st5481_b.o
  LD [M]  drivers/isdn/hisax/hisax.o
  CC [M]  drivers/isdn/hisax/sedlbauer_cs.o
  CC [M]  drivers/isdn/hisax/elsa_cs.o
  CC [M]  drivers/isdn/hisax/avma1_cs.o
  CC [M]  drivers/isdn/hisax/teles_cs.o
  LD [M]  drivers/isdn/hisax/hisax_st5481.o
  CC [M]  drivers/isdn/hisax/hfc_usb.o
  CC [M]  drivers/isdn/hisax/hfc4s8s_l1.o
  CC [M]  drivers/isdn/hisax/hisax_isac.o
  CC [M]  drivers/isdn/hisax/hisax_fcpcipnp.o
  CC [M]  drivers/isdn/hysdn/hysdn_procconf.o
  CC [M]  drivers/isdn/hysdn/hysdn_proclog.o
  CC [M]  drivers/isdn/hysdn/boardergo.o
  CC [M]  drivers/isdn/hysdn/hysdn_boot.o
  CC [M]  drivers/isdn/hysdn/hysdn_sched.o
  CC [M]  drivers/isdn/hysdn/hysdn_net.o
  CC [M]  drivers/isdn/hysdn/hysdn_init.o
  CC [M]  drivers/isdn/hysdn/hycapi.o
  LD [M]  drivers/isdn/hysdn/hysdn.o
  CC [M]  drivers/isdn/i4l/isdn_net.o
  CC [M]  drivers/isdn/i4l/isdn_tty.o
  CC [M]  drivers/isdn/i4l/isdn_v110.o
  CC [M]  drivers/isdn/i4l/isdn_common.o
  CC [M]  drivers/isdn/i4l/isdn_ppp.o
  CC [M]  drivers/isdn/i4l/isdn_concap.o
  CC [M]  drivers/isdn/i4l/isdn_x25iface.o
  CC [M]  drivers/isdn/i4l/isdn_audio.o
  CC [M]  drivers/isdn/i4l/isdn_ttyfax.o
  LD [M]  drivers/isdn/i4l/isdn.o
  CC [M]  drivers/isdn/i4l/isdn_bsdcomp.o
  CC [M]  drivers/isdn/i4l/isdnhdlc.o
  CC [M]  drivers/isdn/mISDN/l1oip_core.o
  CC [M]  drivers/isdn/mISDN/l1oip_codec.o
  CC [M]  drivers/isdn/mISDN/core.o
  CC [M]  drivers/isdn/mISDN/fsm.o
  CC [M]  drivers/isdn/mISDN/socket.o
  CC [M]  drivers/isdn/mISDN/clock.o
  CC [M]  drivers/isdn/mISDN/hwchannel.o
  CC [M]  drivers/isdn/mISDN/stack.o
  CC [M]  drivers/isdn/mISDN/layer1.o
  CC [M]  drivers/isdn/mISDN/layer2.o
  CC [M]  drivers/isdn/mISDN/tei.o
  CC [M]  drivers/isdn/mISDN/timerdev.o
  CC [M]  drivers/isdn/mISDN/dsp_core.o
  CC [M]  drivers/isdn/mISDN/dsp_cmx.o
  CC [M]  drivers/isdn/mISDN/dsp_tones.o
  CC [M]  drivers/isdn/mISDN/dsp_dtmf.o
  CC [M]  drivers/isdn/mISDN/dsp_audio.o
  CC [M]  drivers/isdn/mISDN/dsp_blowfish.o
  CC [M]  drivers/isdn/mISDN/dsp_pipeline.o
  CC [M]  drivers/isdn/mISDN/dsp_hwec.o
  LD [M]  drivers/isdn/mISDN/mISDN_core.o
  LD [M]  drivers/isdn/mISDN/mISDN_dsp.o
  LD [M]  drivers/isdn/mISDN/l1oip.o
  CC [M]  drivers/leds/leds-88pm860x.o
  CC [M]  drivers/leds/leds-bd2802.o
  CC [M]  drivers/leds/leds-lm3530.o
  CC [M]  drivers/leds/leds-lm3533.o
  CC [M]  drivers/leds/leds-lm3642.o
  CC [M]  drivers/leds/leds-pca9532.o
  CC [M]  drivers/leds/leds-gpio.o
  CC [M]  drivers/leds/leds-lp3944.o
  CC [M]  drivers/leds/leds-lp55xx-common.o
  CC [M]  drivers/leds/leds-lp5521.o
  CC [M]  drivers/leds/leds-lp5523.o
  CC [M]  drivers/leds/leds-lp5562.o
  CC [M]  drivers/leds/leds-lp8501.o
  CC [M]  drivers/leds/leds-lp8788.o
  CC [M]  drivers/leds/leds-tca6507.o
  CC [M]  drivers/leds/leds-clevo-mail.o
  CC [M]  drivers/leds/leds-pca955x.o
  CC [M]  drivers/leds/leds-pca963x.o
  CC [M]  drivers/leds/leds-da903x.o
  CC [M]  drivers/leds/leds-da9052.o
  CC [M]  drivers/leds/leds-wm831x-status.o
  CC [M]  drivers/leds/leds-wm8350.o
  CC [M]  drivers/leds/leds-pwm.o
  CC [M]  drivers/leds/leds-regulator.o
  CC [M]  drivers/leds/leds-ss4200.o
  CC [M]  drivers/leds/leds-lt3593.o
  CC [M]  drivers/leds/leds-adp5520.o
  CC [M]  drivers/leds/dell-led.o
  CC [M]  drivers/leds/leds-mc13783.o
  CC [M]  drivers/leds/leds-max8997.o
  CC [M]  drivers/leds/leds-lm355x.o
  CC [M]  drivers/leds/leds-blinkm.o
  CC [M]  drivers/leds/leds-dac124s085.o
  CC [M]  drivers/leds/trigger/ledtrig-timer.o
  CC [M]  drivers/leds/trigger/ledtrig-oneshot.o
  CC [M]  drivers/leds/trigger/ledtrig-heartbeat.o
  CC [M]  drivers/leds/trigger/ledtrig-backlight.o
  CC [M]  drivers/leds/trigger/ledtrig-gpio.o
  CC [M]  drivers/leds/trigger/ledtrig-default-on.o
  CC [M]  drivers/leds/trigger/ledtrig-transient.o
  CC [M]  drivers/leds/trigger/ledtrig-camera.o
  CC [M]  drivers/macintosh/mac_hid.o
  CC [M]  drivers/mcb/mcb-core.o
  CC [M]  drivers/mcb/mcb-parse.o
  LD [M]  drivers/mcb/mcb.o
  CC [M]  drivers/mcb/mcb-pci.o
  CC [M]  drivers/md/linear.o
  CC [M]  drivers/md/raid0.o
  CC [M]  drivers/md/raid1.o
  CC [M]  drivers/md/raid10.o
  CC [M]  drivers/md/dm-cache-policy-cleaner.o
  CC [M]  drivers/md/dm-cache-policy-mq.o
  CC [M]  drivers/md/dm-cache-target.o
  CC [M]  drivers/md/dm-cache-metadata.o
  CC [M]  drivers/md/dm-cache-policy.o
  CC [M]  drivers/md/dm-era-target.o
  CC [M]  drivers/md/dm-log-userspace-base.o
  CC [M]  drivers/md/dm-log-userspace-transfer.o
  CC [M]  drivers/md/dm-raid1.o
  CC [M]  drivers/md/dm-path-selector.o
  CC [M]  drivers/md/dm-mpath.o
  CC [M]  drivers/md/dm-snap.o
  CC [M]  drivers/md/dm-exception-store.o
  CC [M]  drivers/md/dm-snap-transient.o
  CC [M]  drivers/md/dm-snap-persistent.o
  CC [M]  drivers/md/dm-thin.o
  CC [M]  drivers/md/dm-thin-metadata.o
  CC [M]  drivers/md/raid5.o
  LD [M]  drivers/md/raid456.o
  CC [M]  drivers/md/multipath.o
  CC [M]  drivers/md/faulty.o
  CC [M]  drivers/md/dm-bufio.o
  CC [M]  drivers/md/dm-bio-prison.o
  CC [M]  drivers/md/dm-crypt.o
  CC [M]  drivers/md/dm-delay.o
  CC [M]  drivers/md/dm-flakey.o
  LD [M]  drivers/md/dm-multipath.o
  CC [M]  drivers/md/dm-round-robin.o
  CC [M]  drivers/md/dm-queue-length.o
  CC [M]  drivers/md/dm-service-time.o
  CC [M]  drivers/md/dm-switch.o
  LD [M]  drivers/md/dm-snapshot.o
  LD [M]  drivers/md/dm-mirror.o
  CC [M]  drivers/md/dm-log.o
  CC [M]  drivers/md/dm-region-hash.o
  LD [M]  drivers/md/dm-log-userspace.o
  CC [M]  drivers/md/dm-zero.o
  CC [M]  drivers/md/dm-raid.o
  LD [M]  drivers/md/dm-thin-pool.o
  CC [M]  drivers/md/dm-verity.o
  LD [M]  drivers/md/dm-cache.o
  LD [M]  drivers/md/dm-cache-mq.o
  LD [M]  drivers/md/dm-cache-cleaner.o
  LD [M]  drivers/md/dm-era.o
  CC [M]  drivers/md/bcache/alloc.o
  CC [M]  drivers/md/bcache/bset.o
  CC [M]  drivers/md/bcache/btree.o
  CC [M]  drivers/md/bcache/closure.o
  CC [M]  drivers/md/bcache/debug.o
  CC [M]  drivers/md/bcache/extents.o
  CC [M]  drivers/md/bcache/io.o
  CC [M]  drivers/md/bcache/journal.o
  CC [M]  drivers/md/bcache/movinggc.o
  CC [M]  drivers/md/bcache/request.o
  CC [M]  drivers/md/bcache/stats.o
  CC [M]  drivers/md/bcache/super.o
  CC [M]  drivers/md/bcache/sysfs.o
  CC [M]  drivers/md/bcache/trace.o
  CC [M]  drivers/md/bcache/util.o
  CC [M]  drivers/md/bcache/writeback.o
  LD [M]  drivers/md/bcache/bcache.o
  CC [M]  drivers/md/persistent-data/dm-array.o
  CC [M]  drivers/md/persistent-data/dm-bitset.o
  CC [M]  drivers/md/persistent-data/dm-block-manager.o
  CC [M]  drivers/md/persistent-data/dm-space-map-common.o
  CC [M]  drivers/md/persistent-data/dm-space-map-disk.o
  CC [M]  drivers/md/persistent-data/dm-space-map-metadata.o
  CC [M]  drivers/md/persistent-data/dm-transaction-manager.o
  CC [M]  drivers/md/persistent-data/dm-btree.o
  CC [M]  drivers/md/persistent-data/dm-btree-remove.o
  CC [M]  drivers/md/persistent-data/dm-btree-spine.o
  LD [M]  drivers/md/persistent-data/dm-persistent-data.o
  CC [M]  drivers/media/media-device.o
  CC [M]  drivers/media/media-devnode.o
  CC [M]  drivers/media/media-entity.o
  LD [M]  drivers/media/media.o
  CC [M]  drivers/media/common/cx2341x.o
  CC [M]  drivers/media/common/btcx-risc.o
  CC [M]  drivers/media/common/tveeprom.o
  CC [M]  drivers/media/common/cypress_firmware.o
  CC [M]  drivers/media/common/b2c2/flexcop.o
  CC [M]  drivers/media/common/b2c2/flexcop-fe-tuner.o
  CC [M]  drivers/media/common/b2c2/flexcop-i2c.o
  CC [M]  drivers/media/common/b2c2/flexcop-sram.o
  CC [M]  drivers/media/common/b2c2/flexcop-eeprom.o
  CC [M]  drivers/media/common/b2c2/flexcop-misc.o
  CC [M]  drivers/media/common/b2c2/flexcop-hw-filter.o
  LD [M]  drivers/media/common/b2c2/b2c2-flexcop.o
  CC [M]  drivers/media/common/saa7146/saa7146_i2c.o
  CC [M]  drivers/media/common/saa7146/saa7146_core.o
  CC [M]  drivers/media/common/saa7146/saa7146_fops.o
  CC [M]  drivers/media/common/saa7146/saa7146_video.o
  CC [M]  drivers/media/common/saa7146/saa7146_hlp.o
  CC [M]  drivers/media/common/saa7146/saa7146_vbi.o
  LD [M]  drivers/media/common/saa7146/saa7146.o
  LD [M]  drivers/media/common/saa7146/saa7146_vv.o
  CC [M]  drivers/media/common/siano/smsdvb-main.o
  CC [M]  drivers/media/common/siano/smscoreapi.o
  CC [M]  drivers/media/common/siano/sms-cards.o
  CC [M]  drivers/media/common/siano/smsendian.o
  CC [M]  drivers/media/common/siano/smsir.o
  LD [M]  drivers/media/common/siano/smsmdtv.o
  LD [M]  drivers/media/common/siano/smsdvb.o
  CC [M]  drivers/media/dvb-core/dvbdev.o
  CC [M]  drivers/media/dvb-core/dmxdev.o
  CC [M]  drivers/media/dvb-core/dvb_demux.o
  CC [M]  drivers/media/dvb-core/dvb_filter.o
  CC [M]  drivers/media/dvb-core/dvb_ca_en50221.o
  CC [M]  drivers/media/dvb-core/dvb_frontend.o
  CC [M]  drivers/media/dvb-core/dvb_net.o
  CC [M]  drivers/media/dvb-core/dvb_ringbuffer.o
  CC [M]  drivers/media/dvb-core/dvb_math.o
  LD [M]  drivers/media/dvb-core/dvb-core.o
  CC [M]  drivers/media/dvb-frontends/dvb-pll.o
  CC [M]  drivers/media/dvb-frontends/stv0299.o
  CC [M]  drivers/media/dvb-frontends/cxd2820r_core.o
  CC [M]  drivers/media/dvb-frontends/cxd2820r_c.o
  CC [M]  drivers/media/dvb-frontends/cxd2820r_t.o
  CC [M]  drivers/media/dvb-frontends/cxd2820r_t2.o
  CC [M]  drivers/media/dvb-frontends/drxd_firm.o
  CC [M]  drivers/media/dvb-frontends/drxd_hard.o
  CC [M]  drivers/media/dvb-frontends/drxk_hard.o
  CC [M]  drivers/media/dvb-frontends/stb0899_drv.o
  CC [M]  drivers/media/dvb-frontends/stb0899_algo.o
  CC [M]  drivers/media/dvb-frontends/stv0900_core.o
  CC [M]  drivers/media/dvb-frontends/stv0900_sw.o
  LD [M]  drivers/media/dvb-frontends/stb0899.o
  CC [M]  drivers/media/dvb-frontends/stb6100.o
  CC [M]  drivers/media/dvb-frontends/sp8870.o
  CC [M]  drivers/media/dvb-frontends/cx22700.o
  CC [M]  drivers/media/dvb-frontends/cx24110.o
  CC [M]  drivers/media/dvb-frontends/tda8083.o
  CC [M]  drivers/media/dvb-frontends/l64781.o
  CC [M]  drivers/media/dvb-frontends/dib3000mb.o
  CC [M]  drivers/media/dvb-frontends/dib3000mc.o
  CC [M]  drivers/media/dvb-frontends/dibx000_common.o
  CC [M]  drivers/media/dvb-frontends/dib7000m.o
  CC [M]  drivers/media/dvb-frontends/dib7000p.o
  CC [M]  drivers/media/dvb-frontends/dib8000.o
  CC [M]  drivers/media/dvb-frontends/mt312.o
  CC [M]  drivers/media/dvb-frontends/ves1820.o
  CC [M]  drivers/media/dvb-frontends/ves1x93.o
  CC [M]  drivers/media/dvb-frontends/tda1004x.o
  CC [M]  drivers/media/dvb-frontends/sp887x.o
  CC [M]  drivers/media/dvb-frontends/nxt6000.o
  CC [M]  drivers/media/dvb-frontends/mt352.o
  CC [M]  drivers/media/dvb-frontends/zl10036.o
  CC [M]  drivers/media/dvb-frontends/zl10039.o
  CC [M]  drivers/media/dvb-frontends/zl10353.o
  CC [M]  drivers/media/dvb-frontends/cx22702.o
  LD [M]  drivers/media/dvb-frontends/drxd.o
  CC [M]  drivers/media/dvb-frontends/tda10021.o
  CC [M]  drivers/media/dvb-frontends/tda10023.o
  CC [M]  drivers/media/dvb-frontends/stv0297.o
  CC [M]  drivers/media/dvb-frontends/nxt200x.o
  CC [M]  drivers/media/dvb-frontends/or51211.o
  CC [M]  drivers/media/dvb-frontends/or51132.o
  CC [M]  drivers/media/dvb-frontends/bcm3510.o
  CC [M]  drivers/media/dvb-frontends/s5h1420.o
  CC [M]  drivers/media/dvb-frontends/lgdt330x.o
  CC [M]  drivers/media/dvb-frontends/lgdt3305.o
  CC [M]  drivers/media/dvb-frontends/lg2160.o
  CC [M]  drivers/media/dvb-frontends/cx24123.o
  CC [M]  drivers/media/dvb-frontends/lnbp21.o
  CC [M]  drivers/media/dvb-frontends/lnbp22.o
  CC [M]  drivers/media/dvb-frontends/isl6405.o
  CC [M]  drivers/media/dvb-frontends/isl6421.o
  CC [M]  drivers/media/dvb-frontends/tda10086.o
  CC [M]  drivers/media/dvb-frontends/tda826x.o
  CC [M]  drivers/media/dvb-frontends/tda8261.o
  CC [M]  drivers/media/dvb-frontends/dib0070.o
  CC [M]  drivers/media/dvb-frontends/dib0090.o
  CC [M]  drivers/media/dvb-frontends/tua6100.o
  CC [M]  drivers/media/dvb-frontends/s5h1409.o
  CC [M]  drivers/media/dvb-frontends/itd1000.o
  CC [M]  drivers/media/dvb-frontends/au8522_common.o
  CC [M]  drivers/media/dvb-frontends/au8522_dig.o
  CC [M]  drivers/media/dvb-frontends/au8522_decoder.o
  CC [M]  drivers/media/dvb-frontends/tda10048.o
  CC [M]  drivers/media/dvb-frontends/cx24113.o
  CC [M]  drivers/media/dvb-frontends/s5h1411.o
  CC [M]  drivers/media/dvb-frontends/tda665x.o
  CC [M]  drivers/media/dvb-frontends/lgs8gxx.o
  CC [M]  drivers/media/dvb-frontends/atbm8830.o
  CC [M]  drivers/media/dvb-frontends/af9013.o
  CC [M]  drivers/media/dvb-frontends/cx24116.o
  CC [M]  drivers/media/dvb-frontends/cx24117.o
  CC [M]  drivers/media/dvb-frontends/si21xx.o
  CC [M]  drivers/media/dvb-frontends/si2168.o
  CC [M]  drivers/media/dvb-frontends/stv0288.o
  CC [M]  drivers/media/dvb-frontends/stb6000.o
  CC [M]  drivers/media/dvb-frontends/s921.o
  CC [M]  drivers/media/dvb-frontends/stv6110.o
  LD [M]  drivers/media/dvb-frontends/stv0900.o
  CC [M]  drivers/media/dvb-frontends/stv090x.o
  CC [M]  drivers/media/dvb-frontends/stv6110x.o
  CC [M]  drivers/media/dvb-frontends/m88ds3103.o
  CC [M]  drivers/media/dvb-frontends/isl6423.o
  CC [M]  drivers/media/dvb-frontends/ec100.o
  CC [M]  drivers/media/dvb-frontends/ds3000.o
  CC [M]  drivers/media/dvb-frontends/ts2020.o
  CC [M]  drivers/media/dvb-frontends/mb86a16.o
  CC [M]  drivers/media/dvb-frontends/mb86a20s.o
  CC [M]  drivers/media/dvb-frontends/ix2505v.o
  CC [M]  drivers/media/dvb-frontends/stv0367.o
  LD [M]  drivers/media/dvb-frontends/cxd2820r.o
  LD [M]  drivers/media/dvb-frontends/drxk.o
  CC [M]  drivers/media/dvb-frontends/tda18271c2dd.o
  CC [M]  drivers/media/dvb-frontends/a8293.o
  CC [M]  drivers/media/dvb-frontends/tda10071.o
  CC [M]  drivers/media/dvb-frontends/rtl2830.o
  CC [M]  drivers/media/dvb-frontends/rtl2832.o
  CC [M]  drivers/media/dvb-frontends/m88rs2000.o
  CC [M]  drivers/media/dvb-frontends/af9033.o
  CC [M]  drivers/media/dvb-frontends/drx39xyj/drxj.o
  LD [M]  drivers/media/dvb-frontends/drx39xyj/drx39xyj.o
  CC [M]  drivers/media/firewire/firedtv-avc.o
  CC [M]  drivers/media/firewire/firedtv-ci.o
  CC [M]  drivers/media/firewire/firedtv-dvb.o
  CC [M]  drivers/media/firewire/firedtv-fe.o
  CC [M]  drivers/media/firewire/firedtv-fw.o
  CC [M]  drivers/media/firewire/firedtv-rc.o
  LD [M]  drivers/media/firewire/firedtv.o
  CC [M]  drivers/media/i2c/msp3400-driver.o
  CC [M]  drivers/media/i2c/msp3400-kthreads.o
  LD [M]  drivers/media/i2c/msp3400.o
  CC [M]  drivers/media/i2c/tvaudio.o
  CC [M]  drivers/media/i2c/tda7432.o
  CC [M]  drivers/media/i2c/saa6588.o
  CC [M]  drivers/media/i2c/tda9840.o
  CC [M]  drivers/media/i2c/tea6415c.o
  CC [M]  drivers/media/i2c/tea6420.o
  CC [M]  drivers/media/i2c/saa7110.o
  CC [M]  drivers/media/i2c/saa7115.o
  CC [M]  drivers/media/i2c/saa717x.o
  CC [M]  drivers/media/i2c/saa7127.o
  CC [M]  drivers/media/i2c/saa7185.o
  CC [M]  drivers/media/i2c/saa6752hs.o
  CC [M]  drivers/media/i2c/adv7170.o
  CC [M]  drivers/media/i2c/adv7175.o
  CC [M]  drivers/media/i2c/adv7180.o
  CC [M]  drivers/media/i2c/vpx3220.o
  CC [M]  drivers/media/i2c/bt819.o
  CC [M]  drivers/media/i2c/bt856.o
  CC [M]  drivers/media/i2c/bt866.o
  CC [M]  drivers/media/i2c/ks0127.o
  CC [M]  drivers/media/i2c/tvp5150.o
  CC [M]  drivers/media/i2c/tw2804.o
  CC [M]  drivers/media/i2c/tw9903.o
  CC [M]  drivers/media/i2c/tw9906.o
  CC [M]  drivers/media/i2c/cs5345.o
  CC [M]  drivers/media/i2c/cs53l32a.o
  CC [M]  drivers/media/i2c/m52790.o
  CC [M]  drivers/media/i2c/uda1342.o
  CC [M]  drivers/media/i2c/wm8775.o
  CC [M]  drivers/media/i2c/wm8739.o
  CC [M]  drivers/media/i2c/vp27smpx.o
  CC [M]  drivers/media/i2c/sony-btf-mpx.o
  CC [M]  drivers/media/i2c/upd64031a.o
  CC [M]  drivers/media/i2c/upd64083.o
  CC [M]  drivers/media/i2c/ov7640.o
  CC [M]  drivers/media/i2c/ov7670.o
  CC [M]  drivers/media/i2c/mt9v011.o
  CC [M]  drivers/media/i2c/ir-kbd-i2c.o
  CC [M]  drivers/media/i2c/cx25840/cx25840-core.o
  CC [M]  drivers/media/i2c/cx25840/cx25840-audio.o
  CC [M]  drivers/media/i2c/cx25840/cx25840-firmware.o
  CC [M]  drivers/media/i2c/cx25840/cx25840-vbi.o
  CC [M]  drivers/media/i2c/cx25840/cx25840-ir.o
  LD [M]  drivers/media/i2c/cx25840/cx25840.o
  CC [M]  drivers/media/i2c/soc_camera/imx074.o
  CC [M]  drivers/media/i2c/soc_camera/mt9m001.o
  CC [M]  drivers/media/i2c/soc_camera/mt9m111.o
  CC [M]  drivers/media/i2c/soc_camera/mt9t031.o
  CC [M]  drivers/media/i2c/soc_camera/mt9t112.o
  CC [M]  drivers/media/i2c/soc_camera/mt9v022.o
  CC [M]  drivers/media/i2c/soc_camera/ov2640.o
  CC [M]  drivers/media/i2c/soc_camera/ov5642.o
  CC [M]  drivers/media/i2c/soc_camera/ov6650.o
  CC [M]  drivers/media/i2c/soc_camera/ov772x.o
  CC [M]  drivers/media/i2c/soc_camera/ov9640.o
  CC [M]  drivers/media/i2c/soc_camera/ov9740.o
  CC [M]  drivers/media/i2c/soc_camera/rj54n1cb0c.o
  CC [M]  drivers/media/i2c/soc_camera/tw9910.o
  CC [M]  drivers/media/mmc/siano/smssdio.o
  CC [M]  drivers/media/parport/c-qcam.o
  CC [M]  drivers/media/parport/bw-qcam.o
  CC [M]  drivers/media/parport/w9966.o
  CC [M]  drivers/media/pci/b2c2/flexcop-dma.o
  CC [M]  drivers/media/pci/b2c2/flexcop-pci.o
  LD [M]  drivers/media/pci/b2c2/b2c2-flexcop-pci.o
  CC [M]  drivers/media/pci/bt8xx/bttv-driver.o
  CC [M]  drivers/media/pci/bt8xx/bttv-cards.o
  CC [M]  drivers/media/pci/bt8xx/bttv-if.o
  CC [M]  drivers/media/pci/bt8xx/bttv-risc.o
  CC [M]  drivers/media/pci/bt8xx/bttv-vbi.o
  CC [M]  drivers/media/pci/bt8xx/bttv-i2c.o
  CC [M]  drivers/media/pci/bt8xx/bttv-gpio.o
  CC [M]  drivers/media/pci/bt8xx/bttv-input.o
  CC [M]  drivers/media/pci/bt8xx/bttv-audio-hook.o
  LD [M]  drivers/media/pci/bt8xx/bttv.o
  CC [M]  drivers/media/pci/bt8xx/bt878.o
  CC [M]  drivers/media/pci/bt8xx/dvb-bt8xx.o
  CC [M]  drivers/media/pci/bt8xx/dst.o
  CC [M]  drivers/media/pci/bt8xx/dst_ca.o
  CC [M]  drivers/media/pci/cx18/cx18-alsa-main.o
  CC [M]  drivers/media/pci/cx18/cx18-alsa-pcm.o
  CC [M]  drivers/media/pci/cx18/cx18-driver.o
  CC [M]  drivers/media/pci/cx18/cx18-cards.o
  CC [M]  drivers/media/pci/cx18/cx18-i2c.o
  CC [M]  drivers/media/pci/cx18/cx18-firmware.o
  CC [M]  drivers/media/pci/cx18/cx18-gpio.o
  CC [M]  drivers/media/pci/cx18/cx18-queue.o
  CC [M]  drivers/media/pci/cx18/cx18-streams.o
  CC [M]  drivers/media/pci/cx18/cx18-fileops.o
  CC [M]  drivers/media/pci/cx18/cx18-ioctl.o
  CC [M]  drivers/media/pci/cx18/cx18-controls.o
  CC [M]  drivers/media/pci/cx18/cx18-mailbox.o
  CC [M]  drivers/media/pci/cx18/cx18-vbi.o
  CC [M]  drivers/media/pci/cx18/cx18-audio.o
  CC [M]  drivers/media/pci/cx18/cx18-video.o
  CC [M]  drivers/media/pci/cx18/cx18-irq.o
  CC [M]  drivers/media/pci/cx18/cx18-av-core.o
  CC [M]  drivers/media/pci/cx18/cx18-av-audio.o
  CC [M]  drivers/media/pci/cx18/cx18-av-firmware.o
  CC [M]  drivers/media/pci/cx18/cx18-av-vbi.o
  CC [M]  drivers/media/pci/cx18/cx18-scb.o
  CC [M]  drivers/media/pci/cx18/cx18-dvb.o
  CC [M]  drivers/media/pci/cx18/cx18-io.o
  LD [M]  drivers/media/pci/cx18/cx18.o
  LD [M]  drivers/media/pci/cx18/cx18-alsa.o
  CC [M]  drivers/media/pci/cx23885/cx23885-cards.o
  CC [M]  drivers/media/pci/cx23885/cx23885-video.o
  CC [M]  drivers/media/pci/cx23885/cx23885-vbi.o
  CC [M]  drivers/media/pci/cx23885/cx23885-core.o
  CC [M]  drivers/media/pci/cx23885/cx23885-i2c.o
  CC [M]  drivers/media/pci/cx23885/cx23885-dvb.o
  CC [M]  drivers/media/pci/cx23885/cx23885-417.o
  CC [M]  drivers/media/pci/cx23885/cx23885-ioctl.o
  CC [M]  drivers/media/pci/cx23885/cx23885-ir.o
  CC [M]  drivers/media/pci/cx23885/cx23885-av.o
  CC [M]  drivers/media/pci/cx23885/cx23885-input.o
  CC [M]  drivers/media/pci/cx23885/cx23888-ir.o
  CC [M]  drivers/media/pci/cx23885/netup-init.o
  CC [M]  drivers/media/pci/cx23885/cimax2.o
  CC [M]  drivers/media/pci/cx23885/netup-eeprom.o
  CC [M]  drivers/media/pci/cx23885/cx23885-f300.o
  CC [M]  drivers/media/pci/cx23885/cx23885-alsa.o
  LD [M]  drivers/media/pci/cx23885/cx23885.o
  CC [M]  drivers/media/pci/cx23885/altera-ci.o
  CC [M]  drivers/media/pci/cx25821/cx25821-core.o
  CC [M]  drivers/media/pci/cx25821/cx25821-cards.o
  CC [M]  drivers/media/pci/cx25821/cx25821-i2c.o
  CC [M]  drivers/media/pci/cx25821/cx25821-gpio.o
  CC [M]  drivers/media/pci/cx25821/cx25821-medusa-video.o
  CC [M]  drivers/media/pci/cx25821/cx25821-video.o
  CC [M]  drivers/media/pci/cx25821/cx25821-video-upstream.o
  LD [M]  drivers/media/pci/cx25821/cx25821.o
  CC [M]  drivers/media/pci/cx25821/cx25821-alsa.o
  CC [M]  drivers/media/pci/cx88/cx88-video.o
  CC [M]  drivers/media/pci/cx88/cx88-vbi.o
  CC [M]  drivers/media/pci/cx88/cx88-mpeg.o
  CC [M]  drivers/media/pci/cx88/cx88-cards.o
  CC [M]  drivers/media/pci/cx88/cx88-core.o
  CC [M]  drivers/media/pci/cx88/cx88-i2c.o
  CC [M]  drivers/media/pci/cx88/cx88-tvaudio.o
  CC [M]  drivers/media/pci/cx88/cx88-dsp.o
  CC [M]  drivers/media/pci/cx88/cx88-input.o
  LD [M]  drivers/media/pci/cx88/cx88xx.o
  LD [M]  drivers/media/pci/cx88/cx8800.o
  LD [M]  drivers/media/pci/cx88/cx8802.o
  CC [M]  drivers/media/pci/cx88/cx88-alsa.o
  CC [M]  drivers/media/pci/cx88/cx88-blackbird.o
  CC [M]  drivers/media/pci/cx88/cx88-dvb.o
  CC [M]  drivers/media/pci/cx88/cx88-vp3054-i2c.o
  CC [M]  drivers/media/pci/ddbridge/ddbridge-core.o
  LD [M]  drivers/media/pci/ddbridge/ddbridge.o
  CC [M]  drivers/media/pci/dm1105/dm1105.o
  CC [M]  drivers/media/pci/ivtv/ivtv-alsa-main.o
  CC [M]  drivers/media/pci/ivtv/ivtv-alsa-pcm.o
  CC [M]  drivers/media/pci/ivtv/ivtv-routing.o
  CC [M]  drivers/media/pci/ivtv/ivtv-cards.o
  CC [M]  drivers/media/pci/ivtv/ivtv-controls.o
  CC [M]  drivers/media/pci/ivtv/ivtv-driver.o
  CC [M]  drivers/media/pci/ivtv/ivtv-fileops.o
  CC [M]  drivers/media/pci/ivtv/ivtv-firmware.o
  CC [M]  drivers/media/pci/ivtv/ivtv-gpio.o
  CC [M]  drivers/media/pci/ivtv/ivtv-i2c.o
  CC [M]  drivers/media/pci/ivtv/ivtv-ioctl.o
  CC [M]  drivers/media/pci/ivtv/ivtv-irq.o
  CC [M]  drivers/media/pci/ivtv/ivtv-mailbox.o
  CC [M]  drivers/media/pci/ivtv/ivtv-queue.o
  CC [M]  drivers/media/pci/ivtv/ivtv-streams.o
  CC [M]  drivers/media/pci/ivtv/ivtv-udma.o
  CC [M]  drivers/media/pci/ivtv/ivtv-vbi.o
  CC [M]  drivers/media/pci/ivtv/ivtv-yuv.o
  LD [M]  drivers/media/pci/ivtv/ivtv.o
  LD [M]  drivers/media/pci/ivtv/ivtv-alsa.o
  CC [M]  drivers/media/pci/ivtv/ivtvfb.o
  CC [M]  drivers/media/pci/mantis/hopper_cards.o
  CC [M]  drivers/media/pci/mantis/hopper_vp3028.o
  CC [M]  drivers/media/pci/mantis/mantis_cards.o
  CC [M]  drivers/media/pci/mantis/mantis_vp1033.o
  CC [M]  drivers/media/pci/mantis/mantis_vp1034.o
  CC [M]  drivers/media/pci/mantis/mantis_vp1041.o
  CC [M]  drivers/media/pci/mantis/mantis_vp2033.o
  CC [M]  drivers/media/pci/mantis/mantis_vp2040.o
  CC [M]  drivers/media/pci/mantis/mantis_vp3030.o
  CC [M]  drivers/media/pci/mantis/mantis_ioc.o
  CC [M]  drivers/media/pci/mantis/mantis_uart.o
  CC [M]  drivers/media/pci/mantis/mantis_dma.o
  CC [M]  drivers/media/pci/mantis/mantis_pci.o
  CC [M]  drivers/media/pci/mantis/mantis_i2c.o
  CC [M]  drivers/media/pci/mantis/mantis_dvb.o
  CC [M]  drivers/media/pci/mantis/mantis_evm.o
  CC [M]  drivers/media/pci/mantis/mantis_hif.o
  CC [M]  drivers/media/pci/mantis/mantis_ca.o
  CC [M]  drivers/media/pci/mantis/mantis_pcmcia.o
  CC [M]  drivers/media/pci/mantis/mantis_input.o
  LD [M]  drivers/media/pci/mantis/mantis_core.o
  LD [M]  drivers/media/pci/mantis/mantis.o
  LD [M]  drivers/media/pci/mantis/hopper.o
  CC [M]  drivers/media/pci/meye/meye.o
  CC [M]  drivers/media/pci/ngene/ngene-core.o
  CC [M]  drivers/media/pci/ngene/ngene-i2c.o
  CC [M]  drivers/media/pci/ngene/ngene-cards.o
  CC [M]  drivers/media/pci/ngene/ngene-dvb.o
  LD [M]  drivers/media/pci/ngene/ngene.o
  CC [M]  drivers/media/pci/pluto2/pluto2.o
  CC [M]  drivers/media/pci/pt1/pt1.o
  CC [M]  drivers/media/pci/pt1/va1j5jf8007s.o
  CC [M]  drivers/media/pci/pt1/va1j5jf8007t.o
  LD [M]  drivers/media/pci/pt1/earth-pt1.o
  CC [M]  drivers/media/pci/saa7134/saa7134-cards.o
  CC [M]  drivers/media/pci/saa7134/saa7134-core.o
  CC [M]  drivers/media/pci/saa7134/saa7134-i2c.o
  CC [M]  drivers/media/pci/saa7134/saa7134-ts.o
  CC [M]  drivers/media/pci/saa7134/saa7134-tvaudio.o
  CC [M]  drivers/media/pci/saa7134/saa7134-vbi.o
  CC [M]  drivers/media/pci/saa7134/saa7134-video.o
  CC [M]  drivers/media/pci/saa7134/saa7134-input.o
  LD [M]  drivers/media/pci/saa7134/saa7134.o
  CC [M]  drivers/media/pci/saa7134/saa7134-empress.o
  CC [M]  drivers/media/pci/saa7134/saa7134-alsa.o
  CC [M]  drivers/media/pci/saa7134/saa7134-dvb.o
  CC [M]  drivers/media/pci/saa7146/mxb.o
  CC [M]  drivers/media/pci/saa7146/hexium_orion.o
  CC [M]  drivers/media/pci/saa7146/hexium_gemini.o
  CC [M]  drivers/media/pci/saa7164/saa7164-cards.o
  CC [M]  drivers/media/pci/saa7164/saa7164-core.o
  CC [M]  drivers/media/pci/saa7164/saa7164-i2c.o
  CC [M]  drivers/media/pci/saa7164/saa7164-dvb.o
  CC [M]  drivers/media/pci/saa7164/saa7164-fw.o
  CC [M]  drivers/media/pci/saa7164/saa7164-bus.o
  CC [M]  drivers/media/pci/saa7164/saa7164-cmd.o
  CC [M]  drivers/media/pci/saa7164/saa7164-api.o
  CC [M]  drivers/media/pci/saa7164/saa7164-buffer.o
  CC [M]  drivers/media/pci/saa7164/saa7164-encoder.o
  CC [M]  drivers/media/pci/saa7164/saa7164-vbi.o
  LD [M]  drivers/media/pci/saa7164/saa7164.o
  CC [M]  drivers/media/pci/ttpci/ttpci-eeprom.o
  CC [M]  drivers/media/pci/ttpci/budget-core.o
  CC [M]  drivers/media/pci/ttpci/budget.o
  CC [M]  drivers/media/pci/ttpci/budget-av.o
  CC [M]  drivers/media/pci/ttpci/budget-ci.o
  CC [M]  drivers/media/pci/ttpci/budget-patch.o
  CC [M]  drivers/media/pci/ttpci/av7110_hw.o
  CC [M]  drivers/media/pci/ttpci/av7110_v4l.o
  CC [M]  drivers/media/pci/ttpci/av7110_av.o
  CC [M]  drivers/media/pci/ttpci/av7110_ca.o
  CC [M]  drivers/media/pci/ttpci/av7110.o
  CC [M]  drivers/media/pci/ttpci/av7110_ipack.o
  CC [M]  drivers/media/pci/ttpci/av7110_ir.o
  LD [M]  drivers/media/pci/ttpci/dvb-ttpci.o
  CC [M]  drivers/media/pci/zoran/zoran_procfs.o
  CC [M]  drivers/media/pci/zoran/zoran_device.o
  CC [M]  drivers/media/pci/zoran/zoran_driver.o
  CC [M]  drivers/media/pci/zoran/zoran_card.o
  LD [M]  drivers/media/pci/zoran/zr36067.o
  CC [M]  drivers/media/pci/zoran/videocodec.o
  CC [M]  drivers/media/pci/zoran/zr36050.o
  CC [M]  drivers/media/pci/zoran/zr36016.o
  CC [M]  drivers/media/pci/zoran/zr36060.o
  CC [M]  drivers/media/platform/timblogiw.o
  CC [M]  drivers/media/platform/via-camera.o
  CC [M]  drivers/media/platform/vivi.o
  CC [M]  drivers/media/platform/mem2mem_testdev.o
  CC [M]  drivers/media/platform/sh_veu.o
  CC [M]  drivers/media/platform/m2m-deinterlace.o
  CC [M]  drivers/media/platform/marvell-ccic/cafe-driver.o
  CC [M]  drivers/media/platform/marvell-ccic/mcam-core.o
  LD [M]  drivers/media/platform/marvell-ccic/cafe_ccic.o
  CC [M]  drivers/media/platform/soc_camera/soc_camera.o
  CC [M]  drivers/media/platform/soc_camera/soc_mediabus.o
  CC [M]  drivers/media/platform/soc_camera/soc_scale_crop.o
  CC [M]  drivers/media/platform/soc_camera/soc_camera_platform.o
  CC [M]  drivers/media/platform/soc_camera/sh_mobile_ceu_camera.o
  CC [M]  drivers/media/platform/soc_camera/sh_mobile_csi2.o
  CC [M]  drivers/media/platform/soc_camera/rcar_vin.o
  CC [M]  drivers/media/platform/vsp1/vsp1_drv.o
  CC [M]  drivers/media/platform/vsp1/vsp1_entity.o
  CC [M]  drivers/media/platform/vsp1/vsp1_video.o
  CC [M]  drivers/media/platform/vsp1/vsp1_rpf.o
  CC [M]  drivers/media/platform/vsp1/vsp1_rwpf.o
  CC [M]  drivers/media/platform/vsp1/vsp1_wpf.o
  CC [M]  drivers/media/platform/vsp1/vsp1_hsit.o
  CC [M]  drivers/media/platform/vsp1/vsp1_lif.o
  CC [M]  drivers/media/platform/vsp1/vsp1_lut.o
  CC [M]  drivers/media/platform/vsp1/vsp1_bru.o
  CC [M]  drivers/media/platform/vsp1/vsp1_sru.o
  CC [M]  drivers/media/platform/vsp1/vsp1_uds.o
  LD [M]  drivers/media/platform/vsp1/vsp1.o
  CC [M]  drivers/media/radio/radio-maxiradio.o
  CC [M]  drivers/media/radio/radio-shark.o
  CC [M]  drivers/media/radio/radio-shark2.o
  CC [M]  drivers/media/radio/radio-tea5777.o
  LD [M]  drivers/media/radio/shark2.o
  CC [M]  drivers/media/radio/radio-si476x.o
  CC [M]  drivers/media/radio/dsbr100.o
  CC [M]  drivers/media/radio/radio-mr800.o
  CC [M]  drivers/media/radio/radio-keene.o
  CC [M]  drivers/media/radio/radio-ma901.o
  CC [M]  drivers/media/radio/radio-tea5764.o
  CC [M]  drivers/media/radio/saa7706h.o
  CC [M]  drivers/media/radio/tef6862.o
  CC [M]  drivers/media/radio/radio-timb.o
  CC [M]  drivers/media/radio/radio-wl1273.o
  CC [M]  drivers/media/radio/tea575x.o
  CC [M]  drivers/media/radio/radio-raremono.o
  CC [M]  drivers/media/radio/si470x/radio-si470x-i2c.o
  CC [M]  drivers/media/radio/si470x/radio-si470x-common.o
  CC [M]  drivers/media/radio/si470x/radio-si470x-usb.o
  LD [M]  drivers/media/radio/si470x/radio-usb-si470x.o
  LD [M]  drivers/media/radio/si470x/radio-i2c-si470x.o
  CC [M]  drivers/media/radio/si4713/si4713.o
  CC [M]  drivers/media/radio/si4713/radio-usb-si4713.o
  CC [M]  drivers/media/radio/si4713/radio-platform-si4713.o
  CC [M]  drivers/media/radio/wl128x/fmdrv_common.o
  CC [M]  drivers/media/radio/wl128x/fmdrv_rx.o
  CC [M]  drivers/media/radio/wl128x/fmdrv_tx.o
  CC [M]  drivers/media/radio/wl128x/fmdrv_v4l2.o
  LD [M]  drivers/media/radio/wl128x/fm_drv.o
  CC [M]  drivers/media/rc/rc-main.o
  CC [M]  drivers/media/rc/ir-raw.o
  LD [M]  drivers/media/rc/rc-core.o
  CC [M]  drivers/media/rc/lirc_dev.o
  CC [M]  drivers/media/rc/ir-nec-decoder.o
  CC [M]  drivers/media/rc/ir-rc5-decoder.o
  CC [M]  drivers/media/rc/ir-rc6-decoder.o
  CC [M]  drivers/media/rc/ir-jvc-decoder.o
  CC [M]  drivers/media/rc/ir-sony-decoder.o
  CC [M]  drivers/media/rc/ir-rc5-sz-decoder.o
  CC [M]  drivers/media/rc/ir-sanyo-decoder.o
  CC [M]  drivers/media/rc/ir-sharp-decoder.o
  CC [M]  drivers/media/rc/ir-mce_kbd-decoder.o
  CC [M]  drivers/media/rc/ir-lirc-codec.o
  CC [M]  drivers/media/rc/ati_remote.o
  CC [M]  drivers/media/rc/imon.o
  CC [M]  drivers/media/rc/ite-cir.o
  CC [M]  drivers/media/rc/mceusb.o
  CC [M]  drivers/media/rc/fintek-cir.o
  CC [M]  drivers/media/rc/nuvoton-cir.o
  CC [M]  drivers/media/rc/ene_ir.o
  CC [M]  drivers/media/rc/redrat3.o
  CC [M]  drivers/media/rc/streamzap.o
  CC [M]  drivers/media/rc/winbond-cir.o
  CC [M]  drivers/media/rc/rc-loopback.o
  CC [M]  drivers/media/rc/gpio-ir-recv.o
  CC [M]  drivers/media/rc/iguanair.o
  CC [M]  drivers/media/rc/ttusbir.o
  CC [M]  drivers/media/rc/img-ir/img-ir-core.o
  CC [M]  drivers/media/rc/img-ir/img-ir-hw.o
  CC [M]  drivers/media/rc/img-ir/img-ir-nec.o
  CC [M]  drivers/media/rc/img-ir/img-ir-jvc.o
  CC [M]  drivers/media/rc/img-ir/img-ir-sony.o
  CC [M]  drivers/media/rc/img-ir/img-ir-sharp.o
  CC [M]  drivers/media/rc/img-ir/img-ir-sanyo.o
  LD [M]  drivers/media/rc/img-ir/img-ir.o
  CC [M]  drivers/media/rc/keymaps/rc-adstech-dvb-t-pci.o
  CC [M]  drivers/media/rc/keymaps/rc-alink-dtu-m.o
  CC [M]  drivers/media/rc/keymaps/rc-anysee.o
  CC [M]  drivers/media/rc/keymaps/rc-apac-viewcomp.o
  CC [M]  drivers/media/rc/keymaps/rc-asus-pc39.o
  CC [M]  drivers/media/rc/keymaps/rc-asus-ps3-100.o
  CC [M]  drivers/media/rc/keymaps/rc-ati-tv-wonder-hd-600.o
  CC [M]  drivers/media/rc/keymaps/rc-ati-x10.o
  CC [M]  drivers/media/rc/keymaps/rc-avermedia-a16d.o
  CC [M]  drivers/media/rc/keymaps/rc-avermedia.o
  CC [M]  drivers/media/rc/keymaps/rc-avermedia-cardbus.o
  CC [M]  drivers/media/rc/keymaps/rc-avermedia-dvbt.o
  CC [M]  drivers/media/rc/keymaps/rc-avermedia-m135a.o
  CC [M]  drivers/media/rc/keymaps/rc-avermedia-m733a-rm-k6.o
  CC [M]  drivers/media/rc/keymaps/rc-avermedia-rm-ks.o
  CC [M]  drivers/media/rc/keymaps/rc-avertv-303.o
  CC [M]  drivers/media/rc/keymaps/rc-azurewave-ad-tu700.o
  CC [M]  drivers/media/rc/keymaps/rc-behold.o
  CC [M]  drivers/media/rc/keymaps/rc-behold-columbus.o
  CC [M]  drivers/media/rc/keymaps/rc-budget-ci-old.o
  CC [M]  drivers/media/rc/keymaps/rc-cinergy-1400.o
  CC [M]  drivers/media/rc/keymaps/rc-cinergy.o
  CC [M]  drivers/media/rc/keymaps/rc-delock-61959.o
  CC [M]  drivers/media/rc/keymaps/rc-dib0700-nec.o
  CC [M]  drivers/media/rc/keymaps/rc-dib0700-rc5.o
  CC [M]  drivers/media/rc/keymaps/rc-digitalnow-tinytwin.o
  CC [M]  drivers/media/rc/keymaps/rc-digittrade.o
  CC [M]  drivers/media/rc/keymaps/rc-dm1105-nec.o
  CC [M]  drivers/media/rc/keymaps/rc-dntv-live-dvb-t.o
  CC [M]  drivers/media/rc/keymaps/rc-dntv-live-dvbt-pro.o
  CC [M]  drivers/media/rc/keymaps/rc-em-terratec.o
  CC [M]  drivers/media/rc/keymaps/rc-encore-enltv2.o
  CC [M]  drivers/media/rc/keymaps/rc-encore-enltv.o
  CC [M]  drivers/media/rc/keymaps/rc-encore-enltv-fm53.o
  CC [M]  drivers/media/rc/keymaps/rc-evga-indtube.o
  CC [M]  drivers/media/rc/keymaps/rc-eztv.o
  CC [M]  drivers/media/rc/keymaps/rc-flydvb.o
  CC [M]  drivers/media/rc/keymaps/rc-flyvideo.o
  CC [M]  drivers/media/rc/keymaps/rc-fusionhdtv-mce.o
  CC [M]  drivers/media/rc/keymaps/rc-gadmei-rm008z.o
  CC [M]  drivers/media/rc/keymaps/rc-genius-tvgo-a11mce.o
  CC [M]  drivers/media/rc/keymaps/rc-gotview7135.o
  CC [M]  drivers/media/rc/keymaps/rc-imon-mce.o
  CC [M]  drivers/media/rc/keymaps/rc-imon-pad.o
  CC [M]  drivers/media/rc/keymaps/rc-iodata-bctv7e.o
  CC [M]  drivers/media/rc/keymaps/rc-it913x-v1.o
  CC [M]  drivers/media/rc/keymaps/rc-it913x-v2.o
  CC [M]  drivers/media/rc/keymaps/rc-kaiomy.o
  CC [M]  drivers/media/rc/keymaps/rc-kworld-315u.o
  CC [M]  drivers/media/rc/keymaps/rc-kworld-pc150u.o
  CC [M]  drivers/media/rc/keymaps/rc-kworld-plus-tv-analog.o
  CC [M]  drivers/media/rc/keymaps/rc-leadtek-y04g0051.o
  CC [M]  drivers/media/rc/keymaps/rc-lirc.o
  CC [M]  drivers/media/rc/keymaps/rc-lme2510.o
  CC [M]  drivers/media/rc/keymaps/rc-manli.o
  CC [M]  drivers/media/rc/keymaps/rc-medion-x10.o
  CC [M]  drivers/media/rc/keymaps/rc-medion-x10-digitainer.o
  CC [M]  drivers/media/rc/keymaps/rc-medion-x10-or2x.o
  CC [M]  drivers/media/rc/keymaps/rc-msi-digivox-ii.o
  CC [M]  drivers/media/rc/keymaps/rc-msi-digivox-iii.o
  CC [M]  drivers/media/rc/keymaps/rc-msi-tvanywhere.o
  CC [M]  drivers/media/rc/keymaps/rc-msi-tvanywhere-plus.o
  CC [M]  drivers/media/rc/keymaps/rc-nebula.o
  CC [M]  drivers/media/rc/keymaps/rc-nec-terratec-cinergy-xs.o
  CC [M]  drivers/media/rc/keymaps/rc-norwood.o
  CC [M]  drivers/media/rc/keymaps/rc-npgtech.o
  CC [M]  drivers/media/rc/keymaps/rc-pctv-sedna.o
  CC [M]  drivers/media/rc/keymaps/rc-pinnacle-color.o
  CC [M]  drivers/media/rc/keymaps/rc-pinnacle-grey.o
  CC [M]  drivers/media/rc/keymaps/rc-pinnacle-pctv-hd.o
  CC [M]  drivers/media/rc/keymaps/rc-pixelview.o
  CC [M]  drivers/media/rc/keymaps/rc-pixelview-mk12.o
  CC [M]  drivers/media/rc/keymaps/rc-pixelview-002t.o
  CC [M]  drivers/media/rc/keymaps/rc-pixelview-new.o
  CC [M]  drivers/media/rc/keymaps/rc-powercolor-real-angel.o
  CC [M]  drivers/media/rc/keymaps/rc-proteus-2309.o
  CC [M]  drivers/media/rc/keymaps/rc-purpletv.o
  CC [M]  drivers/media/rc/keymaps/rc-pv951.o
  CC [M]  drivers/media/rc/keymaps/rc-hauppauge.o
  CC [M]  drivers/media/rc/keymaps/rc-rc6-mce.o
  CC [M]  drivers/media/rc/keymaps/rc-real-audio-220-32-keys.o
  CC [M]  drivers/media/rc/keymaps/rc-reddo.o
  CC [M]  drivers/media/rc/keymaps/rc-snapstream-firefly.o
  CC [M]  drivers/media/rc/keymaps/rc-streamzap.o
  CC [M]  drivers/media/rc/keymaps/rc-tbs-nec.o
  CC [M]  drivers/media/rc/keymaps/rc-technisat-usb2.o
  CC [M]  drivers/media/rc/keymaps/rc-terratec-cinergy-xs.o
  CC [M]  drivers/media/rc/keymaps/rc-terratec-slim.o
  CC [M]  drivers/media/rc/keymaps/rc-terratec-slim-2.o
  CC [M]  drivers/media/rc/keymaps/rc-tevii-nec.o
  CC [M]  drivers/media/rc/keymaps/rc-tivo.o
  CC [M]  drivers/media/rc/keymaps/rc-total-media-in-hand.o
  CC [M]  drivers/media/rc/keymaps/rc-total-media-in-hand-02.o
  CC [M]  drivers/media/rc/keymaps/rc-trekstor.o
  CC [M]  drivers/media/rc/keymaps/rc-tt-1500.o
  CC [M]  drivers/media/rc/keymaps/rc-twinhan1027.o
  CC [M]  drivers/media/rc/keymaps/rc-videomate-m1f.o
  CC [M]  drivers/media/rc/keymaps/rc-videomate-s350.o
  CC [M]  drivers/media/rc/keymaps/rc-videomate-tv-pvr.o
  CC [M]  drivers/media/rc/keymaps/rc-winfast.o
  CC [M]  drivers/media/rc/keymaps/rc-winfast-usbii-deluxe.o
  CC [M]  drivers/media/rc/keymaps/rc-su3000.o
  CC [M]  drivers/media/tuners/tuner-xc2028.o
  CC [M]  drivers/media/tuners/tuner-simple.o
  CC [M]  drivers/media/tuners/tuner-types.o
  CC [M]  drivers/media/tuners/mt20xx.o
  CC [M]  drivers/media/tuners/tda8290.o
  CC [M]  drivers/media/tuners/tea5767.o
  CC [M]  drivers/media/tuners/tea5761.o
  CC [M]  drivers/media/tuners/tda9887.o
  CC [M]  drivers/media/tuners/tda827x.o
  CC [M]  drivers/media/tuners/tda18271-maps.o
  CC [M]  drivers/media/tuners/tda18271-common.o
  CC [M]  drivers/media/tuners/tda18271-fe.o
  LD [M]  drivers/media/tuners/tda18271.o
  CC [M]  drivers/media/tuners/xc5000.o
  CC [M]  drivers/media/tuners/xc4000.o
  CC [M]  drivers/media/tuners/mt2060.o
  CC [M]  drivers/media/tuners/mt2063.o
  CC [M]  drivers/media/tuners/mt2266.o
  CC [M]  drivers/media/tuners/qt1010.o
  CC [M]  drivers/media/tuners/mt2131.o
  CC [M]  drivers/media/tuners/mxl5005s.o
  CC [M]  drivers/media/tuners/mxl5007t.o
  CC [M]  drivers/media/tuners/mc44s803.o
  CC [M]  drivers/media/tuners/max2165.o
  CC [M]  drivers/media/tuners/tda18218.o
  CC [M]  drivers/media/tuners/tda18212.o
  CC [M]  drivers/media/tuners/e4000.o
  CC [M]  drivers/media/tuners/fc2580.o
  CC [M]  drivers/media/tuners/tua9001.o
  CC [M]  drivers/media/tuners/si2157.o
  CC [M]  drivers/media/tuners/m88ts2022.o
  CC [M]  drivers/media/tuners/fc0011.o
  CC [M]  drivers/media/tuners/fc0012.o
  CC [M]  drivers/media/tuners/fc0013.o
  CC [M]  drivers/media/tuners/tuner_it913x.o
  CC [M]  drivers/media/tuners/r820t.o
  CC [M]  drivers/media/usb/au0828/au0828-core.o
  CC [M]  drivers/media/usb/au0828/au0828-i2c.o
  CC [M]  drivers/media/usb/au0828/au0828-cards.o
  CC [M]  drivers/media/usb/au0828/au0828-dvb.o
  CC [M]  drivers/media/usb/au0828/au0828-video.o
  CC [M]  drivers/media/usb/au0828/au0828-vbi.o
  LD [M]  drivers/media/usb/au0828/au0828.o
  CC [M]  drivers/media/usb/b2c2/flexcop-usb.o
  LD [M]  drivers/media/usb/b2c2/b2c2-flexcop-usb.o
  CC [M]  drivers/media/usb/cpia2/cpia2_v4l.o
  CC [M]  drivers/media/usb/cpia2/cpia2_usb.o
  CC [M]  drivers/media/usb/cpia2/cpia2_core.o
  LD [M]  drivers/media/usb/cpia2/cpia2.o
  CC [M]  drivers/media/usb/cx231xx/cx231xx-audio.o
  CC [M]  drivers/media/usb/cx231xx/cx231xx-video.o
  CC [M]  drivers/media/usb/cx231xx/cx231xx-i2c.o
  CC [M]  drivers/media/usb/cx231xx/cx231xx-cards.o
  CC [M]  drivers/media/usb/cx231xx/cx231xx-core.o
  CC [M]  drivers/media/usb/cx231xx/cx231xx-avcore.o
  CC [M]  drivers/media/usb/cx231xx/cx231xx-417.o
  CC [M]  drivers/media/usb/cx231xx/cx231xx-pcb-cfg.o
  CC [M]  drivers/media/usb/cx231xx/cx231xx-vbi.o
  CC [M]  drivers/media/usb/cx231xx/cx231xx-input.o
  LD [M]  drivers/media/usb/cx231xx/cx231xx.o
  LD [M]  drivers/media/usb/cx231xx/cx231xx-alsa.o
  CC [M]  drivers/media/usb/cx231xx/cx231xx-dvb.o
  CC [M]  drivers/media/usb/dvb-usb/a800.o
  CC [M]  drivers/media/usb/dvb-usb/af9005-remote.o
  CC [M]  drivers/media/usb/dvb-usb/af9005.o
  CC [M]  drivers/media/usb/dvb-usb/af9005-fe.o
  CC [M]  drivers/media/usb/dvb-usb/az6027.o
  CC [M]  drivers/media/usb/dvb-usb/cinergyT2-core.o
  CC [M]  drivers/media/usb/dvb-usb/cinergyT2-fe.o
  CC [M]  drivers/media/usb/dvb-usb/cxusb.o
  CC [M]  drivers/media/usb/dvb-usb/dib0700_core.o
  CC [M]  drivers/media/usb/dvb-usb/dib0700_devices.o
  CC [M]  drivers/media/usb/dvb-usb/dibusb-common.o
  CC [M]  drivers/media/usb/dvb-usb/dibusb-mb.o
  CC [M]  drivers/media/usb/dvb-usb/dibusb-mc.o
  CC [M]  drivers/media/usb/dvb-usb/digitv.o
  CC [M]  drivers/media/usb/dvb-usb/dtt200u.o
  CC [M]  drivers/media/usb/dvb-usb/dtt200u-fe.o
  CC [M]  drivers/media/usb/dvb-usb/dtv5100.o
  CC [M]  drivers/media/usb/dvb-usb/dw2102.o
  CC [M]  drivers/media/usb/dvb-usb/friio.o
  CC [M]  drivers/media/usb/dvb-usb/friio-fe.o
  CC [M]  drivers/media/usb/dvb-usb/gp8psk.o
  CC [M]  drivers/media/usb/dvb-usb/gp8psk-fe.o
  CC [M]  drivers/media/usb/dvb-usb/m920x.o
  CC [M]  drivers/media/usb/dvb-usb/nova-t-usb2.o
  CC [M]  drivers/media/usb/dvb-usb/opera1.o
  CC [M]  drivers/media/usb/dvb-usb/pctv452e.o
  CC [M]  drivers/media/usb/dvb-usb/technisat-usb2.o
  CC [M]  drivers/media/usb/dvb-usb/ttusb2.o
  CC [M]  drivers/media/usb/dvb-usb/umt-010.o
  CC [M]  drivers/media/usb/dvb-usb/vp702x.o
  CC [M]  drivers/media/usb/dvb-usb/vp702x-fe.o
  CC [M]  drivers/media/usb/dvb-usb/vp7045.o
  CC [M]  drivers/media/usb/dvb-usb/vp7045-fe.o
  CC [M]  drivers/media/usb/dvb-usb/dvb-usb-firmware.o
  CC [M]  drivers/media/usb/dvb-usb/dvb-usb-init.o
  CC [M]  drivers/media/usb/dvb-usb/dvb-usb-urb.o
  CC [M]  drivers/media/usb/dvb-usb/dvb-usb-i2c.o
  CC [M]  drivers/media/usb/dvb-usb/dvb-usb-dvb.o
  CC [M]  drivers/media/usb/dvb-usb/dvb-usb-remote.o
  CC [M]  drivers/media/usb/dvb-usb/usb-urb.o
  LD [M]  drivers/media/usb/dvb-usb/dvb-usb.o
  LD [M]  drivers/media/usb/dvb-usb/dvb-usb-vp7045.o
  LD [M]  drivers/media/usb/dvb-usb/dvb-usb-vp702x.o
  LD [M]  drivers/media/usb/dvb-usb/dvb-usb-gp8psk.o
  LD [M]  drivers/media/usb/dvb-usb/dvb-usb-dtt200u.o
  LD [M]  drivers/media/usb/dvb-usb/dvb-usb-dibusb-common.o
  LD [M]  drivers/media/usb/dvb-usb/dvb-usb-a800.o
  LD [M]  drivers/media/usb/dvb-usb/dvb-usb-dibusb-mb.o
  LD [M]  drivers/media/usb/dvb-usb/dvb-usb-dibusb-mc.o
  LD [M]  drivers/media/usb/dvb-usb/dvb-usb-nova-t-usb2.o
  LD [M]  drivers/media/usb/dvb-usb/dvb-usb-umt-010.o
  LD [M]  drivers/media/usb/dvb-usb/dvb-usb-m920x.o
  LD [M]  drivers/media/usb/dvb-usb/dvb-usb-digitv.o
  LD [M]  drivers/media/usb/dvb-usb/dvb-usb-cxusb.o
  LD [M]  drivers/media/usb/dvb-usb/dvb-usb-ttusb2.o
  LD [M]  drivers/media/usb/dvb-usb/dvb-usb-dib0700.o
  LD [M]  drivers/media/usb/dvb-usb/dvb-usb-opera.o
  LD [M]  drivers/media/usb/dvb-usb/dvb-usb-af9005.o
  LD [M]  drivers/media/usb/dvb-usb/dvb-usb-af9005-remote.o
  LD [M]  drivers/media/usb/dvb-usb/dvb-usb-pctv452e.o
  LD [M]  drivers/media/usb/dvb-usb/dvb-usb-dw2102.o
  LD [M]  drivers/media/usb/dvb-usb/dvb-usb-dtv5100.o
  LD [M]  drivers/media/usb/dvb-usb/dvb-usb-cinergyT2.o
  LD [M]  drivers/media/usb/dvb-usb/dvb-usb-friio.o
  LD [M]  drivers/media/usb/dvb-usb/dvb-usb-az6027.o
  LD [M]  drivers/media/usb/dvb-usb/dvb-usb-technisat-usb2.o
  CC [M]  drivers/media/usb/dvb-usb-v2/af9015.o
  CC [M]  drivers/media/usb/dvb-usb-v2/af9035.o
  CC [M]  drivers/media/usb/dvb-usb-v2/anysee.o
  CC [M]  drivers/media/usb/dvb-usb-v2/au6610.o
  CC [M]  drivers/media/usb/dvb-usb-v2/az6007.o
  CC [M]  drivers/media/usb/dvb-usb-v2/ce6230.o
  CC [M]  drivers/media/usb/dvb-usb-v2/ec168.o
  CC [M]  drivers/media/usb/dvb-usb-v2/gl861.o
  CC [M]  drivers/media/usb/dvb-usb-v2/lmedm04.o
  CC [M]  drivers/media/usb/dvb-usb-v2/mxl111sf.o
  CC [M]  drivers/media/usb/dvb-usb-v2/mxl111sf-phy.o
  CC [M]  drivers/media/usb/dvb-usb-v2/mxl111sf-i2c.o
  CC [M]  drivers/media/usb/dvb-usb-v2/mxl111sf-gpio.o
  CC [M]  drivers/media/usb/dvb-usb-v2/rtl28xxu.o
  CC [M]  drivers/media/usb/dvb-usb-v2/dvb_usb_core.o
  CC [M]  drivers/media/usb/dvb-usb-v2/dvb_usb_urb.o
  CC [M]  drivers/media/usb/dvb-usb-v2/usb_urb.o
  LD [M]  drivers/media/usb/dvb-usb-v2/dvb_usb_v2.o
  LD [M]  drivers/media/usb/dvb-usb-v2/dvb-usb-af9015.o
  LD [M]  drivers/media/usb/dvb-usb-v2/dvb-usb-af9035.o
  LD [M]  drivers/media/usb/dvb-usb-v2/dvb-usb-anysee.o
  LD [M]  drivers/media/usb/dvb-usb-v2/dvb-usb-au6610.o
  LD [M]  drivers/media/usb/dvb-usb-v2/dvb-usb-az6007.o
  LD [M]  drivers/media/usb/dvb-usb-v2/dvb-usb-ce6230.o
  LD [M]  drivers/media/usb/dvb-usb-v2/dvb-usb-ec168.o
  LD [M]  drivers/media/usb/dvb-usb-v2/dvb-usb-lmedm04.o
  LD [M]  drivers/media/usb/dvb-usb-v2/dvb-usb-gl861.o
  LD [M]  drivers/media/usb/dvb-usb-v2/dvb-usb-mxl111sf.o
  CC [M]  drivers/media/usb/dvb-usb-v2/mxl111sf-demod.o
  CC [M]  drivers/media/usb/dvb-usb-v2/mxl111sf-tuner.o
  LD [M]  drivers/media/usb/dvb-usb-v2/dvb-usb-rtl28xxu.o
  CC [M]  drivers/media/usb/em28xx/em28xx-audio.o
  CC [M]  drivers/media/usb/em28xx/em28xx-input.o
  CC [M]  drivers/media/usb/em28xx/em28xx-video.o
  CC [M]  drivers/media/usb/em28xx/em28xx-vbi.o
  CC [M]  drivers/media/usb/em28xx/em28xx-core.o
  CC [M]  drivers/media/usb/em28xx/em28xx-i2c.o
  CC [M]  drivers/media/usb/em28xx/em28xx-cards.o
  CC [M]  drivers/media/usb/em28xx/em28xx-camera.o
  LD [M]  drivers/media/usb/em28xx/em28xx.o
  LD [M]  drivers/media/usb/em28xx/em28xx-v4l.o
  LD [M]  drivers/media/usb/em28xx/em28xx-alsa.o
  CC [M]  drivers/media/usb/em28xx/em28xx-dvb.o
  LD [M]  drivers/media/usb/em28xx/em28xx-rc.o
  CC [M]  drivers/media/usb/gspca/benq.o
  CC [M]  drivers/media/usb/gspca/conex.o
  CC [M]  drivers/media/usb/gspca/cpia1.o
  CC [M]  drivers/media/usb/gspca/dtcs033.o
  CC [M]  drivers/media/usb/gspca/etoms.o
  CC [M]  drivers/media/usb/gspca/finepix.o
  CC [M]  drivers/media/usb/gspca/jeilinj.o
  CC [M]  drivers/media/usb/gspca/jl2005bcd.o
  CC [M]  drivers/media/usb/gspca/kinect.o
  CC [M]  drivers/media/usb/gspca/konica.o
  CC [M]  drivers/media/usb/gspca/gspca.o
  CC [M]  drivers/media/usb/gspca/autogain_functions.o
  CC [M]  drivers/media/usb/gspca/mars.o
  CC [M]  drivers/media/usb/gspca/mr97310a.o
  CC [M]  drivers/media/usb/gspca/nw80x.o
  CC [M]  drivers/media/usb/gspca/ov519.o
  CC [M]  drivers/media/usb/gspca/ov534.o
  CC [M]  drivers/media/usb/gspca/ov534_9.o
  CC [M]  drivers/media/usb/gspca/pac207.o
  CC [M]  drivers/media/usb/gspca/pac7302.o
  CC [M]  drivers/media/usb/gspca/pac7311.o
  CC [M]  drivers/media/usb/gspca/se401.o
  CC [M]  drivers/media/usb/gspca/sn9c2028.o
  CC [M]  drivers/media/usb/gspca/sn9c20x.o
  CC [M]  drivers/media/usb/gspca/sonixb.o
  CC [M]  drivers/media/usb/gspca/sonixj.o
  CC [M]  drivers/media/usb/gspca/spca1528.o
  CC [M]  drivers/media/usb/gspca/spca500.o
  CC [M]  drivers/media/usb/gspca/spca501.o
  CC [M]  drivers/media/usb/gspca/spca505.o
  CC [M]  drivers/media/usb/gspca/spca506.o
  CC [M]  drivers/media/usb/gspca/spca508.o
  CC [M]  drivers/media/usb/gspca/spca561.o
  CC [M]  drivers/media/usb/gspca/sq905.o
  CC [M]  drivers/media/usb/gspca/sq905c.o
  CC [M]  drivers/media/usb/gspca/sq930x.o
  CC [M]  drivers/media/usb/gspca/stk014.o
  CC [M]  drivers/media/usb/gspca/stk1135.o
  CC [M]  drivers/media/usb/gspca/stv0680.o
  CC [M]  drivers/media/usb/gspca/sunplus.o
  CC [M]  drivers/media/usb/gspca/t613.o
  CC [M]  drivers/media/usb/gspca/topro.o
  CC [M]  drivers/media/usb/gspca/tv8532.o
  CC [M]  drivers/media/usb/gspca/vc032x.o
  CC [M]  drivers/media/usb/gspca/vicam.o
  CC [M]  drivers/media/usb/gspca/xirlink_cit.o
  CC [M]  drivers/media/usb/gspca/zc3xx.o
  LD [M]  drivers/media/usb/gspca/gspca_main.o
  LD [M]  drivers/media/usb/gspca/gspca_benq.o
  LD [M]  drivers/media/usb/gspca/gspca_conex.o
  LD [M]  drivers/media/usb/gspca/gspca_cpia1.o
  LD [M]  drivers/media/usb/gspca/gspca_dtcs033.o
  LD [M]  drivers/media/usb/gspca/gspca_etoms.o
  LD [M]  drivers/media/usb/gspca/gspca_finepix.o
  LD [M]  drivers/media/usb/gspca/gspca_jeilinj.o
  LD [M]  drivers/media/usb/gspca/gspca_jl2005bcd.o
  LD [M]  drivers/media/usb/gspca/gspca_kinect.o
  LD [M]  drivers/media/usb/gspca/gspca_konica.o
  LD [M]  drivers/media/usb/gspca/gspca_mars.o
  LD [M]  drivers/media/usb/gspca/gspca_mr97310a.o
  LD [M]  drivers/media/usb/gspca/gspca_nw80x.o
  LD [M]  drivers/media/usb/gspca/gspca_ov519.o
  LD [M]  drivers/media/usb/gspca/gspca_ov534.o
  LD [M]  drivers/media/usb/gspca/gspca_ov534_9.o
  LD [M]  drivers/media/usb/gspca/gspca_pac207.o
  LD [M]  drivers/media/usb/gspca/gspca_pac7302.o
  LD [M]  drivers/media/usb/gspca/gspca_pac7311.o
  LD [M]  drivers/media/usb/gspca/gspca_se401.o
  LD [M]  drivers/media/usb/gspca/gspca_sn9c2028.o
  LD [M]  drivers/media/usb/gspca/gspca_sn9c20x.o
  LD [M]  drivers/media/usb/gspca/gspca_sonixb.o
  LD [M]  drivers/media/usb/gspca/gspca_sonixj.o
  LD [M]  drivers/media/usb/gspca/gspca_spca500.o
  LD [M]  drivers/media/usb/gspca/gspca_spca501.o
  LD [M]  drivers/media/usb/gspca/gspca_spca505.o
  LD [M]  drivers/media/usb/gspca/gspca_spca506.o
  LD [M]  drivers/media/usb/gspca/gspca_spca508.o
  LD [M]  drivers/media/usb/gspca/gspca_spca561.o
  LD [M]  drivers/media/usb/gspca/gspca_spca1528.o
  LD [M]  drivers/media/usb/gspca/gspca_sq905.o
  LD [M]  drivers/media/usb/gspca/gspca_sq905c.o
  LD [M]  drivers/media/usb/gspca/gspca_sq930x.o
  LD [M]  drivers/media/usb/gspca/gspca_sunplus.o
  LD [M]  drivers/media/usb/gspca/gspca_stk014.o
  LD [M]  drivers/media/usb/gspca/gspca_stk1135.o
  LD [M]  drivers/media/usb/gspca/gspca_stv0680.o
  LD [M]  drivers/media/usb/gspca/gspca_t613.o
  LD [M]  drivers/media/usb/gspca/gspca_topro.o
  LD [M]  drivers/media/usb/gspca/gspca_tv8532.o
  LD [M]  drivers/media/usb/gspca/gspca_vc032x.o
  LD [M]  drivers/media/usb/gspca/gspca_vicam.o
  LD [M]  drivers/media/usb/gspca/gspca_xirlink_cit.o
  LD [M]  drivers/media/usb/gspca/gspca_zc3xx.o
  CC [M]  drivers/media/usb/gspca/gl860/gl860.o
  CC [M]  drivers/media/usb/gspca/gl860/gl860-mi1320.o
  CC [M]  drivers/media/usb/gspca/gl860/gl860-ov2640.o
  CC [M]  drivers/media/usb/gspca/gl860/gl860-ov9655.o
  CC [M]  drivers/media/usb/gspca/gl860/gl860-mi2020.o
  LD [M]  drivers/media/usb/gspca/gl860/gspca_gl860.o
  CC [M]  drivers/media/usb/gspca/m5602/m5602_core.o
  CC [M]  drivers/media/usb/gspca/m5602/m5602_ov9650.o
  CC [M]  drivers/media/usb/gspca/m5602/m5602_ov7660.o
  CC [M]  drivers/media/usb/gspca/m5602/m5602_mt9m111.o
  CC [M]  drivers/media/usb/gspca/m5602/m5602_po1030.o
  CC [M]  drivers/media/usb/gspca/m5602/m5602_s5k83a.o
  CC [M]  drivers/media/usb/gspca/m5602/m5602_s5k4aa.o
  LD [M]  drivers/media/usb/gspca/m5602/gspca_m5602.o
  CC [M]  drivers/media/usb/gspca/stv06xx/stv06xx.o
  CC [M]  drivers/media/usb/gspca/stv06xx/stv06xx_vv6410.o
  CC [M]  drivers/media/usb/gspca/stv06xx/stv06xx_hdcs.o
  CC [M]  drivers/media/usb/gspca/stv06xx/stv06xx_pb0100.o
  CC [M]  drivers/media/usb/gspca/stv06xx/stv06xx_st6422.o
  LD [M]  drivers/media/usb/gspca/stv06xx/gspca_stv06xx.o
  CC [M]  drivers/media/usb/hdpvr/hdpvr-control.o
  CC [M]  drivers/media/usb/hdpvr/hdpvr-core.o
  CC [M]  drivers/media/usb/hdpvr/hdpvr-video.o
  CC [M]  drivers/media/usb/hdpvr/hdpvr-i2c.o
  LD [M]  drivers/media/usb/hdpvr/hdpvr.o
  CC [M]  drivers/media/usb/pvrusb2/pvrusb2-i2c-core.o
  CC [M]  drivers/media/usb/pvrusb2/pvrusb2-audio.o
  CC [M]  drivers/media/usb/pvrusb2/pvrusb2-encoder.o
  CC [M]  drivers/media/usb/pvrusb2/pvrusb2-video-v4l.o
  CC [M]  drivers/media/usb/pvrusb2/pvrusb2-eeprom.o
  CC [M]  drivers/media/usb/pvrusb2/pvrusb2-main.o
  CC [M]  drivers/media/usb/pvrusb2/pvrusb2-hdw.o
  CC [M]  drivers/media/usb/pvrusb2/pvrusb2-v4l2.o
  CC [M]  drivers/media/usb/pvrusb2/pvrusb2-ctrl.o
  CC [M]  drivers/media/usb/pvrusb2/pvrusb2-std.o
  CC [M]  drivers/media/usb/pvrusb2/pvrusb2-devattr.o
  CC [M]  drivers/media/usb/pvrusb2/pvrusb2-context.o
  CC [M]  drivers/media/usb/pvrusb2/pvrusb2-io.o
  CC [M]  drivers/media/usb/pvrusb2/pvrusb2-ioread.o
  CC [M]  drivers/media/usb/pvrusb2/pvrusb2-cx2584x-v4l.o
  CC [M]  drivers/media/usb/pvrusb2/pvrusb2-wm8775.o
  CC [M]  drivers/media/usb/pvrusb2/pvrusb2-cs53l32a.o
  CC [M]  drivers/media/usb/pvrusb2/pvrusb2-dvb.o
  CC [M]  drivers/media/usb/pvrusb2/pvrusb2-sysfs.o
  LD [M]  drivers/media/usb/pvrusb2/pvrusb2.o
  CC [M]  drivers/media/usb/pwc/pwc-if.o
  CC [M]  drivers/media/usb/pwc/pwc-misc.o
  CC [M]  drivers/media/usb/pwc/pwc-ctrl.o
  CC [M]  drivers/media/usb/pwc/pwc-v4l.o
  CC [M]  drivers/media/usb/pwc/pwc-uncompress.o
  CC [M]  drivers/media/usb/pwc/pwc-dec1.o
  CC [M]  drivers/media/usb/pwc/pwc-dec23.o
  CC [M]  drivers/media/usb/pwc/pwc-kiara.o
  CC [M]  drivers/media/usb/pwc/pwc-timon.o
  LD [M]  drivers/media/usb/pwc/pwc.o
  CC [M]  drivers/media/usb/s2255/s2255drv.o
  CC [M]  drivers/media/usb/siano/smsusb.o
  CC [M]  drivers/media/usb/stk1160/stk1160-core.o
  CC [M]  drivers/media/usb/stk1160/stk1160-v4l.o
  CC [M]  drivers/media/usb/stk1160/stk1160-video.o
  CC [M]  drivers/media/usb/stk1160/stk1160-i2c.o
  CC [M]  drivers/media/usb/stk1160/stk1160-ac97.o
  LD [M]  drivers/media/usb/stk1160/stk1160.o
  CC [M]  drivers/media/usb/stkwebcam/stk-webcam.o
  CC [M]  drivers/media/usb/stkwebcam/stk-sensor.o
  LD [M]  drivers/media/usb/stkwebcam/stkwebcam.o
  CC [M]  drivers/media/usb/tlg2300/pd-video.o
  CC [M]  drivers/media/usb/tlg2300/pd-alsa.o
  CC [M]  drivers/media/usb/tlg2300/pd-dvb.o
  CC [M]  drivers/media/usb/tlg2300/pd-radio.o
  CC [M]  drivers/media/usb/tlg2300/pd-main.o
  LD [M]  drivers/media/usb/tlg2300/poseidon.o
  CC [M]  drivers/media/usb/tm6000/tm6000-cards.o
  CC [M]  drivers/media/usb/tm6000/tm6000-core.o
  CC [M]  drivers/media/usb/tm6000/tm6000-i2c.o
  CC [M]  drivers/media/usb/tm6000/tm6000-video.o
  CC [M]  drivers/media/usb/tm6000/tm6000-stds.o
  CC [M]  drivers/media/usb/tm6000/tm6000-input.o
  LD [M]  drivers/media/usb/tm6000/tm6000.o
  CC [M]  drivers/media/usb/tm6000/tm6000-alsa.o
  CC [M]  drivers/media/usb/tm6000/tm6000-dvb.o
  CC [M]  drivers/media/usb/ttusb-budget/dvb-ttusb-budget.o
  CC [M]  drivers/media/usb/ttusb-dec/ttusb_dec.o
  CC [M]  drivers/media/usb/ttusb-dec/ttusbdecfe.o
  CC [M]  drivers/media/usb/usbtv/usbtv-core.o
  CC [M]  drivers/media/usb/usbtv/usbtv-video.o
  LD [M]  drivers/media/usb/usbtv/usbtv.o
  CC [M]  drivers/media/usb/usbvision/usbvision-core.o
  CC [M]  drivers/media/usb/usbvision/usbvision-video.o
  CC [M]  drivers/media/usb/usbvision/usbvision-i2c.o
  CC [M]  drivers/media/usb/usbvision/usbvision-cards.o
  LD [M]  drivers/media/usb/usbvision/usbvision.o
  CC [M]  drivers/media/usb/uvc/uvc_driver.o
  CC [M]  drivers/media/usb/uvc/uvc_queue.o
  CC [M]  drivers/media/usb/uvc/uvc_v4l2.o
  CC [M]  drivers/media/usb/uvc/uvc_video.o
  CC [M]  drivers/media/usb/uvc/uvc_ctrl.o
  CC [M]  drivers/media/usb/uvc/uvc_status.o
  CC [M]  drivers/media/usb/uvc/uvc_isight.o
  CC [M]  drivers/media/usb/uvc/uvc_debugfs.o
  CC [M]  drivers/media/usb/uvc/uvc_entity.o
  LD [M]  drivers/media/usb/uvc/uvcvideo.o
  CC [M]  drivers/media/usb/zr364xx/zr364xx.o
  CC [M]  drivers/media/v4l2-core/tuner-core.o
  CC [M]  drivers/media/v4l2-core/v4l2-dev.o
  CC [M]  drivers/media/v4l2-core/v4l2-ioctl.o
  CC [M]  drivers/media/v4l2-core/v4l2-device.o
  CC [M]  drivers/media/v4l2-core/v4l2-fh.o
  CC [M]  drivers/media/v4l2-core/v4l2-event.o
  CC [M]  drivers/media/v4l2-core/v4l2-ctrls.o
  CC [M]  drivers/media/v4l2-core/v4l2-subdev.o
  CC [M]  drivers/media/v4l2-core/v4l2-clk.o
  CC [M]  drivers/media/v4l2-core/v4l2-async.o
  CC [M]  drivers/media/v4l2-core/v4l2-compat-ioctl32.o
  LD [M]  drivers/media/v4l2-core/videodev.o
  CC [M]  drivers/media/v4l2-core/v4l2-common.o
  CC [M]  drivers/media/v4l2-core/v4l2-dv-timings.o
  LD [M]  drivers/media/v4l2-core/tuner.o
  CC [M]  drivers/media/v4l2-core/v4l2-mem2mem.o
  CC [M]  drivers/media/v4l2-core/videobuf-core.o
  CC [M]  drivers/media/v4l2-core/videobuf-dma-sg.o
  CC [M]  drivers/media/v4l2-core/videobuf-dma-contig.o
  CC [M]  drivers/media/v4l2-core/videobuf-vmalloc.o
  CC [M]  drivers/media/v4l2-core/videobuf-dvb.o
  CC [M]  drivers/media/v4l2-core/videobuf2-core.o
  CC [M]  drivers/media/v4l2-core/videobuf2-memops.o
  CC [M]  drivers/media/v4l2-core/videobuf2-vmalloc.o
  CC [M]  drivers/media/v4l2-core/videobuf2-dma-contig.o
  CC [M]  drivers/media/v4l2-core/videobuf2-dma-sg.o
  CC [M]  drivers/media/v4l2-core/videobuf2-dvb.o
  CC [M]  drivers/memstick/core/memstick.o
  CC [M]  drivers/memstick/core/ms_block.o
  CC [M]  drivers/memstick/core/mspro_block.o
  CC [M]  drivers/memstick/host/tifm_ms.o
  CC [M]  drivers/memstick/host/jmb38x_ms.o
  CC [M]  drivers/memstick/host/r592.o
  CC [M]  drivers/memstick/host/rtsx_pci_ms.o
  CC [M]  drivers/memstick/host/rtsx_usb_ms.o
  CC [M]  drivers/message/fusion/mptbase.o
  CC [M]  drivers/message/fusion/mptscsih.o
  CC [M]  drivers/message/fusion/mptspi.o
  CC [M]  drivers/message/fusion/mptfc.o
  CC [M]  drivers/message/fusion/mptsas.o
  CC [M]  drivers/message/fusion/mptctl.o
  CC [M]  drivers/message/fusion/mptlan.o
  CC [M]  drivers/message/i2o/bus-osm.o
  CC [M]  drivers/message/i2o/config-osm.o
  CC [M]  drivers/message/i2o/iop.o
  CC [M]  drivers/message/i2o/driver.o
  CC [M]  drivers/message/i2o/device.o
  CC [M]  drivers/message/i2o/debug.o
  CC [M]  drivers/message/i2o/pci.o
  CC [M]  drivers/message/i2o/exec-osm.o
  CC [M]  drivers/message/i2o/memory.o
  LD [M]  drivers/message/i2o/i2o_core.o
  LD [M]  drivers/message/i2o/i2o_config.o
  LD [M]  drivers/message/i2o/i2o_bus.o
  CC [M]  drivers/message/i2o/i2o_block.o
  CC [M]  drivers/message/i2o/i2o_scsi.o
  CC [M]  drivers/message/i2o/i2o_proc.o
  CC [M]  drivers/mfd/88pm800.o
  CC [M]  drivers/mfd/88pm80x.o
  CC [M]  drivers/mfd/88pm805.o
  CC [M]  drivers/mfd/sm501.o
  CC [M]  drivers/mfd/bcm590xx.o
  CC [M]  drivers/mfd/cros_ec.o
  CC [M]  drivers/mfd/cros_ec_i2c.o
  CC [M]  drivers/mfd/pcf50633-core.o
  CC [M]  drivers/mfd/pcf50633-irq.o
  CC [M]  drivers/mfd/rtsx_pcr.o
  CC [M]  drivers/mfd/rts5209.o
  CC [M]  drivers/mfd/rts5229.o
  CC [M]  drivers/mfd/rtl8411.o
  CC [M]  drivers/mfd/rts5227.o
  CC [M]  drivers/mfd/rts5249.o
  CC [M]  drivers/mfd/si476x-cmd.o
  CC [M]  drivers/mfd/si476x-prop.o
  CC [M]  drivers/mfd/si476x-i2c.o
  LD [M]  drivers/mfd/rtsx_pci.o
  CC [M]  drivers/mfd/rtsx_usb.o
  CC [M]  drivers/mfd/htc-pasic3.o
  CC [M]  drivers/mfd/ti_am335x_tscadc.o
  CC [M]  drivers/mfd/arizona-i2c.o
  CC [M]  drivers/mfd/arizona-spi.o
  CC [M]  drivers/mfd/tps6105x.o
  CC [M]  drivers/mfd/tps65010.o
  CC [M]  drivers/mfd/tps6507x.o
  CC [M]  drivers/mfd/tps65217.o
  CC [M]  drivers/mfd/tps65218.o
  CC [M]  drivers/mfd/mc13xxx-core.o
  CC [M]  drivers/mfd/mc13xxx-spi.o
  CC [M]  drivers/mfd/mc13xxx-i2c.o
  CC [M]  drivers/mfd/ucb1400_core.o
  CC [M]  drivers/mfd/lp3943.o
  CC [M]  drivers/mfd/max8907.o
  LD [M]  drivers/mfd/pcf50633.o
  CC [M]  drivers/mfd/pcf50633-adc.o
  CC [M]  drivers/mfd/pcf50633-gpio.o
  CC [M]  drivers/mfd/ab3100-otp.o
  CC [M]  drivers/mfd/timberdale.o
  CC [M]  drivers/mfd/kempld-core.o
  CC [M]  drivers/mfd/lpc_sch.o
  CC [M]  drivers/mfd/lpc_ich.o
  CC [M]  drivers/mfd/rdc321x-southbridge.o
  CC [M]  drivers/mfd/janz-cmodio.o
  CC [M]  drivers/mfd/vx855.o
  CC [M]  drivers/mfd/wl1273-core.o
  LD [M]  drivers/mfd/si476x-core.o
  CC [M]  drivers/mfd/cs5535-mfd.o
  CC [M]  drivers/mfd/viperboard.o
  CC [M]  drivers/mfd/lm3533-core.o
  CC [M]  drivers/mfd/lm3533-ctrlbank.o
  CC [M]  drivers/mfd/retu-mfd.o
  CC [M]  drivers/misc/ad525x_dpot.o
  CC [M]  drivers/misc/ad525x_dpot-i2c.o
  CC [M]  drivers/misc/ad525x_dpot-spi.o
  CC [M]  drivers/misc/bmp085-i2c.o
  CC [M]  drivers/misc/bmp085-spi.o
  CC [M]  drivers/misc/dummy-irq.o
  CC [M]  drivers/misc/ics932s401.o
  CC [M]  drivers/misc/tifm_core.o
  CC [M]  drivers/misc/tifm_7xx1.o
  CC [M]  drivers/misc/phantom.o
  CC [M]  drivers/misc/bh1780gli.o
  CC [M]  drivers/misc/bh1770glc.o
  CC [M]  drivers/misc/apds990x.o
  CC [M]  drivers/misc/ioc4.o
  CC [M]  drivers/misc/enclosure.o
  CC [M]  drivers/misc/hpilo.o
  CC [M]  drivers/misc/apds9802als.o
  CC [M]  drivers/misc/isl29003.o
  CC [M]  drivers/misc/isl29020.o
  CC [M]  drivers/misc/tsl2550.o
  CC [M]  drivers/misc/ds1682.o
  CC [M]  drivers/misc/ti_dac7512.o
  CC [M]  drivers/misc/hmc6352.o
  CC [M]  drivers/misc/vmw_balloon.o
  CC [M]  drivers/misc/fsa9480.o
  CC [M]  drivers/misc/lattice-ecp3-config.o
  CC [M]  drivers/misc/altera-stapl/altera-lpt.o
  CC [M]  drivers/misc/altera-stapl/altera-jtag.o
  CC [M]  drivers/misc/altera-stapl/altera-comp.o
  CC [M]  drivers/misc/altera-stapl/altera.o
  LD [M]  drivers/misc/altera-stapl/altera-stapl.o
  CC [M]  drivers/misc/c2port/core.o
  CC [M]  drivers/misc/c2port/c2port-duramar2150.o
  CC [M]  drivers/misc/cb710/core.o
  CC [M]  drivers/misc/cb710/sgbuf2.o
  LD [M]  drivers/misc/cb710/cb710.o
  CC [M]  drivers/misc/echo/echo.o
  CC [M]  drivers/misc/eeprom/at24.o
  CC [M]  drivers/misc/eeprom/at25.o
  CC [M]  drivers/misc/eeprom/eeprom.o
  CC [M]  drivers/misc/eeprom/max6875.o
  CC [M]  drivers/misc/eeprom/eeprom_93cx6.o
  CC [M]  drivers/misc/eeprom/eeprom_93xx46.o
  CC [M]  drivers/misc/genwqe/card_base.o
  CC [M]  drivers/misc/genwqe/card_dev.o
  CC [M]  drivers/misc/genwqe/card_ddcb.o
  CC [M]  drivers/misc/genwqe/card_sysfs.o
  CC [M]  drivers/misc/genwqe/card_debugfs.o
  CC [M]  drivers/misc/genwqe/card_utils.o
  LD [M]  drivers/misc/genwqe/genwqe_card.o
  CC [M]  drivers/misc/ibmasm/module.o
  CC [M]  drivers/misc/ibmasm/ibmasmfs.o
  CC [M]  drivers/misc/ibmasm/event.o
  CC [M]  drivers/misc/ibmasm/command.o
  CC [M]  drivers/misc/ibmasm/remote.o
  CC [M]  drivers/misc/ibmasm/heartbeat.o
  CC [M]  drivers/misc/ibmasm/r_heartbeat.o
  CC [M]  drivers/misc/ibmasm/dot_command.o
  CC [M]  drivers/misc/ibmasm/lowlevel.o
  CC [M]  drivers/misc/ibmasm/uart.o
  LD [M]  drivers/misc/ibmasm/ibmasm.o
  CC [M]  drivers/misc/lis3lv02d/lis3lv02d.o
  CC [M]  drivers/misc/lis3lv02d/lis3lv02d_i2c.o
  CC [M]  drivers/misc/mei/pci-me.o
  CC [M]  drivers/misc/mei/hw-me.o
  CC [M]  drivers/misc/mei/pci-txe.o
  CC [M]  drivers/misc/mei/hw-txe.o
  CC [M]  drivers/misc/mei/init.o
  CC [M]  drivers/misc/mei/hbm.o
  CC [M]  drivers/misc/mei/interrupt.o
  CC [M]  drivers/misc/mei/client.o
  CC [M]  drivers/misc/mei/main.o
  CC [M]  drivers/misc/mei/amthif.o
  CC [M]  drivers/misc/mei/wd.o
  CC [M]  drivers/misc/mei/bus.o
  CC [M]  drivers/misc/mei/nfc.o
  CC [M]  drivers/misc/mei/debugfs.o
  LD [M]  drivers/misc/mei/mei.o
  LD [M]  drivers/misc/mei/mei-me.o
  LD [M]  drivers/misc/mei/mei-txe.o
  CC [M]  drivers/misc/mic/card/mic_x100.o
  CC [M]  drivers/misc/mic/card/mic_device.o
  CC [M]  drivers/misc/mic/card/mic_debugfs.o
  CC [M]  drivers/misc/mic/card/mic_virtio.o
  LD [M]  drivers/misc/mic/card/mic_card.o
  CC [M]  drivers/misc/mic/host/mic_main.o
  CC [M]  drivers/misc/mic/host/mic_x100.o
  CC [M]  drivers/misc/mic/host/mic_sysfs.o
  CC [M]  drivers/misc/mic/host/mic_smpt.o
  CC [M]  drivers/misc/mic/host/mic_intr.o
  CC [M]  drivers/misc/mic/host/mic_boot.o
  CC [M]  drivers/misc/mic/host/mic_debugfs.o
  CC [M]  drivers/misc/mic/host/mic_fops.o
  CC [M]  drivers/misc/mic/host/mic_virtio.o
  LD [M]  drivers/misc/mic/host/mic_host.o
  CC [M]  drivers/misc/ti-st/st_core.o
  CC [M]  drivers/misc/ti-st/st_kim.o
  CC [M]  drivers/misc/ti-st/st_ll.o
  LD [M]  drivers/misc/ti-st/st_drv.o
  CC [M]  drivers/misc/vmw_vmci/vmci_context.o
  CC [M]  drivers/misc/vmw_vmci/vmci_datagram.o
  CC [M]  drivers/misc/vmw_vmci/vmci_doorbell.o
  CC [M]  drivers/misc/vmw_vmci/vmci_driver.o
  CC [M]  drivers/misc/vmw_vmci/vmci_event.o
  CC [M]  drivers/misc/vmw_vmci/vmci_guest.o
  CC [M]  drivers/misc/vmw_vmci/vmci_handle_array.o
  CC [M]  drivers/misc/vmw_vmci/vmci_host.o
  CC [M]  drivers/misc/vmw_vmci/vmci_queue_pair.o
  CC [M]  drivers/misc/vmw_vmci/vmci_resource.o
  CC [M]  drivers/misc/vmw_vmci/vmci_route.o
  LD [M]  drivers/misc/vmw_vmci/vmw_vmci.o
  CC [M]  drivers/mmc/card/block.o
  CC [M]  drivers/mmc/card/queue.o
  LD [M]  drivers/mmc/card/mmc_block.o
  CC [M]  drivers/mmc/card/sdio_uart.o
  CC [M]  drivers/mmc/host/sdhci.o
  CC [M]  drivers/mmc/host/sdhci-pci.o
  CC [M]  drivers/mmc/host/sdhci-acpi.o
  CC [M]  drivers/mmc/host/sdhci-pxav3.o
  CC [M]  drivers/mmc/host/sdhci-pxav2.o
  CC [M]  drivers/mmc/host/wbsd.o
  CC [M]  drivers/mmc/host/tifm_sd.o
  CC [M]  drivers/mmc/host/mmc_spi.o
  CC [M]  drivers/mmc/host/sdricoh_cs.o
  CC [M]  drivers/mmc/host/cb710-mmc.o
  CC [M]  drivers/mmc/host/via-sdmmc.o
  CC [M]  drivers/mmc/host/vub300.o
  CC [M]  drivers/mmc/host/ushc.o
  CC [M]  drivers/mmc/host/usdhi6rol0.o
  CC [M]  drivers/mmc/host/rtsx_pci_sdmmc.o
  CC [M]  drivers/mmc/host/rtsx_usb_sdmmc.o
  CC [M]  drivers/mmc/host/sdhci-pltfm.o
  CC [M]  drivers/mtd/inftlcore.o
  CC [M]  drivers/mtd/inftlmount.o
  CC [M]  drivers/mtd/mtdcore.o
  CC [M]  drivers/mtd/mtdsuper.o
  CC [M]  drivers/mtd/mtdconcat.o
  CC [M]  drivers/mtd/mtdpart.o
  CC [M]  drivers/mtd/mtdchar.o
  CC [M]  drivers/mtd/nftlcore.o
  CC [M]  drivers/mtd/nftlmount.o
  LD [M]  drivers/mtd/mtd.o
  CC [M]  drivers/mtd/redboot.o
  CC [M]  drivers/mtd/cmdlinepart.o
  CC [M]  drivers/mtd/ar7part.o
  CC [M]  drivers/mtd/mtd_blkdevs.o
  CC [M]  drivers/mtd/mtdblock.o
  CC [M]  drivers/mtd/mtdblock_ro.o
  CC [M]  drivers/mtd/ftl.o
  LD [M]  drivers/mtd/nftl.o
  LD [M]  drivers/mtd/inftl.o
  CC [M]  drivers/mtd/rfd_ftl.o
  CC [M]  drivers/mtd/ssfdc.o
  CC [M]  drivers/mtd/sm_ftl.o
  CC [M]  drivers/mtd/mtdoops.o
  CC [M]  drivers/mtd/mtdswap.o
  CC [M]  drivers/mtd/chips/chipreg.o
  CC [M]  drivers/mtd/chips/cfi_probe.o
  CC [M]  drivers/mtd/chips/cfi_util.o
  CC [M]  drivers/mtd/chips/cfi_cmdset_0020.o
  CC [M]  drivers/mtd/chips/cfi_cmdset_0002.o
  CC [M]  drivers/mtd/chips/cfi_cmdset_0001.o
  CC [M]  drivers/mtd/chips/gen_probe.o
  CC [M]  drivers/mtd/chips/jedec_probe.o
  CC [M]  drivers/mtd/chips/map_ram.o
  CC [M]  drivers/mtd/chips/map_rom.o
  CC [M]  drivers/mtd/chips/map_absent.o
  CC [M]  drivers/mtd/devices/docg3.o
  CC [M]  drivers/mtd/devices/slram.o
  CC [M]  drivers/mtd/devices/phram.o
  CC [M]  drivers/mtd/devices/pmc551.o
  CC [M]  drivers/mtd/devices/mtdram.o
  CC [M]  drivers/mtd/devices/block2mtd.o
  CC [M]  drivers/mtd/devices/mtd_dataflash.o
  CC [M]  drivers/mtd/devices/m25p80.o
  CC [M]  drivers/mtd/devices/sst25l.o
  CC [M]  drivers/mtd/lpddr/qinfo_probe.o
  CC [M]  drivers/mtd/lpddr/lpddr_cmds.o
  CC [M]  drivers/mtd/maps/map_funcs.o
  CC [M]  drivers/mtd/maps/l440gx.o
  CC [M]  drivers/mtd/maps/amd76xrom.o
  CC [M]  drivers/mtd/maps/esb2rom.o
  CC [M]  drivers/mtd/maps/ichxrom.o
  CC [M]  drivers/mtd/maps/ck804xrom.o
  CC [M]  drivers/mtd/maps/physmap.o
  CC [M]  drivers/mtd/maps/pcmciamtd.o
  CC [M]  drivers/mtd/maps/sbc_gxx.o
  CC [M]  drivers/mtd/maps/pci.o
  CC [M]  drivers/mtd/maps/nettel.o
  CC [M]  drivers/mtd/maps/scb2_flash.o
  CC [M]  drivers/mtd/maps/plat-ram.o
  CC [M]  drivers/mtd/maps/intel_vr_nor.o
  CC [M]  drivers/mtd/maps/gpio-addr-flash.o
  CC [M]  drivers/mtd/maps/latch-addr-flash.o
  CC [M]  drivers/mtd/nand/nand_base.o
  CC [M]  drivers/mtd/nand/nand_bbt.o
  LD [M]  drivers/mtd/nand/nand.o
  CC [M]  drivers/mtd/nand/nand_ecc.o
  CC [M]  drivers/mtd/nand/nand_bch.o
  CC [M]  drivers/mtd/nand/nand_ids.o
  CC [M]  drivers/mtd/nand/sm_common.o
  CC [M]  drivers/mtd/nand/cafe_nand.o
  CC [M]  drivers/mtd/nand/denali.o
  CC [M]  drivers/mtd/nand/denali_pci.o
  CC [M]  drivers/mtd/nand/denali_dt.o
  CC [M]  drivers/mtd/nand/diskonchip.o
  CC [M]  drivers/mtd/nand/docg4.o
  CC [M]  drivers/mtd/nand/nandsim.o
  CC [M]  drivers/mtd/nand/gpio.o
  CC [M]  drivers/mtd/nand/plat_nand.o
  CC [M]  drivers/mtd/nand/r852.o
  CC [M]  drivers/mtd/onenand/onenand_base.o
  CC [M]  drivers/mtd/onenand/onenand_bbt.o
  LD [M]  drivers/mtd/onenand/onenand.o
  CC [M]  drivers/mtd/onenand/generic.o
  CC [M]  drivers/mtd/spi-nor/spi-nor.o
  CC [M]  drivers/mtd/ubi/vtbl.o
  CC [M]  drivers/mtd/ubi/vmt.o
  CC [M]  drivers/mtd/ubi/upd.o
  CC [M]  drivers/mtd/ubi/build.o
  CC [M]  drivers/mtd/ubi/cdev.o
  CC [M]  drivers/mtd/ubi/kapi.o
  CC [M]  drivers/mtd/ubi/eba.o
  CC [M]  drivers/mtd/ubi/io.o
  CC [M]  drivers/mtd/ubi/wl.o
  CC [M]  drivers/mtd/ubi/attach.o
  CC [M]  drivers/mtd/ubi/misc.o
  CC [M]  drivers/mtd/ubi/debug.o
  CC [M]  drivers/mtd/ubi/fastmap.o
  CC [M]  drivers/mtd/ubi/block.o
  LD [M]  drivers/mtd/ubi/ubi.o
  CC [M]  drivers/mtd/ubi/gluebi.o
  CC [M]  drivers/net/dummy.o
  CC [M]  drivers/net/eql.o
  CC [M]  drivers/net/ifb.o
  CC [M]  drivers/net/macvlan.o
  CC [M]  drivers/net/macvtap.o
  CC [M]  drivers/net/mii.o
  CC [M]  drivers/net/mdio.o
  CC [M]  drivers/net/netconsole.o
  CC [M]  drivers/net/rionet.o
  CC [M]  drivers/net/veth.o
  CC [M]  drivers/net/vxlan.o
  CC [M]  drivers/net/nlmon.o
  CC [M]  drivers/net/sb1000.o
  CC [M]  drivers/net/sungem_phy.o
  CC [M]  drivers/net/ntb_netdev.o
  CC [M]  drivers/net/appletalk/ipddp.o
  CC [M]  drivers/net/arcnet/arcnet.o
  CC [M]  drivers/net/arcnet/rfc1201.o
  CC [M]  drivers/net/arcnet/rfc1051.o
  CC [M]  drivers/net/arcnet/arc-rawmode.o
  CC [M]  drivers/net/arcnet/capmode.o
  CC [M]  drivers/net/arcnet/com90xx.o
  CC [M]  drivers/net/arcnet/com90io.o
  CC [M]  drivers/net/arcnet/arc-rimi.o
  CC [M]  drivers/net/arcnet/com20020.o
  CC [M]  drivers/net/arcnet/com20020-pci.o
  CC [M]  drivers/net/arcnet/com20020_cs.o
  CC [M]  drivers/net/bonding/bond_main.o
  CC [M]  drivers/net/bonding/bond_3ad.o
  CC [M]  drivers/net/bonding/bond_alb.o
  CC [M]  drivers/net/bonding/bond_sysfs.o
  CC [M]  drivers/net/bonding/bond_sysfs_slave.o
  CC [M]  drivers/net/bonding/bond_debugfs.o
  CC [M]  drivers/net/bonding/bond_netlink.o
  CC [M]  drivers/net/bonding/bond_options.o
  CC [M]  drivers/net/bonding/bond_procfs.o
  LD [M]  drivers/net/bonding/bonding.o
  CC [M]  drivers/net/caif/caif_serial.o
  CC [M]  drivers/net/caif/caif_spi.o
  CC [M]  drivers/net/caif/caif_spi_slave.o
  LD [M]  drivers/net/caif/cfspi_slave.o
  CC [M]  drivers/net/caif/caif_hsi.o
  CC [M]  drivers/net/caif/caif_virtio.o
  CC [M]  drivers/net/can/vcan.o
  CC [M]  drivers/net/can/slcan.o
  CC [M]  drivers/net/can/dev.o
  CC [M]  drivers/net/can/led.o
  LD [M]  drivers/net/can/can-dev.o
  CC [M]  drivers/net/can/janz-ican3.o
  CC [M]  drivers/net/can/c_can/c_can.o
  CC [M]  drivers/net/can/c_can/c_can_platform.o
  CC [M]  drivers/net/can/c_can/c_can_pci.o
  CC [M]  drivers/net/can/cc770/cc770.o
  CC [M]  drivers/net/can/cc770/cc770_isa.o
  CC [M]  drivers/net/can/cc770/cc770_platform.o
  CC [M]  drivers/net/can/sja1000/sja1000.o
  CC [M]  drivers/net/can/sja1000/sja1000_isa.o
  CC [M]  drivers/net/can/sja1000/sja1000_platform.o
  CC [M]  drivers/net/can/sja1000/ems_pcmcia.o
  CC [M]  drivers/net/can/sja1000/ems_pci.o
  CC [M]  drivers/net/can/sja1000/kvaser_pci.o
  CC [M]  drivers/net/can/sja1000/peak_pcmcia.o
  CC [M]  drivers/net/can/sja1000/peak_pci.o
  CC [M]  drivers/net/can/sja1000/plx_pci.o
  CC [M]  drivers/net/can/softing/softing_main.o
  CC [M]  drivers/net/can/softing/softing_fw.o
  LD [M]  drivers/net/can/softing/softing.o
  CC [M]  drivers/net/can/softing/softing_cs.o
  CC [M]  drivers/net/can/spi/mcp251x.o
  CC [M]  drivers/net/can/usb/ems_usb.o
  CC [M]  drivers/net/can/usb/esd_usb2.o
  CC [M]  drivers/net/can/usb/gs_usb.o
  CC [M]  drivers/net/can/usb/kvaser_usb.o
  CC [M]  drivers/net/can/usb/usb_8dev.o
  CC [M]  drivers/net/can/usb/peak_usb/pcan_usb_core.o
  CC [M]  drivers/net/can/usb/peak_usb/pcan_usb.o
  CC [M]  drivers/net/can/usb/peak_usb/pcan_usb_pro.o
  LD [M]  drivers/net/can/usb/peak_usb/peak_usb.o
  CC [M]  drivers/net/dsa/mv88e6060.o
  CC [M]  drivers/net/dsa/mv88e6xxx.o
  CC [M]  drivers/net/dsa/mv88e6123_61_65.o
  CC [M]  drivers/net/dsa/mv88e6131.o
  LD [M]  drivers/net/dsa/mv88e6xxx_drv.o
  CC [M]  drivers/net/ethernet/ec_bhf.o
  CC [M]  drivers/net/ethernet/dnet.o
  CC [M]  drivers/net/ethernet/jme.o
  CC [M]  drivers/net/ethernet/fealnx.o
  CC [M]  drivers/net/ethernet/ethoc.o
  CC [M]  drivers/net/ethernet/3com/3c589_cs.o
  CC [M]  drivers/net/ethernet/3com/3c574_cs.o
  CC [M]  drivers/net/ethernet/3com/3c59x.o
  CC [M]  drivers/net/ethernet/3com/typhoon.o
  CC [M]  drivers/net/ethernet/8390/ne2k-pci.o
  CC [M]  drivers/net/ethernet/8390/8390.o
  CC [M]  drivers/net/ethernet/8390/axnet_cs.o
  CC [M]  drivers/net/ethernet/8390/pcnet_cs.o
  CC [M]  drivers/net/ethernet/adaptec/starfire.o
  CC [M]  drivers/net/ethernet/alteon/acenic.o
  CC [M]  drivers/net/ethernet/altera/altera_tse_main.o
  CC [M]  drivers/net/ethernet/altera/altera_tse_ethtool.o
  CC [M]  drivers/net/ethernet/altera/altera_msgdma.o
  CC [M]  drivers/net/ethernet/altera/altera_sgdma.o
  CC [M]  drivers/net/ethernet/altera/altera_utils.o
  LD [M]  drivers/net/ethernet/altera/altera_tse.o
  CC [M]  drivers/net/ethernet/amd/amd8111e.o
  CC [M]  drivers/net/ethernet/amd/nmclan_cs.o
  CC [M]  drivers/net/ethernet/amd/pcnet32.o
  CC [M]  drivers/net/ethernet/atheros/alx/main.o
  CC [M]  drivers/net/ethernet/atheros/alx/ethtool.o
  CC [M]  drivers/net/ethernet/atheros/alx/hw.o
  LD [M]  drivers/net/ethernet/atheros/alx/alx.o
  CC [M]  drivers/net/ethernet/atheros/atl1c/atl1c_main.o
  CC [M]  drivers/net/ethernet/atheros/atl1c/atl1c_hw.o
  CC [M]  drivers/net/ethernet/atheros/atl1c/atl1c_ethtool.o
  LD [M]  drivers/net/ethernet/atheros/atl1c/atl1c.o
  CC [M]  drivers/net/ethernet/atheros/atl1e/atl1e_main.o
  CC [M]  drivers/net/ethernet/atheros/atl1e/atl1e_hw.o
  CC [M]  drivers/net/ethernet/atheros/atl1e/atl1e_ethtool.o
  CC [M]  drivers/net/ethernet/atheros/atl1e/atl1e_param.o
  LD [M]  drivers/net/ethernet/atheros/atl1e/atl1e.o
  CC [M]  drivers/net/ethernet/atheros/atlx/atl1.o
  CC [M]  drivers/net/ethernet/atheros/atlx/atl2.o
  CC [M]  drivers/net/ethernet/broadcom/b44.o
  CC [M]  drivers/net/ethernet/broadcom/bnx2.o
  CC [M]  drivers/net/ethernet/broadcom/cnic.o
  CC [M]  drivers/net/ethernet/broadcom/tg3.o
  CC [M]  drivers/net/ethernet/broadcom/bnx2x/bnx2x_main.o
  CC [M]  drivers/net/ethernet/broadcom/bnx2x/bnx2x_link.o
  CC [M]  drivers/net/ethernet/broadcom/bnx2x/bnx2x_cmn.o
  CC [M]  drivers/net/ethernet/broadcom/bnx2x/bnx2x_ethtool.o
  CC [M]  drivers/net/ethernet/broadcom/bnx2x/bnx2x_stats.o
  CC [M]  drivers/net/ethernet/broadcom/bnx2x/bnx2x_dcb.o
  CC [M]  drivers/net/ethernet/broadcom/bnx2x/bnx2x_sp.o
  CC [M]  drivers/net/ethernet/broadcom/bnx2x/bnx2x_vfpf.o
  CC [M]  drivers/net/ethernet/broadcom/bnx2x/bnx2x_sriov.o
  LD [M]  drivers/net/ethernet/broadcom/bnx2x/bnx2x.o
  CC [M]  drivers/net/ethernet/brocade/bna/bnad.o
  CC [M]  drivers/net/ethernet/brocade/bna/bnad_ethtool.o
  CC [M]  drivers/net/ethernet/brocade/bna/bnad_debugfs.o
  CC [M]  drivers/net/ethernet/brocade/bna/bna_enet.o
  CC [M]  drivers/net/ethernet/brocade/bna/bna_tx_rx.o
  CC [M]  drivers/net/ethernet/brocade/bna/bfa_msgq.o
  CC [M]  drivers/net/ethernet/brocade/bna/bfa_ioc.o
  CC [M]  drivers/net/ethernet/brocade/bna/bfa_ioc_ct.o
  CC [M]  drivers/net/ethernet/brocade/bna/bfa_cee.o
  CC [M]  drivers/net/ethernet/brocade/bna/cna_fwimg.o
  LD [M]  drivers/net/ethernet/brocade/bna/bna.o
  CC [M]  drivers/net/ethernet/calxeda/xgmac.o
  CC [M]  drivers/net/ethernet/chelsio/cxgb/cxgb2.o
  CC [M]  drivers/net/ethernet/chelsio/cxgb/espi.o
  CC [M]  drivers/net/ethernet/chelsio/cxgb/tp.o
  CC [M]  drivers/net/ethernet/chelsio/cxgb/pm3393.o
  CC [M]  drivers/net/ethernet/chelsio/cxgb/sge.o
  CC [M]  drivers/net/ethernet/chelsio/cxgb/subr.o
  CC [M]  drivers/net/ethernet/chelsio/cxgb/mv88x201x.o
  CC [M]  drivers/net/ethernet/chelsio/cxgb/my3126.o
  CC [M]  drivers/net/ethernet/chelsio/cxgb/mv88e1xxx.o
  CC [M]  drivers/net/ethernet/chelsio/cxgb/vsc7326.o
  LD [M]  drivers/net/ethernet/chelsio/cxgb/cxgb.o
  CC [M]  drivers/net/ethernet/chelsio/cxgb3/cxgb3_main.o
  CC [M]  drivers/net/ethernet/chelsio/cxgb3/ael1002.o
  CC [M]  drivers/net/ethernet/chelsio/cxgb3/vsc8211.o
  CC [M]  drivers/net/ethernet/chelsio/cxgb3/t3_hw.o
  CC [M]  drivers/net/ethernet/chelsio/cxgb3/mc5.o
  CC [M]  drivers/net/ethernet/chelsio/cxgb3/xgmac.o
  CC [M]  drivers/net/ethernet/chelsio/cxgb3/sge.o
  CC [M]  drivers/net/ethernet/chelsio/cxgb3/l2t.o
  CC [M]  drivers/net/ethernet/chelsio/cxgb3/cxgb3_offload.o
  CC [M]  drivers/net/ethernet/chelsio/cxgb3/aq100x.o
  LD [M]  drivers/net/ethernet/chelsio/cxgb3/cxgb3.o
  CC [M]  drivers/net/ethernet/chelsio/cxgb4/cxgb4_main.o
  CC [M]  drivers/net/ethernet/chelsio/cxgb4/l2t.o
  CC [M]  drivers/net/ethernet/chelsio/cxgb4/t4_hw.o
  CC [M]  drivers/net/ethernet/chelsio/cxgb4/sge.o
  LD [M]  drivers/net/ethernet/chelsio/cxgb4/cxgb4.o
  CC [M]  drivers/net/ethernet/chelsio/cxgb4vf/cxgb4vf_main.o
  CC [M]  drivers/net/ethernet/chelsio/cxgb4vf/t4vf_hw.o
  CC [M]  drivers/net/ethernet/chelsio/cxgb4vf/sge.o
  LD [M]  drivers/net/ethernet/chelsio/cxgb4vf/cxgb4vf.o
  CC [M]  drivers/net/ethernet/cisco/enic/enic_main.o
  CC [M]  drivers/net/ethernet/cisco/enic/vnic_cq.o
  CC [M]  drivers/net/ethernet/cisco/enic/vnic_intr.o
  CC [M]  drivers/net/ethernet/cisco/enic/vnic_wq.o
  CC [M]  drivers/net/ethernet/cisco/enic/enic_res.o
  CC [M]  drivers/net/ethernet/cisco/enic/enic_dev.o
  CC [M]  drivers/net/ethernet/cisco/enic/enic_pp.o
  CC [M]  drivers/net/ethernet/cisco/enic/vnic_dev.o
  CC [M]  drivers/net/ethernet/cisco/enic/vnic_rq.o
  CC [M]  drivers/net/ethernet/cisco/enic/vnic_vic.o
  CC [M]  drivers/net/ethernet/cisco/enic/enic_ethtool.o
  CC [M]  drivers/net/ethernet/cisco/enic/enic_api.o
  LD [M]  drivers/net/ethernet/cisco/enic/enic.o
  CC [M]  drivers/net/ethernet/dec/tulip/xircom_cb.o
  CC [M]  drivers/net/ethernet/dec/tulip/dmfe.o
  CC [M]  drivers/net/ethernet/dec/tulip/winbond-840.o
  CC [M]  drivers/net/ethernet/dec/tulip/de2104x.o
  CC [M]  drivers/net/ethernet/dec/tulip/eeprom.o
  CC [M]  drivers/net/ethernet/dec/tulip/interrupt.o
  CC [M]  drivers/net/ethernet/dec/tulip/media.o
  CC [M]  drivers/net/ethernet/dec/tulip/timer.o
  CC [M]  drivers/net/ethernet/dec/tulip/tulip_core.o
  CC [M]  drivers/net/ethernet/dec/tulip/21142.o
  CC [M]  drivers/net/ethernet/dec/tulip/pnic.o
  CC [M]  drivers/net/ethernet/dec/tulip/pnic2.o
  LD [M]  drivers/net/ethernet/dec/tulip/tulip.o
  CC [M]  drivers/net/ethernet/dec/tulip/de4x5.o
  CC [M]  drivers/net/ethernet/dec/tulip/uli526x.o
  CC [M]  drivers/net/ethernet/dlink/dl2k.o
  CC [M]  drivers/net/ethernet/dlink/sundance.o
  CC [M]  drivers/net/ethernet/emulex/benet/be_main.o
  CC [M]  drivers/net/ethernet/emulex/benet/be_cmds.o
  CC [M]  drivers/net/ethernet/emulex/benet/be_ethtool.o
  CC [M]  drivers/net/ethernet/emulex/benet/be_roce.o
  LD [M]  drivers/net/ethernet/emulex/benet/be2net.o
  CC [M]  drivers/net/ethernet/fujitsu/fmvj18x_cs.o
  CC [M]  drivers/net/ethernet/hp/hp100.o
  CC [M]  drivers/net/ethernet/icplus/ipg.o
  CC [M]  drivers/net/ethernet/intel/e100.o
  CC [M]  drivers/net/ethernet/intel/e1000/e1000_main.o
  CC [M]  drivers/net/ethernet/intel/e1000/e1000_hw.o
  CC [M]  drivers/net/ethernet/intel/e1000/e1000_ethtool.o
  CC [M]  drivers/net/ethernet/intel/e1000/e1000_param.o
  LD [M]  drivers/net/ethernet/intel/e1000/e1000.o
  CC [M]  drivers/net/ethernet/intel/e1000e/82571.o
  CC [M]  drivers/net/ethernet/intel/e1000e/ich8lan.o
  CC [M]  drivers/net/ethernet/intel/e1000e/80003es2lan.o
  CC [M]  drivers/net/ethernet/intel/e1000e/mac.o
  CC [M]  drivers/net/ethernet/intel/e1000e/manage.o
  CC [M]  drivers/net/ethernet/intel/e1000e/nvm.o
  CC [M]  drivers/net/ethernet/intel/e1000e/phy.o
  CC [M]  drivers/net/ethernet/intel/e1000e/param.o
  CC [M]  drivers/net/ethernet/intel/e1000e/ethtool.o
  CC [M]  drivers/net/ethernet/intel/e1000e/netdev.o
  CC [M]  drivers/net/ethernet/intel/e1000e/ptp.o
  LD [M]  drivers/net/ethernet/intel/e1000e/e1000e.o
  CC [M]  drivers/net/ethernet/intel/i40e/i40e_main.o
  CC [M]  drivers/net/ethernet/intel/i40e/i40e_ethtool.o
  CC [M]  drivers/net/ethernet/intel/i40e/i40e_adminq.o
  CC [M]  drivers/net/ethernet/intel/i40e/i40e_common.o
  CC [M]  drivers/net/ethernet/intel/i40e/i40e_hmc.o
  CC [M]  drivers/net/ethernet/intel/i40e/i40e_lan_hmc.o
  CC [M]  drivers/net/ethernet/intel/i40e/i40e_nvm.o
  CC [M]  drivers/net/ethernet/intel/i40e/i40e_debugfs.o
  CC [M]  drivers/net/ethernet/intel/i40e/i40e_diag.o
  CC [M]  drivers/net/ethernet/intel/i40e/i40e_txrx.o
  CC [M]  drivers/net/ethernet/intel/i40e/i40e_ptp.o
  CC [M]  drivers/net/ethernet/intel/i40e/i40e_virtchnl_pf.o
  CC [M]  drivers/net/ethernet/intel/i40e/i40e_dcb.o
  CC [M]  drivers/net/ethernet/intel/i40e/i40e_dcb_nl.o
  LD [M]  drivers/net/ethernet/intel/i40e/i40e.o
  CC [M]  drivers/net/ethernet/intel/i40evf/i40evf_main.o
  CC [M]  drivers/net/ethernet/intel/i40evf/i40evf_ethtool.o
  CC [M]  drivers/net/ethernet/intel/i40evf/i40evf_virtchnl.o
  CC [M]  drivers/net/ethernet/intel/i40evf/i40e_txrx.o
  CC [M]  drivers/net/ethernet/intel/i40evf/i40e_common.o
  CC [M]  drivers/net/ethernet/intel/i40evf/i40e_adminq.o
  LD [M]  drivers/net/ethernet/intel/i40evf/i40evf.o
  CC [M]  drivers/net/ethernet/intel/igb/igb_main.o
  CC [M]  drivers/net/ethernet/intel/igb/igb_ethtool.o
  CC [M]  drivers/net/ethernet/intel/igb/e1000_82575.o
  CC [M]  drivers/net/ethernet/intel/igb/e1000_mac.o
  CC [M]  drivers/net/ethernet/intel/igb/e1000_nvm.o
  CC [M]  drivers/net/ethernet/intel/igb/e1000_phy.o
  CC [M]  drivers/net/ethernet/intel/igb/e1000_mbx.o
  CC [M]  drivers/net/ethernet/intel/igb/e1000_i210.o
  CC [M]  drivers/net/ethernet/intel/igb/igb_ptp.o
  CC [M]  drivers/net/ethernet/intel/igb/igb_hwmon.o
  LD [M]  drivers/net/ethernet/intel/igb/igb.o
  CC [M]  drivers/net/ethernet/intel/igbvf/vf.o
  CC [M]  drivers/net/ethernet/intel/igbvf/mbx.o
  CC [M]  drivers/net/ethernet/intel/igbvf/ethtool.o
  CC [M]  drivers/net/ethernet/intel/igbvf/netdev.o
  LD [M]  drivers/net/ethernet/intel/igbvf/igbvf.o
  CC [M]  drivers/net/ethernet/intel/ixgb/ixgb_main.o
  CC [M]  drivers/net/ethernet/intel/ixgb/ixgb_hw.o
  CC [M]  drivers/net/ethernet/intel/ixgb/ixgb_ee.o
  CC [M]  drivers/net/ethernet/intel/ixgb/ixgb_ethtool.o
  CC [M]  drivers/net/ethernet/intel/ixgb/ixgb_param.o
  LD [M]  drivers/net/ethernet/intel/ixgb/ixgb.o
  CC [M]  drivers/net/ethernet/intel/ixgbe/ixgbe_main.o
  CC [M]  drivers/net/ethernet/intel/ixgbe/ixgbe_common.o
  CC [M]  drivers/net/ethernet/intel/ixgbe/ixgbe_ethtool.o
  CC [M]  drivers/net/ethernet/intel/ixgbe/ixgbe_82599.o
  CC [M]  drivers/net/ethernet/intel/ixgbe/ixgbe_82598.o
  CC [M]  drivers/net/ethernet/intel/ixgbe/ixgbe_phy.o
  CC [M]  drivers/net/ethernet/intel/ixgbe/ixgbe_sriov.o
  CC [M]  drivers/net/ethernet/intel/ixgbe/ixgbe_mbx.o
  CC [M]  drivers/net/ethernet/intel/ixgbe/ixgbe_x540.o
  CC [M]  drivers/net/ethernet/intel/ixgbe/ixgbe_lib.o
  CC [M]  drivers/net/ethernet/intel/ixgbe/ixgbe_ptp.o
  CC [M]  drivers/net/ethernet/intel/ixgbe/ixgbe_dcb.o
  CC [M]  drivers/net/ethernet/intel/ixgbe/ixgbe_dcb_82598.o
  CC [M]  drivers/net/ethernet/intel/ixgbe/ixgbe_dcb_82599.o
  CC [M]  drivers/net/ethernet/intel/ixgbe/ixgbe_dcb_nl.o
  CC [M]  drivers/net/ethernet/intel/ixgbe/ixgbe_sysfs.o
  CC [M]  drivers/net/ethernet/intel/ixgbe/ixgbe_debugfs.o
  CC [M]  drivers/net/ethernet/intel/ixgbe/ixgbe_fcoe.o
  LD [M]  drivers/net/ethernet/intel/ixgbe/ixgbe.o
  CC [M]  drivers/net/ethernet/intel/ixgbevf/vf.o
  CC [M]  drivers/net/ethernet/intel/ixgbevf/mbx.o
  CC [M]  drivers/net/ethernet/intel/ixgbevf/ethtool.o
  CC [M]  drivers/net/ethernet/intel/ixgbevf/ixgbevf_main.o
  LD [M]  drivers/net/ethernet/intel/ixgbevf/ixgbevf.o
  CC [M]  drivers/net/ethernet/marvell/mvmdio.o
  CC [M]  drivers/net/ethernet/marvell/skge.o
  CC [M]  drivers/net/ethernet/marvell/sky2.o
  CC [M]  drivers/net/ethernet/mellanox/mlx4/alloc.o
  CC [M]  drivers/net/ethernet/mellanox/mlx4/catas.o
  CC [M]  drivers/net/ethernet/mellanox/mlx4/cmd.o
  CC [M]  drivers/net/ethernet/mellanox/mlx4/cq.o
  CC [M]  drivers/net/ethernet/mellanox/mlx4/eq.o
  CC [M]  drivers/net/ethernet/mellanox/mlx4/fw.o
  CC [M]  drivers/net/ethernet/mellanox/mlx4/icm.o
  CC [M]  drivers/net/ethernet/mellanox/mlx4/intf.o
  CC [M]  drivers/net/ethernet/mellanox/mlx4/main.o
  CC [M]  drivers/net/ethernet/mellanox/mlx4/mcg.o
  CC [M]  drivers/net/ethernet/mellanox/mlx4/mr.o
  CC [M]  drivers/net/ethernet/mellanox/mlx4/pd.o
  CC [M]  drivers/net/ethernet/mellanox/mlx4/port.o
  CC [M]  drivers/net/ethernet/mellanox/mlx4/profile.o
  CC [M]  drivers/net/ethernet/mellanox/mlx4/qp.o
  CC [M]  drivers/net/ethernet/mellanox/mlx4/reset.o
  CC [M]  drivers/net/ethernet/mellanox/mlx4/sense.o
  CC [M]  drivers/net/ethernet/mellanox/mlx4/srq.o
  CC [M]  drivers/net/ethernet/mellanox/mlx4/resource_tracker.o
  CC [M]  drivers/net/ethernet/mellanox/mlx4/en_main.o
  CC [M]  drivers/net/ethernet/mellanox/mlx4/en_tx.o
  CC [M]  drivers/net/ethernet/mellanox/mlx4/en_rx.o
  CC [M]  drivers/net/ethernet/mellanox/mlx4/en_ethtool.o
  CC [M]  drivers/net/ethernet/mellanox/mlx4/en_port.o
  CC [M]  drivers/net/ethernet/mellanox/mlx4/en_cq.o
  CC [M]  drivers/net/ethernet/mellanox/mlx4/en_resources.o
  CC [M]  drivers/net/ethernet/mellanox/mlx4/en_netdev.o
  CC [M]  drivers/net/ethernet/mellanox/mlx4/en_selftest.o
  CC [M]  drivers/net/ethernet/mellanox/mlx4/en_clock.o
  CC [M]  drivers/net/ethernet/mellanox/mlx4/en_dcb_nl.o
  LD [M]  drivers/net/ethernet/mellanox/mlx4/mlx4_core.o
  LD [M]  drivers/net/ethernet/mellanox/mlx4/mlx4_en.o
  CC [M]  drivers/net/ethernet/mellanox/mlx5/core/main.o
  CC [M]  drivers/net/ethernet/mellanox/mlx5/core/cmd.o
  CC [M]  drivers/net/ethernet/mellanox/mlx5/core/debugfs.o
  CC [M]  drivers/net/ethernet/mellanox/mlx5/core/fw.o
  CC [M]  drivers/net/ethernet/mellanox/mlx5/core/eq.o
  CC [M]  drivers/net/ethernet/mellanox/mlx5/core/uar.o
  CC [M]  drivers/net/ethernet/mellanox/mlx5/core/pagealloc.o
  CC [M]  drivers/net/ethernet/mellanox/mlx5/core/health.o
  CC [M]  drivers/net/ethernet/mellanox/mlx5/core/mcg.o
  CC [M]  drivers/net/ethernet/mellanox/mlx5/core/cq.o
  CC [M]  drivers/net/ethernet/mellanox/mlx5/core/srq.o
  CC [M]  drivers/net/ethernet/mellanox/mlx5/core/alloc.o
  CC [M]  drivers/net/ethernet/mellanox/mlx5/core/qp.o
  CC [M]  drivers/net/ethernet/mellanox/mlx5/core/port.o
  CC [M]  drivers/net/ethernet/mellanox/mlx5/core/mr.o
  CC [M]  drivers/net/ethernet/mellanox/mlx5/core/pd.o
  CC [M]  drivers/net/ethernet/mellanox/mlx5/core/mad.o
  LD [M]  drivers/net/ethernet/mellanox/mlx5/core/mlx5_core.o
  CC [M]  drivers/net/ethernet/micrel/ks8842.o
  CC [M]  drivers/net/ethernet/micrel/ks8851.o
  CC [M]  drivers/net/ethernet/micrel/ks8851_mll.o
  CC [M]  drivers/net/ethernet/micrel/ksz884x.o
  CC [M]  drivers/net/ethernet/microchip/enc28j60.o
  CC [M]  drivers/net/ethernet/myricom/myri10ge/myri10ge.o
  CC [M]  drivers/net/ethernet/natsemi/natsemi.o
  CC [M]  drivers/net/ethernet/natsemi/ns83820.o
  CC [M]  drivers/net/ethernet/neterion/s2io.o
  CC [M]  drivers/net/ethernet/neterion/vxge/vxge-config.o
  CC [M]  drivers/net/ethernet/neterion/vxge/vxge-traffic.o
  CC [M]  drivers/net/ethernet/neterion/vxge/vxge-ethtool.o
  CC [M]  drivers/net/ethernet/neterion/vxge/vxge-main.o
drivers/net/ethernet/neterion/vxge/vxge-main.c: In function ‘VXGE_COMPLETE_VPATH_TX.isra.34’:
drivers/net/ethernet/neterion/vxge/vxge-main.c:119:1: warning: the frame size of 1040 bytes is larger than 1024 bytes [-Wframe-larger-than=]
 }
 ^
  LD [M]  drivers/net/ethernet/neterion/vxge/vxge.o
  CC [M]  drivers/net/ethernet/nvidia/forcedeth.o
  CC [M]  drivers/net/ethernet/packetengines/hamachi.o
  CC [M]  drivers/net/ethernet/packetengines/yellowfin.o
  CC [M]  drivers/net/ethernet/qlogic/qla3xxx.o
  CC [M]  drivers/net/ethernet/qlogic/netxen/netxen_nic_hw.o
  CC [M]  drivers/net/ethernet/qlogic/netxen/netxen_nic_main.o
  CC [M]  drivers/net/ethernet/qlogic/netxen/netxen_nic_init.o
  CC [M]  drivers/net/ethernet/qlogic/netxen/netxen_nic_ethtool.o
  CC [M]  drivers/net/ethernet/qlogic/netxen/netxen_nic_ctx.o
  LD [M]  drivers/net/ethernet/qlogic/netxen/netxen_nic.o
  CC [M]  drivers/net/ethernet/qlogic/qlcnic/qlcnic_hw.o
  CC [M]  drivers/net/ethernet/qlogic/qlcnic/qlcnic_main.o
  CC [M]  drivers/net/ethernet/qlogic/qlcnic/qlcnic_init.o
  CC [M]  drivers/net/ethernet/qlogic/qlcnic/qlcnic_ethtool.o
  CC [M]  drivers/net/ethernet/qlogic/qlcnic/qlcnic_ctx.o
  CC [M]  drivers/net/ethernet/qlogic/qlcnic/qlcnic_io.o
  CC [M]  drivers/net/ethernet/qlogic/qlcnic/qlcnic_sysfs.o
  CC [M]  drivers/net/ethernet/qlogic/qlcnic/qlcnic_minidump.o
  CC [M]  drivers/net/ethernet/qlogic/qlcnic/qlcnic_83xx_hw.o
  CC [M]  drivers/net/ethernet/qlogic/qlcnic/qlcnic_83xx_init.o
  CC [M]  drivers/net/ethernet/qlogic/qlcnic/qlcnic_83xx_vnic.o
  CC [M]  drivers/net/ethernet/qlogic/qlcnic/qlcnic_sriov_common.o
  CC [M]  drivers/net/ethernet/qlogic/qlcnic/qlcnic_sriov_pf.o
  CC [M]  drivers/net/ethernet/qlogic/qlcnic/qlcnic_dcb.o
  LD [M]  drivers/net/ethernet/qlogic/qlcnic/qlcnic.o
  CC [M]  drivers/net/ethernet/qlogic/qlge/qlge_main.o
  CC [M]  drivers/net/ethernet/qlogic/qlge/qlge_dbg.o
  CC [M]  drivers/net/ethernet/qlogic/qlge/qlge_mpi.o
  CC [M]  drivers/net/ethernet/qlogic/qlge/qlge_ethtool.o
  LD [M]  drivers/net/ethernet/qlogic/qlge/qlge.o
  CC [M]  drivers/net/ethernet/rdc/r6040.o
  CC [M]  drivers/net/ethernet/realtek/8139cp.o
  CC [M]  drivers/net/ethernet/realtek/8139too.o
  CC [M]  drivers/net/ethernet/realtek/atp.o
  CC [M]  drivers/net/ethernet/realtek/r8169.o
  CC [M]  drivers/net/ethernet/renesas/sh_eth.o
  CC [M]  drivers/net/ethernet/samsung/sxgbe/sxgbe_platform.o
  CC [M]  drivers/net/ethernet/samsung/sxgbe/sxgbe_main.o
  CC [M]  drivers/net/ethernet/samsung/sxgbe/sxgbe_desc.o
  CC [M]  drivers/net/ethernet/samsung/sxgbe/sxgbe_dma.o
  CC [M]  drivers/net/ethernet/samsung/sxgbe/sxgbe_core.o
  CC [M]  drivers/net/ethernet/samsung/sxgbe/sxgbe_mtl.o
  CC [M]  drivers/net/ethernet/samsung/sxgbe/sxgbe_mdio.o
  CC [M]  drivers/net/ethernet/samsung/sxgbe/sxgbe_ethtool.o
  CC [M]  drivers/net/ethernet/samsung/sxgbe/sxgbe_xpcs.o
  LD [M]  drivers/net/ethernet/samsung/sxgbe/samsung-sxgbe.o
  CC [M]  drivers/net/ethernet/sfc/efx.o
  CC [M]  drivers/net/ethernet/sfc/nic.o
  CC [M]  drivers/net/ethernet/sfc/farch.o
  CC [M]  drivers/net/ethernet/sfc/falcon.o
  CC [M]  drivers/net/ethernet/sfc/siena.o
  CC [M]  drivers/net/ethernet/sfc/ef10.o
  CC [M]  drivers/net/ethernet/sfc/tx.o
  CC [M]  drivers/net/ethernet/sfc/rx.o
  CC [M]  drivers/net/ethernet/sfc/selftest.o
  CC [M]  drivers/net/ethernet/sfc/ethtool.o
  CC [M]  drivers/net/ethernet/sfc/qt202x_phy.o
  CC [M]  drivers/net/ethernet/sfc/mdio_10g.o
  CC [M]  drivers/net/ethernet/sfc/tenxpress.o
  CC [M]  drivers/net/ethernet/sfc/txc43128_phy.o
  CC [M]  drivers/net/ethernet/sfc/falcon_boards.o
  CC [M]  drivers/net/ethernet/sfc/mcdi.o
  CC [M]  drivers/net/ethernet/sfc/mcdi_port.o
  CC [M]  drivers/net/ethernet/sfc/mcdi_mon.o
  CC [M]  drivers/net/ethernet/sfc/ptp.o
  CC [M]  drivers/net/ethernet/sfc/mtd.o
  CC [M]  drivers/net/ethernet/sfc/siena_sriov.o
  LD [M]  drivers/net/ethernet/sfc/sfc.o
  CC [M]  drivers/net/ethernet/silan/sc92031.o
  CC [M]  drivers/net/ethernet/sis/sis190.o
  CC [M]  drivers/net/ethernet/sis/sis900.o
  CC [M]  drivers/net/ethernet/smsc/smc91c92_cs.o
  CC [M]  drivers/net/ethernet/smsc/epic100.o
  CC [M]  drivers/net/ethernet/smsc/smsc9420.o
  CC [M]  drivers/net/ethernet/smsc/smsc911x.o
  CC [M]  drivers/net/ethernet/stmicro/stmmac/stmmac_main.o
  CC [M]  drivers/net/ethernet/stmicro/stmmac/stmmac_ethtool.o
  CC [M]  drivers/net/ethernet/stmicro/stmmac/stmmac_mdio.o
  CC [M]  drivers/net/ethernet/stmicro/stmmac/ring_mode.o
  CC [M]  drivers/net/ethernet/stmicro/stmmac/chain_mode.o
  CC [M]  drivers/net/ethernet/stmicro/stmmac/dwmac_lib.o
  CC [M]  drivers/net/ethernet/stmicro/stmmac/dwmac1000_core.o
  CC [M]  drivers/net/ethernet/stmicro/stmmac/dwmac1000_dma.o
  CC [M]  drivers/net/ethernet/stmicro/stmmac/dwmac100_core.o
  CC [M]  drivers/net/ethernet/stmicro/stmmac/dwmac100_dma.o
  CC [M]  drivers/net/ethernet/stmicro/stmmac/enh_desc.o
  CC [M]  drivers/net/ethernet/stmicro/stmmac/norm_desc.o
  CC [M]  drivers/net/ethernet/stmicro/stmmac/mmc_core.o
  CC [M]  drivers/net/ethernet/stmicro/stmmac/stmmac_hwtstamp.o
  CC [M]  drivers/net/ethernet/stmicro/stmmac/stmmac_ptp.o
  CC [M]  drivers/net/ethernet/stmicro/stmmac/stmmac_platform.o
  LD [M]  drivers/net/ethernet/stmicro/stmmac/stmmac.o
  CC [M]  drivers/net/ethernet/sun/sunhme.o
  CC [M]  drivers/net/ethernet/sun/sungem.o
  CC [M]  drivers/net/ethernet/sun/cassini.o
  CC [M]  drivers/net/ethernet/sun/niu.o
  CC [M]  drivers/net/ethernet/tehuti/tehuti.o
  CC [M]  drivers/net/ethernet/ti/tlan.o
  CC [M]  drivers/net/ethernet/via/via-rhine.o
  CC [M]  drivers/net/ethernet/via/via-velocity.o
  CC [M]  drivers/net/ethernet/wiznet/w5100.o
  CC [M]  drivers/net/ethernet/wiznet/w5300.o
  CC [M]  drivers/net/ethernet/xircom/xirc2ps_cs.o
  CC [M]  drivers/net/fddi/defxx.o
  CC [M]  drivers/net/fddi/skfp/skfddi.o
  CC [M]  drivers/net/fddi/skfp/hwmtm.o
  CC [M]  drivers/net/fddi/skfp/fplustm.o
  CC [M]  drivers/net/fddi/skfp/smt.o
  CC [M]  drivers/net/fddi/skfp/cfm.o
  CC [M]  drivers/net/fddi/skfp/ecm.o
  CC [M]  drivers/net/fddi/skfp/pcmplc.o
  CC [M]  drivers/net/fddi/skfp/pmf.o
  CC [M]  drivers/net/fddi/skfp/queue.o
  CC [M]  drivers/net/fddi/skfp/rmt.o
  CC [M]  drivers/net/fddi/skfp/smtdef.o
  CC [M]  drivers/net/fddi/skfp/smtinit.o
  CC [M]  drivers/net/fddi/skfp/smttimer.o
  CC [M]  drivers/net/fddi/skfp/srf.o
  CC [M]  drivers/net/fddi/skfp/hwt.o
  CC [M]  drivers/net/fddi/skfp/drvfbi.o
  CC [M]  drivers/net/fddi/skfp/ess.o
  LD [M]  drivers/net/fddi/skfp/skfp.o
  CC [M]  drivers/net/hamradio/mkiss.o
  CC [M]  drivers/net/hamradio/6pack.o
  CC [M]  drivers/net/hamradio/yam.o
  CC [M]  drivers/net/hamradio/bpqether.o
  CC [M]  drivers/net/hamradio/baycom_ser_fdx.o
  CC [M]  drivers/net/hamradio/hdlcdrv.o
  CC [M]  drivers/net/hamradio/baycom_ser_hdx.o
  CC [M]  drivers/net/hamradio/baycom_par.o
  CC [M]  drivers/net/hyperv/netvsc_drv.o
  CC [M]  drivers/net/hyperv/netvsc.o
  CC [M]  drivers/net/hyperv/rndis_filter.o
  LD [M]  drivers/net/hyperv/hv_netvsc.o
  CC [M]  drivers/net/ieee802154/fakelb.o
  CC [M]  drivers/net/ieee802154/at86rf230.o
  CC [M]  drivers/net/ieee802154/mrf24j40.o
  CC [M]  drivers/net/irda/irda-usb.o
  CC [M]  drivers/net/irda/stir4200.o
  CC [M]  drivers/net/irda/nsc-ircc.o
  CC [M]  drivers/net/irda/w83977af_ir.o
  CC [M]  drivers/net/irda/smsc-ircc2.o
  CC [M]  drivers/net/irda/ali-ircc.o
  CC [M]  drivers/net/irda/vlsi_ir.o
  CC [M]  drivers/net/irda/via-ircc.o
  CC [M]  drivers/net/irda/mcs7780.o
  CC [M]  drivers/net/irda/irtty-sir.o
  CC [M]  drivers/net/irda/sir_dev.o
  CC [M]  drivers/net/irda/sir_dongle.o
  LD [M]  drivers/net/irda/sir-dev.o
  CC [M]  drivers/net/irda/esi-sir.o
  CC [M]  drivers/net/irda/tekram-sir.o
  CC [M]  drivers/net/irda/actisys-sir.o
  CC [M]  drivers/net/irda/litelink-sir.o
  CC [M]  drivers/net/irda/girbil-sir.o
  CC [M]  drivers/net/irda/old_belkin-sir.o
  CC [M]  drivers/net/irda/mcp2120-sir.o
  CC [M]  drivers/net/irda/act200l-sir.o
  CC [M]  drivers/net/irda/ma600-sir.o
  CC [M]  drivers/net/irda/toim3232-sir.o
  CC [M]  drivers/net/irda/kingsun-sir.o
  CC [M]  drivers/net/irda/ksdazzle-sir.o
  CC [M]  drivers/net/irda/ks959-sir.o
  CC [M]  drivers/net/phy/marvell.o
  CC [M]  drivers/net/phy/davicom.o
  CC [M]  drivers/net/phy/cicada.o
  CC [M]  drivers/net/phy/lxt.o
  CC [M]  drivers/net/phy/qsemi.o
  CC [M]  drivers/net/phy/smsc.o
  CC [M]  drivers/net/phy/vitesse.o
  CC [M]  drivers/net/phy/broadcom.o
  CC [M]  drivers/net/phy/bcm7xxx.o
  CC [M]  drivers/net/phy/bcm87xx.o
  CC [M]  drivers/net/phy/icplus.o
  CC [M]  drivers/net/phy/realtek.o
  CC [M]  drivers/net/phy/et1011c.o
  CC [M]  drivers/net/phy/mdio-bitbang.o
  CC [M]  drivers/net/phy/mdio-gpio.o
  CC [M]  drivers/net/phy/national.o
  CC [M]  drivers/net/phy/ste10Xp.o
  CC [M]  drivers/net/phy/micrel.o
  CC [M]  drivers/net/phy/spi_ks8995.o
  CC [M]  drivers/net/phy/at803x.o
  CC [M]  drivers/net/phy/amd.o
  CC [M]  drivers/net/plip/plip.o
  CC [M]  drivers/net/ppp/ppp_async.o
  CC [M]  drivers/net/ppp/bsd_comp.o
  CC [M]  drivers/net/ppp/ppp_deflate.o
  CC [M]  drivers/net/ppp/ppp_mppe.o
  CC [M]  drivers/net/ppp/ppp_synctty.o
  CC [M]  drivers/net/ppp/pppox.o
  CC [M]  drivers/net/ppp/pppoe.o
  CC [M]  drivers/net/ppp/pptp.o
  CC [M]  drivers/net/slip/slip.o
  CC [M]  drivers/net/team/team.o
  CC [M]  drivers/net/team/team_mode_broadcast.o
  CC [M]  drivers/net/team/team_mode_roundrobin.o
  CC [M]  drivers/net/team/team_mode_random.o
  CC [M]  drivers/net/team/team_mode_activebackup.o
  CC [M]  drivers/net/team/team_mode_loadbalance.o
  CC [M]  drivers/net/usb/catc.o
  CC [M]  drivers/net/usb/kaweth.o
  CC [M]  drivers/net/usb/pegasus.o
  CC [M]  drivers/net/usb/rtl8150.o
  CC [M]  drivers/net/usb/r8152.o
  CC [M]  drivers/net/usb/hso.o
  CC [M]  drivers/net/usb/asix_devices.o
  CC [M]  drivers/net/usb/asix_common.o
  CC [M]  drivers/net/usb/ax88172a.o
  LD [M]  drivers/net/usb/asix.o
  CC [M]  drivers/net/usb/ax88179_178a.o
  CC [M]  drivers/net/usb/cdc_ether.o
  CC [M]  drivers/net/usb/cdc_eem.o
  CC [M]  drivers/net/usb/dm9601.o
  CC [M]  drivers/net/usb/sr9700.o
  CC [M]  drivers/net/usb/sr9800.o
  CC [M]  drivers/net/usb/smsc75xx.o
  CC [M]  drivers/net/usb/smsc95xx.o
  CC [M]  drivers/net/usb/gl620a.o
  CC [M]  drivers/net/usb/net1080.o
  CC [M]  drivers/net/usb/plusb.o
  CC [M]  drivers/net/usb/rndis_host.o
  CC [M]  drivers/net/usb/cdc_subset.o
  CC [M]  drivers/net/usb/zaurus.o
  CC [M]  drivers/net/usb/mcs7830.o
  CC [M]  drivers/net/usb/usbnet.o
  CC [M]  drivers/net/usb/int51x1.o
  CC [M]  drivers/net/usb/cdc-phonet.o
  CC [M]  drivers/net/usb/kalmia.o
  CC [M]  drivers/net/usb/ipheth.o
  CC [M]  drivers/net/usb/sierra_net.o
  CC [M]  drivers/net/usb/cx82310_eth.o
  CC [M]  drivers/net/usb/cdc_ncm.o
  CC [M]  drivers/net/usb/huawei_cdc_ncm.o
  CC [M]  drivers/net/usb/lg-vl600.o
  CC [M]  drivers/net/usb/qmi_wwan.o
  CC [M]  drivers/net/usb/cdc_mbim.o
  CC [M]  drivers/net/vmxnet3/vmxnet3_drv.o
  CC [M]  drivers/net/vmxnet3/vmxnet3_ethtool.o
  LD [M]  drivers/net/vmxnet3/vmxnet3.o
  CC [M]  drivers/net/wan/hdlc.o
  CC [M]  drivers/net/wan/hdlc_raw.o
  CC [M]  drivers/net/wan/hdlc_raw_eth.o
  CC [M]  drivers/net/wan/hdlc_cisco.o
  CC [M]  drivers/net/wan/hdlc_fr.o
  CC [M]  drivers/net/wan/hdlc_ppp.o
  CC [M]  drivers/net/wan/hdlc_x25.o
  CC [M]  drivers/net/wan/farsync.o
  CC [M]  drivers/net/wan/dscc4.o
  CC [M]  drivers/net/wan/x25_asy.o
  CC [M]  drivers/net/wan/dlci.o
  CC [M]  drivers/net/wan/lapbether.o
  CC [M]  drivers/net/wan/sbni.o
  SHIPPED drivers/net/wan/wanxlfw.inc
  CC [M]  drivers/net/wan/wanxl.o
  CC [M]  drivers/net/wan/pci200syn.o
  CC [M]  drivers/net/wan/pc300too.o
  CC [M]  drivers/net/wan/lmc/lmc_debug.o
  CC [M]  drivers/net/wan/lmc/lmc_media.o
  CC [M]  drivers/net/wan/lmc/lmc_main.o
  CC [M]  drivers/net/wan/lmc/lmc_proto.o
  LD [M]  drivers/net/wan/lmc/lmc.o
  CC [M]  drivers/net/wimax/i2400m/usb-fw.o
  CC [M]  drivers/net/wimax/i2400m/usb-notif.o
  CC [M]  drivers/net/wimax/i2400m/usb-tx.o
  CC [M]  drivers/net/wimax/i2400m/usb-rx.o
  CC [M]  drivers/net/wimax/i2400m/usb.o
  CC [M]  drivers/net/wimax/i2400m/control.o
  CC [M]  drivers/net/wimax/i2400m/driver.o
  CC [M]  drivers/net/wimax/i2400m/fw.o
  CC [M]  drivers/net/wimax/i2400m/op-rfkill.o
  CC [M]  drivers/net/wimax/i2400m/sysfs.o
  CC [M]  drivers/net/wimax/i2400m/netdev.o
  CC [M]  drivers/net/wimax/i2400m/tx.o
  CC [M]  drivers/net/wimax/i2400m/rx.o
  CC [M]  drivers/net/wimax/i2400m/debugfs.o
  LD [M]  drivers/net/wimax/i2400m/i2400m.o
  LD [M]  drivers/net/wimax/i2400m/i2400m-usb.o
  CC [M]  drivers/net/wireless/airo.o
  CC [M]  drivers/net/wireless/airo_cs.o
  CC [M]  drivers/net/wireless/atmel.o
  CC [M]  drivers/net/wireless/atmel_pci.o
  CC [M]  drivers/net/wireless/atmel_cs.o
  CC [M]  drivers/net/wireless/at76c50x-usb.o
  CC [M]  drivers/net/wireless/ray_cs.o
  CC [M]  drivers/net/wireless/wl3501_cs.o
  CC [M]  drivers/net/wireless/rndis_wlan.o
  CC [M]  drivers/net/wireless/zd1201.o
  CC [M]  drivers/net/wireless/adm8211.o
  CC [M]  drivers/net/wireless/mwl8k.o
  CC [M]  drivers/net/wireless/mac80211_hwsim.o
  CC [M]  drivers/net/wireless/ath/main.o
  CC [M]  drivers/net/wireless/ath/regd.o
  CC [M]  drivers/net/wireless/ath/hw.o
  CC [M]  drivers/net/wireless/ath/key.o
  CC [M]  drivers/net/wireless/ath/dfs_pattern_detector.o
  CC [M]  drivers/net/wireless/ath/dfs_pri_detector.o
  LD [M]  drivers/net/wireless/ath/ath.o
  CC [M]  drivers/net/wireless/ath/ar5523/ar5523.o
  CC [M]  drivers/net/wireless/ath/ath10k/mac.o
  CC [M]  drivers/net/wireless/ath/ath10k/debug.o
  CC [M]  drivers/net/wireless/ath/ath10k/core.o
  CC [M]  drivers/net/wireless/ath/ath10k/htc.o
  CC [M]  drivers/net/wireless/ath/ath10k/htt.o
  CC [M]  drivers/net/wireless/ath/ath10k/htt_rx.o
  CC [M]  drivers/net/wireless/ath/ath10k/htt_tx.o
  CC [M]  drivers/net/wireless/ath/ath10k/txrx.o
  CC [M]  drivers/net/wireless/ath/ath10k/wmi.o
  CC [M]  drivers/net/wireless/ath/ath10k/bmi.o
  CC [M]  drivers/net/wireless/ath/ath10k/trace.o
  CC [M]  drivers/net/wireless/ath/ath10k/pci.o
  CC [M]  drivers/net/wireless/ath/ath10k/ce.o
  LD [M]  drivers/net/wireless/ath/ath10k/ath10k_core.o
  LD [M]  drivers/net/wireless/ath/ath10k/ath10k_pci.o
  CC [M]  drivers/net/wireless/ath/ath5k/caps.o
  CC [M]  drivers/net/wireless/ath/ath5k/initvals.o
  CC [M]  drivers/net/wireless/ath/ath5k/eeprom.o
  CC [M]  drivers/net/wireless/ath/ath5k/gpio.o
  CC [M]  drivers/net/wireless/ath/ath5k/desc.o
  CC [M]  drivers/net/wireless/ath/ath5k/dma.o
  CC [M]  drivers/net/wireless/ath/ath5k/qcu.o
  CC [M]  drivers/net/wireless/ath/ath5k/pcu.o
  CC [M]  drivers/net/wireless/ath/ath5k/phy.o
  CC [M]  drivers/net/wireless/ath/ath5k/reset.o
  CC [M]  drivers/net/wireless/ath/ath5k/attach.o
  CC [M]  drivers/net/wireless/ath/ath5k/base.o
  CC [M]  drivers/net/wireless/ath/ath5k/led.o
  CC [M]  drivers/net/wireless/ath/ath5k/rfkill.o
  CC [M]  drivers/net/wireless/ath/ath5k/ani.o
  CC [M]  drivers/net/wireless/ath/ath5k/sysfs.o
  CC [M]  drivers/net/wireless/ath/ath5k/mac80211-ops.o
  CC [M]  drivers/net/wireless/ath/ath5k/pci.o
  LD [M]  drivers/net/wireless/ath/ath5k/ath5k.o
  CC [M]  drivers/net/wireless/ath/ath6kl/debug.o
  CC [M]  drivers/net/wireless/ath/ath6kl/hif.o
  CC [M]  drivers/net/wireless/ath/ath6kl/htc_mbox.o
  CC [M]  drivers/net/wireless/ath/ath6kl/htc_pipe.o
  CC [M]  drivers/net/wireless/ath/ath6kl/bmi.o
  CC [M]  drivers/net/wireless/ath/ath6kl/cfg80211.o
  CC [M]  drivers/net/wireless/ath/ath6kl/init.o
  CC [M]  drivers/net/wireless/ath/ath6kl/main.o
  CC [M]  drivers/net/wireless/ath/ath6kl/txrx.o
  CC [M]  drivers/net/wireless/ath/ath6kl/wmi.o
  CC [M]  drivers/net/wireless/ath/ath6kl/core.o
  CC [M]  drivers/net/wireless/ath/ath6kl/recovery.o
  CC [M]  drivers/net/wireless/ath/ath6kl/sdio.o
  CC [M]  drivers/net/wireless/ath/ath6kl/usb.o
  LD [M]  drivers/net/wireless/ath/ath6kl/ath6kl_core.o
  LD [M]  drivers/net/wireless/ath/ath6kl/ath6kl_sdio.o
  LD [M]  drivers/net/wireless/ath/ath6kl/ath6kl_usb.o
  CC [M]  drivers/net/wireless/ath/ath9k/beacon.o
  CC [M]  drivers/net/wireless/ath/ath9k/gpio.o
  CC [M]  drivers/net/wireless/ath/ath9k/init.o
  CC [M]  drivers/net/wireless/ath/ath9k/main.o
  CC [M]  drivers/net/wireless/ath/ath9k/recv.o
  CC [M]  drivers/net/wireless/ath/ath9k/xmit.o
  CC [M]  drivers/net/wireless/ath/ath9k/link.o
  CC [M]  drivers/net/wireless/ath/ath9k/antenna.o
  CC [M]  drivers/net/wireless/ath/ath9k/mci.o
  CC [M]  drivers/net/wireless/ath/ath9k/pci.o
  CC [M]  drivers/net/wireless/ath/ath9k/ahb.o
  CC [M]  drivers/net/wireless/ath/ath9k/wow.o
  CC [M]  drivers/net/wireless/ath/ath9k/debug.o
  CC [M]  drivers/net/wireless/ath/ath9k/spectral.o
  CC [M]  drivers/net/wireless/ath/ath9k/debug_sta.o
  CC [M]  drivers/net/wireless/ath/ath9k/common.o
  CC [M]  drivers/net/wireless/ath/ath9k/common-init.o
  CC [M]  drivers/net/wireless/ath/ath9k/common-beacon.o
  CC [M]  drivers/net/wireless/ath/ath9k/common-debug.o
  CC [M]  drivers/net/wireless/ath/ath9k/htc_hst.o
  CC [M]  drivers/net/wireless/ath/ath9k/hif_usb.o
  CC [M]  drivers/net/wireless/ath/ath9k/wmi.o
  CC [M]  drivers/net/wireless/ath/ath9k/htc_drv_txrx.o
  CC [M]  drivers/net/wireless/ath/ath9k/htc_drv_main.o
  CC [M]  drivers/net/wireless/ath/ath9k/htc_drv_beacon.o
  CC [M]  drivers/net/wireless/ath/ath9k/htc_drv_init.o
  CC [M]  drivers/net/wireless/ath/ath9k/htc_drv_gpio.o
  CC [M]  drivers/net/wireless/ath/ath9k/htc_drv_debug.o
  CC [M]  drivers/net/wireless/ath/ath9k/ar9002_hw.o
  CC [M]  drivers/net/wireless/ath/ath9k/ar9003_hw.o
  CC [M]  drivers/net/wireless/ath/ath9k/hw.o
  CC [M]  drivers/net/wireless/ath/ath9k/ar9003_phy.o
  CC [M]  drivers/net/wireless/ath/ath9k/ar9002_phy.o
  CC [M]  drivers/net/wireless/ath/ath9k/ar5008_phy.o
  CC [M]  drivers/net/wireless/ath/ath9k/ar9002_calib.o
  CC [M]  drivers/net/wireless/ath/ath9k/ar9003_calib.o
  CC [M]  drivers/net/wireless/ath/ath9k/ar9003_rtt.o
  CC [M]  drivers/net/wireless/ath/ath9k/calib.o
  CC [M]  drivers/net/wireless/ath/ath9k/eeprom.o
  CC [M]  drivers/net/wireless/ath/ath9k/eeprom_def.o
  CC [M]  drivers/net/wireless/ath/ath9k/eeprom_4k.o
  CC [M]  drivers/net/wireless/ath/ath9k/eeprom_9287.o
  CC [M]  drivers/net/wireless/ath/ath9k/ani.o
  CC [M]  drivers/net/wireless/ath/ath9k/mac.o
  CC [M]  drivers/net/wireless/ath/ath9k/ar9002_mac.o
  CC [M]  drivers/net/wireless/ath/ath9k/ar9003_mac.o
  CC [M]  drivers/net/wireless/ath/ath9k/ar9003_eeprom.o
  CC [M]  drivers/net/wireless/ath/ath9k/ar9003_paprd.o
  CC [M]  drivers/net/wireless/ath/ath9k/ar9003_wow.o
  CC [M]  drivers/net/wireless/ath/ath9k/btcoex.o
  CC [M]  drivers/net/wireless/ath/ath9k/ar9003_mci.o
  LD [M]  drivers/net/wireless/ath/ath9k/ath9k.o
  LD [M]  drivers/net/wireless/ath/ath9k/ath9k_hw.o
  LD [M]  drivers/net/wireless/ath/ath9k/ath9k_common.o
  LD [M]  drivers/net/wireless/ath/ath9k/ath9k_htc.o
  CC [M]  drivers/net/wireless/ath/carl9170/main.o
  CC [M]  drivers/net/wireless/ath/carl9170/usb.o
  CC [M]  drivers/net/wireless/ath/carl9170/cmd.o
  CC [M]  drivers/net/wireless/ath/carl9170/mac.o
  CC [M]  drivers/net/wireless/ath/carl9170/phy.o
  CC [M]  drivers/net/wireless/ath/carl9170/led.o
  CC [M]  drivers/net/wireless/ath/carl9170/fw.o
  CC [M]  drivers/net/wireless/ath/carl9170/tx.o
  CC [M]  drivers/net/wireless/ath/carl9170/rx.o
  LD [M]  drivers/net/wireless/ath/carl9170/carl9170.o
  CC [M]  drivers/net/wireless/ath/wcn36xx/main.o
  CC [M]  drivers/net/wireless/ath/wcn36xx/dxe.o
  CC [M]  drivers/net/wireless/ath/wcn36xx/txrx.o
  CC [M]  drivers/net/wireless/ath/wcn36xx/smd.o
  CC [M]  drivers/net/wireless/ath/wcn36xx/pmc.o
  CC [M]  drivers/net/wireless/ath/wcn36xx/debug.o
  LD [M]  drivers/net/wireless/ath/wcn36xx/wcn36xx.o
  CC [M]  drivers/net/wireless/ath/wil6210/main.o
  CC [M]  drivers/net/wireless/ath/wil6210/netdev.o
  CC [M]  drivers/net/wireless/ath/wil6210/cfg80211.o
  CC [M]  drivers/net/wireless/ath/wil6210/pcie_bus.o
  CC [M]  drivers/net/wireless/ath/wil6210/debugfs.o
  CC [M]  drivers/net/wireless/ath/wil6210/wmi.o
  CC [M]  drivers/net/wireless/ath/wil6210/interrupt.o
  CC [M]  drivers/net/wireless/ath/wil6210/txrx.o
  CC [M]  drivers/net/wireless/ath/wil6210/debug.o
  CC [M]  drivers/net/wireless/ath/wil6210/rx_reorder.o
  CC [M]  drivers/net/wireless/ath/wil6210/trace.o
  LD [M]  drivers/net/wireless/ath/wil6210/wil6210.o
  CC [M]  drivers/net/wireless/b43/main.o
  CC [M]  drivers/net/wireless/b43/bus.o
  CC [M]  drivers/net/wireless/b43/tables.o
  CC [M]  drivers/net/wireless/b43/tables_nphy.o
  CC [M]  drivers/net/wireless/b43/radio_2055.o
  CC [M]  drivers/net/wireless/b43/radio_2056.o
  CC [M]  drivers/net/wireless/b43/radio_2057.o
  CC [M]  drivers/net/wireless/b43/phy_common.o
  CC [M]  drivers/net/wireless/b43/phy_g.o
  CC [M]  drivers/net/wireless/b43/phy_a.o
  CC [M]  drivers/net/wireless/b43/phy_n.o
  CC [M]  drivers/net/wireless/b43/phy_lp.o
  CC [M]  drivers/net/wireless/b43/tables_lpphy.o
  CC [M]  drivers/net/wireless/b43/phy_ht.o
  CC [M]  drivers/net/wireless/b43/tables_phy_ht.o
  CC [M]  drivers/net/wireless/b43/radio_2059.o
  CC [M]  drivers/net/wireless/b43/sysfs.o
  CC [M]  drivers/net/wireless/b43/xmit.o
  CC [M]  drivers/net/wireless/b43/lo.o
  CC [M]  drivers/net/wireless/b43/wa.o
  CC [M]  drivers/net/wireless/b43/dma.o
  CC [M]  drivers/net/wireless/b43/pio.o
  CC [M]  drivers/net/wireless/b43/rfkill.o
  CC [M]  drivers/net/wireless/b43/leds.o
  LD [M]  drivers/net/wireless/b43/b43.o
  CC [M]  drivers/net/wireless/b43legacy/main.o
  CC [M]  drivers/net/wireless/b43legacy/ilt.o
  CC [M]  drivers/net/wireless/b43legacy/phy.o
  CC [M]  drivers/net/wireless/b43legacy/radio.o
  CC [M]  drivers/net/wireless/b43legacy/sysfs.o
  CC [M]  drivers/net/wireless/b43legacy/xmit.o
  CC [M]  drivers/net/wireless/b43legacy/rfkill.o
  CC [M]  drivers/net/wireless/b43legacy/leds.o
  CC [M]  drivers/net/wireless/b43legacy/dma.o
  CC [M]  drivers/net/wireless/b43legacy/pio.o
  LD [M]  drivers/net/wireless/b43legacy/b43legacy.o
  CC [M]  drivers/net/wireless/brcm80211/brcmfmac/wl_cfg80211.o
  CC [M]  drivers/net/wireless/brcm80211/brcmfmac/chip.o
  CC [M]  drivers/net/wireless/brcm80211/brcmfmac/fwil.o
  CC [M]  drivers/net/wireless/brcm80211/brcmfmac/fweh.o
  CC [M]  drivers/net/wireless/brcm80211/brcmfmac/fwsignal.o
  CC [M]  drivers/net/wireless/brcm80211/brcmfmac/p2p.o
  CC [M]  drivers/net/wireless/brcm80211/brcmfmac/proto.o
  CC [M]  drivers/net/wireless/brcm80211/brcmfmac/bcdc.o
  CC [M]  drivers/net/wireless/brcm80211/brcmfmac/dhd_common.o
  CC [M]  drivers/net/wireless/brcm80211/brcmfmac/dhd_linux.o
  CC [M]  drivers/net/wireless/brcm80211/brcmfmac/firmware.o
  CC [M]  drivers/net/wireless/brcm80211/brcmfmac/btcoex.o
  CC [M]  drivers/net/wireless/brcm80211/brcmfmac/dhd_sdio.o
  CC [M]  drivers/net/wireless/brcm80211/brcmfmac/bcmsdh.o
  CC [M]  drivers/net/wireless/brcm80211/brcmfmac/usb.o
  CC [M]  drivers/net/wireless/brcm80211/brcmfmac/tracepoint.o
  LD [M]  drivers/net/wireless/brcm80211/brcmfmac/brcmfmac.o
  CC [M]  drivers/net/wireless/brcm80211/brcmsmac/mac80211_if.o
  CC [M]  drivers/net/wireless/brcm80211/brcmsmac/ucode_loader.o
  CC [M]  drivers/net/wireless/brcm80211/brcmsmac/ampdu.o
  CC [M]  drivers/net/wireless/brcm80211/brcmsmac/antsel.o
  CC [M]  drivers/net/wireless/brcm80211/brcmsmac/channel.o
  CC [M]  drivers/net/wireless/brcm80211/brcmsmac/main.o
  CC [M]  drivers/net/wireless/brcm80211/brcmsmac/phy_shim.o
  CC [M]  drivers/net/wireless/brcm80211/brcmsmac/pmu.o
  CC [M]  drivers/net/wireless/brcm80211/brcmsmac/rate.o
  CC [M]  drivers/net/wireless/brcm80211/brcmsmac/stf.o
  CC [M]  drivers/net/wireless/brcm80211/brcmsmac/aiutils.o
  CC [M]  drivers/net/wireless/brcm80211/brcmsmac/phy/phy_cmn.o
  CC [M]  drivers/net/wireless/brcm80211/brcmsmac/phy/phy_lcn.o
  CC [M]  drivers/net/wireless/brcm80211/brcmsmac/phy/phy_n.o
  CC [M]  drivers/net/wireless/brcm80211/brcmsmac/phy/phytbl_lcn.o
  CC [M]  drivers/net/wireless/brcm80211/brcmsmac/phy/phytbl_n.o
  CC [M]  drivers/net/wireless/brcm80211/brcmsmac/phy/phy_qmath.o
  CC [M]  drivers/net/wireless/brcm80211/brcmsmac/dma.o
  CC [M]  drivers/net/wireless/brcm80211/brcmsmac/brcms_trace_events.o
  CC [M]  drivers/net/wireless/brcm80211/brcmsmac/debug.o
  CC [M]  drivers/net/wireless/brcm80211/brcmsmac/led.o
  LD [M]  drivers/net/wireless/brcm80211/brcmsmac/brcmsmac.o
  CC [M]  drivers/net/wireless/brcm80211/brcmutil/utils.o
  CC [M]  drivers/net/wireless/brcm80211/brcmutil/d11.o
  LD [M]  drivers/net/wireless/brcm80211/brcmutil/brcmutil.o
  CC [M]  drivers/net/wireless/cw1200/fwio.o
  CC [M]  drivers/net/wireless/cw1200/txrx.o
  CC [M]  drivers/net/wireless/cw1200/main.o
  CC [M]  drivers/net/wireless/cw1200/queue.o
  CC [M]  drivers/net/wireless/cw1200/hwio.o
  CC [M]  drivers/net/wireless/cw1200/bh.o
  CC [M]  drivers/net/wireless/cw1200/wsm.o
  CC [M]  drivers/net/wireless/cw1200/sta.o
  CC [M]  drivers/net/wireless/cw1200/scan.o
  CC [M]  drivers/net/wireless/cw1200/debug.o
  CC [M]  drivers/net/wireless/cw1200/pm.o
  CC [M]  drivers/net/wireless/cw1200/cw1200_sdio.o
  CC [M]  drivers/net/wireless/cw1200/cw1200_spi.o
  LD [M]  drivers/net/wireless/cw1200/cw1200_core.o
  LD [M]  drivers/net/wireless/cw1200/cw1200_wlan_sdio.o
  LD [M]  drivers/net/wireless/cw1200/cw1200_wlan_spi.o
  CC [M]  drivers/net/wireless/hostap/hostap_80211_rx.o
  CC [M]  drivers/net/wireless/hostap/hostap_80211_tx.o
  CC [M]  drivers/net/wireless/hostap/hostap_ap.o
  CC [M]  drivers/net/wireless/hostap/hostap_info.o
  CC [M]  drivers/net/wireless/hostap/hostap_ioctl.o
  CC [M]  drivers/net/wireless/hostap/hostap_main.o
  CC [M]  drivers/net/wireless/hostap/hostap_proc.o
  LD [M]  drivers/net/wireless/hostap/hostap.o
  CC [M]  drivers/net/wireless/hostap/hostap_cs.o
  CC [M]  drivers/net/wireless/hostap/hostap_plx.o
  CC [M]  drivers/net/wireless/hostap/hostap_pci.o
  CC [M]  drivers/net/wireless/ipw2x00/ipw2100.o
  CC [M]  drivers/net/wireless/ipw2x00/ipw2200.o
  CC [M]  drivers/net/wireless/ipw2x00/libipw_module.o
  CC [M]  drivers/net/wireless/ipw2x00/libipw_tx.o
  CC [M]  drivers/net/wireless/ipw2x00/libipw_rx.o
  CC [M]  drivers/net/wireless/ipw2x00/libipw_wx.o
  CC [M]  drivers/net/wireless/ipw2x00/libipw_geo.o
  LD [M]  drivers/net/wireless/ipw2x00/libipw.o
  CC [M]  drivers/net/wireless/iwlegacy/3945-mac.o
  CC [M]  drivers/net/wireless/iwlegacy/3945.o
  CC [M]  drivers/net/wireless/iwlegacy/3945-rs.o
  CC [M]  drivers/net/wireless/iwlegacy/3945-debug.o
  CC [M]  drivers/net/wireless/iwlegacy/4965.o
  CC [M]  drivers/net/wireless/iwlegacy/4965-mac.o
  CC [M]  drivers/net/wireless/iwlegacy/4965-rs.o
  CC [M]  drivers/net/wireless/iwlegacy/4965-calib.o
  CC [M]  drivers/net/wireless/iwlegacy/4965-debug.o
  CC [M]  drivers/net/wireless/iwlegacy/common.o
  CC [M]  drivers/net/wireless/iwlegacy/debug.o
  LD [M]  drivers/net/wireless/iwlegacy/iwlegacy.o
  LD [M]  drivers/net/wireless/iwlegacy/iwl4965.o
  LD [M]  drivers/net/wireless/iwlegacy/iwl3945.o
  CC [M]  drivers/net/wireless/iwlwifi/iwl-io.o
  CC [M]  drivers/net/wireless/iwlwifi/iwl-drv.o
  CC [M]  drivers/net/wireless/iwlwifi/iwl-debug.o
  CC [M]  drivers/net/wireless/iwlwifi/iwl-notif-wait.o
  CC [M]  drivers/net/wireless/iwlwifi/iwl-eeprom-read.o
  CC [M]  drivers/net/wireless/iwlwifi/iwl-eeprom-parse.o
  CC [M]  drivers/net/wireless/iwlwifi/iwl-phy-db.o
  CC [M]  drivers/net/wireless/iwlwifi/iwl-nvm-parse.o
  CC [M]  drivers/net/wireless/iwlwifi/pcie/drv.o
  CC [M]  drivers/net/wireless/iwlwifi/pcie/rx.o
  CC [M]  drivers/net/wireless/iwlwifi/pcie/tx.o
  CC [M]  drivers/net/wireless/iwlwifi/pcie/trans.o
  CC [M]  drivers/net/wireless/iwlwifi/iwl-1000.o
  CC [M]  drivers/net/wireless/iwlwifi/iwl-2000.o
  CC [M]  drivers/net/wireless/iwlwifi/iwl-5000.o
  CC [M]  drivers/net/wireless/iwlwifi/iwl-6000.o
  CC [M]  drivers/net/wireless/iwlwifi/iwl-7000.o
  CC [M]  drivers/net/wireless/iwlwifi/iwl-8000.o
  CC [M]  drivers/net/wireless/iwlwifi/iwl-devtrace.o
  LD [M]  drivers/net/wireless/iwlwifi/iwlwifi.o
  CC [M]  drivers/net/wireless/iwlwifi/dvm/main.o
  CC [M]  drivers/net/wireless/iwlwifi/dvm/rs.o
  CC [M]  drivers/net/wireless/iwlwifi/dvm/mac80211.o
  CC [M]  drivers/net/wireless/iwlwifi/dvm/ucode.o
  CC [M]  drivers/net/wireless/iwlwifi/dvm/tx.o
  CC [M]  drivers/net/wireless/iwlwifi/dvm/lib.o
  CC [M]  drivers/net/wireless/iwlwifi/dvm/calib.o
  CC [M]  drivers/net/wireless/iwlwifi/dvm/tt.o
  CC [M]  drivers/net/wireless/iwlwifi/dvm/sta.o
  CC [M]  drivers/net/wireless/iwlwifi/dvm/rx.o
  CC [M]  drivers/net/wireless/iwlwifi/dvm/power.o
  CC [M]  drivers/net/wireless/iwlwifi/dvm/scan.o
  CC [M]  drivers/net/wireless/iwlwifi/dvm/rxon.o
  CC [M]  drivers/net/wireless/iwlwifi/dvm/devices.o
  CC [M]  drivers/net/wireless/iwlwifi/dvm/led.o
  CC [M]  drivers/net/wireless/iwlwifi/dvm/debugfs.o
  LD [M]  drivers/net/wireless/iwlwifi/dvm/iwldvm.o
  CC [M]  drivers/net/wireless/iwlwifi/mvm/fw.o
  CC [M]  drivers/net/wireless/iwlwifi/mvm/mac80211.o
  CC [M]  drivers/net/wireless/iwlwifi/mvm/nvm.o
  CC [M]  drivers/net/wireless/iwlwifi/mvm/ops.o
  CC [M]  drivers/net/wireless/iwlwifi/mvm/phy-ctxt.o
  CC [M]  drivers/net/wireless/iwlwifi/mvm/mac-ctxt.o
  CC [M]  drivers/net/wireless/iwlwifi/mvm/utils.o
  CC [M]  drivers/net/wireless/iwlwifi/mvm/rx.o
  CC [M]  drivers/net/wireless/iwlwifi/mvm/tx.o
  CC [M]  drivers/net/wireless/iwlwifi/mvm/binding.o
  CC [M]  drivers/net/wireless/iwlwifi/mvm/quota.o
  CC [M]  drivers/net/wireless/iwlwifi/mvm/sta.o
  CC [M]  drivers/net/wireless/iwlwifi/mvm/sf.o
  CC [M]  drivers/net/wireless/iwlwifi/mvm/scan.o
  CC [M]  drivers/net/wireless/iwlwifi/mvm/time-event.o
  CC [M]  drivers/net/wireless/iwlwifi/mvm/rs.o
  CC [M]  drivers/net/wireless/iwlwifi/mvm/power.o
  CC [M]  drivers/net/wireless/iwlwifi/mvm/coex.o
  CC [M]  drivers/net/wireless/iwlwifi/mvm/tt.o
  CC [M]  drivers/net/wireless/iwlwifi/mvm/offloading.o
  CC [M]  drivers/net/wireless/iwlwifi/mvm/debugfs.o
  CC [M]  drivers/net/wireless/iwlwifi/mvm/debugfs-vif.o
  CC [M]  drivers/net/wireless/iwlwifi/mvm/led.o
  CC [M]  drivers/net/wireless/iwlwifi/mvm/d3.o
  LD [M]  drivers/net/wireless/iwlwifi/mvm/iwlmvm.o
  CC [M]  drivers/net/wireless/libertas/cfg.o
  CC [M]  drivers/net/wireless/libertas/cmd.o
  CC [M]  drivers/net/wireless/libertas/cmdresp.o
  CC [M]  drivers/net/wireless/libertas/debugfs.o
  CC [M]  drivers/net/wireless/libertas/ethtool.o
  CC [M]  drivers/net/wireless/libertas/main.o
  CC [M]  drivers/net/wireless/libertas/rx.o
  CC [M]  drivers/net/wireless/libertas/tx.o
  CC [M]  drivers/net/wireless/libertas/firmware.o
  CC [M]  drivers/net/wireless/libertas/mesh.o
  CC [M]  drivers/net/wireless/libertas/if_cs.o
  CC [M]  drivers/net/wireless/libertas/if_sdio.o
  CC [M]  drivers/net/wireless/libertas/if_spi.o
  CC [M]  drivers/net/wireless/libertas/if_usb.o
  LD [M]  drivers/net/wireless/libertas/libertas.o
  LD [M]  drivers/net/wireless/libertas/usb8xxx.o
  LD [M]  drivers/net/wireless/libertas/libertas_cs.o
  LD [M]  drivers/net/wireless/libertas/libertas_sdio.o
  LD [M]  drivers/net/wireless/libertas/libertas_spi.o
  CC [M]  drivers/net/wireless/libertas_tf/main.o
  CC [M]  drivers/net/wireless/libertas_tf/cmd.o
  CC [M]  drivers/net/wireless/libertas_tf/if_usb.o
  LD [M]  drivers/net/wireless/libertas_tf/libertas_tf.o
  LD [M]  drivers/net/wireless/libertas_tf/libertas_tf_usb.o
  CC [M]  drivers/net/wireless/mwifiex/main.o
  CC [M]  drivers/net/wireless/mwifiex/init.o
  CC [M]  drivers/net/wireless/mwifiex/cfp.o
  CC [M]  drivers/net/wireless/mwifiex/cmdevt.o
  CC [M]  drivers/net/wireless/mwifiex/util.o
  CC [M]  drivers/net/wireless/mwifiex/txrx.o
  CC [M]  drivers/net/wireless/mwifiex/wmm.o
  CC [M]  drivers/net/wireless/mwifiex/11n.o
  CC [M]  drivers/net/wireless/mwifiex/11ac.o
  CC [M]  drivers/net/wireless/mwifiex/11n_aggr.o
  CC [M]  drivers/net/wireless/mwifiex/11n_rxreorder.o
  CC [M]  drivers/net/wireless/mwifiex/scan.o
  CC [M]  drivers/net/wireless/mwifiex/join.o
  CC [M]  drivers/net/wireless/mwifiex/sta_ioctl.o
  CC [M]  drivers/net/wireless/mwifiex/sta_cmd.o
  CC [M]  drivers/net/wireless/mwifiex/uap_cmd.o
  CC [M]  drivers/net/wireless/mwifiex/ie.o
  CC [M]  drivers/net/wireless/mwifiex/sta_cmdresp.o
  CC [M]  drivers/net/wireless/mwifiex/sta_event.o
  CC [M]  drivers/net/wireless/mwifiex/uap_event.o
  CC [M]  drivers/net/wireless/mwifiex/sta_tx.o
  CC [M]  drivers/net/wireless/mwifiex/sta_rx.o
  CC [M]  drivers/net/wireless/mwifiex/uap_txrx.o
  CC [M]  drivers/net/wireless/mwifiex/cfg80211.o
  CC [M]  drivers/net/wireless/mwifiex/ethtool.o
  CC [M]  drivers/net/wireless/mwifiex/11h.o
  CC [M]  drivers/net/wireless/mwifiex/tdls.o
  CC [M]  drivers/net/wireless/mwifiex/debugfs.o
  CC [M]  drivers/net/wireless/mwifiex/pcie.o
  CC [M]  drivers/net/wireless/mwifiex/sdio.o
  CC [M]  drivers/net/wireless/mwifiex/usb.o
  LD [M]  drivers/net/wireless/mwifiex/mwifiex.o
  LD [M]  drivers/net/wireless/mwifiex/mwifiex_sdio.o
  LD [M]  drivers/net/wireless/mwifiex/mwifiex_pcie.o
  LD [M]  drivers/net/wireless/mwifiex/mwifiex_usb.o
  CC [M]  drivers/net/wireless/orinoco/main.o
  CC [M]  drivers/net/wireless/orinoco/fw.o
  CC [M]  drivers/net/wireless/orinoco/hw.o
  CC [M]  drivers/net/wireless/orinoco/mic.o
  CC [M]  drivers/net/wireless/orinoco/scan.o
  CC [M]  drivers/net/wireless/orinoco/wext.o
  CC [M]  drivers/net/wireless/orinoco/hermes_dld.o
  CC [M]  drivers/net/wireless/orinoco/hermes.o
  CC [M]  drivers/net/wireless/orinoco/cfg.o
  LD [M]  drivers/net/wireless/orinoco/orinoco.o
  CC [M]  drivers/net/wireless/orinoco/orinoco_cs.o
  CC [M]  drivers/net/wireless/orinoco/orinoco_plx.o
  CC [M]  drivers/net/wireless/orinoco/orinoco_tmd.o
  CC [M]  drivers/net/wireless/orinoco/orinoco_nortel.o
  CC [M]  drivers/net/wireless/orinoco/spectrum_cs.o
  CC [M]  drivers/net/wireless/orinoco/orinoco_usb.o
  CC [M]  drivers/net/wireless/p54/eeprom.o
  CC [M]  drivers/net/wireless/p54/fwio.o
  CC [M]  drivers/net/wireless/p54/txrx.o
  CC [M]  drivers/net/wireless/p54/main.o
  CC [M]  drivers/net/wireless/p54/led.o
  LD [M]  drivers/net/wireless/p54/p54common.o
  CC [M]  drivers/net/wireless/p54/p54usb.o
  CC [M]  drivers/net/wireless/p54/p54pci.o
  CC [M]  drivers/net/wireless/p54/p54spi.o
  CC [M]  drivers/net/wireless/rsi/rsi_91x_main.o
  CC [M]  drivers/net/wireless/rsi/rsi_91x_core.o
  CC [M]  drivers/net/wireless/rsi/rsi_91x_mac80211.o
  CC [M]  drivers/net/wireless/rsi/rsi_91x_mgmt.o
  CC [M]  drivers/net/wireless/rsi/rsi_91x_pkt.o
  CC [M]  drivers/net/wireless/rsi/rsi_91x_sdio.o
  CC [M]  drivers/net/wireless/rsi/rsi_91x_sdio_ops.o
  CC [M]  drivers/net/wireless/rsi/rsi_91x_usb.o
  CC [M]  drivers/net/wireless/rsi/rsi_91x_usb_ops.o
  LD [M]  drivers/net/wireless/rsi/rsi_91x.o
  LD [M]  drivers/net/wireless/rsi/rsi_sdio.o
  LD [M]  drivers/net/wireless/rsi/rsi_usb.o
  CC [M]  drivers/net/wireless/rt2x00/rt2x00dev.o
  CC [M]  drivers/net/wireless/rt2x00/rt2x00mac.o
  CC [M]  drivers/net/wireless/rt2x00/rt2x00config.o
  CC [M]  drivers/net/wireless/rt2x00/rt2x00queue.o
  CC [M]  drivers/net/wireless/rt2x00/rt2x00link.o
  CC [M]  drivers/net/wireless/rt2x00/rt2x00crypto.o
  CC [M]  drivers/net/wireless/rt2x00/rt2x00firmware.o
  CC [M]  drivers/net/wireless/rt2x00/rt2x00leds.o
  LD [M]  drivers/net/wireless/rt2x00/rt2x00lib.o
  CC [M]  drivers/net/wireless/rt2x00/rt2x00mmio.o
  CC [M]  drivers/net/wireless/rt2x00/rt2x00pci.o
  CC [M]  drivers/net/wireless/rt2x00/rt2x00usb.o
  CC [M]  drivers/net/wireless/rt2x00/rt2800lib.o
  CC [M]  drivers/net/wireless/rt2x00/rt2800mmio.o
  CC [M]  drivers/net/wireless/rt2x00/rt2400pci.o
  CC [M]  drivers/net/wireless/rt2x00/rt2500pci.o
  CC [M]  drivers/net/wireless/rt2x00/rt61pci.o
  CC [M]  drivers/net/wireless/rt2x00/rt2800pci.o
  CC [M]  drivers/net/wireless/rt2x00/rt2500usb.o
  CC [M]  drivers/net/wireless/rt2x00/rt73usb.o
  CC [M]  drivers/net/wireless/rt2x00/rt2800usb.o
  CC [M]  drivers/net/wireless/rtl818x/rtl8180/dev.o
  CC [M]  drivers/net/wireless/rtl818x/rtl8180/rtl8225.o
  CC [M]  drivers/net/wireless/rtl818x/rtl8180/sa2400.o
  CC [M]  drivers/net/wireless/rtl818x/rtl8180/max2820.o
  CC [M]  drivers/net/wireless/rtl818x/rtl8180/grf5101.o
  CC [M]  drivers/net/wireless/rtl818x/rtl8180/rtl8225se.o
  LD [M]  drivers/net/wireless/rtl818x/rtl8180/rtl818x_pci.o
  CC [M]  drivers/net/wireless/rtl818x/rtl8187/dev.o
  CC [M]  drivers/net/wireless/rtl818x/rtl8187/rtl8225.o
  CC [M]  drivers/net/wireless/rtl818x/rtl8187/leds.o
  CC [M]  drivers/net/wireless/rtl818x/rtl8187/rfkill.o
  LD [M]  drivers/net/wireless/rtl818x/rtl8187/rtl8187.o
  CC [M]  drivers/net/wireless/rtlwifi/pci.o
  CC [M]  drivers/net/wireless/rtlwifi/usb.o
  CC [M]  drivers/net/wireless/rtlwifi/base.o
  CC [M]  drivers/net/wireless/rtlwifi/cam.o
  CC [M]  drivers/net/wireless/rtlwifi/core.o
  CC [M]  drivers/net/wireless/rtlwifi/debug.o
  CC [M]  drivers/net/wireless/rtlwifi/efuse.o
  CC [M]  drivers/net/wireless/rtlwifi/ps.o
  CC [M]  drivers/net/wireless/rtlwifi/rc.o
  CC [M]  drivers/net/wireless/rtlwifi/regd.o
  CC [M]  drivers/net/wireless/rtlwifi/stats.o
  LD [M]  drivers/net/wireless/rtlwifi/rtlwifi.o
  LD [M]  drivers/net/wireless/rtlwifi/rtl_pci.o
  LD [M]  drivers/net/wireless/rtlwifi/rtl_usb.o
  CC [M]  drivers/net/wireless/rtlwifi/btcoexist/halbtc8723b2ant.o
  CC [M]  drivers/net/wireless/rtlwifi/btcoexist/halbtcoutsrc.o
  CC [M]  drivers/net/wireless/rtlwifi/btcoexist/rtl_btc.o
  LD [M]  drivers/net/wireless/rtlwifi/btcoexist/btcoexist.o
  CC [M]  drivers/net/wireless/rtlwifi/rtl8188ee/dm.o
  CC [M]  drivers/net/wireless/rtlwifi/rtl8188ee/fw.o
  CC [M]  drivers/net/wireless/rtlwifi/rtl8188ee/hw.o
  CC [M]  drivers/net/wireless/rtlwifi/rtl8188ee/led.o
  CC [M]  drivers/net/wireless/rtlwifi/rtl8188ee/phy.o
  CC [M]  drivers/net/wireless/rtlwifi/rtl8188ee/pwrseq.o
  CC [M]  drivers/net/wireless/rtlwifi/rtl8188ee/rf.o
  CC [M]  drivers/net/wireless/rtlwifi/rtl8188ee/sw.o
  CC [M]  drivers/net/wireless/rtlwifi/rtl8188ee/table.o
  CC [M]  drivers/net/wireless/rtlwifi/rtl8188ee/trx.o
  LD [M]  drivers/net/wireless/rtlwifi/rtl8188ee/rtl8188ee.o
  CC [M]  drivers/net/wireless/rtlwifi/rtl8192c/main.o
  CC [M]  drivers/net/wireless/rtlwifi/rtl8192c/dm_common.o
  CC [M]  drivers/net/wireless/rtlwifi/rtl8192c/fw_common.o
  CC [M]  drivers/net/wireless/rtlwifi/rtl8192c/phy_common.o
  LD [M]  drivers/net/wireless/rtlwifi/rtl8192c/rtl8192c-common.o
  CC [M]  drivers/net/wireless/rtlwifi/rtl8192ce/dm.o
  CC [M]  drivers/net/wireless/rtlwifi/rtl8192ce/hw.o
  CC [M]  drivers/net/wireless/rtlwifi/rtl8192ce/led.o
  CC [M]  drivers/net/wireless/rtlwifi/rtl8192ce/phy.o
  CC [M]  drivers/net/wireless/rtlwifi/rtl8192ce/rf.o
  CC [M]  drivers/net/wireless/rtlwifi/rtl8192ce/sw.o
  CC [M]  drivers/net/wireless/rtlwifi/rtl8192ce/table.o
  CC [M]  drivers/net/wireless/rtlwifi/rtl8192ce/trx.o
  LD [M]  drivers/net/wireless/rtlwifi/rtl8192ce/rtl8192ce.o
  CC [M]  drivers/net/wireless/rtlwifi/rtl8192cu/dm.o
  CC [M]  drivers/net/wireless/rtlwifi/rtl8192cu/hw.o
  CC [M]  drivers/net/wireless/rtlwifi/rtl8192cu/led.o
  CC [M]  drivers/net/wireless/rtlwifi/rtl8192cu/mac.o
  CC [M]  drivers/net/wireless/rtlwifi/rtl8192cu/phy.o
  CC [M]  drivers/net/wireless/rtlwifi/rtl8192cu/rf.o
  CC [M]  drivers/net/wireless/rtlwifi/rtl8192cu/sw.o
  CC [M]  drivers/net/wireless/rtlwifi/rtl8192cu/table.o
  CC [M]  drivers/net/wireless/rtlwifi/rtl8192cu/trx.o
  LD [M]  drivers/net/wireless/rtlwifi/rtl8192cu/rtl8192cu.o
  CC [M]  drivers/net/wireless/rtlwifi/rtl8192de/dm.o
  CC [M]  drivers/net/wireless/rtlwifi/rtl8192de/fw.o
  CC [M]  drivers/net/wireless/rtlwifi/rtl8192de/hw.o
  CC [M]  drivers/net/wireless/rtlwifi/rtl8192de/led.o
  CC [M]  drivers/net/wireless/rtlwifi/rtl8192de/phy.o
  CC [M]  drivers/net/wireless/rtlwifi/rtl8192de/rf.o
  CC [M]  drivers/net/wireless/rtlwifi/rtl8192de/sw.o
  CC [M]  drivers/net/wireless/rtlwifi/rtl8192de/table.o
  CC [M]  drivers/net/wireless/rtlwifi/rtl8192de/trx.o
  LD [M]  drivers/net/wireless/rtlwifi/rtl8192de/rtl8192de.o
  CC [M]  drivers/net/wireless/rtlwifi/rtl8192se/dm.o
  CC [M]  drivers/net/wireless/rtlwifi/rtl8192se/fw.o
  CC [M]  drivers/net/wireless/rtlwifi/rtl8192se/hw.o
  CC [M]  drivers/net/wireless/rtlwifi/rtl8192se/led.o
  CC [M]  drivers/net/wireless/rtlwifi/rtl8192se/phy.o
  CC [M]  drivers/net/wireless/rtlwifi/rtl8192se/rf.o
  CC [M]  drivers/net/wireless/rtlwifi/rtl8192se/sw.o
  CC [M]  drivers/net/wireless/rtlwifi/rtl8192se/table.o
  CC [M]  drivers/net/wireless/rtlwifi/rtl8192se/trx.o
  LD [M]  drivers/net/wireless/rtlwifi/rtl8192se/rtl8192se.o
  CC [M]  drivers/net/wireless/rtlwifi/rtl8723ae/dm.o
  CC [M]  drivers/net/wireless/rtlwifi/rtl8723ae/fw.o
  CC [M]  drivers/net/wireless/rtlwifi/rtl8723ae/hal_btc.o
  CC [M]  drivers/net/wireless/rtlwifi/rtl8723ae/hal_bt_coexist.o
  CC [M]  drivers/net/wireless/rtlwifi/rtl8723ae/hw.o
  CC [M]  drivers/net/wireless/rtlwifi/rtl8723ae/led.o
  CC [M]  drivers/net/wireless/rtlwifi/rtl8723ae/phy.o
  CC [M]  drivers/net/wireless/rtlwifi/rtl8723ae/pwrseq.o
  CC [M]  drivers/net/wireless/rtlwifi/rtl8723ae/rf.o
  CC [M]  drivers/net/wireless/rtlwifi/rtl8723ae/sw.o
  CC [M]  drivers/net/wireless/rtlwifi/rtl8723ae/table.o
  CC [M]  drivers/net/wireless/rtlwifi/rtl8723ae/trx.o
  LD [M]  drivers/net/wireless/rtlwifi/rtl8723ae/rtl8723ae.o
  CC [M]  drivers/net/wireless/rtlwifi/rtl8723be/dm.o
  CC [M]  drivers/net/wireless/rtlwifi/rtl8723be/fw.o
  CC [M]  drivers/net/wireless/rtlwifi/rtl8723be/hw.o
  CC [M]  drivers/net/wireless/rtlwifi/rtl8723be/led.o
  CC [M]  drivers/net/wireless/rtlwifi/rtl8723be/phy.o
  CC [M]  drivers/net/wireless/rtlwifi/rtl8723be/pwrseq.o
  CC [M]  drivers/net/wireless/rtlwifi/rtl8723be/rf.o
  CC [M]  drivers/net/wireless/rtlwifi/rtl8723be/sw.o
  CC [M]  drivers/net/wireless/rtlwifi/rtl8723be/table.o
  CC [M]  drivers/net/wireless/rtlwifi/rtl8723be/trx.o
  LD [M]  drivers/net/wireless/rtlwifi/rtl8723be/rtl8723be.o
  CC [M]  drivers/net/wireless/rtlwifi/rtl8723com/main.o
  CC [M]  drivers/net/wireless/rtlwifi/rtl8723com/dm_common.o
  CC [M]  drivers/net/wireless/rtlwifi/rtl8723com/fw_common.o
  CC [M]  drivers/net/wireless/rtlwifi/rtl8723com/phy_common.o
  LD [M]  drivers/net/wireless/rtlwifi/rtl8723com/rtl8723-common.o
  CC [M]  drivers/net/wireless/ti/wl1251/main.o
  CC [M]  drivers/net/wireless/ti/wl1251/event.o
  CC [M]  drivers/net/wireless/ti/wl1251/tx.o
  CC [M]  drivers/net/wireless/ti/wl1251/rx.o
  CC [M]  drivers/net/wireless/ti/wl1251/ps.o
  CC [M]  drivers/net/wireless/ti/wl1251/cmd.o
  CC [M]  drivers/net/wireless/ti/wl1251/acx.o
  CC [M]  drivers/net/wireless/ti/wl1251/boot.o
  CC [M]  drivers/net/wireless/ti/wl1251/init.o
  CC [M]  drivers/net/wireless/ti/wl1251/debugfs.o
  CC [M]  drivers/net/wireless/ti/wl1251/io.o
  CC [M]  drivers/net/wireless/ti/wl1251/sdio.o
  CC [M]  drivers/net/wireless/ti/wl1251/spi.o
  LD [M]  drivers/net/wireless/ti/wl1251/wl1251.o
  LD [M]  drivers/net/wireless/ti/wl1251/wl1251_spi.o
  LD [M]  drivers/net/wireless/ti/wl1251/wl1251_sdio.o
  CC [M]  drivers/net/wireless/ti/wl12xx/main.o
  CC [M]  drivers/net/wireless/ti/wl12xx/cmd.o
  CC [M]  drivers/net/wireless/ti/wl12xx/acx.o
  CC [M]  drivers/net/wireless/ti/wl12xx/debugfs.o
  CC [M]  drivers/net/wireless/ti/wl12xx/scan.o
  CC [M]  drivers/net/wireless/ti/wl12xx/event.o
  LD [M]  drivers/net/wireless/ti/wl12xx/wl12xx.o
  CC [M]  drivers/net/wireless/ti/wl18xx/main.o
  CC [M]  drivers/net/wireless/ti/wl18xx/acx.o
  CC [M]  drivers/net/wireless/ti/wl18xx/tx.o
  CC [M]  drivers/net/wireless/ti/wl18xx/io.o
  CC [M]  drivers/net/wireless/ti/wl18xx/debugfs.o
  CC [M]  drivers/net/wireless/ti/wl18xx/scan.o
  CC [M]  drivers/net/wireless/ti/wl18xx/cmd.o
  CC [M]  drivers/net/wireless/ti/wl18xx/event.o
  LD [M]  drivers/net/wireless/ti/wl18xx/wl18xx.o
  CC [M]  drivers/net/wireless/ti/wlcore/main.o
  CC [M]  drivers/net/wireless/ti/wlcore/cmd.o
  CC [M]  drivers/net/wireless/ti/wlcore/io.o
  CC [M]  drivers/net/wireless/ti/wlcore/event.o
  CC [M]  drivers/net/wireless/ti/wlcore/tx.o
  CC [M]  drivers/net/wireless/ti/wlcore/rx.o
  CC [M]  drivers/net/wireless/ti/wlcore/ps.o
  CC [M]  drivers/net/wireless/ti/wlcore/acx.o
  CC [M]  drivers/net/wireless/ti/wlcore/boot.o
  CC [M]  drivers/net/wireless/ti/wlcore/init.o
  CC [M]  drivers/net/wireless/ti/wlcore/debugfs.o
  CC [M]  drivers/net/wireless/ti/wlcore/scan.o
  CC [M]  drivers/net/wireless/ti/wlcore/sysfs.o
  CC [M]  drivers/net/wireless/ti/wlcore/sdio.o
  CC [M]  drivers/net/wireless/ti/wlcore/spi.o
drivers/net/wireless/ti/wlcore/spi.c: In function ‘wl12xx_spi_raw_write’:
drivers/net/wireless/ti/wlcore/spi.c:315:1: warning: the frame size of 1092 bytes is larger than 1024 bytes [-Wframe-larger-than=]
 }
 ^
  LD [M]  drivers/net/wireless/ti/wlcore/wlcore.o
  LD [M]  drivers/net/wireless/ti/wlcore/wlcore_spi.o
  LD [M]  drivers/net/wireless/ti/wlcore/wlcore_sdio.o
  CC [M]  drivers/net/wireless/zd1211rw/zd_chip.o
  CC [M]  drivers/net/wireless/zd1211rw/zd_mac.o
  CC [M]  drivers/net/wireless/zd1211rw/zd_rf_al2230.o
  CC [M]  drivers/net/wireless/zd1211rw/zd_rf_rf2959.o
  CC [M]  drivers/net/wireless/zd1211rw/zd_rf_al7230b.o
  CC [M]  drivers/net/wireless/zd1211rw/zd_rf_uw2453.o
  CC [M]  drivers/net/wireless/zd1211rw/zd_rf.o
  CC [M]  drivers/net/wireless/zd1211rw/zd_usb.o
  LD [M]  drivers/net/wireless/zd1211rw/zd1211rw.o
  CC [M]  drivers/net/xen-netback/netback.o
  CC [M]  drivers/net/xen-netback/xenbus.o
  CC [M]  drivers/net/xen-netback/interface.o
  LD [M]  drivers/net/xen-netback/xen-netback.o
  CC [M]  drivers/nfc/pn533.o
  CC [M]  drivers/nfc/nfcwilink.o
  CC [M]  drivers/nfc/mei_phy.o
  CC [M]  drivers/nfc/nfcsim.o
  CC [M]  drivers/nfc/port100.o
  CC [M]  drivers/nfc/trf7970a.o
  CC [M]  drivers/nfc/microread/microread.o
  CC [M]  drivers/nfc/microread/i2c.o
  CC [M]  drivers/nfc/microread/mei.o
  LD [M]  drivers/nfc/microread/microread_i2c.o
  LD [M]  drivers/nfc/microread/microread_mei.o
  CC [M]  drivers/nfc/nfcmrvl/main.o
  CC [M]  drivers/nfc/nfcmrvl/usb.o
  LD [M]  drivers/nfc/nfcmrvl/nfcmrvl.o
  LD [M]  drivers/nfc/nfcmrvl/nfcmrvl_usb.o
  CC [M]  drivers/nfc/pn544/pn544.o
  CC [M]  drivers/nfc/pn544/i2c.o
  CC [M]  drivers/nfc/pn544/mei.o
  LD [M]  drivers/nfc/pn544/pn544_i2c.o
  LD [M]  drivers/nfc/pn544/pn544_mei.o
  CC [M]  drivers/nfc/st21nfca/st21nfca.o
  CC [M]  drivers/nfc/st21nfca/i2c.o
  LD [M]  drivers/nfc/st21nfca/st21nfca_i2c.o
  CC [M]  drivers/ntb/ntb_hw.o
  CC [M]  drivers/ntb/ntb_transport.o
  LD [M]  drivers/ntb/ntb.o
  CC [M]  drivers/parport/share.o
  CC [M]  drivers/parport/ieee1284.o
  CC [M]  drivers/parport/ieee1284_ops.o
  CC [M]  drivers/parport/procfs.o
  CC [M]  drivers/parport/daisy.o
  CC [M]  drivers/parport/probe.o
  LD [M]  drivers/parport/parport.o
  CC [M]  drivers/parport/parport_pc.o
  CC [M]  drivers/parport/parport_serial.o
  CC [M]  drivers/parport/parport_cs.o
  CC [M]  drivers/parport/parport_ax88796.o
  CC [M]  drivers/pci/pci-stub.o
  CC [M]  drivers/pci/xen-pcifront.o
  CC [M]  drivers/pci/hotplug/cpcihp_zt5550.o
  CC [M]  drivers/pci/hotplug/cpcihp_generic.o
  CC [M]  drivers/pci/hotplug/shpchp_core.o
  CC [M]  drivers/pci/hotplug/shpchp_ctrl.o
  CC [M]  drivers/pci/hotplug/shpchp_pci.o
  CC [M]  drivers/pci/hotplug/shpchp_sysfs.o
  CC [M]  drivers/pci/hotplug/shpchp_hpc.o
  LD [M]  drivers/pci/hotplug/shpchp.o
  CC [M]  drivers/pci/hotplug/acpiphp_ibm.o
  CC [M]  drivers/pcmcia/ds.o
  CC [M]  drivers/pcmcia/pcmcia_resource.o
  CC [M]  drivers/pcmcia/cistpl.o
  CC [M]  drivers/pcmcia/pcmcia_cis.o
  CC [M]  drivers/pcmcia/cs.o
  CC [M]  drivers/pcmcia/socket_sysfs.o
  CC [M]  drivers/pcmcia/cardbus.o
  CC [M]  drivers/pcmcia/rsrc_mgr.o
  CC [M]  drivers/pcmcia/rsrc_nonstatic.o
  LD [M]  drivers/pcmcia/pcmcia_core.o
  LD [M]  drivers/pcmcia/pcmcia.o
  LD [M]  drivers/pcmcia/pcmcia_rsrc.o
  CC [M]  drivers/pcmcia/yenta_socket.o
  CC [M]  drivers/pcmcia/pd6729.o
  CC [M]  drivers/pcmcia/i82092.o
  CC [M]  drivers/phy/phy-bcm-kona-usb2.o
  CC [M]  drivers/phy/phy-samsung-usb2.o
  LD [M]  drivers/phy/phy-exynos-usb2.o
  CC [M]  drivers/platform/chrome/chromeos_laptop.o
  CC [M]  drivers/platform/chrome/chromeos_pstore.o
  CC [M]  drivers/platform/x86/asus-laptop.o
  CC [M]  drivers/platform/x86/asus-wmi.o
  CC [M]  drivers/platform/x86/asus-nb-wmi.o
  CC [M]  drivers/platform/x86/eeepc-laptop.o
drivers/platform/x86/eeepc-laptop.c: In function ‘store_sys_acpi’:
drivers/platform/x86/eeepc-laptop.c:279:10: warning: ‘value’ may be used uninitialized in this function [-Wmaybe-uninitialized]
  int rv, value;
          ^
  CC [M]  drivers/platform/x86/eeepc-wmi.o
  CC [M]  drivers/platform/x86/msi-laptop.o
  CC [M]  drivers/platform/x86/classmate-laptop.o
  CC [M]  drivers/platform/x86/compal-laptop.o
  CC [M]  drivers/platform/x86/dell-laptop.o
  CC [M]  drivers/platform/x86/dell-wmi.o
  CC [M]  drivers/platform/x86/dell-wmi-aio.o
  CC [M]  drivers/platform/x86/dell-smo8800.o
  CC [M]  drivers/platform/x86/acer-wmi.o
  CC [M]  drivers/platform/x86/acerhdf.o
  CC [M]  drivers/platform/x86/hp_accel.o
  CC [M]  drivers/platform/x86/hp-wireless.o
  CC [M]  drivers/platform/x86/hp-wmi.o
  CC [M]  drivers/platform/x86/amilo-rfkill.o
  CC [M]  drivers/platform/x86/sony-laptop.o
  CC [M]  drivers/platform/x86/ideapad-laptop.o
  CC [M]  drivers/platform/x86/thinkpad_acpi.o
  CC [M]  drivers/platform/x86/hdaps.o
  CC [M]  drivers/platform/x86/fujitsu-laptop.o
  CC [M]  drivers/platform/x86/fujitsu-tablet.o
  CC [M]  drivers/platform/x86/panasonic-laptop.o
  CC [M]  drivers/platform/x86/intel_menlow.o
  CC [M]  drivers/platform/x86/wmi.o
  CC [M]  drivers/platform/x86/msi-wmi.o
  CC [M]  drivers/platform/x86/topstar-laptop.o
  CC [M]  drivers/platform/x86/toshiba_acpi.o
  CC [M]  drivers/platform/x86/toshiba_bluetooth.o
  CC [M]  drivers/platform/x86/intel_ips.o
  CC [M]  drivers/platform/x86/ibm_rtl.o
  CC [M]  drivers/platform/x86/samsung-laptop.o
  CC [M]  drivers/platform/x86/mxm-wmi.o
  CC [M]  drivers/platform/x86/intel_oaktrail.o
  CC [M]  drivers/platform/x86/samsung-q10.o
  CC [M]  drivers/platform/x86/apple-gmux.o
  CC [M]  drivers/platform/x86/intel-rst.o
  CC [M]  drivers/platform/x86/intel-smartconnect.o
  CC [M]  drivers/platform/x86/pvpanic.o
  CC [M]  drivers/platform/x86/alienware-wmi.o
  CC [M]  drivers/power/generic-adc-battery.o
  CC [M]  drivers/power/pda_power.o
  CC [M]  drivers/power/max8925_power.o
  CC [M]  drivers/power/wm831x_backup.o
  CC [M]  drivers/power/wm831x_power.o
  CC [M]  drivers/power/wm8350_power.o
  CC [M]  drivers/power/test_power.o
  CC [M]  drivers/power/88pm860x_battery.o
  CC [M]  drivers/power/ds2760_battery.o
  CC [M]  drivers/power/ds2780_battery.o
  CC [M]  drivers/power/ds2781_battery.o
  CC [M]  drivers/power/ds2782_battery.o
  CC [M]  drivers/power/sbs-battery.o
  CC [M]  drivers/power/bq27x00_battery.o
  CC [M]  drivers/power/da9030_battery.o
  CC [M]  drivers/power/da9052-battery.o
  CC [M]  drivers/power/max17040_battery.o
  CC [M]  drivers/power/max17042_battery.o
  CC [M]  drivers/power/twl4030_madc_battery.o
  CC [M]  drivers/power/88pm860x_charger.o
  CC [M]  drivers/power/pcf50633-charger.o
  CC [M]  drivers/power/rx51_battery.o
  CC [M]  drivers/power/isp1704_charger.o
  CC [M]  drivers/power/max8903_charger.o
  CC [M]  drivers/power/twl4030_charger.o
  CC [M]  drivers/power/lp8727_charger.o
  CC [M]  drivers/power/lp8788-charger.o
  CC [M]  drivers/power/gpio-charger.o
  CC [M]  drivers/power/max14577_charger.o
  CC [M]  drivers/power/max8997_charger.o
  CC [M]  drivers/power/max8998_charger.o
  CC [M]  drivers/power/bq2415x_charger.o
  CC [M]  drivers/power/bq24190_charger.o
In file included from include/linux/printk.h:257:0,
                 from include/linux/kernel.h:13,
                 from ./arch/x86/include/asm/percpu.h:44,
                 from ./arch/x86/include/asm/preempt.h:5,
                 from include/linux/preempt.h:18,
                 from include/linux/spinlock.h:50,
                 from include/linux/seqlock.h:35,
                 from include/linux/time.h:5,
                 from include/linux/stat.h:18,
                 from include/linux/module.h:10,
                 from drivers/power/bq24190_charger.c:11:
drivers/power/bq24190_charger.c: In function ‘bq24190_irq_handler_thread’:
include/linux/dynamic_debug.h:86:20: warning: ‘ss_reg’ may be used uninitialized in this function [-Wmaybe-uninitialized]
   __dynamic_dev_dbg(&descriptor, dev, fmt, \
                    ^
drivers/power/bq24190_charger.c:1211:5: note: ‘ss_reg’ was declared here
  u8 ss_reg, f_reg;
     ^
In file included from include/linux/printk.h:257:0,
                 from include/linux/kernel.h:13,
                 from ./arch/x86/include/asm/percpu.h:44,
                 from ./arch/x86/include/asm/preempt.h:5,
                 from include/linux/preempt.h:18,
                 from include/linux/spinlock.h:50,
                 from include/linux/seqlock.h:35,
                 from include/linux/time.h:5,
                 from include/linux/stat.h:18,
                 from include/linux/module.h:10,
                 from drivers/power/bq24190_charger.c:11:
include/linux/dynamic_debug.h:86:20: warning: ‘f_reg’ may be used uninitialized in this function [-Wmaybe-uninitialized]
   __dynamic_dev_dbg(&descriptor, dev, fmt, \
                    ^
drivers/power/bq24190_charger.c:1211:13: note: ‘f_reg’ was declared here
  u8 ss_reg, f_reg;
             ^
  CC [M]  drivers/power/bq24735-charger.o
  CC [M]  drivers/power/smb347-charger.o
  CC [M]  drivers/power/tps65090-charger.o
  CC [M]  drivers/powercap/intel_rapl.o
  CC [M]  drivers/pps/pps.o
  CC [M]  drivers/pps/kapi.o
  CC [M]  drivers/pps/sysfs.o
  LD [M]  drivers/pps/pps_core.o
  CC [M]  drivers/pps/clients/pps-ldisc.o
  CC [M]  drivers/pps/clients/pps_parport.o
  CC [M]  drivers/pps/clients/pps-gpio.o
  CC [M]  drivers/ptp/ptp_clock.o
  CC [M]  drivers/ptp/ptp_chardev.o
  CC [M]  drivers/ptp/ptp_sysfs.o
  LD [M]  drivers/ptp/ptp.o
  CC [M]  drivers/pwm/pwm-lp3943.o
  CC [M]  drivers/pwm/pwm-lpss.o
  CC [M]  drivers/pwm/pwm-twl.o
  CC [M]  drivers/pwm/pwm-twl-led.o
  CC [M]  drivers/rapidio/rio-scan.o
  CC [M]  drivers/rapidio/devices/tsi721.o
  CC [M]  drivers/rapidio/devices/tsi721_dma.o
  LD [M]  drivers/rapidio/devices/tsi721_mport.o
  CC [M]  drivers/rapidio/switches/tsi57x.o
  CC [M]  drivers/rapidio/switches/idtcps.o
  CC [M]  drivers/rapidio/switches/tsi568.o
  CC [M]  drivers/rapidio/switches/idt_gen2.o
  CC [M]  drivers/regulator/fixed.o
  CC [M]  drivers/regulator/virtual.o
  CC [M]  drivers/regulator/userspace-consumer.o
  CC [M]  drivers/regulator/88pm800.o
  CC [M]  drivers/regulator/88pm8607.o
  CC [M]  drivers/regulator/aat2870-regulator.o
  CC [M]  drivers/regulator/ab3100.o
  CC [M]  drivers/regulator/act8865-regulator.o
  CC [M]  drivers/regulator/ad5398.o
  CC [M]  drivers/regulator/anatop-regulator.o
  CC [M]  drivers/regulator/arizona-micsupp.o
  CC [M]  drivers/regulator/arizona-ldo1.o
  CC [M]  drivers/regulator/as3711-regulator.o
  CC [M]  drivers/regulator/axp20x-regulator.o
  CC [M]  drivers/regulator/bcm590xx-regulator.o
  CC [M]  drivers/regulator/da903x.o
  CC [M]  drivers/regulator/da9052-regulator.o
  CC [M]  drivers/regulator/da9055-regulator.o
  CC [M]  drivers/regulator/da9063-regulator.o
  CC [M]  drivers/regulator/da9210-regulator.o
  CC [M]  drivers/regulator/fan53555.o
  CC [M]  drivers/regulator/gpio-regulator.o
  CC [M]  drivers/regulator/isl6271a-regulator.o
  CC [M]  drivers/regulator/lp3971.o
  CC [M]  drivers/regulator/lp3972.o
  CC [M]  drivers/regulator/lp872x.o
  CC [M]  drivers/regulator/lp8788-buck.o
  CC [M]  drivers/regulator/lp8788-ldo.o
  CC [M]  drivers/regulator/lp8755.o
  CC [M]  drivers/regulator/ltc3589.o
  CC [M]  drivers/regulator/max14577.o
  CC [M]  drivers/regulator/max1586.o
  CC [M]  drivers/regulator/max8649.o
  CC [M]  drivers/regulator/max8660.o
  CC [M]  drivers/regulator/max8907-regulator.o
  CC [M]  drivers/regulator/max8925-regulator.o
  CC [M]  drivers/regulator/max8952.o
  CC [M]  drivers/regulator/max8973-regulator.o
  CC [M]  drivers/regulator/max8997.o
  CC [M]  drivers/regulator/max8998.o
  CC [M]  drivers/regulator/max77686.o
  CC [M]  drivers/regulator/max77693.o
  CC [M]  drivers/regulator/mc13783-regulator.o
  CC [M]  drivers/regulator/mc13892-regulator.o
  CC [M]  drivers/regulator/mc13xxx-regulator-core.o
  CC [M]  drivers/regulator/palmas-regulator.o
  CC [M]  drivers/regulator/pfuze100-regulator.o
  CC [M]  drivers/regulator/tps51632-regulator.o
  CC [M]  drivers/regulator/pcap-regulator.o
  CC [M]  drivers/regulator/pcf50633-regulator.o
  CC [M]  drivers/regulator/rc5t583-regulator.o
  CC [M]  drivers/regulator/s2mpa01.o
drivers/regulator/s2mpa01.c: In function ‘s2mpa01_pmic_probe’:
drivers/regulator/s2mpa01.c:459:1: warning: the frame size of 1216 bytes is larger than 1024 bytes [-Wframe-larger-than=]
 }
 ^
  CC [M]  drivers/regulator/s2mps11.o
  CC [M]  drivers/regulator/s5m8767.o
  CC [M]  drivers/regulator/tps6105x-regulator.o
  CC [M]  drivers/regulator/tps62360-regulator.o
  CC [M]  drivers/regulator/tps65023-regulator.o
  CC [M]  drivers/regulator/tps6507x-regulator.o
  CC [M]  drivers/regulator/tps65090-regulator.o
  CC [M]  drivers/regulator/tps65217-regulator.o
  CC [M]  drivers/regulator/tps6524x-regulator.o
  CC [M]  drivers/regulator/tps6586x-regulator.o
  CC [M]  drivers/regulator/tps65910-regulator.o
  CC [M]  drivers/regulator/tps65912-regulator.o
  CC [M]  drivers/regulator/tps80031-regulator.o
  CC [M]  drivers/regulator/twl-regulator.o
  CC [M]  drivers/regulator/wm831x-dcdc.o
  CC [M]  drivers/regulator/wm831x-isink.o
  CC [M]  drivers/regulator/wm831x-ldo.o
  CC [M]  drivers/regulator/wm8350-regulator.o
  CC [M]  drivers/regulator/wm8400-regulator.o
  CC [M]  drivers/regulator/wm8994-regulator.o
  CC [M]  drivers/remoteproc/remoteproc_core.o
  CC [M]  drivers/remoteproc/remoteproc_debugfs.o
  CC [M]  drivers/remoteproc/remoteproc_virtio.o
  CC [M]  drivers/remoteproc/remoteproc_elf_loader.o
  LD [M]  drivers/remoteproc/remoteproc.o
  CC [M]  drivers/remoteproc/ste_modem_rproc.o
  CC [M]  drivers/rtc/rtc-88pm860x.o
  CC [M]  drivers/rtc/rtc-88pm80x.o
  CC [M]  drivers/rtc/rtc-ab3100.o
  CC [M]  drivers/rtc/rtc-bq32k.o
  CC [M]  drivers/rtc/rtc-bq4802.o
  CC [M]  drivers/rtc/rtc-da9052.o
  CC [M]  drivers/rtc/rtc-da9055.o
  CC [M]  drivers/rtc/rtc-da9063.o
  CC [M]  drivers/rtc/rtc-ds1286.o
  CC [M]  drivers/rtc/rtc-ds1305.o
  CC [M]  drivers/rtc/rtc-ds1307.o
  CC [M]  drivers/rtc/rtc-ds1343.o
  CC [M]  drivers/rtc/rtc-ds1347.o
  CC [M]  drivers/rtc/rtc-ds1374.o
  CC [M]  drivers/rtc/rtc-ds1390.o
  CC [M]  drivers/rtc/rtc-ds1511.o
  CC [M]  drivers/rtc/rtc-ds1553.o
  CC [M]  drivers/rtc/rtc-ds1672.o
  CC [M]  drivers/rtc/rtc-ds1742.o
  CC [M]  drivers/rtc/rtc-ds2404.o
  CC [M]  drivers/rtc/rtc-ds3232.o
  CC [M]  drivers/rtc/rtc-ds3234.o
  CC [M]  drivers/rtc/rtc-em3027.o
  CC [M]  drivers/rtc/rtc-fm3130.o
  CC [M]  drivers/rtc/rtc-hid-sensor-time.o
  CC [M]  drivers/rtc/rtc-isl1208.o
  CC [M]  drivers/rtc/rtc-isl12022.o
  CC [M]  drivers/rtc/rtc-isl12057.o
  CC [M]  drivers/rtc/rtc-lp8788.o
  CC [M]  drivers/rtc/rtc-m41t80.o
  CC [M]  drivers/rtc/rtc-m41t93.o
  CC [M]  drivers/rtc/rtc-m41t94.o
  CC [M]  drivers/rtc/rtc-m48t35.o
  CC [M]  drivers/rtc/rtc-m48t59.o
  CC [M]  drivers/rtc/rtc-m48t86.o
  CC [M]  drivers/rtc/rtc-max6900.o
  CC [M]  drivers/rtc/rtc-max8907.o
  CC [M]  drivers/rtc/rtc-max8925.o
  CC [M]  drivers/rtc/rtc-max8998.o
  CC [M]  drivers/rtc/rtc-max8997.o
  CC [M]  drivers/rtc/rtc-max6902.o
  CC [M]  drivers/rtc/rtc-max77686.o
  CC [M]  drivers/rtc/rtc-mc13xxx.o
  CC [M]  drivers/rtc/rtc-mcp795.o
  CC [M]  drivers/rtc/rtc-msm6242.o
  CC [M]  drivers/rtc/rtc-palmas.o
  CC [M]  drivers/rtc/rtc-pcap.o
  CC [M]  drivers/rtc/rtc-pcf2127.o
  CC [M]  drivers/rtc/rtc-pcf8523.o
  CC [M]  drivers/rtc/rtc-pcf8563.o
  CC [M]  drivers/rtc/rtc-pcf8583.o
  CC [M]  drivers/rtc/rtc-pcf2123.o
  CC [M]  drivers/rtc/rtc-pcf50633.o
  CC [M]  drivers/rtc/rtc-r9701.o
  CC [M]  drivers/rtc/rtc-rc5t583.o
  CC [M]  drivers/rtc/rtc-rp5c01.o
  CC [M]  drivers/rtc/rtc-rs5c348.o
  CC [M]  drivers/rtc/rtc-rs5c372.o
  CC [M]  drivers/rtc/rtc-rv3029c2.o
  CC [M]  drivers/rtc/rtc-rx4581.o
  CC [M]  drivers/rtc/rtc-rx8025.o
  CC [M]  drivers/rtc/rtc-rx8581.o
  CC [M]  drivers/rtc/rtc-s35390a.o
  CC [M]  drivers/rtc/rtc-s5m.o
  CC [M]  drivers/rtc/rtc-stk17ta8.o
  CC [M]  drivers/rtc/rtc-twl.o
  CC [M]  drivers/rtc/rtc-tps6586x.o
  CC [M]  drivers/rtc/rtc-tps65910.o
  CC [M]  drivers/rtc/rtc-tps80031.o
  CC [M]  drivers/rtc/rtc-v3020.o
  CC [M]  drivers/rtc/rtc-wm831x.o
  CC [M]  drivers/rtc/rtc-wm8350.o
  CC [M]  drivers/rtc/rtc-x1205.o
  CC [M]  drivers/rtc/rtc-xgene.o
  CC [M]  drivers/rtc/rtc-moxart.o
  CC [M]  drivers/scsi/storvsc_drv.o
  CC [M]  drivers/scsi/scsi_tgt_lib.o
  CC [M]  drivers/scsi/scsi_tgt_if.o
  LD [M]  drivers/scsi/scsi_tgt.o
  CC [M]  drivers/scsi/raid_class.o
  CC [M]  drivers/scsi/scsi_transport_spi.o
  CC [M]  drivers/scsi/scsi_transport_fc.o
  CC [M]  drivers/scsi/scsi_transport_iscsi.o
  CC [M]  drivers/scsi/scsi_transport_sas.o
  CC [M]  drivers/scsi/scsi_transport_srp.o
  CC [M]  drivers/scsi/libiscsi.o
  CC [M]  drivers/scsi/libiscsi_tcp.o
  CC [M]  drivers/scsi/iscsi_tcp.o
  CC [M]  drivers/scsi/iscsi_boot_sysfs.o
  CC [M]  drivers/scsi/advansys.o
drivers/scsi/advansys.c:71:2: warning: #warning this driver is still not properly converted to the DMA API [-Wcpp]
 #warning this driver is still not properly converted to the DMA API
  ^
  CC [M]  drivers/scsi/BusLogic.o
  CC [M]  drivers/scsi/dpt_i2o.o
  CC [M]  drivers/scsi/ips.o
  CC [M]  drivers/scsi/fdomain.o
  CC [M]  drivers/scsi/qlogicfas408.o
  CC [M]  drivers/scsi/qla1280.o
  CC [M]  drivers/scsi/dmx3191d.o
  CC [M]  drivers/scsi/hpsa.o
  CC [M]  drivers/scsi/eata.o
  CC [M]  drivers/scsi/dc395x.o
  CC [M]  drivers/scsi/tmscsim.o
  CC [M]  drivers/scsi/megaraid.o
  CC [M]  drivers/scsi/atp870u.o
  CC [M]  drivers/scsi/gdth.o
  CC [M]  drivers/scsi/initio.o
  CC [M]  drivers/scsi/a100u2w.o
  CC [M]  drivers/scsi/3w-xxxx.o
  CC [M]  drivers/scsi/3w-9xxx.o
  CC [M]  drivers/scsi/3w-sas.o
  CC [M]  drivers/scsi/ppa.o
  CC [M]  drivers/scsi/imm.o
  CC [M]  drivers/scsi/ipr.o
  CC [M]  drivers/scsi/libsrp.o
  CC [M]  drivers/scsi/hptiop.o
  CC [M]  drivers/scsi/stex.o
  CC [M]  drivers/scsi/mvumi.o
  CC [M]  drivers/scsi/pmcraid.o
  CC [M]  drivers/scsi/virtio_scsi.o
  CC [M]  drivers/scsi/vmw_pvscsi.o
  LD [M]  drivers/scsi/hv_storvsc.o
  CC [M]  drivers/scsi/st.o
  CC [M]  drivers/scsi/osst.o
  CC [M]  drivers/scsi/ch.o
  CC [M]  drivers/scsi/ses.o
  CC [M]  drivers/scsi/scsi_debug.o
  CC [M]  drivers/scsi/aacraid/linit.o
  CC [M]  drivers/scsi/aacraid/aachba.o
  CC [M]  drivers/scsi/aacraid/commctrl.o
  CC [M]  drivers/scsi/aacraid/comminit.o
  CC [M]  drivers/scsi/aacraid/commsup.o
  CC [M]  drivers/scsi/aacraid/dpcsup.o
  CC [M]  drivers/scsi/aacraid/rx.o
  CC [M]  drivers/scsi/aacraid/sa.o
  CC [M]  drivers/scsi/aacraid/rkt.o
  CC [M]  drivers/scsi/aacraid/nark.o
  CC [M]  drivers/scsi/aacraid/src.o
  LD [M]  drivers/scsi/aacraid/aacraid.o
  SHIPPED drivers/scsi/aic7xxx/aic79xx_seq.h
  SHIPPED drivers/scsi/aic7xxx/aic79xx_reg.h
  CC [M]  drivers/scsi/aic7xxx/aic79xx_core.o
  CC [M]  drivers/scsi/aic7xxx/aic79xx_pci.o
  SHIPPED drivers/scsi/aic7xxx/aic79xx_reg_print.c
  CC [M]  drivers/scsi/aic7xxx/aic79xx_reg_print.o
  CC [M]  drivers/scsi/aic7xxx/aic79xx_osm.o
  CC [M]  drivers/scsi/aic7xxx/aic79xx_proc.o
  CC [M]  drivers/scsi/aic7xxx/aic79xx_osm_pci.o
  SHIPPED drivers/scsi/aic7xxx/aic7xxx_seq.h
  SHIPPED drivers/scsi/aic7xxx/aic7xxx_reg.h
  CC [M]  drivers/scsi/aic7xxx/aic7xxx_core.o
  CC [M]  drivers/scsi/aic7xxx/aic7xxx_93cx6.o
  CC [M]  drivers/scsi/aic7xxx/aic7xxx_pci.o
  SHIPPED drivers/scsi/aic7xxx/aic7xxx_reg_print.c
  CC [M]  drivers/scsi/aic7xxx/aic7xxx_reg_print.o
  CC [M]  drivers/scsi/aic7xxx/aic7xxx_osm.o
  CC [M]  drivers/scsi/aic7xxx/aic7xxx_proc.o
  CC [M]  drivers/scsi/aic7xxx/aic7xxx_osm_pci.o
  LD [M]  drivers/scsi/aic7xxx/aic7xxx.o
  LD [M]  drivers/scsi/aic7xxx/aic79xx.o
  CC [M]  drivers/scsi/aic94xx/aic94xx_init.o
  CC [M]  drivers/scsi/aic94xx/aic94xx_hwi.o
  CC [M]  drivers/scsi/aic94xx/aic94xx_reg.o
  CC [M]  drivers/scsi/aic94xx/aic94xx_sds.o
drivers/scsi/aic94xx/aic94xx_sds.c: In function ‘asd_process_ctrl_a_user’:
drivers/scsi/aic94xx/aic94xx_sds.c:597:21: warning: ‘offs’ may be used uninitialized in this function [-Wmaybe-uninitialized]
  asd_read_reg_string(asd_ha, buffer, asd_ha->hw_prof.flash.bar+offs,
                     ^
drivers/scsi/aic94xx/aic94xx_sds.c:985:6: note: ‘offs’ was declared here
  u32 offs, size;
      ^
  CC [M]  drivers/scsi/aic94xx/aic94xx_seq.o
  CC [M]  drivers/scsi/aic94xx/aic94xx_dump.o
  CC [M]  drivers/scsi/aic94xx/aic94xx_scb.o
  CC [M]  drivers/scsi/aic94xx/aic94xx_dev.o
  CC [M]  drivers/scsi/aic94xx/aic94xx_tmf.o
  CC [M]  drivers/scsi/aic94xx/aic94xx_task.o
  LD [M]  drivers/scsi/aic94xx/aic94xx.o
  CC [M]  drivers/scsi/arcmsr/arcmsr_attr.o
  CC [M]  drivers/scsi/arcmsr/arcmsr_hba.o
  LD [M]  drivers/scsi/arcmsr/arcmsr.o
  CC [M]  drivers/scsi/be2iscsi/be_iscsi.o
  CC [M]  drivers/scsi/be2iscsi/be_main.o
  CC [M]  drivers/scsi/be2iscsi/be_mgmt.o
  CC [M]  drivers/scsi/be2iscsi/be_cmds.o
  LD [M]  drivers/scsi/be2iscsi/be2iscsi.o
  CC [M]  drivers/scsi/bfa/bfad.o
  CC [M]  drivers/scsi/bfa/bfad_im.o
  CC [M]  drivers/scsi/bfa/bfad_attr.o
  CC [M]  drivers/scsi/bfa/bfad_debugfs.o
  CC [M]  drivers/scsi/bfa/bfad_bsg.o
  CC [M]  drivers/scsi/bfa/bfa_ioc.o
  CC [M]  drivers/scsi/bfa/bfa_ioc_cb.o
  CC [M]  drivers/scsi/bfa/bfa_ioc_ct.o
  CC [M]  drivers/scsi/bfa/bfa_hw_cb.o
  CC [M]  drivers/scsi/bfa/bfa_hw_ct.o
  CC [M]  drivers/scsi/bfa/bfa_fcs.o
  CC [M]  drivers/scsi/bfa/bfa_fcs_lport.o
  CC [M]  drivers/scsi/bfa/bfa_fcs_rport.o
  CC [M]  drivers/scsi/bfa/bfa_fcs_fcpim.o
  CC [M]  drivers/scsi/bfa/bfa_fcbuild.o
  CC [M]  drivers/scsi/bfa/bfa_port.o
  CC [M]  drivers/scsi/bfa/bfa_fcpim.o
  CC [M]  drivers/scsi/bfa/bfa_core.o
  CC [M]  drivers/scsi/bfa/bfa_svc.o
  LD [M]  drivers/scsi/bfa/bfa.o
  CC [M]  drivers/scsi/bnx2fc/bnx2fc_els.o
  CC [M]  drivers/scsi/bnx2fc/bnx2fc_fcoe.o
  CC [M]  drivers/scsi/bnx2fc/bnx2fc_hwi.o
  CC [M]  drivers/scsi/bnx2fc/bnx2fc_io.o
  CC [M]  drivers/scsi/bnx2fc/bnx2fc_tgt.o
  CC [M]  drivers/scsi/bnx2fc/bnx2fc_debug.o
  LD [M]  drivers/scsi/bnx2fc/bnx2fc.o
  CC [M]  drivers/scsi/bnx2i/bnx2i_init.o
  CC [M]  drivers/scsi/bnx2i/bnx2i_hwi.o
  CC [M]  drivers/scsi/bnx2i/bnx2i_iscsi.o
  CC [M]  drivers/scsi/bnx2i/bnx2i_sysfs.o
  LD [M]  drivers/scsi/bnx2i/bnx2i.o
  CC [M]  drivers/scsi/csiostor/csio_attr.o
  CC [M]  drivers/scsi/csiostor/csio_init.o
  CC [M]  drivers/scsi/csiostor/csio_lnode.o
  CC [M]  drivers/scsi/csiostor/csio_scsi.o
  CC [M]  drivers/scsi/csiostor/csio_hw.o
  CC [M]  drivers/scsi/csiostor/csio_hw_t4.o
  CC [M]  drivers/scsi/csiostor/csio_hw_t5.o
  CC [M]  drivers/scsi/csiostor/csio_isr.o
  CC [M]  drivers/scsi/csiostor/csio_mb.o
  CC [M]  drivers/scsi/csiostor/csio_rnode.o
  CC [M]  drivers/scsi/csiostor/csio_wr.o
  LD [M]  drivers/scsi/csiostor/csiostor.o
  CC [M]  drivers/scsi/cxgbi/libcxgbi.o
  CC [M]  drivers/scsi/cxgbi/cxgb3i/cxgb3i.o
  CC [M]  drivers/scsi/cxgbi/cxgb4i/cxgb4i.o
  CC [M]  drivers/scsi/device_handler/scsi_dh.o
  CC [M]  drivers/scsi/device_handler/scsi_dh_rdac.o
  CC [M]  drivers/scsi/device_handler/scsi_dh_hp_sw.o
  CC [M]  drivers/scsi/device_handler/scsi_dh_emc.o
  CC [M]  drivers/scsi/device_handler/scsi_dh_alua.o
  CC [M]  drivers/scsi/esas2r/esas2r_log.o
  CC [M]  drivers/scsi/esas2r/esas2r_disc.o
  CC [M]  drivers/scsi/esas2r/esas2r_flash.o
  CC [M]  drivers/scsi/esas2r/esas2r_init.o
  CC [M]  drivers/scsi/esas2r/esas2r_int.o
  CC [M]  drivers/scsi/esas2r/esas2r_io.o
  CC [M]  drivers/scsi/esas2r/esas2r_ioctl.o
  CC [M]  drivers/scsi/esas2r/esas2r_targdb.o
  CC [M]  drivers/scsi/esas2r/esas2r_vda.o
  CC [M]  drivers/scsi/esas2r/esas2r_main.o
  LD [M]  drivers/scsi/esas2r/esas2r.o
  CC [M]  drivers/scsi/fcoe/fcoe.o
  CC [M]  drivers/scsi/fcoe/fcoe_ctlr.o
  CC [M]  drivers/scsi/fcoe/fcoe_transport.o
  CC [M]  drivers/scsi/fcoe/fcoe_sysfs.o
  LD [M]  drivers/scsi/fcoe/libfcoe.o
  CC [M]  drivers/scsi/fnic/fnic_attrs.o
  CC [M]  drivers/scsi/fnic/fnic_isr.o
  CC [M]  drivers/scsi/fnic/fnic_main.o
  CC [M]  drivers/scsi/fnic/fnic_res.o
  CC [M]  drivers/scsi/fnic/fnic_fcs.o
  CC [M]  drivers/scsi/fnic/fnic_scsi.o
  CC [M]  drivers/scsi/fnic/fnic_trace.o
  CC [M]  drivers/scsi/fnic/fnic_debugfs.o
  CC [M]  drivers/scsi/fnic/vnic_cq.o
  CC [M]  drivers/scsi/fnic/vnic_dev.o
  CC [M]  drivers/scsi/fnic/vnic_intr.o
  CC [M]  drivers/scsi/fnic/vnic_rq.o
  CC [M]  drivers/scsi/fnic/vnic_wq_copy.o
  CC [M]  drivers/scsi/fnic/vnic_wq.o
  LD [M]  drivers/scsi/fnic/fnic.o
  CC [M]  drivers/scsi/isci/init.o
  CC [M]  drivers/scsi/isci/phy.o
  CC [M]  drivers/scsi/isci/request.o
  CC [M]  drivers/scsi/isci/remote_device.o
  CC [M]  drivers/scsi/isci/port.o
  CC [M]  drivers/scsi/isci/host.o
  CC [M]  drivers/scsi/isci/task.o
  CC [M]  drivers/scsi/isci/probe_roms.o
  CC [M]  drivers/scsi/isci/remote_node_context.o
  CC [M]  drivers/scsi/isci/remote_node_table.o
  CC [M]  drivers/scsi/isci/unsolicited_frame_control.o
  CC [M]  drivers/scsi/isci/port_config.o
  LD [M]  drivers/scsi/isci/isci.o
  CC [M]  drivers/scsi/libfc/fc_libfc.o
  CC [M]  drivers/scsi/libfc/fc_disc.o
  CC [M]  drivers/scsi/libfc/fc_exch.o
  CC [M]  drivers/scsi/libfc/fc_elsct.o
  CC [M]  drivers/scsi/libfc/fc_frame.o
  CC [M]  drivers/scsi/libfc/fc_lport.o
  CC [M]  drivers/scsi/libfc/fc_rport.o
  CC [M]  drivers/scsi/libfc/fc_fcp.o
  CC [M]  drivers/scsi/libfc/fc_npiv.o
  LD [M]  drivers/scsi/libfc/libfc.o
  CC [M]  drivers/scsi/libsas/sas_init.o
  CC [M]  drivers/scsi/libsas/sas_phy.o
  CC [M]  drivers/scsi/libsas/sas_port.o
  CC [M]  drivers/scsi/libsas/sas_event.o
  CC [M]  drivers/scsi/libsas/sas_dump.o
  CC [M]  drivers/scsi/libsas/sas_discover.o
  CC [M]  drivers/scsi/libsas/sas_expander.o
  CC [M]  drivers/scsi/libsas/sas_scsi_host.o
  CC [M]  drivers/scsi/libsas/sas_task.o
  CC [M]  drivers/scsi/libsas/sas_ata.o
  CC [M]  drivers/scsi/libsas/sas_host_smp.o
  LD [M]  drivers/scsi/libsas/libsas.o
  CC [M]  drivers/scsi/lpfc/lpfc_mem.o
  CC [M]  drivers/scsi/lpfc/lpfc_sli.o
  CC [M]  drivers/scsi/lpfc/lpfc_ct.o
  CC [M]  drivers/scsi/lpfc/lpfc_els.o
  CC [M]  drivers/scsi/lpfc/lpfc_hbadisc.o
  CC [M]  drivers/scsi/lpfc/lpfc_init.o
  CC [M]  drivers/scsi/lpfc/lpfc_mbox.o
  CC [M]  drivers/scsi/lpfc/lpfc_nportdisc.o
  CC [M]  drivers/scsi/lpfc/lpfc_scsi.o
  CC [M]  drivers/scsi/lpfc/lpfc_attr.o
  CC [M]  drivers/scsi/lpfc/lpfc_vport.o
  CC [M]  drivers/scsi/lpfc/lpfc_debugfs.o
  CC [M]  drivers/scsi/lpfc/lpfc_bsg.o
  LD [M]  drivers/scsi/lpfc/lpfc.o
  CC [M]  drivers/scsi/megaraid/megaraid_mm.o
  CC [M]  drivers/scsi/megaraid/megaraid_mbox.o
  CC [M]  drivers/scsi/megaraid/megaraid_sas_base.o
  CC [M]  drivers/scsi/megaraid/megaraid_sas_fusion.o
  CC [M]  drivers/scsi/megaraid/megaraid_sas_fp.o
  LD [M]  drivers/scsi/megaraid/megaraid_sas.o
  CC [M]  drivers/scsi/mpt2sas/mpt2sas_base.o
  CC [M]  drivers/scsi/mpt2sas/mpt2sas_config.o
  CC [M]  drivers/scsi/mpt2sas/mpt2sas_scsih.o
  CC [M]  drivers/scsi/mpt2sas/mpt2sas_transport.o
  CC [M]  drivers/scsi/mpt2sas/mpt2sas_ctl.o
  LD [M]  drivers/scsi/mpt2sas/mpt2sas.o
  CC [M]  drivers/scsi/mpt3sas/mpt3sas_base.o
  CC [M]  drivers/scsi/mpt3sas/mpt3sas_config.o
  CC [M]  drivers/scsi/mpt3sas/mpt3sas_scsih.o
  CC [M]  drivers/scsi/mpt3sas/mpt3sas_transport.o
  CC [M]  drivers/scsi/mpt3sas/mpt3sas_ctl.o
  CC [M]  drivers/scsi/mpt3sas/mpt3sas_trigger_diag.o
  LD [M]  drivers/scsi/mpt3sas/mpt3sas.o
  CC [M]  drivers/scsi/mvsas/mv_init.o
  CC [M]  drivers/scsi/mvsas/mv_sas.o
  CC [M]  drivers/scsi/mvsas/mv_64xx.o
  CC [M]  drivers/scsi/mvsas/mv_94xx.o
  LD [M]  drivers/scsi/mvsas/mvsas.o
  CC [M]  drivers/scsi/osd/osd_initiator.o
  CC [M]  drivers/scsi/osd/osd_uld.o
  LD [M]  drivers/scsi/osd/libosd.o
  LD [M]  drivers/scsi/osd/osd.o
  CC [M]  drivers/scsi/pcmcia/aha152x_stub.o
  CC [M]  drivers/scsi/pcmcia/aha152x_core.o
  CC [M]  drivers/scsi/pcmcia/fdomain_stub.o
  CC [M]  drivers/scsi/pcmcia/fdomain_core.o
  CC [M]  drivers/scsi/pcmcia/qlogic_stub.o
  LD [M]  drivers/scsi/pcmcia/qlogic_cs.o
  LD [M]  drivers/scsi/pcmcia/fdomain_cs.o
  LD [M]  drivers/scsi/pcmcia/aha152x_cs.o
  CC [M]  drivers/scsi/pcmcia/sym53c500_cs.o
  CC [M]  drivers/scsi/pm8001/pm8001_init.o
  CC [M]  drivers/scsi/pm8001/pm8001_sas.o
  CC [M]  drivers/scsi/pm8001/pm8001_ctl.o
  CC [M]  drivers/scsi/pm8001/pm8001_hwi.o
  CC [M]  drivers/scsi/pm8001/pm80xx_hwi.o
  LD [M]  drivers/scsi/pm8001/pm80xx.o
  CC [M]  drivers/scsi/qla2xxx/qla_os.o
  CC [M]  drivers/scsi/qla2xxx/qla_init.o
  CC [M]  drivers/scsi/qla2xxx/qla_mbx.o
  CC [M]  drivers/scsi/qla2xxx/qla_iocb.o
  CC [M]  drivers/scsi/qla2xxx/qla_isr.o
  CC [M]  drivers/scsi/qla2xxx/qla_gs.o
  CC [M]  drivers/scsi/qla2xxx/qla_dbg.o
  CC [M]  drivers/scsi/qla2xxx/qla_sup.o
  CC [M]  drivers/scsi/qla2xxx/qla_attr.o
  CC [M]  drivers/scsi/qla2xxx/qla_mid.o
  CC [M]  drivers/scsi/qla2xxx/qla_dfs.o
  CC [M]  drivers/scsi/qla2xxx/qla_bsg.o
  CC [M]  drivers/scsi/qla2xxx/qla_nx.o
  CC [M]  drivers/scsi/qla2xxx/qla_mr.o
  CC [M]  drivers/scsi/qla2xxx/qla_nx2.o
  CC [M]  drivers/scsi/qla2xxx/qla_target.o
  CC [M]  drivers/scsi/qla2xxx/qla_tmpl.o
  LD [M]  drivers/scsi/qla2xxx/qla2xxx.o
  CC [M]  drivers/scsi/qla2xxx/tcm_qla2xxx.o
  CC [M]  drivers/scsi/qla4xxx/ql4_os.o
  CC [M]  drivers/scsi/qla4xxx/ql4_init.o
  CC [M]  drivers/scsi/qla4xxx/ql4_mbx.o
  CC [M]  drivers/scsi/qla4xxx/ql4_iocb.o
  CC [M]  drivers/scsi/qla4xxx/ql4_isr.o
  CC [M]  drivers/scsi/qla4xxx/ql4_nx.o
  CC [M]  drivers/scsi/qla4xxx/ql4_nvram.o
  CC [M]  drivers/scsi/qla4xxx/ql4_dbg.o
  CC [M]  drivers/scsi/qla4xxx/ql4_attr.o
  CC [M]  drivers/scsi/qla4xxx/ql4_bsg.o
  CC [M]  drivers/scsi/qla4xxx/ql4_83xx.o
  LD [M]  drivers/scsi/qla4xxx/qla4xxx.o
  CC [M]  drivers/scsi/sym53c8xx_2/sym_fw.o
  CC [M]  drivers/scsi/sym53c8xx_2/sym_glue.o
  CC [M]  drivers/scsi/sym53c8xx_2/sym_hipd.o
  CC [M]  drivers/scsi/sym53c8xx_2/sym_malloc.o
  CC [M]  drivers/scsi/sym53c8xx_2/sym_nvram.o
  LD [M]  drivers/scsi/sym53c8xx_2/sym53c8xx.o
  CC [M]  drivers/scsi/ufs/ufshcd.o
  CC [M]  drivers/scsi/ufs/ufshcd-pci.o
  CC [M]  drivers/scsi/ufs/ufshcd-pltfrm.o
  CC [M]  drivers/spi/spidev.o
  CC [M]  drivers/spi/spi-altera.o
  CC [M]  drivers/spi/spi-bitbang.o
  CC [M]  drivers/spi/spi-butterfly.o
  CC [M]  drivers/spi/spi-dw.o
  CC [M]  drivers/spi/spi-dw-mmio.o
  CC [M]  drivers/spi/spi-dw-pci.o
  CC [M]  drivers/spi/spi-dw-mid.o
  CC [M]  drivers/spi/spi-pxa2xx.o
  CC [M]  drivers/spi/spi-pxa2xx-dma.o
  LD [M]  drivers/spi/spi-dw-midpci.o
  CC [M]  drivers/spi/spi-gpio.o
  CC [M]  drivers/spi/spi-lm70llp.o
  CC [M]  drivers/spi/spi-oc-tiny.o
  LD [M]  drivers/spi/spi-pxa2xx-platform.o
  CC [M]  drivers/spi/spi-pxa2xx-pci.o
  CC [M]  drivers/spi/spi-sc18is602.o
  CC [M]  drivers/spi/spi-tle62x0.o
  CC [M]  drivers/spi/spi-xcomm.o
  CC [M]  drivers/spmi/spmi.o
  CC [M]  drivers/ssb/main.o
  CC [M]  drivers/ssb/scan.o
  CC [M]  drivers/ssb/sprom.o
  CC [M]  drivers/ssb/pci.o
  CC [M]  drivers/ssb/pcihost_wrapper.o
  CC [M]  drivers/ssb/sdio.o
  CC [M]  drivers/ssb/driver_chipcommon.o
  CC [M]  drivers/ssb/driver_chipcommon_pmu.o
  CC [M]  drivers/ssb/driver_pcicore.o
  CC [M]  drivers/ssb/driver_gpio.o
  CC [M]  drivers/ssb/b43_pci_bridge.o
  LD [M]  drivers/ssb/ssb.o
  CC [M]  drivers/staging/bcm/InterfaceDld.o
  CC [M]  drivers/staging/bcm/InterfaceIdleMode.o
  CC [M]  drivers/staging/bcm/InterfaceInit.o
  CC [M]  drivers/staging/bcm/InterfaceRx.o
  CC [M]  drivers/staging/bcm/InterfaceIsr.o
  CC [M]  drivers/staging/bcm/InterfaceMisc.o
  CC [M]  drivers/staging/bcm/InterfaceTx.o
  CC [M]  drivers/staging/bcm/CmHost.o
drivers/staging/bcm/CmHost.c: In function ‘StoreCmControlResponseMessage’:
drivers/staging/bcm/CmHost.c:1502:3: warning: cast to pointer from integer of different size [-Wint-to-pointer-cast]
   (struct bcm_connect_mgr_params *) ntohl(
   ^
drivers/staging/bcm/CmHost.c:1545:3: warning: cast to pointer from integer of different size [-Wint-to-pointer-cast]
   (struct bcm_connect_mgr_params *) ntohl(
   ^
drivers/staging/bcm/CmHost.c:1563:3: warning: cast to pointer from integer of different size [-Wint-to-pointer-cast]
   (struct bcm_connect_mgr_params *) ntohl(
   ^
  CC [M]  drivers/staging/bcm/IPv6Protocol.o
  CC [M]  drivers/staging/bcm/Qos.o
  CC [M]  drivers/staging/bcm/Transmit.o
  CC [M]  drivers/staging/bcm/Bcmnet.o
  CC [M]  drivers/staging/bcm/DDRInit.o
  CC [M]  drivers/staging/bcm/HandleControlPacket.o
  CC [M]  drivers/staging/bcm/LeakyBucket.o
  CC [M]  drivers/staging/bcm/Misc.o
  CC [M]  drivers/staging/bcm/sort.o
  CC [M]  drivers/staging/bcm/Bcmchar.o
  CC [M]  drivers/staging/bcm/hostmibs.o
  CC [M]  drivers/staging/bcm/PHSModule.o
  CC [M]  drivers/staging/bcm/led_control.o
  CC [M]  drivers/staging/bcm/nvm.o
  CC [M]  drivers/staging/bcm/vendorspecificextn.o
  LD [M]  drivers/staging/bcm/bcm_wimax.o
  CC [M]  drivers/staging/ced1401/usb1401.o
  CC [M]  drivers/staging/ced1401/ced_ioc.o
  LD [M]  drivers/staging/ced1401/cedusb.o
  CC [M]  drivers/staging/comedi/comedi_fops.o
  CC [M]  drivers/staging/comedi/range.o
  CC [M]  drivers/staging/comedi/drivers.o
  CC [M]  drivers/staging/comedi/comedi_buf.o
  CC [M]  drivers/staging/comedi/comedi_pci.o
  CC [M]  drivers/staging/comedi/comedi_pcmcia.o
  CC [M]  drivers/staging/comedi/comedi_usb.o
  CC [M]  drivers/staging/comedi/proc.o
  CC [M]  drivers/staging/comedi/comedi_compat32.o
  LD [M]  drivers/staging/comedi/comedi.o
  CC [M]  drivers/staging/comedi/drivers/comedi_bond.o
  CC [M]  drivers/staging/comedi/drivers/comedi_test.o
  CC [M]  drivers/staging/comedi/drivers/comedi_parport.o
  CC [M]  drivers/staging/comedi/drivers/serial2002.o
  CC [M]  drivers/staging/comedi/drivers/skel.o
  CC [M]  drivers/staging/comedi/drivers/amplc_dio200.o
  CC [M]  drivers/staging/comedi/drivers/amplc_pc263.o
  CC [M]  drivers/staging/comedi/drivers/pcl711.o
  CC [M]  drivers/staging/comedi/drivers/pcl724.o
  CC [M]  drivers/staging/comedi/drivers/pcl726.o
  CC [M]  drivers/staging/comedi/drivers/pcl730.o
  CC [M]  drivers/staging/comedi/drivers/pcl812.o
  CC [M]  drivers/staging/comedi/drivers/pcl816.o
  CC [M]  drivers/staging/comedi/drivers/pcl818.o
  CC [M]  drivers/staging/comedi/drivers/pcm3724.o
  CC [M]  drivers/staging/comedi/drivers/rti800.o
  CC [M]  drivers/staging/comedi/drivers/rti802.o
  CC [M]  drivers/staging/comedi/drivers/dac02.o
  CC [M]  drivers/staging/comedi/drivers/das16m1.o
  CC [M]  drivers/staging/comedi/drivers/das08_isa.o
  CC [M]  drivers/staging/comedi/drivers/das16.o
  CC [M]  drivers/staging/comedi/drivers/das800.o
  CC [M]  drivers/staging/comedi/drivers/das1800.o
  CC [M]  drivers/staging/comedi/drivers/das6402.o
  CC [M]  drivers/staging/comedi/drivers/dt2801.o
  CC [M]  drivers/staging/comedi/drivers/dt2811.o
  CC [M]  drivers/staging/comedi/drivers/dt2814.o
  CC [M]  drivers/staging/comedi/drivers/dt2815.o
  CC [M]  drivers/staging/comedi/drivers/dt2817.o
  CC [M]  drivers/staging/comedi/drivers/dt282x.o
  CC [M]  drivers/staging/comedi/drivers/dmm32at.o
  CC [M]  drivers/staging/comedi/drivers/fl512.o
  CC [M]  drivers/staging/comedi/drivers/aio_aio12_8.o
  CC [M]  drivers/staging/comedi/drivers/aio_iiro_16.o
  CC [M]  drivers/staging/comedi/drivers/ii_pci20kc.o
  CC [M]  drivers/staging/comedi/drivers/c6xdigio.o
  CC [M]  drivers/staging/comedi/drivers/mpc624.o
  CC [M]  drivers/staging/comedi/drivers/adq12b.o
  CC [M]  drivers/staging/comedi/drivers/ni_at_a2150.o
  CC [M]  drivers/staging/comedi/drivers/ni_at_ao.o
  CC [M]  drivers/staging/comedi/drivers/ni_atmio.o
  CC [M]  drivers/staging/comedi/drivers/ni_atmio16d.o
  CC [M]  drivers/staging/comedi/drivers/pcmad.o
  CC [M]  drivers/staging/comedi/drivers/pcmda12.o
  CC [M]  drivers/staging/comedi/drivers/pcmmio.o
  CC [M]  drivers/staging/comedi/drivers/pcmuio.o
  CC [M]  drivers/staging/comedi/drivers/multiq3.o
  CC [M]  drivers/staging/comedi/drivers/s526.o
  CC [M]  drivers/staging/comedi/drivers/8255_pci.o
  CC [M]  drivers/staging/comedi/drivers/addi_watchdog.o
  CC [M]  drivers/staging/comedi/drivers/addi_apci_035.o
  CC [M]  drivers/staging/comedi/drivers/addi_apci_1032.o
  CC [M]  drivers/staging/comedi/drivers/addi_apci_1500.o
  CC [M]  drivers/staging/comedi/drivers/addi_apci_1516.o
  CC [M]  drivers/staging/comedi/drivers/addi_apci_1564.o
  CC [M]  drivers/staging/comedi/drivers/addi_apci_16xx.o
  CC [M]  drivers/staging/comedi/drivers/addi_apci_2032.o
  CC [M]  drivers/staging/comedi/drivers/addi_apci_2200.o
  CC [M]  drivers/staging/comedi/drivers/addi_apci_3120.o
  CC [M]  drivers/staging/comedi/drivers/addi_apci_3501.o
  CC [M]  drivers/staging/comedi/drivers/addi_apci_3xxx.o
  CC [M]  drivers/staging/comedi/drivers/adl_pci6208.o
  CC [M]  drivers/staging/comedi/drivers/adl_pci7x3x.o
  CC [M]  drivers/staging/comedi/drivers/adl_pci8164.o
  CC [M]  drivers/staging/comedi/drivers/adl_pci9111.o
  CC [M]  drivers/staging/comedi/drivers/adl_pci9118.o
  CC [M]  drivers/staging/comedi/drivers/adv_pci1710.o
  CC [M]  drivers/staging/comedi/drivers/adv_pci1723.o
  CC [M]  drivers/staging/comedi/drivers/adv_pci1724.o
  CC [M]  drivers/staging/comedi/drivers/adv_pci_dio.o
  CC [M]  drivers/staging/comedi/drivers/amplc_dio200_pci.o
  CC [M]  drivers/staging/comedi/drivers/amplc_pc236.o
  CC [M]  drivers/staging/comedi/drivers/amplc_pci263.o
  CC [M]  drivers/staging/comedi/drivers/amplc_pci224.o
  CC [M]  drivers/staging/comedi/drivers/amplc_pci230.o
  CC [M]  drivers/staging/comedi/drivers/contec_pci_dio.o
  CC [M]  drivers/staging/comedi/drivers/das08_pci.o
  CC [M]  drivers/staging/comedi/drivers/dt3000.o
  CC [M]  drivers/staging/comedi/drivers/dyna_pci10xx.o
  CC [M]  drivers/staging/comedi/drivers/unioxx5.o
  CC [M]  drivers/staging/comedi/drivers/gsc_hpdi.o
  CC [M]  drivers/staging/comedi/drivers/icp_multi.o
  CC [M]  drivers/staging/comedi/drivers/daqboard2000.o
  CC [M]  drivers/staging/comedi/drivers/jr3_pci.o
  CC [M]  drivers/staging/comedi/drivers/ke_counter.o
  CC [M]  drivers/staging/comedi/drivers/cb_pcidas64.o
  CC [M]  drivers/staging/comedi/drivers/cb_pcidas.o
  CC [M]  drivers/staging/comedi/drivers/cb_pcidda.o
  CC [M]  drivers/staging/comedi/drivers/cb_pcimdas.o
  CC [M]  drivers/staging/comedi/drivers/cb_pcimdda.o
  CC [M]  drivers/staging/comedi/drivers/me4000.o
  CC [M]  drivers/staging/comedi/drivers/me_daq.o
  CC [M]  drivers/staging/comedi/drivers/ni_6527.o
  CC [M]  drivers/staging/comedi/drivers/ni_65xx.o
  CC [M]  drivers/staging/comedi/drivers/ni_660x.o
  CC [M]  drivers/staging/comedi/drivers/ni_670x.o
  CC [M]  drivers/staging/comedi/drivers/ni_labpc_pci.o
  CC [M]  drivers/staging/comedi/drivers/ni_pcidio.o
  CC [M]  drivers/staging/comedi/drivers/ni_pcimio.o
  CC [M]  drivers/staging/comedi/drivers/rtd520.o
  CC [M]  drivers/staging/comedi/drivers/s626.o
  CC [M]  drivers/staging/comedi/drivers/mf6x4.o
  CC [M]  drivers/staging/comedi/drivers/cb_das16_cs.o
  CC [M]  drivers/staging/comedi/drivers/das08_cs.o
  CC [M]  drivers/staging/comedi/drivers/ni_daq_700.o
  CC [M]  drivers/staging/comedi/drivers/ni_daq_dio24.o
  CC [M]  drivers/staging/comedi/drivers/ni_labpc_cs.o
  CC [M]  drivers/staging/comedi/drivers/ni_mio_cs.o
  CC [M]  drivers/staging/comedi/drivers/quatech_daqp_cs.o
  CC [M]  drivers/staging/comedi/drivers/dt9812.o
  CC [M]  drivers/staging/comedi/drivers/usbdux.o
  CC [M]  drivers/staging/comedi/drivers/usbduxfast.o
  CC [M]  drivers/staging/comedi/drivers/usbduxsigma.o
  CC [M]  drivers/staging/comedi/drivers/vmk80xx.o
  CC [M]  drivers/staging/comedi/drivers/mite.o
  CC [M]  drivers/staging/comedi/drivers/ni_tio.o
  CC [M]  drivers/staging/comedi/drivers/ni_tiocmd.o
  CC [M]  drivers/staging/comedi/drivers/ni_labpc.o
  CC [M]  drivers/staging/comedi/drivers/ni_labpc_isadma.o
  CC [M]  drivers/staging/comedi/drivers/8255.o
  CC [M]  drivers/staging/comedi/drivers/amplc_dio200_common.o
  CC [M]  drivers/staging/comedi/drivers/das08.o
  CC [M]  drivers/staging/comedi/drivers/comedi_fc.o
  CC [M]  drivers/staging/comedi/kcomedilib/kcomedilib_main.o
  LD [M]  drivers/staging/comedi/kcomedilib/kcomedilib.o
  CC [M]  drivers/staging/cptm1217/clearpad_tm1217.o
  CC [M]  drivers/staging/crystalhd/crystalhd_cmds.o
  CC [M]  drivers/staging/crystalhd/crystalhd_hw.o
  CC [M]  drivers/staging/crystalhd/crystalhd_lnx.o
  CC [M]  drivers/staging/crystalhd/crystalhd_misc.o
  LD [M]  drivers/staging/crystalhd/crystalhd.o
  CC [M]  drivers/staging/cxt1e1/musycc.o
  CC [M]  drivers/staging/cxt1e1/pmcc4_drv.o
  CC [M]  drivers/staging/cxt1e1/comet.o
  CC [M]  drivers/staging/cxt1e1/linux.o
  CC [M]  drivers/staging/cxt1e1/functions.o
  CC [M]  drivers/staging/cxt1e1/hwprobe.o
  CC [M]  drivers/staging/cxt1e1/pmc93x6_eeprom.o
  CC [M]  drivers/staging/cxt1e1/sbecrc.o
  CC [M]  drivers/staging/cxt1e1/comet_tables.o
  CC [M]  drivers/staging/cxt1e1/sbeid.o
  CC [M]  drivers/staging/cxt1e1/sbeproc.o
  LD [M]  drivers/staging/cxt1e1/cxt1e1.o
  CC [M]  drivers/staging/dgap/dgap.o
  CC [M]  drivers/staging/dgnc/dgnc_cls.o
  CC [M]  drivers/staging/dgnc/dgnc_driver.o
  CC [M]  drivers/staging/dgnc/dgnc_mgmt.o
  CC [M]  drivers/staging/dgnc/dgnc_neo.o
  CC [M]  drivers/staging/dgnc/dgnc_trace.o
  CC [M]  drivers/staging/dgnc/dgnc_tty.o
drivers/staging/dgnc/dgnc_tty.c: In function ‘dgnc_sniff_nowait_nolock’:
drivers/staging/dgnc/dgnc_tty.c:582:1: warning: the frame size of 1080 bytes is larger than 1024 bytes [-Wframe-larger-than=]
 }
 ^
  CC [M]  drivers/staging/dgnc/dgnc_sysfs.o
  LD [M]  drivers/staging/dgnc/dgnc.o
  CC [M]  drivers/staging/dgrp/dgrp_common.o
  CC [M]  drivers/staging/dgrp/dgrp_dpa_ops.o
  CC [M]  drivers/staging/dgrp/dgrp_driver.o
  CC [M]  drivers/staging/dgrp/dgrp_mon_ops.o
  CC [M]  drivers/staging/dgrp/dgrp_net_ops.o
  CC [M]  drivers/staging/dgrp/dgrp_ports_ops.o
  CC [M]  drivers/staging/dgrp/dgrp_specproc.o
  CC [M]  drivers/staging/dgrp/dgrp_tty.o
  CC [M]  drivers/staging/dgrp/dgrp_sysfs.o
  LD [M]  drivers/staging/dgrp/dgrp.o
  CC [M]  drivers/staging/et131x/et131x.o
  CC [M]  drivers/staging/frontier/tranzport.o
  CC [M]  drivers/staging/frontier/alphatrack.o
  CC [M]  drivers/staging/ft1000/ft1000-pcmcia/ft1000_hw.o
  CC [M]  drivers/staging/ft1000/ft1000-pcmcia/ft1000_dnld.o
  CC [M]  drivers/staging/ft1000/ft1000-pcmcia/ft1000_proc.o
  CC [M]  drivers/staging/ft1000/ft1000-pcmcia/ft1000_cs.o
  LD [M]  drivers/staging/ft1000/ft1000-pcmcia/ft1000_pcmcia.o
  CC [M]  drivers/staging/ft1000/ft1000-usb/ft1000_debug.o
  CC [M]  drivers/staging/ft1000/ft1000-usb/ft1000_download.o
  CC [M]  drivers/staging/ft1000/ft1000-usb/ft1000_hw.o
  CC [M]  drivers/staging/ft1000/ft1000-usb/ft1000_proc.o
  CC [M]  drivers/staging/ft1000/ft1000-usb/ft1000_usb.o
  LD [M]  drivers/staging/ft1000/ft1000-usb/ft1000.o
  CC [M]  drivers/staging/fwserial/fwserial.o
  CC [M]  drivers/staging/fwserial/dma_fifo.o
  LD [M]  drivers/staging/fwserial/firewire-serial.o
  CC [M]  drivers/staging/gdm724x/gdm_tty.o
  CC [M]  drivers/staging/gdm724x/gdm_mux.o
  CC [M]  drivers/staging/gdm724x/gdm_lte.o
  CC [M]  drivers/staging/gdm724x/netlink_k.o
  CC [M]  drivers/staging/gdm724x/gdm_usb.o
  CC [M]  drivers/staging/gdm724x/gdm_endian.o
  LD [M]  drivers/staging/gdm724x/gdmulte.o
  LD [M]  drivers/staging/gdm724x/gdmtty.o
  CC [M]  drivers/staging/gdm72xx/gdm_wimax.o
  CC [M]  drivers/staging/gdm72xx/netlink_k.o
  CC [M]  drivers/staging/gdm72xx/gdm_qos.o
  CC [M]  drivers/staging/gdm72xx/gdm_usb.o
  CC [M]  drivers/staging/gdm72xx/usb_boot.o
  LD [M]  drivers/staging/gdm72xx/gdmwm.o
  CC [M]  drivers/staging/gs_fpgaboot/gs_fpgaboot.o
  CC [M]  drivers/staging/gs_fpgaboot/io.o
  LD [M]  drivers/staging/gs_fpgaboot/gs_fpga.o
  CC [M]  drivers/staging/iio/iio_simple_dummy.o
  LD [M]  drivers/staging/iio/iio_dummy.o
  CC [M]  drivers/staging/iio/accel/adis16201_core.o
  CC [M]  drivers/staging/iio/accel/adis16203_core.o
  CC [M]  drivers/staging/iio/accel/adis16204_core.o
  CC [M]  drivers/staging/iio/accel/adis16209_core.o
  CC [M]  drivers/staging/iio/accel/adis16220_core.o
  CC [M]  drivers/staging/iio/accel/adis16240_core.o
  CC [M]  drivers/staging/iio/accel/lis3l02dq_core.o
  CC [M]  drivers/staging/iio/accel/lis3l02dq_ring.o
  CC [M]  drivers/staging/iio/accel/sca3000_core.o
  CC [M]  drivers/staging/iio/accel/sca3000_ring.o
  LD [M]  drivers/staging/iio/accel/adis16201.o
  LD [M]  drivers/staging/iio/accel/adis16203.o
  LD [M]  drivers/staging/iio/accel/adis16204.o
  LD [M]  drivers/staging/iio/accel/adis16209.o
  LD [M]  drivers/staging/iio/accel/adis16220.o
  LD [M]  drivers/staging/iio/accel/adis16240.o
  LD [M]  drivers/staging/iio/accel/lis3l02dq.o
  LD [M]  drivers/staging/iio/accel/sca3000.o
  CC [M]  drivers/staging/iio/adc/ad7606_core.o
  CC [M]  drivers/staging/iio/adc/ad7606_ring.o
  LD [M]  drivers/staging/iio/adc/ad7606.o
  CC [M]  drivers/staging/iio/adc/ad7291.o
  CC [M]  drivers/staging/iio/adc/ad7780.o
  CC [M]  drivers/staging/iio/adc/ad7816.o
  CC [M]  drivers/staging/iio/adc/ad7192.o
  CC [M]  drivers/staging/iio/adc/ad7280a.o
  CC [M]  drivers/staging/iio/addac/adt7316.o
  CC [M]  drivers/staging/iio/addac/adt7316-spi.o
  CC [M]  drivers/staging/iio/addac/adt7316-i2c.o
  CC [M]  drivers/staging/iio/cdc/ad7150.o
  CC [M]  drivers/staging/iio/cdc/ad7152.o
  CC [M]  drivers/staging/iio/cdc/ad7746.o
  CC [M]  drivers/staging/iio/frequency/ad5930.o
  CC [M]  drivers/staging/iio/frequency/ad9832.o
  CC [M]  drivers/staging/iio/frequency/ad9834.o
  CC [M]  drivers/staging/iio/frequency/ad9850.o
  CC [M]  drivers/staging/iio/frequency/ad9852.o
  CC [M]  drivers/staging/iio/frequency/ad9910.o
  CC [M]  drivers/staging/iio/frequency/ad9951.o
  CC [M]  drivers/staging/iio/gyro/adis16060_core.o
  LD [M]  drivers/staging/iio/gyro/adis16060.o
  CC [M]  drivers/staging/iio/impedance-analyzer/ad5933.o
  CC [M]  drivers/staging/iio/light/isl29018.o
  CC [M]  drivers/staging/iio/light/isl29028.o
  CC [M]  drivers/staging/iio/light/tsl2583.o
  CC [M]  drivers/staging/iio/light/tsl2x7x_core.o
  CC [M]  drivers/staging/iio/magnetometer/hmc5843.o
  CC [M]  drivers/staging/iio/meter/ade7753.o
  CC [M]  drivers/staging/iio/meter/ade7754.o
  CC [M]  drivers/staging/iio/meter/ade7758_core.o
  CC [M]  drivers/staging/iio/meter/ade7758_ring.o
  CC [M]  drivers/staging/iio/meter/ade7758_trigger.o
  LD [M]  drivers/staging/iio/meter/ade7758.o
  CC [M]  drivers/staging/iio/meter/ade7759.o
  CC [M]  drivers/staging/iio/meter/ade7854.o
  CC [M]  drivers/staging/iio/meter/ade7854-i2c.o
  CC [M]  drivers/staging/iio/meter/ade7854-spi.o
  CC [M]  drivers/staging/iio/resolver/ad2s90.o
  CC [M]  drivers/staging/iio/resolver/ad2s1200.o
  CC [M]  drivers/staging/iio/resolver/ad2s1210.o
  CC [M]  drivers/staging/iio/trigger/iio-trig-periodic-rtc.o
  CC [M]  drivers/staging/keucr/usb.o
  CC [M]  drivers/staging/keucr/scsiglue.o
  CC [M]  drivers/staging/keucr/transport.o
  CC [M]  drivers/staging/keucr/init.o
  CC [M]  drivers/staging/keucr/smscsi.o
  CC [M]  drivers/staging/keucr/smilmain.o
  CC [M]  drivers/staging/keucr/smilsub.o
  CC [M]  drivers/staging/keucr/smilecc.o
  LD [M]  drivers/staging/keucr/keucr.o
  CC [M]  drivers/staging/line6/audio.o
  CC [M]  drivers/staging/line6/capture.o
  CC [M]  drivers/staging/line6/driver.o
  CC [M]  drivers/staging/line6/midi.o
  CC [M]  drivers/staging/line6/midibuf.o
  CC [M]  drivers/staging/line6/pcm.o
  CC [M]  drivers/staging/line6/playback.o
  CC [M]  drivers/staging/line6/pod.o
  CC [M]  drivers/staging/line6/toneport.o
  CC [M]  drivers/staging/line6/variax.o
  CC [M]  drivers/staging/line6/podhd.o
  LD [M]  drivers/staging/line6/line6usb.o
  CC [M]  drivers/staging/lustre/lnet/klnds/o2iblnd/o2iblnd.o
  CC [M]  drivers/staging/lustre/lnet/klnds/o2iblnd/o2iblnd_cb.o
  CC [M]  drivers/staging/lustre/lnet/klnds/o2iblnd/o2iblnd_modparams.o
  LD [M]  drivers/staging/lustre/lnet/klnds/o2iblnd/ko2iblnd.o
  CC [M]  drivers/staging/lustre/lnet/klnds/socklnd/socklnd.o
  CC [M]  drivers/staging/lustre/lnet/klnds/socklnd/socklnd_cb.o
  CC [M]  drivers/staging/lustre/lnet/klnds/socklnd/socklnd_proto.o
  CC [M]  drivers/staging/lustre/lnet/klnds/socklnd/socklnd_modparams.o
  CC [M]  drivers/staging/lustre/lnet/klnds/socklnd/socklnd_lib-linux.o
  LD [M]  drivers/staging/lustre/lnet/klnds/socklnd/ksocklnd.o
  CC [M]  drivers/staging/lustre/lnet/lnet/api-ni.o
  CC [M]  drivers/staging/lustre/lnet/lnet/config.o
  CC [M]  drivers/staging/lustre/lnet/lnet/lib-me.o
  CC [M]  drivers/staging/lustre/lnet/lnet/lib-msg.o
  CC [M]  drivers/staging/lustre/lnet/lnet/lib-eq.o
  CC [M]  drivers/staging/lustre/lnet/lnet/lib-md.o
  CC [M]  drivers/staging/lustre/lnet/lnet/lib-ptl.o
  CC [M]  drivers/staging/lustre/lnet/lnet/lib-move.o
  CC [M]  drivers/staging/lustre/lnet/lnet/module.o
  CC [M]  drivers/staging/lustre/lnet/lnet/lo.o
  CC [M]  drivers/staging/lustre/lnet/lnet/router.o
  CC [M]  drivers/staging/lustre/lnet/lnet/router_proc.o
  CC [M]  drivers/staging/lustre/lnet/lnet/acceptor.o
  CC [M]  drivers/staging/lustre/lnet/lnet/peer.o
  LD [M]  drivers/staging/lustre/lnet/lnet/lnet.o
  CC [M]  drivers/staging/lustre/lnet/selftest/console.o
  CC [M]  drivers/staging/lustre/lnet/selftest/conrpc.o
  CC [M]  drivers/staging/lustre/lnet/selftest/conctl.o
  CC [M]  drivers/staging/lustre/lnet/selftest/framework.o
  CC [M]  drivers/staging/lustre/lnet/selftest/timer.o
  CC [M]  drivers/staging/lustre/lnet/selftest/rpc.o
  CC [M]  drivers/staging/lustre/lnet/selftest/module.o
  CC [M]  drivers/staging/lustre/lnet/selftest/ping_test.o
  CC [M]  drivers/staging/lustre/lnet/selftest/brw_test.o
  LD [M]  drivers/staging/lustre/lnet/selftest/lnet_selftest.o
  CC [M]  drivers/staging/lustre/lustre/fid/fid_request.o
  CC [M]  drivers/staging/lustre/lustre/fid/fid_lib.o
  CC [M]  drivers/staging/lustre/lustre/fid/lproc_fid.o
  LD [M]  drivers/staging/lustre/lustre/fid/fid.o
  CC [M]  drivers/staging/lustre/lustre/fld/fld_request.o
  CC [M]  drivers/staging/lustre/lustre/fld/fld_cache.o
  CC [M]  drivers/staging/lustre/lustre/fld/lproc_fld.o
  LD [M]  drivers/staging/lustre/lustre/fld/fld.o
  CC [M]  drivers/staging/lustre/lustre/libcfs/linux/linux-tracefile.o
  CC [M]  drivers/staging/lustre/lustre/libcfs/linux/linux-debug.o
  CC [M]  drivers/staging/lustre/lustre/libcfs/linux/linux-prim.o
  CC [M]  drivers/staging/lustre/lustre/libcfs/linux/linux-cpu.o
  CC [M]  drivers/staging/lustre/lustre/libcfs/linux/linux-tcpip.o
  CC [M]  drivers/staging/lustre/lustre/libcfs/linux/linux-proc.o
  CC [M]  drivers/staging/lustre/lustre/libcfs/linux/linux-curproc.o
  CC [M]  drivers/staging/lustre/lustre/libcfs/linux/linux-module.o
  CC [M]  drivers/staging/lustre/lustre/libcfs/linux/linux-crypto.o
  CC [M]  drivers/staging/lustre/lustre/libcfs/linux/linux-crypto-adler.o
  CC [M]  drivers/staging/lustre/lustre/libcfs/debug.o
  CC [M]  drivers/staging/lustre/lustre/libcfs/fail.o
  CC [M]  drivers/staging/lustre/lustre/libcfs/nidstrings.o
  CC [M]  drivers/staging/lustre/lustre/libcfs/module.o
  CC [M]  drivers/staging/lustre/lustre/libcfs/tracefile.o
  CC [M]  drivers/staging/lustre/lustre/libcfs/libcfs_string.o
  CC [M]  drivers/staging/lustre/lustre/libcfs/hash.o
  CC [M]  drivers/staging/lustre/lustre/libcfs/kernel_user_comm.o
  CC [M]  drivers/staging/lustre/lustre/libcfs/prng.o
  CC [M]  drivers/staging/lustre/lustre/libcfs/workitem.o
  CC [M]  drivers/staging/lustre/lustre/libcfs/upcall_cache.o
  CC [M]  drivers/staging/lustre/lustre/libcfs/libcfs_cpu.o
  CC [M]  drivers/staging/lustre/lustre/libcfs/libcfs_mem.o
  CC [M]  drivers/staging/lustre/lustre/libcfs/libcfs_lock.o
  LD [M]  drivers/staging/lustre/lustre/libcfs/libcfs.o
  CC [M]  drivers/staging/lustre/lustre/llite/lloop.o
  CC [M]  drivers/staging/lustre/lustre/llite/dcache.o
  CC [M]  drivers/staging/lustre/lustre/llite/dir.o
  CC [M]  drivers/staging/lustre/lustre/llite/file.o
  CC [M]  drivers/staging/lustre/lustre/llite/llite_close.o
  CC [M]  drivers/staging/lustre/lustre/llite/llite_lib.o
  CC [M]  drivers/staging/lustre/lustre/llite/llite_nfs.o
  CC [M]  drivers/staging/lustre/lustre/llite/rw.o
  CC [M]  drivers/staging/lustre/lustre/llite/namei.o
  CC [M]  drivers/staging/lustre/lustre/llite/symlink.o
  CC [M]  drivers/staging/lustre/lustre/llite/llite_mmap.o
  CC [M]  drivers/staging/lustre/lustre/llite/xattr.o
  CC [M]  drivers/staging/lustre/lustre/llite/xattr_cache.o
  CC [M]  drivers/staging/lustre/lustre/llite/remote_perm.o
  CC [M]  drivers/staging/lustre/lustre/llite/llite_rmtacl.o
  CC [M]  drivers/staging/lustre/lustre/llite/llite_capa.o
  CC [M]  drivers/staging/lustre/lustre/llite/rw26.o
  CC [M]  drivers/staging/lustre/lustre/llite/super25.o
  CC [M]  drivers/staging/lustre/lustre/llite/statahead.o
  CC [M]  drivers/staging/lustre/lustre/llite/../lclient/glimpse.o
  CC [M]  drivers/staging/lustre/lustre/llite/../lclient/lcommon_cl.o
  CC [M]  drivers/staging/lustre/lustre/llite/../lclient/lcommon_misc.o
  CC [M]  drivers/staging/lustre/lustre/llite/vvp_dev.o
  CC [M]  drivers/staging/lustre/lustre/llite/vvp_page.o
  CC [M]  drivers/staging/lustre/lustre/llite/vvp_lock.o
  CC [M]  drivers/staging/lustre/lustre/llite/vvp_io.o
  CC [M]  drivers/staging/lustre/lustre/llite/vvp_object.o
  CC [M]  drivers/staging/lustre/lustre/llite/lproc_llite.o
  LD [M]  drivers/staging/lustre/lustre/llite/lustre.o
  LD [M]  drivers/staging/lustre/lustre/llite/llite_lloop.o
  CC [M]  drivers/staging/lustre/lustre/lmv/lmv_obd.o
  CC [M]  drivers/staging/lustre/lustre/lmv/lmv_intent.o
  CC [M]  drivers/staging/lustre/lustre/lmv/lmv_fld.o
  CC [M]  drivers/staging/lustre/lustre/lmv/lproc_lmv.o
  LD [M]  drivers/staging/lustre/lustre/lmv/lmv.o
  CC [M]  drivers/staging/lustre/lustre/lov/lov_obd.o
  CC [M]  drivers/staging/lustre/lustre/lov/lov_pack.o
  CC [M]  drivers/staging/lustre/lustre/lov/lov_offset.o
  CC [M]  drivers/staging/lustre/lustre/lov/lov_merge.o
  CC [M]  drivers/staging/lustre/lustre/lov/lov_request.o
  CC [M]  drivers/staging/lustre/lustre/lov/lov_ea.o
  CC [M]  drivers/staging/lustre/lustre/lov/lov_dev.o
  CC [M]  drivers/staging/lustre/lustre/lov/lov_object.o
  CC [M]  drivers/staging/lustre/lustre/lov/lov_page.o
  CC [M]  drivers/staging/lustre/lustre/lov/lov_lock.o
  CC [M]  drivers/staging/lustre/lustre/lov/lov_io.o
  CC [M]  drivers/staging/lustre/lustre/lov/lovsub_dev.o
  CC [M]  drivers/staging/lustre/lustre/lov/lovsub_object.o
  CC [M]  drivers/staging/lustre/lustre/lov/lovsub_page.o
  CC [M]  drivers/staging/lustre/lustre/lov/lovsub_lock.o
  CC [M]  drivers/staging/lustre/lustre/lov/lovsub_io.o
  CC [M]  drivers/staging/lustre/lustre/lov/lov_pool.o
  CC [M]  drivers/staging/lustre/lustre/lov/lproc_lov.o
  LD [M]  drivers/staging/lustre/lustre/lov/lov.o
  CC [M]  drivers/staging/lustre/lustre/lvfs/lvfs_linux.o
  CC [M]  drivers/staging/lustre/lustre/lvfs/fsfilt.o
  CC [M]  drivers/staging/lustre/lustre/lvfs/lvfs_lib.o
  LD [M]  drivers/staging/lustre/lustre/lvfs/lvfs.o
  CC [M]  drivers/staging/lustre/lustre/mdc/mdc_request.o
  CC [M]  drivers/staging/lustre/lustre/mdc/mdc_reint.o
  CC [M]  drivers/staging/lustre/lustre/mdc/mdc_lib.o
  CC [M]  drivers/staging/lustre/lustre/mdc/mdc_locks.o
  CC [M]  drivers/staging/lustre/lustre/mdc/lproc_mdc.o
  LD [M]  drivers/staging/lustre/lustre/mdc/mdc.o
  CC [M]  drivers/staging/lustre/lustre/mgc/mgc_request.o
  CC [M]  drivers/staging/lustre/lustre/mgc/lproc_mgc.o
  LD [M]  drivers/staging/lustre/lustre/mgc/mgc.o
  CC [M]  drivers/staging/lustre/lustre/obdclass/linux/linux-module.o
  CC [M]  drivers/staging/lustre/lustre/obdclass/linux/linux-obdo.o
  CC [M]  drivers/staging/lustre/lustre/obdclass/linux/linux-sysctl.o
  CC [M]  drivers/staging/lustre/lustre/obdclass/llog.o
  CC [M]  drivers/staging/lustre/lustre/obdclass/llog_cat.o
  CC [M]  drivers/staging/lustre/lustre/obdclass/llog_obd.o
  CC [M]  drivers/staging/lustre/lustre/obdclass/llog_swab.o
  CC [M]  drivers/staging/lustre/lustre/obdclass/class_obd.o
  CC [M]  drivers/staging/lustre/lustre/obdclass/debug.o
  CC [M]  drivers/staging/lustre/lustre/obdclass/genops.o
  CC [M]  drivers/staging/lustre/lustre/obdclass/uuid.o
  CC [M]  drivers/staging/lustre/lustre/obdclass/llog_ioctl.o
  CC [M]  drivers/staging/lustre/lustre/obdclass/lprocfs_status.o
  CC [M]  drivers/staging/lustre/lustre/obdclass/lustre_handles.o
  CC [M]  drivers/staging/lustre/lustre/obdclass/lustre_peer.o
  CC [M]  drivers/staging/lustre/lustre/obdclass/llog_osd.o
  CC [M]  drivers/staging/lustre/lustre/obdclass/local_storage.o
  CC [M]  drivers/staging/lustre/lustre/obdclass/statfs_pack.o
  CC [M]  drivers/staging/lustre/lustre/obdclass/obdo.o
  CC [M]  drivers/staging/lustre/lustre/obdclass/obd_config.o
  CC [M]  drivers/staging/lustre/lustre/obdclass/obd_mount.o
  CC [M]  drivers/staging/lustre/lustre/obdclass/mea.o
  CC [M]  drivers/staging/lustre/lustre/obdclass/lu_object.o
  CC [M]  drivers/staging/lustre/lustre/obdclass/dt_object.o
  CC [M]  drivers/staging/lustre/lustre/obdclass/capa.o
  CC [M]  drivers/staging/lustre/lustre/obdclass/cl_object.o
  CC [M]  drivers/staging/lustre/lustre/obdclass/cl_page.o
  CC [M]  drivers/staging/lustre/lustre/obdclass/cl_lock.o
  CC [M]  drivers/staging/lustre/lustre/obdclass/cl_io.o
  CC [M]  drivers/staging/lustre/lustre/obdclass/lu_ref.o
  CC [M]  drivers/staging/lustre/lustre/obdclass/acl.o
  CC [M]  drivers/staging/lustre/lustre/obdclass/idmap.o
  CC [M]  drivers/staging/lustre/lustre/obdclass/lu_ucred.o
  LD [M]  drivers/staging/lustre/lustre/obdclass/obdclass.o
  CC [M]  drivers/staging/lustre/lustre/obdclass/llog_test.o
  CC [M]  drivers/staging/lustre/lustre/obdecho/echo_client.o
  CC [M]  drivers/staging/lustre/lustre/obdecho/lproc_echo.o
  LD [M]  drivers/staging/lustre/lustre/obdecho/obdecho.o
  CC [M]  drivers/staging/lustre/lustre/osc/osc_request.o
  CC [M]  drivers/staging/lustre/lustre/osc/osc_dev.o
  CC [M]  drivers/staging/lustre/lustre/osc/osc_object.o
  CC [M]  drivers/staging/lustre/lustre/osc/osc_page.o
  CC [M]  drivers/staging/lustre/lustre/osc/osc_lock.o
  CC [M]  drivers/staging/lustre/lustre/osc/osc_io.o
  CC [M]  drivers/staging/lustre/lustre/osc/osc_quota.o
  CC [M]  drivers/staging/lustre/lustre/osc/osc_cache.o
  CC [M]  drivers/staging/lustre/lustre/osc/lproc_osc.o
  LD [M]  drivers/staging/lustre/lustre/osc/osc.o
  CC [M]  drivers/staging/lustre/lustre/ptlrpc/../../lustre/ldlm/l_lock.o
  CC [M]  drivers/staging/lustre/lustre/ptlrpc/../../lustre/ldlm/ldlm_lock.o
  CC [M]  drivers/staging/lustre/lustre/ptlrpc/../../lustre/ldlm/ldlm_resource.o
  CC [M]  drivers/staging/lustre/lustre/ptlrpc/../../lustre/ldlm/ldlm_lib.o
  CC [M]  drivers/staging/lustre/lustre/ptlrpc/../../lustre/ldlm/ldlm_plain.o
  CC [M]  drivers/staging/lustre/lustre/ptlrpc/../../lustre/ldlm/ldlm_extent.o
  CC [M]  drivers/staging/lustre/lustre/ptlrpc/../../lustre/ldlm/ldlm_request.o
  CC [M]  drivers/staging/lustre/lustre/ptlrpc/../../lustre/ldlm/ldlm_lockd.o
  CC [M]  drivers/staging/lustre/lustre/ptlrpc/../../lustre/ldlm/ldlm_flock.o
  CC [M]  drivers/staging/lustre/lustre/ptlrpc/../../lustre/ldlm/ldlm_inodebits.o
  CC [M]  drivers/staging/lustre/lustre/ptlrpc/../../lustre/ldlm/ldlm_pool.o
  CC [M]  drivers/staging/lustre/lustre/ptlrpc/../../lustre/ldlm/interval_tree.o
  CC [M]  drivers/staging/lustre/lustre/ptlrpc/client.o
  CC [M]  drivers/staging/lustre/lustre/ptlrpc/recover.o
  CC [M]  drivers/staging/lustre/lustre/ptlrpc/connection.o
  CC [M]  drivers/staging/lustre/lustre/ptlrpc/niobuf.o
  CC [M]  drivers/staging/lustre/lustre/ptlrpc/pack_generic.o
  CC [M]  drivers/staging/lustre/lustre/ptlrpc/events.o
  CC [M]  drivers/staging/lustre/lustre/ptlrpc/ptlrpc_module.o
  CC [M]  drivers/staging/lustre/lustre/ptlrpc/service.o
  CC [M]  drivers/staging/lustre/lustre/ptlrpc/pinger.o
  CC [M]  drivers/staging/lustre/lustre/ptlrpc/llog_net.o
  CC [M]  drivers/staging/lustre/lustre/ptlrpc/llog_client.o
  CC [M]  drivers/staging/lustre/lustre/ptlrpc/import.o
  CC [M]  drivers/staging/lustre/lustre/ptlrpc/ptlrpcd.o
  CC [M]  drivers/staging/lustre/lustre/ptlrpc/pers.o
  CC [M]  drivers/staging/lustre/lustre/ptlrpc/lproc_ptlrpc.o
  CC [M]  drivers/staging/lustre/lustre/ptlrpc/wiretest.o
  CC [M]  drivers/staging/lustre/lustre/ptlrpc/layout.o
  CC [M]  drivers/staging/lustre/lustre/ptlrpc/sec.o
  CC [M]  drivers/staging/lustre/lustre/ptlrpc/sec_bulk.o
  CC [M]  drivers/staging/lustre/lustre/ptlrpc/sec_gc.o
  CC [M]  drivers/staging/lustre/lustre/ptlrpc/sec_config.o
  CC [M]  drivers/staging/lustre/lustre/ptlrpc/sec_null.o
  CC [M]  drivers/staging/lustre/lustre/ptlrpc/sec_plain.o
  CC [M]  drivers/staging/lustre/lustre/ptlrpc/nrs.o
  CC [M]  drivers/staging/lustre/lustre/ptlrpc/nrs_fifo.o
  CC [M]  drivers/staging/lustre/lustre/ptlrpc/sec_lproc.o
  LD [M]  drivers/staging/lustre/lustre/ptlrpc/ptlrpc.o
  CC [M]  drivers/staging/media/as102/as102_drv.o
  CC [M]  drivers/staging/media/as102/as102_fw.o
  CC [M]  drivers/staging/media/as102/as10x_cmd.o
  CC [M]  drivers/staging/media/as102/as10x_cmd_stream.o
  CC [M]  drivers/staging/media/as102/as102_fe.o
  CC [M]  drivers/staging/media/as102/as102_usb_drv.o
  CC [M]  drivers/staging/media/as102/as10x_cmd_cfg.o
  LD [M]  drivers/staging/media/as102/dvb-as102.o
  CC [M]  drivers/staging/media/bcm2048/radio-bcm2048.o
  CC [M]  drivers/staging/media/cxd2099/cxd2099.o
  CC [M]  drivers/staging/media/dt3155v4l/dt3155v4l.o
  CC [M]  drivers/staging/media/go7007/go7007-v4l2.o
  CC [M]  drivers/staging/media/go7007/go7007-driver.o
  CC [M]  drivers/staging/media/go7007/go7007-i2c.o
  CC [M]  drivers/staging/media/go7007/go7007-fw.o
  CC [M]  drivers/staging/media/go7007/snd-go7007.o
  CC [M]  drivers/staging/media/go7007/s2250-board.o
  LD [M]  drivers/staging/media/go7007/go7007.o
  CC [M]  drivers/staging/media/go7007/go7007-usb.o
  CC [M]  drivers/staging/media/go7007/go7007-loader.o
  LD [M]  drivers/staging/media/go7007/s2250.o
  CC [M]  drivers/staging/media/lirc/lirc_bt829.o
  CC [M]  drivers/staging/media/lirc/lirc_igorplugusb.o
  CC [M]  drivers/staging/media/lirc/lirc_imon.o
  CC [M]  drivers/staging/media/lirc/lirc_parallel.o
  CC [M]  drivers/staging/media/lirc/lirc_sasem.o
  CC [M]  drivers/staging/media/lirc/lirc_serial.o
  CC [M]  drivers/staging/media/lirc/lirc_sir.o
  CC [M]  drivers/staging/media/lirc/lirc_zilog.o
  CC [M]  drivers/staging/media/msi3101/sdr-msi3101.o
  CC [M]  drivers/staging/media/msi3101/msi001.o
  CC [M]  drivers/staging/media/rtl2832u_sdr/rtl2832_sdr.o
  CC [M]  drivers/staging/media/solo6x10/solo6x10-core.o
  CC [M]  drivers/staging/media/solo6x10/solo6x10-i2c.o
  CC [M]  drivers/staging/media/solo6x10/solo6x10-p2m.o
  CC [M]  drivers/staging/media/solo6x10/solo6x10-v4l2.o
  CC [M]  drivers/staging/media/solo6x10/solo6x10-tw28.o
  CC [M]  drivers/staging/media/solo6x10/solo6x10-gpio.o
  CC [M]  drivers/staging/media/solo6x10/solo6x10-disp.o
  CC [M]  drivers/staging/media/solo6x10/solo6x10-enc.o
  CC [M]  drivers/staging/media/solo6x10/solo6x10-v4l2-enc.o
  CC [M]  drivers/staging/media/solo6x10/solo6x10-g723.o
  CC [M]  drivers/staging/media/solo6x10/solo6x10-eeprom.o
  LD [M]  drivers/staging/media/solo6x10/solo6x10.o
  CC [M]  drivers/staging/mt29f_spinand/mt29f_spinand.o
  CC [M]  drivers/staging/ozwpan/ozmain.o
  CC [M]  drivers/staging/ozwpan/ozpd.o
  CC [M]  drivers/staging/ozwpan/ozusbsvc.o
  CC [M]  drivers/staging/ozwpan/ozusbsvc1.o
  CC [M]  drivers/staging/ozwpan/ozhcd.o
  CC [M]  drivers/staging/ozwpan/ozeltbuf.o
  CC [M]  drivers/staging/ozwpan/ozproto.o
  CC [M]  drivers/staging/ozwpan/ozcdev.o
  CC [M]  drivers/staging/ozwpan/ozurbparanoia.o
  LD [M]  drivers/staging/ozwpan/ozwpan.o
  CC [M]  drivers/staging/panel/panel.o
  CC [M]  drivers/staging/phison/phison.o
  CC [M]  drivers/staging/quickstart/quickstart.o
  CC [M]  drivers/staging/rtl8188eu/core/rtw_ap.o
  CC [M]  drivers/staging/rtl8188eu/core/rtw_br_ext.o
  CC [M]  drivers/staging/rtl8188eu/core/rtw_cmd.o
  CC [M]  drivers/staging/rtl8188eu/core/rtw_debug.o
  CC [M]  drivers/staging/rtl8188eu/core/rtw_efuse.o
  CC [M]  drivers/staging/rtl8188eu/core/rtw_ieee80211.o
  CC [M]  drivers/staging/rtl8188eu/core/rtw_io.o
  CC [M]  drivers/staging/rtl8188eu/core/rtw_ioctl_set.o
  CC [M]  drivers/staging/rtl8188eu/core/rtw_iol.o
  CC [M]  drivers/staging/rtl8188eu/core/rtw_led.o
  CC [M]  drivers/staging/rtl8188eu/core/rtw_mlme.o
  CC [M]  drivers/staging/rtl8188eu/core/rtw_mlme_ext.o
  CC [M]  drivers/staging/rtl8188eu/core/rtw_mp.o
  CC [M]  drivers/staging/rtl8188eu/core/rtw_mp_ioctl.o
  CC [M]  drivers/staging/rtl8188eu/core/rtw_pwrctrl.o
  CC [M]  drivers/staging/rtl8188eu/core/rtw_p2p.o
  CC [M]  drivers/staging/rtl8188eu/core/rtw_recv.o
  CC [M]  drivers/staging/rtl8188eu/core/rtw_rf.o
  CC [M]  drivers/staging/rtl8188eu/core/rtw_security.o
  CC [M]  drivers/staging/rtl8188eu/core/rtw_sreset.o
  CC [M]  drivers/staging/rtl8188eu/core/rtw_sta_mgt.o
  CC [M]  drivers/staging/rtl8188eu/core/rtw_wlan_util.o
  CC [M]  drivers/staging/rtl8188eu/core/rtw_xmit.o
  CC [M]  drivers/staging/rtl8188eu/hal/HalHWImg8188E_MAC.o
  CC [M]  drivers/staging/rtl8188eu/hal/HalHWImg8188E_BB.o
  CC [M]  drivers/staging/rtl8188eu/hal/HalHWImg8188E_RF.o
  CC [M]  drivers/staging/rtl8188eu/hal/HalPhyRf.o
  CC [M]  drivers/staging/rtl8188eu/hal/HalPhyRf_8188e.o
  CC [M]  drivers/staging/rtl8188eu/hal/HalPwrSeqCmd.o
  CC [M]  drivers/staging/rtl8188eu/hal/Hal8188EPwrSeq.o
  CC [M]  drivers/staging/rtl8188eu/hal/Hal8188ERateAdaptive.o
  CC [M]  drivers/staging/rtl8188eu/hal/hal_intf.o
  CC [M]  drivers/staging/rtl8188eu/hal/hal_com.o
  CC [M]  drivers/staging/rtl8188eu/hal/odm.o
  CC [M]  drivers/staging/rtl8188eu/hal/odm_debug.o
  CC [M]  drivers/staging/rtl8188eu/hal/odm_HWConfig.o
  CC [M]  drivers/staging/rtl8188eu/hal/odm_RegConfig8188E.o
  CC [M]  drivers/staging/rtl8188eu/hal/odm_RTL8188E.o
  CC [M]  drivers/staging/rtl8188eu/hal/rtl8188e_cmd.o
  CC [M]  drivers/staging/rtl8188eu/hal/rtl8188e_dm.o
  CC [M]  drivers/staging/rtl8188eu/hal/rtl8188e_hal_init.o
  CC [M]  drivers/staging/rtl8188eu/hal/rtl8188e_mp.o
  CC [M]  drivers/staging/rtl8188eu/hal/rtl8188e_phycfg.o
  CC [M]  drivers/staging/rtl8188eu/hal/rtl8188e_rf6052.o
  CC [M]  drivers/staging/rtl8188eu/hal/rtl8188e_rxdesc.o
  CC [M]  drivers/staging/rtl8188eu/hal/rtl8188e_sreset.o
  CC [M]  drivers/staging/rtl8188eu/hal/rtl8188e_xmit.o
  CC [M]  drivers/staging/rtl8188eu/hal/rtl8188eu_led.o
  CC [M]  drivers/staging/rtl8188eu/hal/rtl8188eu_recv.o
  CC [M]  drivers/staging/rtl8188eu/hal/rtl8188eu_xmit.o
  CC [M]  drivers/staging/rtl8188eu/hal/usb_halinit.o
  CC [M]  drivers/staging/rtl8188eu/hal/usb_ops_linux.o
  CC [M]  drivers/staging/rtl8188eu/os_dep/ioctl_linux.o
  CC [M]  drivers/staging/rtl8188eu/os_dep/mlme_linux.o
  CC [M]  drivers/staging/rtl8188eu/os_dep/os_intfs.o
  CC [M]  drivers/staging/rtl8188eu/os_dep/osdep_service.o
  CC [M]  drivers/staging/rtl8188eu/os_dep/recv_linux.o
  CC [M]  drivers/staging/rtl8188eu/os_dep/rtw_android.o
  CC [M]  drivers/staging/rtl8188eu/os_dep/usb_intf.o
  CC [M]  drivers/staging/rtl8188eu/os_dep/usb_ops_linux.o
  CC [M]  drivers/staging/rtl8188eu/os_dep/xmit_linux.o
  LD [M]  drivers/staging/rtl8188eu/r8188eu.o
  CC [M]  drivers/staging/rtl8192e/dot11d.o
  CC [M]  drivers/staging/rtl8192e/rtllib_module.o
  CC [M]  drivers/staging/rtl8192e/rtllib_rx.o
  CC [M]  drivers/staging/rtl8192e/rtllib_tx.o
  CC [M]  drivers/staging/rtl8192e/rtllib_wx.o
  CC [M]  drivers/staging/rtl8192e/rtllib_softmac.o
  CC [M]  drivers/staging/rtl8192e/rtllib_softmac_wx.o
  CC [M]  drivers/staging/rtl8192e/rtl819x_BAProc.o
  CC [M]  drivers/staging/rtl8192e/rtl819x_HTProc.o
  CC [M]  drivers/staging/rtl8192e/rtl819x_TSProc.o
  LD [M]  drivers/staging/rtl8192e/rtllib.o
  CC [M]  drivers/staging/rtl8192e/rtllib_crypt_ccmp.o
  CC [M]  drivers/staging/rtl8192e/rtllib_crypt_tkip.o
  CC [M]  drivers/staging/rtl8192e/rtllib_crypt_wep.o
  CC [M]  drivers/staging/rtl8192e/rtl8192e/r8192E_dev.o
  CC [M]  drivers/staging/rtl8192e/rtl8192e/r8192E_phy.o
  CC [M]  drivers/staging/rtl8192e/rtl8192e/r8192E_firmware.o
  CC [M]  drivers/staging/rtl8192e/rtl8192e/r8192E_cmdpkt.o
  CC [M]  drivers/staging/rtl8192e/rtl8192e/r8192E_hwimg.o
  CC [M]  drivers/staging/rtl8192e/rtl8192e/r8190P_rtl8256.o
  CC [M]  drivers/staging/rtl8192e/rtl8192e/rtl_cam.o
  CC [M]  drivers/staging/rtl8192e/rtl8192e/rtl_core.o
  CC [M]  drivers/staging/rtl8192e/rtl8192e/rtl_dm.o
  CC [M]  drivers/staging/rtl8192e/rtl8192e/rtl_eeprom.o
  CC [M]  drivers/staging/rtl8192e/rtl8192e/rtl_ethtool.o
  CC [M]  drivers/staging/rtl8192e/rtl8192e/rtl_pci.o
  CC [M]  drivers/staging/rtl8192e/rtl8192e/rtl_pm.o
  CC [M]  drivers/staging/rtl8192e/rtl8192e/rtl_ps.o
  CC [M]  drivers/staging/rtl8192e/rtl8192e/rtl_wx.o
  LD [M]  drivers/staging/rtl8192e/rtl8192e/r8192e_pci.o
  CC [M]  drivers/staging/rtl8192ee/base.o
  CC [M]  drivers/staging/rtl8192ee/cam.o
  CC [M]  drivers/staging/rtl8192ee/core.o
  CC [M]  drivers/staging/rtl8192ee/debug.o
  CC [M]  drivers/staging/rtl8192ee/efuse.o
  CC [M]  drivers/staging/rtl8192ee/pci.o
  CC [M]  drivers/staging/rtl8192ee/ps.o
  CC [M]  drivers/staging/rtl8192ee/rc.o
  CC [M]  drivers/staging/rtl8192ee/regd.o
  CC [M]  drivers/staging/rtl8192ee/stats.o
  CC [M]  drivers/staging/rtl8192ee/rtl8192ee/dm.o
  CC [M]  drivers/staging/rtl8192ee/rtl8192ee/fw.o
  CC [M]  drivers/staging/rtl8192ee/rtl8192ee/hw.o
  CC [M]  drivers/staging/rtl8192ee/rtl8192ee/led.o
  CC [M]  drivers/staging/rtl8192ee/rtl8192ee/phy.o
  CC [M]  drivers/staging/rtl8192ee/rtl8192ee/pwrseq.o
  CC [M]  drivers/staging/rtl8192ee/rtl8192ee/pwrseqcmd.o
  CC [M]  drivers/staging/rtl8192ee/rtl8192ee/rf.o
  CC [M]  drivers/staging/rtl8192ee/rtl8192ee/sw.o
  CC [M]  drivers/staging/rtl8192ee/rtl8192ee/table.o
  CC [M]  drivers/staging/rtl8192ee/rtl8192ee/trx.o
  CC [M]  drivers/staging/rtl8192ee/btcoexist/halbtc8192e2ant.o
  CC [M]  drivers/staging/rtl8192ee/btcoexist/halbtc8723b1ant.o
  CC [M]  drivers/staging/rtl8192ee/btcoexist/halbtc8723b2ant.o
  CC [M]  drivers/staging/rtl8192ee/btcoexist/halbtc8821a1ant.o
  CC [M]  drivers/staging/rtl8192ee/btcoexist/halbtc8821a2ant.o
  CC [M]  drivers/staging/rtl8192ee/btcoexist/halbtcoutsrc.o
  CC [M]  drivers/staging/rtl8192ee/btcoexist/rtl_btc.o
  LD [M]  drivers/staging/rtl8192ee/r8192ee.o
  CC [M]  drivers/staging/rtl8192u/r8192U_core.o
  CC [M]  drivers/staging/rtl8192u/r8180_93cx6.o
  CC [M]  drivers/staging/rtl8192u/r8192U_wx.o
  CC [M]  drivers/staging/rtl8192u/r8190_rtl8256.o
  CC [M]  drivers/staging/rtl8192u/r819xU_phy.o
  CC [M]  drivers/staging/rtl8192u/r819xU_firmware.o
  CC [M]  drivers/staging/rtl8192u/r819xU_cmdpkt.o
  CC [M]  drivers/staging/rtl8192u/r8192U_dm.o
  CC [M]  drivers/staging/rtl8192u/r819xU_firmware_img.o
  CC [M]  drivers/staging/rtl8192u/ieee80211/ieee80211_crypt.o
  CC [M]  drivers/staging/rtl8192u/ieee80211/ieee80211_crypt_tkip.o
  CC [M]  drivers/staging/rtl8192u/ieee80211/ieee80211_crypt_ccmp.o
  CC [M]  drivers/staging/rtl8192u/ieee80211/ieee80211_crypt_wep.o
  CC [M]  drivers/staging/rtl8192u/ieee80211/ieee80211_rx.o
drivers/staging/rtl8192u/ieee80211/ieee80211_rx.c: In function ‘RxReorderIndicatePacket’:
drivers/staging/rtl8192u/ieee80211/ieee80211_rx.c:768:1: warning: the frame size of 1064 bytes is larger than 1024 bytes [-Wframe-larger-than=]
 }
 ^
  CC [M]  drivers/staging/rtl8192u/ieee80211/ieee80211_softmac.o
  CC [M]  drivers/staging/rtl8192u/ieee80211/ieee80211_tx.o
  CC [M]  drivers/staging/rtl8192u/ieee80211/ieee80211_wx.o
  CC [M]  drivers/staging/rtl8192u/ieee80211/ieee80211_module.o
  CC [M]  drivers/staging/rtl8192u/ieee80211/ieee80211_softmac_wx.o
  CC [M]  drivers/staging/rtl8192u/ieee80211/rtl819x_HTProc.o
  CC [M]  drivers/staging/rtl8192u/ieee80211/rtl819x_TSProc.o
drivers/staging/rtl8192u/ieee80211/rtl819x_TSProc.c: In function ‘RxPktPendingTimeout’:
drivers/staging/rtl8192u/ieee80211/rtl819x_TSProc.c:94:1: warning: the frame size of 1048 bytes is larger than 1024 bytes [-Wframe-larger-than=]
 }
 ^
  CC [M]  drivers/staging/rtl8192u/ieee80211/rtl819x_BAProc.o
  CC [M]  drivers/staging/rtl8192u/ieee80211/dot11d.o
  LD [M]  drivers/staging/rtl8192u/r8192u_usb.o
  CC [M]  drivers/staging/rtl8712/rtl871x_cmd.o
  CC [M]  drivers/staging/rtl8712/rtl8712_cmd.o
  CC [M]  drivers/staging/rtl8712/rtl871x_security.o
  CC [M]  drivers/staging/rtl8712/rtl871x_eeprom.o
  CC [M]  drivers/staging/rtl8712/rtl8712_efuse.o
  CC [M]  drivers/staging/rtl8712/hal_init.o
  CC [M]  drivers/staging/rtl8712/usb_halinit.o
  CC [M]  drivers/staging/rtl8712/usb_ops.o
  CC [M]  drivers/staging/rtl8712/usb_ops_linux.o
  CC [M]  drivers/staging/rtl8712/rtl871x_io.o
  CC [M]  drivers/staging/rtl8712/rtl8712_io.o
  CC [M]  drivers/staging/rtl8712/rtl871x_ioctl_linux.o
  CC [M]  drivers/staging/rtl8712/rtl871x_ioctl_rtl.o
  CC [M]  drivers/staging/rtl8712/rtl871x_ioctl_set.o
  CC [M]  drivers/staging/rtl8712/rtl8712_led.o
  CC [M]  drivers/staging/rtl8712/rtl871x_mlme.o
  CC [M]  drivers/staging/rtl8712/ieee80211.o
  CC [M]  drivers/staging/rtl8712/rtl871x_mp_ioctl.o
  CC [M]  drivers/staging/rtl8712/rtl871x_mp.o
  CC [M]  drivers/staging/rtl8712/mlme_linux.o
  CC [M]  drivers/staging/rtl8712/recv_linux.o
  CC [M]  drivers/staging/rtl8712/xmit_linux.o
  CC [M]  drivers/staging/rtl8712/usb_intf.o
  CC [M]  drivers/staging/rtl8712/os_intfs.o
  CC [M]  drivers/staging/rtl8712/rtl871x_pwrctrl.o
  CC [M]  drivers/staging/rtl8712/rtl8712_recv.o
  CC [M]  drivers/staging/rtl8712/rtl871x_recv.o
  CC [M]  drivers/staging/rtl8712/rtl871x_sta_mgt.o
  CC [M]  drivers/staging/rtl8712/rtl871x_xmit.o
  CC [M]  drivers/staging/rtl8712/rtl8712_xmit.o
  LD [M]  drivers/staging/rtl8712/r8712u.o
  CC [M]  drivers/staging/rtl8723au/core/rtw_cmd.o
  CC [M]  drivers/staging/rtl8723au/core/rtw_efuse.o
  CC [M]  drivers/staging/rtl8723au/core/rtw_ioctl_set.o
  CC [M]  drivers/staging/rtl8723au/core/rtw_ieee80211.o
  CC [M]  drivers/staging/rtl8723au/core/rtw_led.o
  CC [M]  drivers/staging/rtl8723au/core/rtw_mlme.o
  CC [M]  drivers/staging/rtl8723au/core/rtw_mlme_ext.o
  CC [M]  drivers/staging/rtl8723au/core/rtw_pwrctrl.o
  CC [M]  drivers/staging/rtl8723au/core/rtw_recv.o
  CC [M]  drivers/staging/rtl8723au/core/rtw_security.o
  CC [M]  drivers/staging/rtl8723au/core/rtw_sreset.o
  CC [M]  drivers/staging/rtl8723au/core/rtw_sta_mgt.o
  CC [M]  drivers/staging/rtl8723au/core/rtw_xmit.o
  CC [M]  drivers/staging/rtl8723au/core/rtw_wlan_util.o
  CC [M]  drivers/staging/rtl8723au/hal/hal_com.o
  CC [M]  drivers/staging/rtl8723au/hal/hal_intf.o
  CC [M]  drivers/staging/rtl8723au/hal/Hal8723PwrSeq.o
  CC [M]  drivers/staging/rtl8723au/hal/Hal8723UHWImg_CE.o
  CC [M]  drivers/staging/rtl8723au/hal/HalDMOutSrc8723A_CE.o
  CC [M]  drivers/staging/rtl8723au/hal/HalHWImg8723A_BB.o
  CC [M]  drivers/staging/rtl8723au/hal/HalHWImg8723A_MAC.o
  CC [M]  drivers/staging/rtl8723au/hal/HalHWImg8723A_RF.o
  CC [M]  drivers/staging/rtl8723au/hal/HalPwrSeqCmd.o
  CC [M]  drivers/staging/rtl8723au/hal/odm_RegConfig8723A.o
  CC [M]  drivers/staging/rtl8723au/hal/odm_debug.o
  CC [M]  drivers/staging/rtl8723au/hal/odm_interface.o
  CC [M]  drivers/staging/rtl8723au/hal/odm_HWConfig.o
  CC [M]  drivers/staging/rtl8723au/hal/odm.o
  CC [M]  drivers/staging/rtl8723au/hal/rtl8723a_cmd.o
  CC [M]  drivers/staging/rtl8723au/hal/rtl8723a_dm.o
  CC [M]  drivers/staging/rtl8723au/hal/rtl8723a_hal_init.o
  CC [M]  drivers/staging/rtl8723au/hal/rtl8723a_phycfg.o
  CC [M]  drivers/staging/rtl8723au/hal/rtl8723a_rf6052.o
  CC [M]  drivers/staging/rtl8723au/hal/rtl8723a_rxdesc.o
  CC [M]  drivers/staging/rtl8723au/hal/rtl8723a_sreset.o
  CC [M]  drivers/staging/rtl8723au/hal/rtl8723a_xmit.o
  CC [M]  drivers/staging/rtl8723au/hal/rtl8723au_led.o
  CC [M]  drivers/staging/rtl8723au/hal/rtl8723au_recv.o
  CC [M]  drivers/staging/rtl8723au/hal/rtl8723au_xmit.o
  CC [M]  drivers/staging/rtl8723au/hal/usb_halinit.o
  CC [M]  drivers/staging/rtl8723au/hal/usb_ops_linux.o
  CC [M]  drivers/staging/rtl8723au/os_dep/ioctl_cfg80211.o
  CC [M]  drivers/staging/rtl8723au/os_dep/mlme_linux.o
  CC [M]  drivers/staging/rtl8723au/os_dep/os_intfs.o
  CC [M]  drivers/staging/rtl8723au/os_dep/recv_linux.o
  CC [M]  drivers/staging/rtl8723au/os_dep/usb_intf.o
  CC [M]  drivers/staging/rtl8723au/os_dep/usb_ops_linux.o
  CC [M]  drivers/staging/rtl8723au/os_dep/xmit_linux.o
  CC [M]  drivers/staging/rtl8723au/hal/rtl8723a_bt-coexist.o
  CC [M]  drivers/staging/rtl8723au/core/rtw_ap.o
  LD [M]  drivers/staging/rtl8723au/r8723au.o
  CC [M]  drivers/staging/rtl8821ae/btcoexist/halbtc8192e2ant.o
  CC [M]  drivers/staging/rtl8821ae/btcoexist/halbtc8723b1ant.o
  CC [M]  drivers/staging/rtl8821ae/btcoexist/halbtc8723b2ant.o
  CC [M]  drivers/staging/rtl8821ae/btcoexist/halbtcoutsrc.o
  CC [M]  drivers/staging/rtl8821ae/btcoexist/rtl_btc.o
  CC [M]  drivers/staging/rtl8821ae/base.o
  CC [M]  drivers/staging/rtl8821ae/rc.o
  CC [M]  drivers/staging/rtl8821ae/debug.o
  CC [M]  drivers/staging/rtl8821ae/regd.o
  CC [M]  drivers/staging/rtl8821ae/efuse.o
  CC [M]  drivers/staging/rtl8821ae/cam.o
  CC [M]  drivers/staging/rtl8821ae/ps.o
  CC [M]  drivers/staging/rtl8821ae/core.o
  CC [M]  drivers/staging/rtl8821ae/stats.o
  CC [M]  drivers/staging/rtl8821ae/pci.o
  CC [M]  drivers/staging/rtl8821ae/rtl8821ae/hw.o
  CC [M]  drivers/staging/rtl8821ae/rtl8821ae/table.o
  CC [M]  drivers/staging/rtl8821ae/rtl8821ae/sw.o
  CC [M]  drivers/staging/rtl8821ae/rtl8821ae/trx.o
  CC [M]  drivers/staging/rtl8821ae/rtl8821ae/led.o
  CC [M]  drivers/staging/rtl8821ae/rtl8821ae/fw.o
  CC [M]  drivers/staging/rtl8821ae/rtl8821ae/phy.o
  CC [M]  drivers/staging/rtl8821ae/rtl8821ae/rf.o
  CC [M]  drivers/staging/rtl8821ae/rtl8821ae/dm.o
  CC [M]  drivers/staging/rtl8821ae/rtl8821ae/pwrseq.o
  CC [M]  drivers/staging/rtl8821ae/rtl8821ae/pwrseqcmd.o
  CC [M]  drivers/staging/rtl8821ae/rtl8821ae/hal_btc.o
  CC [M]  drivers/staging/rtl8821ae/rtl8821ae/hal_bt_coexist.o
  LD [M]  drivers/staging/rtl8821ae/rtl8821ae.o
  CC [M]  drivers/staging/rts5208/rtsx.o
  CC [M]  drivers/staging/rts5208/rtsx_chip.o
  CC [M]  drivers/staging/rts5208/rtsx_transport.o
  CC [M]  drivers/staging/rts5208/rtsx_scsi.o
  CC [M]  drivers/staging/rts5208/rtsx_card.o
  CC [M]  drivers/staging/rts5208/general.o
  CC [M]  drivers/staging/rts5208/sd.o
  CC [M]  drivers/staging/rts5208/xd.o
  CC [M]  drivers/staging/rts5208/ms.o
  CC [M]  drivers/staging/rts5208/spi.o
  LD [M]  drivers/staging/rts5208/rts5208.o
  CC [M]  drivers/staging/sep/sep_crypto.o
  CC [M]  drivers/staging/sep/sep_main.o
  LD [M]  drivers/staging/sep/sep_driver.o
  CC [M]  drivers/staging/serqt_usb2/serqt_usb2.o
  CC [M]  drivers/staging/silicom/bpctl_mod.o
  CC [M]  drivers/staging/silicom/bypasslib/bypass.o
  CC [M]  drivers/staging/slicoss/slicoss.o
  CC [M]  drivers/staging/speakup/speakup_acntsa.o
  CC [M]  drivers/staging/speakup/speakup_apollo.o
  CC [M]  drivers/staging/speakup/speakup_audptr.o
  CC [M]  drivers/staging/speakup/speakup_bns.o
  CC [M]  drivers/staging/speakup/speakup_dectlk.o
  CC [M]  drivers/staging/speakup/speakup_decext.o
  CC [M]  drivers/staging/speakup/speakup_ltlk.o
  CC [M]  drivers/staging/speakup/speakup_soft.o
  CC [M]  drivers/staging/speakup/speakup_spkout.o
  CC [M]  drivers/staging/speakup/speakup_txprt.o
  CC [M]  drivers/staging/speakup/speakup_dummy.o
  CC [M]  drivers/staging/speakup/buffers.o
  CC [M]  drivers/staging/speakup/devsynth.o
  CC [M]  drivers/staging/speakup/i18n.o
  CC [M]  drivers/staging/speakup/fakekey.o
  CC [M]  drivers/staging/speakup/main.o
  CC [M]  drivers/staging/speakup/keyhelp.o
  CC [M]  drivers/staging/speakup/kobjects.o
  CC [M]  drivers/staging/speakup/selection.o
  CC [M]  drivers/staging/speakup/serialio.o
  CC [M]  drivers/staging/speakup/synth.o
  CC [M]  drivers/staging/speakup/thread.o
  CC [M]  drivers/staging/speakup/varhandlers.o
  LD [M]  drivers/staging/speakup/speakup.o
  CC [M]  drivers/staging/ste_rmi4/synaptics_i2c_rmi4.o
  CC [M]  drivers/staging/usbip/usbip_common.o
  CC [M]  drivers/staging/usbip/usbip_event.o
  CC [M]  drivers/staging/usbip/stub_dev.o
  CC [M]  drivers/staging/usbip/stub_main.o
  CC [M]  drivers/staging/usbip/stub_rx.o
  CC [M]  drivers/staging/usbip/stub_tx.o
  CC [M]  drivers/staging/usbip/vhci_sysfs.o
  CC [M]  drivers/staging/usbip/vhci_tx.o
  CC [M]  drivers/staging/usbip/vhci_rx.o
  CC [M]  drivers/staging/usbip/vhci_hcd.o
  LD [M]  drivers/staging/usbip/usbip-core.o
  LD [M]  drivers/staging/usbip/vhci-hcd.o
  LD [M]  drivers/staging/usbip/usbip-host.o
  CC [M]  drivers/staging/vme/devices/vme_user.o
  CC [M]  drivers/staging/vme/devices/vme_pio2_cntr.o
  CC [M]  drivers/staging/vme/devices/vme_pio2_gpio.o
  CC [M]  drivers/staging/vme/devices/vme_pio2_core.o
  LD [M]  drivers/staging/vme/devices/vme_pio2.o
  CC [M]  drivers/staging/vt6655/device_main.o
drivers/staging/vt6655/device_main.c: In function ‘device_ioctl’:
drivers/staging/vt6655/device_main.c:3107:1: warning: the frame size of 1864 bytes is larger than 1024 bytes [-Wframe-larger-than=]
 }
 ^
  CC [M]  drivers/staging/vt6655/card.o
  CC [M]  drivers/staging/vt6655/channel.o
  CC [M]  drivers/staging/vt6655/mac.o
  CC [M]  drivers/staging/vt6655/baseband.o
  CC [M]  drivers/staging/vt6655/wctl.o
  CC [M]  drivers/staging/vt6655/80211mgr.o
  CC [M]  drivers/staging/vt6655/wcmd.o
  CC [M]  drivers/staging/vt6655/wmgr.o
  CC [M]  drivers/staging/vt6655/bssdb.o
  CC [M]  drivers/staging/vt6655/rxtx.o
  CC [M]  drivers/staging/vt6655/dpc.o
  CC [M]  drivers/staging/vt6655/power.o
  CC [M]  drivers/staging/vt6655/datarate.o
  CC [M]  drivers/staging/vt6655/srom.o
  CC [M]  drivers/staging/vt6655/mib.o
  CC [M]  drivers/staging/vt6655/rc4.o
  CC [M]  drivers/staging/vt6655/tether.o
  CC [M]  drivers/staging/vt6655/tcrc.o
  CC [M]  drivers/staging/vt6655/ioctl.o
  CC [M]  drivers/staging/vt6655/hostap.o
  CC [M]  drivers/staging/vt6655/wpa.o
  CC [M]  drivers/staging/vt6655/key.o
  CC [M]  drivers/staging/vt6655/tkip.o
  CC [M]  drivers/staging/vt6655/michael.o
  CC [M]  drivers/staging/vt6655/wroute.o
  CC [M]  drivers/staging/vt6655/rf.o
  CC [M]  drivers/staging/vt6655/iwctl.o
  CC [M]  drivers/staging/vt6655/wpactl.o
  CC [M]  drivers/staging/vt6655/wpa2.o
  CC [M]  drivers/staging/vt6655/aes_ccmp.o
  CC [M]  drivers/staging/vt6655/vntwifi.o
  CC [M]  drivers/staging/vt6655/IEEE11h.o
  LD [M]  drivers/staging/vt6655/vt6655_stage.o
  CC [M]  drivers/staging/vt6656/main_usb.o
  CC [M]  drivers/staging/vt6656/card.o
  CC [M]  drivers/staging/vt6656/mac.o
  CC [M]  drivers/staging/vt6656/baseband.o
  CC [M]  drivers/staging/vt6656/wctl.o
  CC [M]  drivers/staging/vt6656/80211mgr.o
  CC [M]  drivers/staging/vt6656/wcmd.o
  CC [M]  drivers/staging/vt6656/wmgr.o
  CC [M]  drivers/staging/vt6656/bssdb.o
  CC [M]  drivers/staging/vt6656/wpa2.o
  CC [M]  drivers/staging/vt6656/rxtx.o
  CC [M]  drivers/staging/vt6656/dpc.o
  CC [M]  drivers/staging/vt6656/power.o
  CC [M]  drivers/staging/vt6656/datarate.o
  CC [M]  drivers/staging/vt6656/rc4.o
  CC [M]  drivers/staging/vt6656/tether.o
  CC [M]  drivers/staging/vt6656/wpa.o
  CC [M]  drivers/staging/vt6656/key.o
  CC [M]  drivers/staging/vt6656/tkip.o
  CC [M]  drivers/staging/vt6656/michael.o
  CC [M]  drivers/staging/vt6656/rf.o
  CC [M]  drivers/staging/vt6656/iwctl.o
  CC [M]  drivers/staging/vt6656/wpactl.o
  CC [M]  drivers/staging/vt6656/usbpipe.o
  CC [M]  drivers/staging/vt6656/channel.o
  CC [M]  drivers/staging/vt6656/firmware.o
  CC [M]  drivers/staging/vt6656/int.o
  LD [M]  drivers/staging/vt6656/vt6656_stage.o
  CC [M]  drivers/staging/winbond/mds.o
  CC [M]  drivers/staging/winbond/mto.o
  CC [M]  drivers/staging/winbond/phy_calibration.o
  CC [M]  drivers/staging/winbond/reg.o
  CC [M]  drivers/staging/winbond/wb35reg.o
  CC [M]  drivers/staging/winbond/wb35rx.o
  CC [M]  drivers/staging/winbond/wb35tx.o
  CC [M]  drivers/staging/winbond/wbusb.o
  LD [M]  drivers/staging/winbond/w35und.o
  CC [M]  drivers/staging/wlags49_h2/sta_h2.o
  CC [M]  drivers/staging/wlags49_h2/wl_profile.o
  CC [M]  drivers/staging/wlags49_h2/wl_wext.o
  CC [M]  drivers/staging/wlags49_h2/wl_priv.o
  CC [M]  drivers/staging/wlags49_h2/wl_main.o
  CC [M]  drivers/staging/wlags49_h2/wl_enc.o
  CC [M]  drivers/staging/wlags49_h2/wl_util.o
  CC [M]  drivers/staging/wlags49_h2/wl_netdev.o
  CC [M]  drivers/staging/wlags49_h2/wl_cs.o
  CC [M]  drivers/staging/wlags49_h2/mmd.o
  CC [M]  drivers/staging/wlags49_h2/hcf.o
  CC [M]  drivers/staging/wlags49_h2/dhf.o
  LD [M]  drivers/staging/wlags49_h2/wlags49_h2_cs.o
  CC [M]  drivers/staging/wlags49_h25/sta_h25.o
  CC [M]  drivers/staging/wlags49_h25/wl_profile.o
  CC [M]  drivers/staging/wlags49_h25/wl_wext.o
  CC [M]  drivers/staging/wlags49_h25/wl_priv.o
  CC [M]  drivers/staging/wlags49_h25/wl_main.o
  CC [M]  drivers/staging/wlags49_h25/wl_enc.o
  CC [M]  drivers/staging/wlags49_h25/wl_util.o
  CC [M]  drivers/staging/wlags49_h25/wl_netdev.o
  CC [M]  drivers/staging/wlags49_h25/wl_cs.o
  CC [M]  drivers/staging/wlags49_h25/mmd.o
  CC [M]  drivers/staging/wlags49_h25/hcf.o
  CC [M]  drivers/staging/wlags49_h25/dhf.o
  LD [M]  drivers/staging/wlags49_h25/wlags49_h25_cs.o
  CC [M]  drivers/staging/wlan-ng/prism2usb.o
In file included from drivers/staging/wlan-ng/prism2usb.c:5:0:
drivers/staging/wlan-ng/prism2fw.c: In function ‘read_cardpda.constprop.31’:
drivers/staging/wlan-ng/prism2fw.c:791:1: warning: the frame size of 1080 bytes is larger than 1024 bytes [-Wframe-larger-than=]
 }
 ^
  CC [M]  drivers/staging/wlan-ng/p80211conv.o
  CC [M]  drivers/staging/wlan-ng/p80211req.o
  CC [M]  drivers/staging/wlan-ng/p80211wep.o
  CC [M]  drivers/staging/wlan-ng/p80211netdev.o
  LD [M]  drivers/staging/wlan-ng/prism2_usb.o
  CC [M]  drivers/staging/xgifb/XGI_main_26.o
  CC [M]  drivers/staging/xgifb/vb_init.o
  CC [M]  drivers/staging/xgifb/vb_setmode.o
  CC [M]  drivers/staging/xgifb/vb_util.o
  LD [M]  drivers/staging/xgifb/xgifb.o
  CC [M]  drivers/staging/xillybus/xillybus_core.o
  CC [M]  drivers/staging/xillybus/xillybus_pcie.o
  CC [M]  drivers/target/target_core_configfs.o
  CC [M]  drivers/target/target_core_device.o
  CC [M]  drivers/target/target_core_fabric_configfs.o
  CC [M]  drivers/target/target_core_fabric_lib.o
  CC [M]  drivers/target/target_core_hba.o
  CC [M]  drivers/target/target_core_pr.o
  CC [M]  drivers/target/target_core_alua.o
  CC [M]  drivers/target/target_core_tmr.o
  CC [M]  drivers/target/target_core_tpg.o
  CC [M]  drivers/target/target_core_transport.o
  CC [M]  drivers/target/target_core_sbc.o
  CC [M]  drivers/target/target_core_spc.o
  CC [M]  drivers/target/target_core_ua.o
  CC [M]  drivers/target/target_core_rd.o
  CC [M]  drivers/target/target_core_stat.o
  CC [M]  drivers/target/target_core_xcopy.o
  LD [M]  drivers/target/target_core_mod.o
  CC [M]  drivers/target/target_core_iblock.o
  CC [M]  drivers/target/target_core_file.o
  CC [M]  drivers/target/target_core_pscsi.o
  CC [M]  drivers/target/iscsi/iscsi_target_parameters.o
  CC [M]  drivers/target/iscsi/iscsi_target_seq_pdu_list.o
  CC [M]  drivers/target/iscsi/iscsi_target_tq.o
  CC [M]  drivers/target/iscsi/iscsi_target_auth.o
  CC [M]  drivers/target/iscsi/iscsi_target_datain_values.o
  CC [M]  drivers/target/iscsi/iscsi_target_device.o
  CC [M]  drivers/target/iscsi/iscsi_target_erl0.o
  CC [M]  drivers/target/iscsi/iscsi_target_erl1.o
  CC [M]  drivers/target/iscsi/iscsi_target_erl2.o
  CC [M]  drivers/target/iscsi/iscsi_target_login.o
  CC [M]  drivers/target/iscsi/iscsi_target_nego.o
  CC [M]  drivers/target/iscsi/iscsi_target_nodeattrib.o
  CC [M]  drivers/target/iscsi/iscsi_target_tmr.o
  CC [M]  drivers/target/iscsi/iscsi_target_tpg.o
  CC [M]  drivers/target/iscsi/iscsi_target_util.o
  CC [M]  drivers/target/iscsi/iscsi_target.o
  CC [M]  drivers/target/iscsi/iscsi_target_configfs.o
  CC [M]  drivers/target/iscsi/iscsi_target_stat.o
  CC [M]  drivers/target/iscsi/iscsi_target_transport.o
  LD [M]  drivers/target/iscsi/iscsi_target_mod.o
  CC [M]  drivers/target/loopback/tcm_loop.o
  CC [M]  drivers/target/sbp/sbp_target.o
  CC [M]  drivers/target/tcm_fc/tfc_cmd.o
  CC [M]  drivers/target/tcm_fc/tfc_conf.o
  CC [M]  drivers/target/tcm_fc/tfc_io.o
  CC [M]  drivers/target/tcm_fc/tfc_sess.o
  LD [M]  drivers/target/tcm_fc/tcm_fc.o
  CC [M]  drivers/thermal/intel_powerclamp.o
  CC [M]  drivers/thermal/x86_pkg_temp_thermal.o
  CC [M]  drivers/thermal/intel_soc_dts_thermal.o
  CC [M]  drivers/thermal/int3403_thermal.o
  CC [M]  drivers/tty/n_hdlc.o
  CC [M]  drivers/tty/n_tracerouter.o
  CC [M]  drivers/tty/n_tracesink.o
  CC [M]  drivers/tty/n_r3964.o
  CC [M]  drivers/tty/cyclades.o
  CC [M]  drivers/tty/isicom.o
  CC [M]  drivers/tty/moxa.o
  CC [M]  drivers/tty/mxser.o
  CC [M]  drivers/tty/nozomi.o
  CC [M]  drivers/tty/rocket.o
  CC [M]  drivers/tty/synclink_gt.o
  CC [M]  drivers/tty/synclinkmp.o
  CC [M]  drivers/tty/synclink.o
  CC [M]  drivers/tty/ipwireless/hardware.o
  CC [M]  drivers/tty/ipwireless/main.o
  CC [M]  drivers/tty/ipwireless/network.o
  CC [M]  drivers/tty/ipwireless/tty.o
  LD [M]  drivers/tty/ipwireless/ipwireless.o
  CC [M]  drivers/tty/serial/max3100.o
  CC [M]  drivers/tty/serial/sc16is7xx.o
  CC [M]  drivers/tty/serial/uartlite.o
  CC [M]  drivers/tty/serial/altera_uart.o
  CC [M]  drivers/tty/serial/altera_jtaguart.o
  CC [M]  drivers/tty/serial/mrst_max3110.o
  CC [M]  drivers/tty/serial/mfd.o
  CC [M]  drivers/tty/serial/arc_uart.o
  CC [M]  drivers/tty/serial/rp2.o
  CC [M]  drivers/tty/serial/fsl_lpuart.o
  CC [M]  drivers/tty/serial/men_z135_uart.o
  CC [M]  drivers/tty/serial/8250/serial_cs.o
  CC [M]  drivers/tty/serial/8250/8250_dw.o
  CC [M]  drivers/tty/serial/jsm/jsm_driver.o
  CC [M]  drivers/tty/serial/jsm/jsm_neo.o
  CC [M]  drivers/tty/serial/jsm/jsm_tty.o
  LD [M]  drivers/tty/serial/jsm/jsm.o
  CC [M]  drivers/uio/uio.o
  CC [M]  drivers/uio/uio_cif.o
  CC [M]  drivers/uio/uio_pdrv_genirq.o
  CC [M]  drivers/uio/uio_dmem_genirq.o
  CC [M]  drivers/uio/uio_aec.o
  CC [M]  drivers/uio/uio_sercos3.o
  CC [M]  drivers/uio/uio_pci_generic.o
  CC [M]  drivers/uio/uio_netx.o
  CC [M]  drivers/uio/uio_mf624.o
  CC [M]  drivers/usb/atm/cxacru.o
  CC [M]  drivers/usb/atm/speedtch.o
  CC [M]  drivers/usb/atm/ueagle-atm.o
  CC [M]  drivers/usb/atm/usbatm.o
  CC [M]  drivers/usb/atm/xusbatm.o
  CC [M]  drivers/usb/c67x00/c67x00-drv.o
  CC [M]  drivers/usb/c67x00/c67x00-ll-hpi.o
  CC [M]  drivers/usb/c67x00/c67x00-hcd.o
  CC [M]  drivers/usb/c67x00/c67x00-sched.o
  LD [M]  drivers/usb/c67x00/c67x00.o
  CC [M]  drivers/usb/chipidea/core.o
  CC [M]  drivers/usb/chipidea/otg.o
  CC [M]  drivers/usb/chipidea/udc.o
  CC [M]  drivers/usb/chipidea/host.o
  LD [M]  drivers/usb/chipidea/ci_hdrc.o
  CC [M]  drivers/usb/chipidea/ci_hdrc_msm.o
  CC [M]  drivers/usb/chipidea/ci_hdrc_zevio.o
  CC [M]  drivers/usb/chipidea/ci_hdrc_pci.o
  CC [M]  drivers/usb/class/cdc-acm.o
  CC [M]  drivers/usb/class/usblp.o
  CC [M]  drivers/usb/class/cdc-wdm.o
  CC [M]  drivers/usb/class/usbtmc.o
  CC [M]  drivers/usb/common/usb-otg-fsm.o
  CC [M]  drivers/usb/dwc2/core.o
  CC [M]  drivers/usb/dwc2/core_intr.o
  CC [M]  drivers/usb/dwc2/hcd.o
  CC [M]  drivers/usb/dwc2/hcd_intr.o
  CC [M]  drivers/usb/dwc2/hcd_queue.o
  CC [M]  drivers/usb/dwc2/hcd_ddma.o
  CC [M]  drivers/usb/dwc2/gadget.o
  CC [M]  drivers/usb/dwc2/pci.o
  CC [M]  drivers/usb/dwc2/platform.o
  LD [M]  drivers/usb/dwc2/dwc2.o
  LD [M]  drivers/usb/dwc2/dwc2_pci.o
  LD [M]  drivers/usb/dwc2/dwc2_platform.o
  LD [M]  drivers/usb/dwc2/dwc2_gadget.o
  CC [M]  drivers/usb/dwc3/core.o
  CC [M]  drivers/usb/dwc3/host.o
  CC [M]  drivers/usb/dwc3/gadget.o
  CC [M]  drivers/usb/dwc3/ep0.o
  CC [M]  drivers/usb/dwc3/debugfs.o
  LD [M]  drivers/usb/dwc3/dwc3.o
  CC [M]  drivers/usb/dwc3/dwc3-pci.o
  CC [M]  drivers/usb/gadget/udc-core.o
  CC [M]  drivers/usb/gadget/acm_ms.o
  CC [M]  drivers/usb/gadget/audio.o
  CC [M]  drivers/usb/gadget/cdc2.o
  CC [M]  drivers/usb/gadget/dbgp.o
  CC [M]  drivers/usb/gadget/ether.o
  CC [M]  drivers/usb/gadget/hid.o
  CC [M]  drivers/usb/gadget/mass_storage.o
  CC [M]  drivers/usb/gadget/gmidi.o
  CC [M]  drivers/usb/gadget/ncm.o
  CC [M]  drivers/usb/gadget/nokia.o
  CC [M]  drivers/usb/gadget/printer.o
  CC [M]  drivers/usb/gadget/serial.o
  CC [M]  drivers/usb/gadget/webcam.o
  CC [M]  drivers/usb/gadget/zero.o
  CC [M]  drivers/usb/gadget/inode.o
  CC [M]  drivers/usb/gadget/usbstring.o
  CC [M]  drivers/usb/gadget/config.o
  CC [M]  drivers/usb/gadget/epautoconf.o
  CC [M]  drivers/usb/gadget/composite.o
  CC [M]  drivers/usb/gadget/functions.o
  CC [M]  drivers/usb/gadget/configfs.o
  CC [M]  drivers/usb/gadget/u_f.o
  CC [M]  drivers/usb/gadget/mv_udc_core.o
  CC [M]  drivers/usb/gadget/f_acm.o
  CC [M]  drivers/usb/gadget/f_ecm.o
  CC [M]  drivers/usb/gadget/f_subset.o
  CC [M]  drivers/usb/gadget/f_eem.o
  CC [M]  drivers/usb/gadget/f_fs.o
  CC [M]  drivers/usb/gadget/f_mass_storage.o
  CC [M]  drivers/usb/gadget/storage_common.o
  CC [M]  drivers/usb/gadget/f_ncm.o
  CC [M]  drivers/usb/gadget/f_obex.o
  CC [M]  drivers/usb/gadget/f_phonet.o
  CC [M]  drivers/usb/gadget/f_rndis.o
  CC [M]  drivers/usb/gadget/rndis.o
  CC [M]  drivers/usb/gadget/f_serial.o
  CC [M]  drivers/usb/gadget/f_loopback.o
  CC [M]  drivers/usb/gadget/f_sourcesink.o
  LD [M]  drivers/usb/gadget/libcomposite.o
  CC [M]  drivers/usb/gadget/net2272.o
  CC [M]  drivers/usb/gadget/net2280.o
  CC [M]  drivers/usb/gadget/amd5536udc.o
  CC [M]  drivers/usb/gadget/pxa27x_udc.o
  CC [M]  drivers/usb/gadget/goku_udc.o
  CC [M]  drivers/usb/gadget/r8a66597-udc.o
  CC [M]  drivers/usb/gadget/pch_udc.o
  LD [M]  drivers/usb/gadget/mv_udc.o
  CC [M]  drivers/usb/gadget/fotg210-udc.o
  CC [M]  drivers/usb/gadget/mv_u3d_core.o
  CC [M]  drivers/usb/gadget/gr_udc.o
  LD [M]  drivers/usb/gadget/usb_f_acm.o
  LD [M]  drivers/usb/gadget/usb_f_ss_lb.o
  CC [M]  drivers/usb/gadget/u_serial.o
  LD [M]  drivers/usb/gadget/usb_f_serial.o
  LD [M]  drivers/usb/gadget/usb_f_obex.o
  CC [M]  drivers/usb/gadget/u_ether.o
  LD [M]  drivers/usb/gadget/usb_f_ncm.o
  LD [M]  drivers/usb/gadget/usb_f_ecm.o
  LD [M]  drivers/usb/gadget/usb_f_phonet.o
  LD [M]  drivers/usb/gadget/usb_f_eem.o
  LD [M]  drivers/usb/gadget/usb_f_ecm_subset.o
  LD [M]  drivers/usb/gadget/usb_f_rndis.o
  LD [M]  drivers/usb/gadget/usb_f_mass_storage.o
  LD [M]  drivers/usb/gadget/usb_f_fs.o
  LD [M]  drivers/usb/gadget/g_zero.o
  LD [M]  drivers/usb/gadget/g_audio.o
  LD [M]  drivers/usb/gadget/g_ether.o
  LD [M]  drivers/usb/gadget/gadgetfs.o
  CC [M]  drivers/usb/gadget/g_ffs.o
  LD [M]  drivers/usb/gadget/g_mass_storage.o
  LD [M]  drivers/usb/gadget/g_serial.o
  LD [M]  drivers/usb/gadget/g_printer.o
  LD [M]  drivers/usb/gadget/g_midi.o
  LD [M]  drivers/usb/gadget/g_cdc.o
  LD [M]  drivers/usb/gadget/g_hid.o
  LD [M]  drivers/usb/gadget/g_dbgp.o
  LD [M]  drivers/usb/gadget/g_nokia.o
  LD [M]  drivers/usb/gadget/g_webcam.o
  LD [M]  drivers/usb/gadget/g_ncm.o
  LD [M]  drivers/usb/gadget/g_acm_ms.o
  CC [M]  drivers/usb/gadget/tcm_usb_gadget.o
  CC [M]  drivers/usb/host/oxu210hp-hcd.o
  CC [M]  drivers/usb/host/isp116x-hcd.o
  CC [M]  drivers/usb/host/isp1362-hcd.o
  CC [M]  drivers/usb/host/sl811-hcd.o
  CC [M]  drivers/usb/host/sl811_cs.o
  CC [M]  drivers/usb/host/u132-hcd.o
  CC [M]  drivers/usb/host/r8a66597-hcd.o
  CC [M]  drivers/usb/host/isp1760-hcd.o
  CC [M]  drivers/usb/host/isp1760-if.o
  LD [M]  drivers/usb/host/isp1760.o
  CC [M]  drivers/usb/host/hwa-hc.o
  CC [M]  drivers/usb/host/bcma-hcd.o
  CC [M]  drivers/usb/host/ssb-hcd.o
  CC [M]  drivers/usb/host/fusbh200-hcd.o
  CC [M]  drivers/usb/host/fotg210-hcd.o
  CC [M]  drivers/usb/host/max3421-hcd.o
  CC [M]  drivers/usb/host/whci/asl.o
  CC [M]  drivers/usb/host/whci/debug.o
  CC [M]  drivers/usb/host/whci/hcd.o
  CC [M]  drivers/usb/host/whci/hw.o
  CC [M]  drivers/usb/host/whci/init.o
  CC [M]  drivers/usb/host/whci/int.o
  CC [M]  drivers/usb/host/whci/pzl.o
  CC [M]  drivers/usb/host/whci/qset.o
  CC [M]  drivers/usb/host/whci/wusb.o
  LD [M]  drivers/usb/host/whci/whci-hcd.o
  CC [M]  drivers/usb/image/mdc800.o
  CC [M]  drivers/usb/image/microtek.o
  CC [M]  drivers/usb/misc/adutux.o
  CC [M]  drivers/usb/misc/appledisplay.o
  CC [M]  drivers/usb/misc/cypress_cy7c63.o
  CC [M]  drivers/usb/misc/cytherm.o
  CC [M]  drivers/usb/misc/emi26.o
  CC [M]  drivers/usb/misc/emi62.o
  CC [M]  drivers/usb/misc/ezusb.o
  CC [M]  drivers/usb/misc/ftdi-elan.o
  CC [M]  drivers/usb/misc/idmouse.o
  CC [M]  drivers/usb/misc/iowarrior.o
  CC [M]  drivers/usb/misc/isight_firmware.o
  CC [M]  drivers/usb/misc/usblcd.o
  CC [M]  drivers/usb/misc/ldusb.o
  CC [M]  drivers/usb/misc/usbled.o
  CC [M]  drivers/usb/misc/legousbtower.o
  CC [M]  drivers/usb/misc/rio500.o
  CC [M]  drivers/usb/misc/usbtest.o
  CC [M]  drivers/usb/misc/ehset.o
  CC [M]  drivers/usb/misc/trancevibrator.o
  CC [M]  drivers/usb/misc/uss720.o
  CC [M]  drivers/usb/misc/usbsevseg.o
  CC [M]  drivers/usb/misc/yurex.o
  CC [M]  drivers/usb/misc/usb3503.o
drivers/usb/misc/usb3503.c: In function ‘usb3503_probe’:
drivers/usb/misc/usb3503.c:195:11: warning: ‘err’ may be used uninitialized in this function [-Wmaybe-uninitialized]
    dev_err(dev, "unable to request refclk (%d)\n", err);
           ^
  CC [M]  drivers/usb/misc/sisusbvga/sisusb.o
  CC [M]  drivers/usb/misc/sisusbvga/sisusb_init.o
  CC [M]  drivers/usb/misc/sisusbvga/sisusb_con.o
  LD [M]  drivers/usb/misc/sisusbvga/sisusbvga.o
  CC [M]  drivers/usb/mon/mon_main.o
  CC [M]  drivers/usb/mon/mon_stat.o
  CC [M]  drivers/usb/mon/mon_text.o
  CC [M]  drivers/usb/mon/mon_bin.o
  LD [M]  drivers/usb/mon/usbmon.o
  CC [M]  drivers/usb/musb/musb_core.o
  CC [M]  drivers/usb/musb/musb_virthub.o
  CC [M]  drivers/usb/musb/musb_host.o
  CC [M]  drivers/usb/musb/musb_gadget_ep0.o
  CC [M]  drivers/usb/musb/musb_gadget.o
  CC [M]  drivers/usb/musb/musb_debugfs.o
  LD [M]  drivers/usb/musb/musb_hdrc.o
  CC [M]  drivers/usb/musb/tusb6010.o
  CC [M]  drivers/usb/musb/ux500.o
  CC [M]  drivers/usb/phy/phy-generic.o
  CC [M]  drivers/usb/phy/phy-tahvo.o
  CC [M]  drivers/usb/phy/phy-samsung-usb.o
  CC [M]  drivers/usb/phy/phy-samsung-usb2.o
  CC [M]  drivers/usb/phy/phy-samsung-usb3.o
  CC [M]  drivers/usb/phy/phy-gpio-vbus-usb.o
  CC [M]  drivers/usb/phy/phy-isp1301.o
  CC [M]  drivers/usb/renesas_usbhs/common.o
  CC [M]  drivers/usb/renesas_usbhs/mod.o
  CC [M]  drivers/usb/renesas_usbhs/pipe.o
  CC [M]  drivers/usb/renesas_usbhs/fifo.o
  CC [M]  drivers/usb/renesas_usbhs/mod_host.o
  CC [M]  drivers/usb/renesas_usbhs/mod_gadget.o
  LD [M]  drivers/usb/renesas_usbhs/renesas_usbhs.o
  CC [M]  drivers/usb/serial/usb-serial.o
  CC [M]  drivers/usb/serial/generic.o
  CC [M]  drivers/usb/serial/bus.o
  LD [M]  drivers/usb/serial/usbserial.o
  CC [M]  drivers/usb/serial/aircable.o
  CC [M]  drivers/usb/serial/ark3116.o
  CC [M]  drivers/usb/serial/belkin_sa.o
  CC [M]  drivers/usb/serial/ch341.o
  CC [M]  drivers/usb/serial/cp210x.o
  CC [M]  drivers/usb/serial/cyberjack.o
  CC [M]  drivers/usb/serial/cypress_m8.o
  CC [M]  drivers/usb/serial/usb_debug.o
  CC [M]  drivers/usb/serial/digi_acceleport.o
  CC [M]  drivers/usb/serial/io_edgeport.o
  CC [M]  drivers/usb/serial/io_ti.o
  CC [M]  drivers/usb/serial/empeg.o
  CC [M]  drivers/usb/serial/f81232.o
  CC [M]  drivers/usb/serial/ftdi_sio.o
  CC [M]  drivers/usb/serial/garmin_gps.o
  CC [M]  drivers/usb/serial/ipaq.o
  CC [M]  drivers/usb/serial/ipw.o
  CC [M]  drivers/usb/serial/ir-usb.o
  CC [M]  drivers/usb/serial/iuu_phoenix.o
  CC [M]  drivers/usb/serial/keyspan.o
  CC [M]  drivers/usb/serial/keyspan_pda.o
  CC [M]  drivers/usb/serial/kl5kusb105.o
  CC [M]  drivers/usb/serial/kobil_sct.o
  CC [M]  drivers/usb/serial/mct_u232.o
  CC [M]  drivers/usb/serial/metro-usb.o
  CC [M]  drivers/usb/serial/mos7720.o
  CC [M]  drivers/usb/serial/mos7840.o
  CC [M]  drivers/usb/serial/mxuport.o
  CC [M]  drivers/usb/serial/navman.o
  CC [M]  drivers/usb/serial/omninet.o
  CC [M]  drivers/usb/serial/opticon.o
  CC [M]  drivers/usb/serial/option.o
  CC [M]  drivers/usb/serial/oti6858.o
  CC [M]  drivers/usb/serial/pl2303.o
  CC [M]  drivers/usb/serial/qcaux.o
  CC [M]  drivers/usb/serial/qcserial.o
  CC [M]  drivers/usb/serial/quatech2.o
  CC [M]  drivers/usb/serial/safe_serial.o
  CC [M]  drivers/usb/serial/sierra.o
  CC [M]  drivers/usb/serial/usb-serial-simple.o
  CC [M]  drivers/usb/serial/spcp8x5.o
  CC [M]  drivers/usb/serial/ssu100.o
  CC [M]  drivers/usb/serial/symbolserial.o
  CC [M]  drivers/usb/serial/usb_wwan.o
  CC [M]  drivers/usb/serial/ti_usb_3410_5052.o
  CC [M]  drivers/usb/serial/visor.o
  CC [M]  drivers/usb/serial/wishbone-serial.o
  CC [M]  drivers/usb/serial/whiteheat.o
  CC [M]  drivers/usb/serial/xsens_mt.o
  CC [M]  drivers/usb/serial/zte_ev.o
  CC [M]  drivers/usb/storage/uas.o
  CC [M]  drivers/usb/storage/alauda.o
  CC [M]  drivers/usb/storage/cypress_atacb.o
  CC [M]  drivers/usb/storage/datafab.o
  CC [M]  drivers/usb/storage/ene_ub6250.o
  CC [M]  drivers/usb/storage/freecom.o
  CC [M]  drivers/usb/storage/isd200.o
  CC [M]  drivers/usb/storage/jumpshot.o
  CC [M]  drivers/usb/storage/karma.o
  CC [M]  drivers/usb/storage/onetouch.o
  CC [M]  drivers/usb/storage/realtek_cr.o
  CC [M]  drivers/usb/storage/sddr09.o
  CC [M]  drivers/usb/storage/sddr55.o
  CC [M]  drivers/usb/storage/shuttle_usbat.o
  CC [M]  drivers/usb/storage/scsiglue.o
  CC [M]  drivers/usb/storage/protocol.o
  CC [M]  drivers/usb/storage/transport.o
  CC [M]  drivers/usb/storage/usb.o
  CC [M]  drivers/usb/storage/initializers.o
  CC [M]  drivers/usb/storage/sierra_ms.o
  CC [M]  drivers/usb/storage/option_ms.o
  CC [M]  drivers/usb/storage/usual-tables.o
  LD [M]  drivers/usb/storage/usb-storage.o
  LD [M]  drivers/usb/storage/ums-alauda.o
  LD [M]  drivers/usb/storage/ums-cypress.o
  LD [M]  drivers/usb/storage/ums-datafab.o
  LD [M]  drivers/usb/storage/ums-eneub6250.o
  LD [M]  drivers/usb/storage/ums-freecom.o
  LD [M]  drivers/usb/storage/ums-isd200.o
  LD [M]  drivers/usb/storage/ums-jumpshot.o
  LD [M]  drivers/usb/storage/ums-karma.o
  LD [M]  drivers/usb/storage/ums-onetouch.o
  LD [M]  drivers/usb/storage/ums-realtek.o
  LD [M]  drivers/usb/storage/ums-sddr09.o
  LD [M]  drivers/usb/storage/ums-sddr55.o
  LD [M]  drivers/usb/storage/ums-usbat.o
  CC [M]  drivers/usb/wusbcore/cbaf.o
  CC [M]  drivers/usb/wusbcore/wa-hc.o
  CC [M]  drivers/usb/wusbcore/wa-nep.o
  CC [M]  drivers/usb/wusbcore/wa-rpipe.o
  CC [M]  drivers/usb/wusbcore/wa-xfer.o
  CC [M]  drivers/usb/wusbcore/crypto.o
  CC [M]  drivers/usb/wusbcore/devconnect.o
  CC [M]  drivers/usb/wusbcore/dev-sysfs.o
  CC [M]  drivers/usb/wusbcore/mmc.o
  CC [M]  drivers/usb/wusbcore/pal.o
  CC [M]  drivers/usb/wusbcore/rh.o
  CC [M]  drivers/usb/wusbcore/reservation.o
  CC [M]  drivers/usb/wusbcore/security.o
  CC [M]  drivers/usb/wusbcore/wusbhc.o
  LD [M]  drivers/usb/wusbcore/wusbcore.o
  LD [M]  drivers/usb/wusbcore/wusb-wa.o
  LD [M]  drivers/usb/wusbcore/wusb-cbaf.o
  CC [M]  drivers/uwb/umc-bus.o
  CC [M]  drivers/uwb/umc-dev.o
  CC [M]  drivers/uwb/umc-drv.o
  CC [M]  drivers/uwb/address.o
  CC [M]  drivers/uwb/allocator.o
  CC [M]  drivers/uwb/beacon.o
  CC [M]  drivers/uwb/driver.o
  CC [M]  drivers/uwb/drp.o
  CC [M]  drivers/uwb/drp-avail.o
  CC [M]  drivers/uwb/drp-ie.o
  CC [M]  drivers/uwb/est.o
  CC [M]  drivers/uwb/ie.o
  CC [M]  drivers/uwb/ie-rcv.o
  CC [M]  drivers/uwb/lc-dev.o
  CC [M]  drivers/uwb/lc-rc.o
  CC [M]  drivers/uwb/neh.o
  CC [M]  drivers/uwb/pal.o
  CC [M]  drivers/uwb/radio.o
  CC [M]  drivers/uwb/reset.o
  CC [M]  drivers/uwb/rsv.o
  CC [M]  drivers/uwb/scan.o
  CC [M]  drivers/uwb/uwb-debug.o
  CC [M]  drivers/uwb/uwbd.o
  LD [M]  drivers/uwb/uwb.o
  LD [M]  drivers/uwb/umc.o
  CC [M]  drivers/uwb/whci.o
  CC [M]  drivers/uwb/whc-rc.o
  CC [M]  drivers/uwb/hwa-rc.o
  CC [M]  drivers/uwb/i1480/i1480-est.o
  CC [M]  drivers/uwb/i1480/dfu/dfu.o
  CC [M]  drivers/uwb/i1480/dfu/mac.o
  CC [M]  drivers/uwb/i1480/dfu/phy.o
  CC [M]  drivers/uwb/i1480/dfu/usb.o
  LD [M]  drivers/uwb/i1480/dfu/i1480-dfu-usb.o
  CC [M]  drivers/vfio/vfio.o
  CC [M]  drivers/vfio/vfio_iommu_type1.o
  CC [M]  drivers/vfio/pci/vfio_pci.o
  CC [M]  drivers/vfio/pci/vfio_pci_intrs.o
  CC [M]  drivers/vfio/pci/vfio_pci_rdwr.o
  CC [M]  drivers/vfio/pci/vfio_pci_config.o
  LD [M]  drivers/vfio/pci/vfio-pci.o
  CC [M]  drivers/vhost/net.o
  CC [M]  drivers/vhost/scsi.o
  LD [M]  drivers/vhost/vhost_net.o
  LD [M]  drivers/vhost/vhost_scsi.o
  CC [M]  drivers/vhost/vringh.o
  CC [M]  drivers/vhost/vhost.o
  CC [M]  drivers/video/vgastate.o
  CC [M]  drivers/video/backlight/ams369fg06.o
  CC [M]  drivers/video/backlight/lcd.o
  CC [M]  drivers/video/backlight/hx8357.o
  CC [M]  drivers/video/backlight/ili922x.o
  CC [M]  drivers/video/backlight/ili9320.o
  CC [M]  drivers/video/backlight/l4f00242t03.o
  CC [M]  drivers/video/backlight/ld9040.o
  CC [M]  drivers/video/backlight/lms283gf05.o
  CC [M]  drivers/video/backlight/lms501kf03.o
  CC [M]  drivers/video/backlight/ltv350qv.o
  CC [M]  drivers/video/backlight/platform_lcd.o
  CC [M]  drivers/video/backlight/s6e63m0.o
  CC [M]  drivers/video/backlight/tdo24m.o
  CC [M]  drivers/video/backlight/vgg2432a4.o
  CC [M]  drivers/video/backlight/88pm860x_bl.o
  CC [M]  drivers/video/backlight/aat2870_bl.o
  CC [M]  drivers/video/backlight/adp5520_bl.o
  CC [M]  drivers/video/backlight/adp8860_bl.o
  CC [M]  drivers/video/backlight/adp8870_bl.o
  CC [M]  drivers/video/backlight/apple_bl.o
  CC [M]  drivers/video/backlight/as3711_bl.o
  CC [M]  drivers/video/backlight/bd6107.o
  CC [M]  drivers/video/backlight/cr_bllcd.o
  CC [M]  drivers/video/backlight/da903x_bl.o
  CC [M]  drivers/video/backlight/da9052_bl.o
  CC [M]  drivers/video/backlight/generic_bl.o
  CC [M]  drivers/video/backlight/gpio_backlight.o
  CC [M]  drivers/video/backlight/lm3533_bl.o
  CC [M]  drivers/video/backlight/lm3630a_bl.o
  CC [M]  drivers/video/backlight/lm3639_bl.o
  CC [M]  drivers/video/backlight/lp855x_bl.o
  CC [M]  drivers/video/backlight/lp8788_bl.o
  CC [M]  drivers/video/backlight/lv5207lp.o
  CC [M]  drivers/video/backlight/max8925_bl.o
  CC [M]  drivers/video/backlight/pandora_bl.o
  CC [M]  drivers/video/backlight/pcf50633-backlight.o
  CC [M]  drivers/video/backlight/pwm_bl.o
  CC [M]  drivers/video/backlight/kb3886_bl.o
  CC [M]  drivers/video/backlight/tps65217_bl.o
  CC [M]  drivers/video/backlight/wm831x_bl.o
  CC [M]  drivers/video/fbdev/arcfb.o
  CC [M]  drivers/video/fbdev/cyber2000fb.o
  CC [M]  drivers/video/fbdev/pm2fb.o
  CC [M]  drivers/video/fbdev/pm3fb.o
  CC [M]  drivers/video/fbdev/i740fb.o
  CC [M]  drivers/video/fbdev/macmodes.o
  CC [M]  drivers/video/fbdev/neofb.o
  CC [M]  drivers/video/fbdev/tdfxfb.o
  CC [M]  drivers/video/fbdev/vt8623fb.o
  CC [M]  drivers/video/fbdev/tridentfb.o
  CC [M]  drivers/video/fbdev/s3fb.o
  CC [M]  drivers/video/fbdev/arkfb.o
  CC [M]  drivers/video/fbdev/hecubafb.o
  CC [M]  drivers/video/fbdev/n411.o
  CC [M]  drivers/video/fbdev/hgafb.o
  CC [M]  drivers/video/fbdev/sstfb.o
  CC [M]  drivers/video/fbdev/cirrusfb.o
  CC [M]  drivers/video/fbdev/metronomefb.o
  CC [M]  drivers/video/fbdev/broadsheetfb.o
  CC [M]  drivers/video/fbdev/auo_k190x.o
  CC [M]  drivers/video/fbdev/auo_k1900fb.o
  CC [M]  drivers/video/fbdev/auo_k1901fb.o
  CC [M]  drivers/video/fbdev/s1d13xxxfb.o
  CC [M]  drivers/video/fbdev/sm501fb.o
  CC [M]  drivers/video/fbdev/udlfb.o
  CC [M]  drivers/video/fbdev/smscufx.o
  CC [M]  drivers/video/fbdev/xen-fbfront.o
  CC [M]  drivers/video/fbdev/carminefb.o
  CC [M]  drivers/video/fbdev/hyperv_fb.o
  CC [M]  drivers/video/fbdev/ocfb.o
  CC [M]  drivers/video/fbdev/uvesafb.o
  CC [M]  drivers/video/fbdev/vga16fb.o
  CC [M]  drivers/video/fbdev/aty/atyfb_base.o
  CC [M]  drivers/video/fbdev/aty/mach64_accel.o
  CC [M]  drivers/video/fbdev/aty/mach64_cursor.o
  CC [M]  drivers/video/fbdev/aty/mach64_gx.o
  CC [M]  drivers/video/fbdev/aty/mach64_ct.o
  CC [M]  drivers/video/fbdev/aty/radeon_base.o
  CC [M]  drivers/video/fbdev/aty/radeon_pm.o
  CC [M]  drivers/video/fbdev/aty/radeon_monitor.o
  CC [M]  drivers/video/fbdev/aty/radeon_accel.o
  CC [M]  drivers/video/fbdev/aty/radeon_i2c.o
  CC [M]  drivers/video/fbdev/aty/radeon_backlight.o
  LD [M]  drivers/video/fbdev/aty/atyfb.o
  CC [M]  drivers/video/fbdev/aty/aty128fb.o
  LD [M]  drivers/video/fbdev/aty/radeonfb.o
  CC [M]  drivers/video/fbdev/core/sysfillrect.o
  CC [M]  drivers/video/fbdev/core/syscopyarea.o
  CC [M]  drivers/video/fbdev/core/sysimgblt.o
  CC [M]  drivers/video/fbdev/core/fb_sys_fops.o
  CC [M]  drivers/video/fbdev/core/svgalib.o
  CC [M]  drivers/video/fbdev/core/fb_ddc.o
  CC [M]  drivers/video/fbdev/kyro/STG4000Ramdac.o
  CC [M]  drivers/video/fbdev/kyro/STG4000VTG.o
  CC [M]  drivers/video/fbdev/kyro/STG4000OverlayDevice.o
  CC [M]  drivers/video/fbdev/kyro/STG4000InitDevice.o
  CC [M]  drivers/video/fbdev/kyro/fbdev.o
  LD [M]  drivers/video/fbdev/kyro/kyrofb.o
  CC [M]  drivers/video/fbdev/matrox/matroxfb_base.o
  CC [M]  drivers/video/fbdev/matrox/matroxfb_accel.o
  CC [M]  drivers/video/fbdev/matrox/matroxfb_DAC1064.o
  CC [M]  drivers/video/fbdev/matrox/matroxfb_Ti3026.o
  CC [M]  drivers/video/fbdev/matrox/matroxfb_misc.o
  CC [M]  drivers/video/fbdev/matrox/g450_pll.o
  CC [M]  drivers/video/fbdev/matrox/matroxfb_g450.o
  CC [M]  drivers/video/fbdev/matrox/matroxfb_crtc2.o
  CC [M]  drivers/video/fbdev/matrox/i2c-matroxfb.o
  CC [M]  drivers/video/fbdev/matrox/matroxfb_maven.o
  CC [M]  drivers/video/fbdev/mb862xx/mb862xxfbdrv.o
  CC [M]  drivers/video/fbdev/mb862xx/mb862xxfb_accel.o
  CC [M]  drivers/video/fbdev/mb862xx/mb862xx-i2c.o
  LD [M]  drivers/video/fbdev/mb862xx/mb862xxfb.o
  CC [M]  drivers/video/fbdev/nvidia/nvidia.o
  CC [M]  drivers/video/fbdev/nvidia/nv_hw.o
  CC [M]  drivers/video/fbdev/nvidia/nv_setup.o
  CC [M]  drivers/video/fbdev/nvidia/nv_accel.o
  CC [M]  drivers/video/fbdev/nvidia/nv_i2c.o
  CC [M]  drivers/video/fbdev/nvidia/nv_backlight.o
  LD [M]  drivers/video/fbdev/nvidia/nvidiafb.o
  CC [M]  drivers/video/fbdev/riva/fbdev.o
  CC [M]  drivers/video/fbdev/riva/riva_hw.o
  CC [M]  drivers/video/fbdev/riva/nv_driver.o
  CC [M]  drivers/video/fbdev/riva/rivafb-i2c.o
  LD [M]  drivers/video/fbdev/riva/rivafb.o
  CC [M]  drivers/video/fbdev/savage/savagefb_driver.o
  CC [M]  drivers/video/fbdev/savage/savagefb-i2c.o
  LD [M]  drivers/video/fbdev/savage/savagefb.o
  CC [M]  drivers/video/fbdev/sis/sis_main.o
  CC [M]  drivers/video/fbdev/sis/sis_accel.o
  CC [M]  drivers/video/fbdev/sis/init.o
  CC [M]  drivers/video/fbdev/sis/init301.o
  CC [M]  drivers/video/fbdev/sis/initextlfb.o
  LD [M]  drivers/video/fbdev/sis/sisfb.o
  CC [M]  drivers/video/fbdev/vermilion/cr_pll.o
  CC [M]  drivers/video/fbdev/vermilion/vermilion.o
  LD [M]  drivers/video/fbdev/vermilion/vmlfb.o
  LD [M]  drivers/video/fbdev/vermilion/crvml.o
  CC [M]  drivers/video/fbdev/via/viafbdev.o
  CC [M]  drivers/video/fbdev/via/hw.o
  CC [M]  drivers/video/fbdev/via/via_i2c.o
  CC [M]  drivers/video/fbdev/via/dvi.o
  CC [M]  drivers/video/fbdev/via/lcd.o
  CC [M]  drivers/video/fbdev/via/ioctl.o
  CC [M]  drivers/video/fbdev/via/accel.o
  CC [M]  drivers/video/fbdev/via/via_utility.o
  CC [M]  drivers/video/fbdev/via/vt1636.o
  CC [M]  drivers/video/fbdev/via/global.o
  CC [M]  drivers/video/fbdev/via/tblDPASetting.o
  CC [M]  drivers/video/fbdev/via/viamode.o
  CC [M]  drivers/video/fbdev/via/via-core.o
  CC [M]  drivers/video/fbdev/via/via-gpio.o
  CC [M]  drivers/video/fbdev/via/via_modesetting.o
  CC [M]  drivers/video/fbdev/via/via_clock.o
  CC [M]  drivers/video/fbdev/via/via_aux.o
  CC [M]  drivers/video/fbdev/via/via_aux_edid.o
  CC [M]  drivers/video/fbdev/via/via_aux_vt1636.o
  CC [M]  drivers/video/fbdev/via/via_aux_vt1632.o
  CC [M]  drivers/video/fbdev/via/via_aux_vt1631.o
  CC [M]  drivers/video/fbdev/via/via_aux_vt1625.o
  CC [M]  drivers/video/fbdev/via/via_aux_vt1622.o
  CC [M]  drivers/video/fbdev/via/via_aux_vt1621.o
  CC [M]  drivers/video/fbdev/via/via_aux_sii164.o
  CC [M]  drivers/video/fbdev/via/via_aux_ch7301.o
  LD [M]  drivers/video/fbdev/via/viafb.o
  CC [M]  drivers/video/fbdev/intelfb/intelfbdrv.o
  CC [M]  drivers/video/fbdev/intelfb/intelfbhw.o
  CC [M]  drivers/video/fbdev/intelfb/intelfb_i2c.o
  LD [M]  drivers/video/fbdev/intelfb/intelfb.o
  CC [M]  drivers/vme/boards/vme_vmivme7805.o
  CC [M]  drivers/vme/bridges/vme_ca91cx42.o
  CC [M]  drivers/vme/bridges/vme_tsi148.o
  CC [M]  drivers/w1/w1.o
  CC [M]  drivers/w1/w1_int.o
  CC [M]  drivers/w1/w1_family.o
  CC [M]  drivers/w1/w1_netlink.o
  CC [M]  drivers/w1/w1_io.o
  LD [M]  drivers/w1/wire.o
  CC [M]  drivers/w1/masters/matrox_w1.o
  CC [M]  drivers/w1/masters/ds2490.o
  CC [M]  drivers/w1/masters/ds2482.o
  CC [M]  drivers/w1/masters/ds1wm.o
  CC [M]  drivers/w1/masters/w1-gpio.o
  CC [M]  drivers/w1/slaves/w1_therm.o
  CC [M]  drivers/w1/slaves/w1_smem.o
  CC [M]  drivers/w1/slaves/w1_ds2408.o
  CC [M]  drivers/w1/slaves/w1_ds2413.o
  CC [M]  drivers/w1/slaves/w1_ds2423.o
  CC [M]  drivers/w1/slaves/w1_ds2431.o
  CC [M]  drivers/w1/slaves/w1_ds2433.o
  CC [M]  drivers/w1/slaves/w1_ds2760.o
  CC [M]  drivers/w1/slaves/w1_ds2780.o
  CC [M]  drivers/w1/slaves/w1_ds2781.o
  CC [M]  drivers/w1/slaves/w1_bq27000.o
  CC [M]  drivers/w1/slaves/w1_ds28e04.o
  CC [M]  drivers/watchdog/pcwd_pci.o
  CC [M]  drivers/watchdog/wdt_pci.o
  CC [M]  drivers/watchdog/pcwd_usb.o
  CC [M]  drivers/watchdog/twl4030_wdt.o
  CC [M]  drivers/watchdog/dw_wdt.o
  CC [M]  drivers/watchdog/retu_wdt.o
  CC [M]  drivers/watchdog/acquirewdt.o
  CC [M]  drivers/watchdog/advantechwdt.o
  CC [M]  drivers/watchdog/alim1535_wdt.o
  CC [M]  drivers/watchdog/alim7101_wdt.o
  CC [M]  drivers/watchdog/f71808e_wdt.o
  CC [M]  drivers/watchdog/sp5100_tco.o
  CC [M]  drivers/watchdog/sbc_fitpc2_wdt.o
  CC [M]  drivers/watchdog/eurotechwdt.o
  CC [M]  drivers/watchdog/ib700wdt.o
  CC [M]  drivers/watchdog/ibmasr.o
  CC [M]  drivers/watchdog/wafer5823wdt.o
  CC [M]  drivers/watchdog/i6300esb.o
  CC [M]  drivers/watchdog/ie6xx_wdt.o
  CC [M]  drivers/watchdog/iTCO_wdt.o
  CC [M]  drivers/watchdog/iTCO_vendor_support.o
  CC [M]  drivers/watchdog/it8712f_wdt.o
  CC [M]  drivers/watchdog/it87_wdt.o
  CC [M]  drivers/watchdog/hpwdt.o
  CC [M]  drivers/watchdog/kempld_wdt.o
  CC [M]  drivers/watchdog/sc1200wdt.o
  CC [M]  drivers/watchdog/pc87413_wdt.o
  CC [M]  drivers/watchdog/nv_tco.o
  CC [M]  drivers/watchdog/sbc60xxwdt.o
  CC [M]  drivers/watchdog/cpu5wdt.o
  CC [M]  drivers/watchdog/sch311x_wdt.o
  CC [M]  drivers/watchdog/smsc37b787_wdt.o
  CC [M]  drivers/watchdog/via_wdt.o
  CC [M]  drivers/watchdog/w83627hf_wdt.o
  CC [M]  drivers/watchdog/w83877f_wdt.o
  CC [M]  drivers/watchdog/w83977f_wdt.o
  CC [M]  drivers/watchdog/machzwd.o
  CC [M]  drivers/watchdog/sbc_epx_c3.o
  CC [M]  drivers/watchdog/of_xilinx_wdt.o
  CC [M]  drivers/watchdog/mena21_wdt.o
  CC [M]  drivers/watchdog/xen_wdt.o
  CC [M]  drivers/watchdog/da9052_wdt.o
  CC [M]  drivers/watchdog/da9055_wdt.o
  CC [M]  drivers/watchdog/wm831x_wdt.o
  CC [M]  drivers/watchdog/wm8350_wdt.o
  CC [M]  drivers/watchdog/softdog.o
  CC [M]  drivers/xen/evtchn.o
  CC [M]  drivers/xen/gntalloc.o
  CC [M]  drivers/xen/gntdev.o
  CC [M]  drivers/xen/privcmd.o
  LD [M]  drivers/xen/xen-evtchn.o
  LD [M]  drivers/xen/xen-gntdev.o
  LD [M]  drivers/xen/xen-gntalloc.o
  CC [M]  drivers/xen/tmem.o
  LD [M]  drivers/xen/xen-privcmd.o
  CC [M]  drivers/xen/xen-pciback/pci_stub.o
  CC [M]  drivers/xen/xen-pciback/pciback_ops.o
  CC [M]  drivers/xen/xen-pciback/xenbus.o
  CC [M]  drivers/xen/xen-pciback/conf_space.o
  CC [M]  drivers/xen/xen-pciback/conf_space_header.o
  CC [M]  drivers/xen/xen-pciback/conf_space_capability.o
  CC [M]  drivers/xen/xen-pciback/conf_space_quirks.o
  CC [M]  drivers/xen/xen-pciback/vpci.o
  CC [M]  drivers/xen/xen-pciback/passthrough.o
  LD [M]  drivers/xen/xen-pciback/xen-pciback.o
  CC [M]  drivers/xen/xenfs/super.o
  CC [M]  drivers/xen/xenfs/xenstored.o
  LD [M]  drivers/xen/xenfs/xenfs.o
  CC [M]  sound/sound_core.o
  LD [M]  sound/soundcore.o
  CC [M]  sound/ac97_bus.o
  CC [M]  sound/core/compress_offload.o
  CC [M]  sound/core/hrtimer.o
  CC [M]  sound/core/hwdep.o
  CC [M]  sound/core/pcm_dmaengine.o
  CC [M]  sound/core/pcm.o
  CC [M]  sound/core/pcm_native.o
  CC [M]  sound/core/pcm_lib.o
  CC [M]  sound/core/pcm_timer.o
  CC [M]  sound/core/pcm_misc.o
  CC [M]  sound/core/pcm_memory.o
  CC [M]  sound/core/memalloc.o
  CC [M]  sound/core/sgbuf.o
  CC [M]  sound/core/rawmidi.o
  CC [M]  sound/core/timer.o
  CC [M]  sound/core/sound.o
  CC [M]  sound/core/init.o
  CC [M]  sound/core/memory.o
  CC [M]  sound/core/info.o
  CC [M]  sound/core/control.o
  CC [M]  sound/core/misc.o
  CC [M]  sound/core/device.o
  CC [M]  sound/core/isadma.o
  CC [M]  sound/core/sound_oss.o
  CC [M]  sound/core/info_oss.o
  CC [M]  sound/core/vmaster.o
  CC [M]  sound/core/ctljack.o
  CC [M]  sound/core/jack.o
  LD [M]  sound/core/snd.o
  LD [M]  sound/core/snd-hwdep.o
  LD [M]  sound/core/snd-timer.o
  LD [M]  sound/core/snd-hrtimer.o
  LD [M]  sound/core/snd-pcm.o
  LD [M]  sound/core/snd-pcm-dmaengine.o
  LD [M]  sound/core/snd-rawmidi.o
  LD [M]  sound/core/snd-compress.o
  CC [M]  sound/core/oss/mixer_oss.o
  LD [M]  sound/core/oss/snd-mixer-oss.o
  CC [M]  sound/core/seq/seq_device.o
  CC [M]  sound/core/seq/seq_dummy.o
  CC [M]  sound/core/seq/seq_midi_emul.o
  CC [M]  sound/core/seq/seq_midi_event.o
  CC [M]  sound/core/seq/seq_midi.o
  CC [M]  sound/core/seq/seq_virmidi.o
  CC [M]  sound/core/seq/seq.o
  CC [M]  sound/core/seq/seq_lock.o
  CC [M]  sound/core/seq/seq_clientmgr.o
  CC [M]  sound/core/seq/seq_memory.o
  CC [M]  sound/core/seq/seq_queue.o
  CC [M]  sound/core/seq/seq_fifo.o
  CC [M]  sound/core/seq/seq_prioq.o
  CC [M]  sound/core/seq/seq_timer.o
  CC [M]  sound/core/seq/seq_system.o
  CC [M]  sound/core/seq/seq_ports.o
  CC [M]  sound/core/seq/seq_info.o
  LD [M]  sound/core/seq/snd-seq.o
  LD [M]  sound/core/seq/snd-seq-device.o
  LD [M]  sound/core/seq/snd-seq-dummy.o
  LD [M]  sound/core/seq/snd-seq-virmidi.o
  LD [M]  sound/core/seq/snd-seq-midi-event.o
  LD [M]  sound/core/seq/snd-seq-midi.o
  LD [M]  sound/core/seq/snd-seq-midi-emul.o
  CC [M]  sound/drivers/aloop.o
  CC [M]  sound/drivers/dummy.o
  CC [M]  sound/drivers/mtpav.o
  CC [M]  sound/drivers/mts64.o
  CC [M]  sound/drivers/portman2x4.o
  CC [M]  sound/drivers/serial-u16550.o
  CC [M]  sound/drivers/virmidi.o
  LD [M]  sound/drivers/snd-dummy.o
  LD [M]  sound/drivers/snd-aloop.o
  LD [M]  sound/drivers/snd-virmidi.o
  LD [M]  sound/drivers/snd-serial-u16550.o
  LD [M]  sound/drivers/snd-mtpav.o
  LD [M]  sound/drivers/snd-mts64.o
  LD [M]  sound/drivers/snd-portman2x4.o
  CC [M]  sound/drivers/mpu401/mpu401_uart.o
  CC [M]  sound/drivers/mpu401/mpu401.o
  LD [M]  sound/drivers/mpu401/snd-mpu401-uart.o
  LD [M]  sound/drivers/mpu401/snd-mpu401.o
  CC [M]  sound/drivers/opl3/opl3_lib.o
  CC [M]  sound/drivers/opl3/opl3_synth.o
  CC [M]  sound/drivers/opl3/opl3_seq.o
  CC [M]  sound/drivers/opl3/opl3_midi.o
  CC [M]  sound/drivers/opl3/opl3_drums.o
  LD [M]  sound/drivers/opl3/snd-opl3-lib.o
  LD [M]  sound/drivers/opl3/snd-opl3-synth.o
  CC [M]  sound/drivers/pcsp/pcsp.o
  CC [M]  sound/drivers/pcsp/pcsp_lib.o
  CC [M]  sound/drivers/pcsp/pcsp_mixer.o
  CC [M]  sound/drivers/pcsp/pcsp_input.o
  LD [M]  sound/drivers/pcsp/snd-pcsp.o
  CC [M]  sound/drivers/vx/vx_core.o
  CC [M]  sound/drivers/vx/vx_hwdep.o
  CC [M]  sound/drivers/vx/vx_pcm.o
  CC [M]  sound/drivers/vx/vx_mixer.o
  CC [M]  sound/drivers/vx/vx_cmd.o
  CC [M]  sound/drivers/vx/vx_uer.o
  LD [M]  sound/drivers/vx/snd-vx-lib.o
  CC [M]  sound/firewire/dice.o
  CC [M]  sound/firewire/lib.o
  CC [M]  sound/firewire/iso-resources.o
  CC [M]  sound/firewire/packets-buffer.o
  CC [M]  sound/firewire/fcp.o
  CC [M]  sound/firewire/cmp.o
  CC [M]  sound/firewire/amdtp.o
  CC [M]  sound/firewire/speakers.o
  CC [M]  sound/firewire/isight.o
  CC [M]  sound/firewire/scs1x.o
  LD [M]  sound/firewire/snd-firewire-lib.o
  LD [M]  sound/firewire/snd-dice.o
  LD [M]  sound/firewire/snd-firewire-speakers.o
  LD [M]  sound/firewire/snd-isight.o
  LD [M]  sound/firewire/snd-scs1x.o
  CC [M]  sound/firewire/bebob/bebob_command.o
  CC [M]  sound/firewire/bebob/bebob_stream.o
  CC [M]  sound/firewire/bebob/bebob_proc.o
  CC [M]  sound/firewire/bebob/bebob_midi.o
  CC [M]  sound/firewire/bebob/bebob_pcm.o
  CC [M]  sound/firewire/bebob/bebob_hwdep.o
  CC [M]  sound/firewire/bebob/bebob_terratec.o
  CC [M]  sound/firewire/bebob/bebob_yamaha.o
  CC [M]  sound/firewire/bebob/bebob_focusrite.o
  CC [M]  sound/firewire/bebob/bebob_maudio.o
  CC [M]  sound/firewire/bebob/bebob.o
  LD [M]  sound/firewire/bebob/snd-bebob.o
  CC [M]  sound/firewire/fireworks/fireworks_transaction.o
  CC [M]  sound/firewire/fireworks/fireworks_command.o
  CC [M]  sound/firewire/fireworks/fireworks_stream.o
  CC [M]  sound/firewire/fireworks/fireworks_proc.o
  CC [M]  sound/firewire/fireworks/fireworks_midi.o
  CC [M]  sound/firewire/fireworks/fireworks_pcm.o
  CC [M]  sound/firewire/fireworks/fireworks_hwdep.o
  CC [M]  sound/firewire/fireworks/fireworks.o
  LD [M]  sound/firewire/fireworks/snd-fireworks.o
  CC [M]  sound/i2c/cs8427.o
  CC [M]  sound/i2c/i2c.o
  LD [M]  sound/i2c/snd-cs8427.o
  LD [M]  sound/i2c/snd-i2c.o
  CC [M]  sound/i2c/other/ak4113.o
  CC [M]  sound/i2c/other/ak4114.o
  CC [M]  sound/i2c/other/ak4117.o
  CC [M]  sound/i2c/other/ak4xxx-adda.o
  CC [M]  sound/i2c/other/pt2258.o
  LD [M]  sound/i2c/other/snd-ak4117.o
  LD [M]  sound/i2c/other/snd-ak4xxx-adda.o
  LD [M]  sound/i2c/other/snd-ak4114.o
  LD [M]  sound/i2c/other/snd-ak4113.o
  LD [M]  sound/i2c/other/snd-pt2258.o
  CC [M]  sound/isa/sb/sb_common.o
  CC [M]  sound/isa/sb/sb_mixer.o
  LD [M]  sound/isa/sb/snd-sb-common.o
  CC [M]  sound/pci/ad1889.o
  CC [M]  sound/pci/als300.o
  CC [M]  sound/pci/als4000.o
  CC [M]  sound/pci/atiixp_modem.o
  CC [M]  sound/pci/atiixp.o
  CC [M]  sound/pci/azt3328.o
  CC [M]  sound/pci/bt87x.o
  CC [M]  sound/pci/cmipci.o
  CC [M]  sound/pci/cs4281.o
  CC [M]  sound/pci/ens1370.o
  CC [M]  sound/pci/ak4531_codec.o
  CC [M]  sound/pci/ens1371.o
  CC [M]  sound/pci/es1938.o
  CC [M]  sound/pci/es1968.o
  CC [M]  sound/pci/fm801.o
  CC [M]  sound/pci/intel8x0.o
  CC [M]  sound/pci/intel8x0m.o
  CC [M]  sound/pci/maestro3.o
  CC [M]  sound/pci/rme32.o
  CC [M]  sound/pci/rme96.o
  CC [M]  sound/pci/sonicvibes.o
  CC [M]  sound/pci/via82xx_modem.o
  CC [M]  sound/pci/via82xx.o
  LD [M]  sound/pci/snd-ad1889.o
  LD [M]  sound/pci/snd-als300.o
  LD [M]  sound/pci/snd-als4000.o
  LD [M]  sound/pci/snd-atiixp.o
  LD [M]  sound/pci/snd-atiixp-modem.o
  LD [M]  sound/pci/snd-azt3328.o
  LD [M]  sound/pci/snd-bt87x.o
  LD [M]  sound/pci/snd-cmipci.o
  LD [M]  sound/pci/snd-cs4281.o
  LD [M]  sound/pci/snd-ens1370.o
  LD [M]  sound/pci/snd-ens1371.o
  LD [M]  sound/pci/snd-es1938.o
  LD [M]  sound/pci/snd-es1968.o
  LD [M]  sound/pci/snd-fm801.o
  LD [M]  sound/pci/snd-intel8x0.o
  LD [M]  sound/pci/snd-intel8x0m.o
  LD [M]  sound/pci/snd-maestro3.o
  LD [M]  sound/pci/snd-rme32.o
  LD [M]  sound/pci/snd-rme96.o
  LD [M]  sound/pci/snd-sonicvibes.o
  LD [M]  sound/pci/snd-via82xx.o
  LD [M]  sound/pci/snd-via82xx-modem.o
  CC [M]  sound/pci/ac97/ac97_codec.o
  CC [M]  sound/pci/ac97/ac97_pcm.o
  CC [M]  sound/pci/ac97/ac97_proc.o
  LD [M]  sound/pci/ac97/snd-ac97-codec.o
  CC [M]  sound/pci/ali5451/ali5451.o
  LD [M]  sound/pci/ali5451/snd-ali5451.o
  CC [M]  sound/pci/asihpi/asihpi.o
  CC [M]  sound/pci/asihpi/hpioctl.o
  CC [M]  sound/pci/asihpi/hpimsginit.o
  CC [M]  sound/pci/asihpi/hpicmn.o
  CC [M]  sound/pci/asihpi/hpifunc.o
  CC [M]  sound/pci/asihpi/hpidebug.o
  CC [M]  sound/pci/asihpi/hpidspcd.o
  CC [M]  sound/pci/asihpi/hpios.o
  CC [M]  sound/pci/asihpi/hpi6000.o
  CC [M]  sound/pci/asihpi/hpi6205.o
  CC [M]  sound/pci/asihpi/hpimsgx.o
  LD [M]  sound/pci/asihpi/snd-asihpi.o
  CC [M]  sound/pci/au88x0/au8810.o
  CC [M]  sound/pci/au88x0/au8820.o
  CC [M]  sound/pci/au88x0/au8830.o
  LD [M]  sound/pci/au88x0/snd-au8810.o
  LD [M]  sound/pci/au88x0/snd-au8820.o
  LD [M]  sound/pci/au88x0/snd-au8830.o
  CC [M]  sound/pci/aw2/aw2-alsa.o
  CC [M]  sound/pci/aw2/aw2-saa7146.o
  LD [M]  sound/pci/aw2/snd-aw2.o
  CC [M]  sound/pci/ca0106/ca0106_main.o
  CC [M]  sound/pci/ca0106/ca0106_proc.o
  CC [M]  sound/pci/ca0106/ca0106_mixer.o
  CC [M]  sound/pci/ca0106/ca_midi.o
  LD [M]  sound/pci/ca0106/snd-ca0106.o
  CC [M]  sound/pci/cs46xx/cs46xx.o
  CC [M]  sound/pci/cs46xx/cs46xx_lib.o
  CC [M]  sound/pci/cs46xx/dsp_spos.o
  CC [M]  sound/pci/cs46xx/dsp_spos_scb_lib.o
  LD [M]  sound/pci/cs46xx/snd-cs46xx.o
  CC [M]  sound/pci/ctxfi/xfi.o
  CC [M]  sound/pci/ctxfi/ctatc.o
  CC [M]  sound/pci/ctxfi/ctvmem.o
  CC [M]  sound/pci/ctxfi/ctpcm.o
  CC [M]  sound/pci/ctxfi/ctmixer.o
  CC [M]  sound/pci/ctxfi/ctresource.o
  CC [M]  sound/pci/ctxfi/ctsrc.o
  CC [M]  sound/pci/ctxfi/ctamixer.o
  CC [M]  sound/pci/ctxfi/ctdaio.o
  CC [M]  sound/pci/ctxfi/ctimap.o
  CC [M]  sound/pci/ctxfi/cthardware.o
  CC [M]  sound/pci/ctxfi/cttimer.o
  CC [M]  sound/pci/ctxfi/cthw20k2.o
  CC [M]  sound/pci/ctxfi/cthw20k1.o
  LD [M]  sound/pci/ctxfi/snd-ctxfi.o
  CC [M]  sound/pci/echoaudio/darla20.o
  CC [M]  sound/pci/echoaudio/darla24.o
  CC [M]  sound/pci/echoaudio/echo3g.o
  CC [M]  sound/pci/echoaudio/gina20.o
  CC [M]  sound/pci/echoaudio/gina24.o
  CC [M]  sound/pci/echoaudio/indigo.o
  CC [M]  sound/pci/echoaudio/indigodj.o
  CC [M]  sound/pci/echoaudio/indigodjx.o
  CC [M]  sound/pci/echoaudio/indigoio.o
  CC [M]  sound/pci/echoaudio/indigoiox.o
  CC [M]  sound/pci/echoaudio/layla20.o
  CC [M]  sound/pci/echoaudio/layla24.o
  CC [M]  sound/pci/echoaudio/mia.o
  CC [M]  sound/pci/echoaudio/mona.o
  LD [M]  sound/pci/echoaudio/snd-darla20.o
  LD [M]  sound/pci/echoaudio/snd-gina20.o
  LD [M]  sound/pci/echoaudio/snd-layla20.o
  LD [M]  sound/pci/echoaudio/snd-darla24.o
  LD [M]  sound/pci/echoaudio/snd-gina24.o
  LD [M]  sound/pci/echoaudio/snd-layla24.o
  LD [M]  sound/pci/echoaudio/snd-mona.o
  LD [M]  sound/pci/echoaudio/snd-mia.o
  LD [M]  sound/pci/echoaudio/snd-echo3g.o
  LD [M]  sound/pci/echoaudio/snd-indigo.o
  LD [M]  sound/pci/echoaudio/snd-indigoio.o
  LD [M]  sound/pci/echoaudio/snd-indigodj.o
  LD [M]  sound/pci/echoaudio/snd-indigoiox.o
  LD [M]  sound/pci/echoaudio/snd-indigodjx.o
  CC [M]  sound/pci/emu10k1/emu10k1_synth.o
  CC [M]  sound/pci/emu10k1/emu10k1_callback.o
  CC [M]  sound/pci/emu10k1/emu10k1_patch.o
  CC [M]  sound/pci/emu10k1/emu10k1.o
  CC [M]  sound/pci/emu10k1/emu10k1_main.o
  CC [M]  sound/pci/emu10k1/irq.o
  CC [M]  sound/pci/emu10k1/memory.o
  CC [M]  sound/pci/emu10k1/voice.o
  CC [M]  sound/pci/emu10k1/emumpu401.o
  CC [M]  sound/pci/emu10k1/emupcm.o
  CC [M]  sound/pci/emu10k1/io.o
  CC [M]  sound/pci/emu10k1/emuproc.o
  CC [M]  sound/pci/emu10k1/emumixer.o
  CC [M]  sound/pci/emu10k1/emufx.o
  CC [M]  sound/pci/emu10k1/timer.o
  CC [M]  sound/pci/emu10k1/p16v.o
  CC [M]  sound/pci/emu10k1/emu10k1x.o
  LD [M]  sound/pci/emu10k1/snd-emu10k1.o
  LD [M]  sound/pci/emu10k1/snd-emu10k1-synth.o
  LD [M]  sound/pci/emu10k1/snd-emu10k1x.o
  CC [M]  sound/pci/hda/patch_analog.o
  CC [M]  sound/pci/hda/patch_ca0110.o
  CC [M]  sound/pci/hda/patch_ca0132.o
  CC [M]  sound/pci/hda/patch_cirrus.o
  CC [M]  sound/pci/hda/patch_cmedia.o
  CC [M]  sound/pci/hda/patch_conexant.o
  CC [M]  sound/pci/hda/hda_generic.o
  CC [M]  sound/pci/hda/patch_hdmi.o
  CC [M]  sound/pci/hda/hda_eld.o
  CC [M]  sound/pci/hda/patch_sigmatel.o
  CC [M]  sound/pci/hda/patch_realtek.o
  CC [M]  sound/pci/hda/patch_si3054.o
  CC [M]  sound/pci/hda/patch_via.o
  CC [M]  sound/pci/hda/hda_codec.o
  CC [M]  sound/pci/hda/hda_jack.o
  CC [M]  sound/pci/hda/hda_auto_parser.o
  CC [M]  sound/pci/hda/hda_sysfs.o
  CC [M]  sound/pci/hda/hda_proc.o
  CC [M]  sound/pci/hda/hda_hwdep.o
  CC [M]  sound/pci/hda/hda_beep.o
  CC [M]  sound/pci/hda/hda_controller.o
  CC [M]  sound/pci/hda/hda_intel.o
  CC [M]  sound/pci/hda/hda_i915.o
  LD [M]  sound/pci/hda/snd-hda-codec.o
  LD [M]  sound/pci/hda/snd-hda-controller.o
  LD [M]  sound/pci/hda/snd-hda-codec-generic.o
  LD [M]  sound/pci/hda/snd-hda-codec-realtek.o
  LD [M]  sound/pci/hda/snd-hda-codec-cmedia.o
  LD [M]  sound/pci/hda/snd-hda-codec-analog.o
  LD [M]  sound/pci/hda/snd-hda-codec-idt.o
  LD [M]  sound/pci/hda/snd-hda-codec-si3054.o
  LD [M]  sound/pci/hda/snd-hda-codec-cirrus.o
  LD [M]  sound/pci/hda/snd-hda-codec-ca0110.o
  LD [M]  sound/pci/hda/snd-hda-codec-ca0132.o
  LD [M]  sound/pci/hda/snd-hda-codec-conexant.o
  LD [M]  sound/pci/hda/snd-hda-codec-via.o
  LD [M]  sound/pci/hda/snd-hda-codec-hdmi.o
  LD [M]  sound/pci/hda/snd-hda-intel.o
  CC [M]  sound/pci/ice1712/ice1712.o
  CC [M]  sound/pci/ice1712/delta.o
  CC [M]  sound/pci/ice1712/hoontech.o
  CC [M]  sound/pci/ice1712/ews.o
  CC [M]  sound/pci/ice1712/ice1724.o
  CC [M]  sound/pci/ice1712/amp.o
  CC [M]  sound/pci/ice1712/revo.o
  CC [M]  sound/pci/ice1712/aureon.o
  CC [M]  sound/pci/ice1712/vt1720_mobo.o
  CC [M]  sound/pci/ice1712/pontis.o
  CC [M]  sound/pci/ice1712/prodigy192.o
  CC [M]  sound/pci/ice1712/prodigy_hifi.o
  CC [M]  sound/pci/ice1712/juli.o
  CC [M]  sound/pci/ice1712/phase.o
  CC [M]  sound/pci/ice1712/wtm.o
  CC [M]  sound/pci/ice1712/se.o
  CC [M]  sound/pci/ice1712/maya44.o
  CC [M]  sound/pci/ice1712/quartet.o
  CC [M]  sound/pci/ice1712/psc724.o
  CC [M]  sound/pci/ice1712/wm8766.o
  CC [M]  sound/pci/ice1712/wm8776.o
  CC [M]  sound/pci/ice1712/ak4xxx.o
  LD [M]  sound/pci/ice1712/snd-ice1712.o
  LD [M]  sound/pci/ice1712/snd-ice17xx-ak4xxx.o
  LD [M]  sound/pci/ice1712/snd-ice1724.o
  CC [M]  sound/pci/korg1212/korg1212.o
  LD [M]  sound/pci/korg1212/snd-korg1212.o
  CC [M]  sound/pci/lola/lola.o
  CC [M]  sound/pci/lola/lola_pcm.o
  CC [M]  sound/pci/lola/lola_clock.o
  CC [M]  sound/pci/lola/lola_mixer.o
  LD [M]  sound/pci/lola/snd-lola.o
  CC [M]  sound/pci/lx6464es/lx6464es.o
  CC [M]  sound/pci/lx6464es/lx_core.o
  LD [M]  sound/pci/lx6464es/snd-lx6464es.o
  CC [M]  sound/pci/mixart/mixart.o
  CC [M]  sound/pci/mixart/mixart_core.o
  CC [M]  sound/pci/mixart/mixart_hwdep.o
  CC [M]  sound/pci/mixart/mixart_mixer.o
  LD [M]  sound/pci/mixart/snd-mixart.o
  CC [M]  sound/pci/nm256/nm256.o
  LD [M]  sound/pci/nm256/snd-nm256.o
  CC [M]  sound/pci/oxygen/oxygen_io.o
  CC [M]  sound/pci/oxygen/oxygen_lib.o
  CC [M]  sound/pci/oxygen/oxygen_mixer.o
  CC [M]  sound/pci/oxygen/oxygen_pcm.o
  CC [M]  sound/pci/oxygen/oxygen.o
  CC [M]  sound/pci/oxygen/xonar_dg_mixer.o
  CC [M]  sound/pci/oxygen/xonar_dg.o
  CC [M]  sound/pci/oxygen/virtuoso.o
  CC [M]  sound/pci/oxygen/xonar_lib.o
  CC [M]  sound/pci/oxygen/xonar_pcm179x.o
  CC [M]  sound/pci/oxygen/xonar_cs43xx.o
  CC [M]  sound/pci/oxygen/xonar_wm87x6.o
  CC [M]  sound/pci/oxygen/xonar_hdmi.o
  LD [M]  sound/pci/oxygen/snd-oxygen-lib.o
  LD [M]  sound/pci/oxygen/snd-oxygen.o
  LD [M]  sound/pci/oxygen/snd-virtuoso.o
  CC [M]  sound/pci/pcxhr/pcxhr.o
  CC [M]  sound/pci/pcxhr/pcxhr_hwdep.o
  CC [M]  sound/pci/pcxhr/pcxhr_mixer.o
  CC [M]  sound/pci/pcxhr/pcxhr_core.o
  CC [M]  sound/pci/pcxhr/pcxhr_mix22.o
  LD [M]  sound/pci/pcxhr/snd-pcxhr.o
  CC [M]  sound/pci/riptide/riptide.o
  LD [M]  sound/pci/riptide/snd-riptide.o
  CC [M]  sound/pci/rme9652/hdsp.o
  CC [M]  sound/pci/rme9652/hdspm.o
  CC [M]  sound/pci/rme9652/rme9652.o
  LD [M]  sound/pci/rme9652/snd-rme9652.o
  LD [M]  sound/pci/rme9652/snd-hdsp.o
  LD [M]  sound/pci/rme9652/snd-hdspm.o
  CC [M]  sound/pci/trident/trident.o
  CC [M]  sound/pci/trident/trident_main.o
  CC [M]  sound/pci/trident/trident_memory.o
  LD [M]  sound/pci/trident/snd-trident.o
  CC [M]  sound/pci/vx222/vx222.o
  CC [M]  sound/pci/vx222/vx222_ops.o
  LD [M]  sound/pci/vx222/snd-vx222.o
  CC [M]  sound/pci/ymfpci/ymfpci.o
  CC [M]  sound/pci/ymfpci/ymfpci_main.o
  LD [M]  sound/pci/ymfpci/snd-ymfpci.o
  CC [M]  sound/pcmcia/pdaudiocf/pdaudiocf.o
  CC [M]  sound/pcmcia/pdaudiocf/pdaudiocf_core.o
  CC [M]  sound/pcmcia/pdaudiocf/pdaudiocf_irq.o
  CC [M]  sound/pcmcia/pdaudiocf/pdaudiocf_pcm.o
  LD [M]  sound/pcmcia/pdaudiocf/snd-pdaudiocf.o
  CC [M]  sound/pcmcia/vx/vxpocket.o
  CC [M]  sound/pcmcia/vx/vxp_ops.o
  CC [M]  sound/pcmcia/vx/vxp_mixer.o
  LD [M]  sound/pcmcia/vx/snd-vxpocket.o
  CC [M]  sound/soc/soc-core.o
  CC [M]  sound/soc/soc-dapm.o
  CC [M]  sound/soc/soc-jack.o
  CC [M]  sound/soc/soc-cache.o
  CC [M]  sound/soc/soc-utils.o
  CC [M]  sound/soc/soc-pcm.o
  CC [M]  sound/soc/soc-compress.o
  CC [M]  sound/soc/soc-io.o
  CC [M]  sound/soc/soc-devres.o
  CC [M]  sound/soc/soc-generic-dmaengine-pcm.o
  LD [M]  sound/soc/snd-soc-core.o
  CC [M]  sound/soc/atmel/atmel-pcm.o
  LD [M]  sound/soc/atmel/snd-soc-atmel-pcm.o
  CC [M]  sound/soc/codecs/adau1701.o
  CC [M]  sound/soc/codecs/ak4104.o
  CC [M]  sound/soc/codecs/ak4554.o
  CC [M]  sound/soc/codecs/ak4642.o
  CC [M]  sound/soc/codecs/ak5386.o
  CC [M]  sound/soc/codecs/alc5623.o
  CC [M]  sound/soc/codecs/cs4270.o
  CC [M]  sound/soc/codecs/cs4271.o
  CC [M]  sound/soc/codecs/cs42l52.o
  CC [M]  sound/soc/codecs/cs42l56.o
  CC [M]  sound/soc/codecs/cs42l73.o
  CC [M]  sound/soc/codecs/cs42xx8-i2c.o
  CC [M]  sound/soc/codecs/cs42xx8.o
  CC [M]  sound/soc/codecs/hdmi.o
  CC [M]  sound/soc/codecs/max98090.o
  CC [M]  sound/soc/codecs/pcm1681.o
  CC [M]  sound/soc/codecs/pcm1792a.o
  CC [M]  sound/soc/codecs/pcm512x-i2c.o
  CC [M]  sound/soc/codecs/pcm512x-spi.o
  CC [M]  sound/soc/codecs/pcm512x.o
  CC [M]  sound/soc/codecs/rl6231.o
  CC [M]  sound/soc/codecs/rt5640.o
  CC [M]  sound/soc/codecs/sgtl5000.o
  CC [M]  sound/soc/codecs/si476x.o
  CC [M]  sound/soc/codecs/sigmadsp-i2c.o
  CC [M]  sound/soc/codecs/sigmadsp.o
  CC [M]  sound/soc/codecs/spdif_receiver.o
  CC [M]  sound/soc/codecs/spdif_transmitter.o
  CC [M]  sound/soc/codecs/sta350.o
  CC [M]  sound/soc/codecs/tas5086.o
  CC [M]  sound/soc/codecs/tlv320aic3x.o
  CC [M]  sound/soc/codecs/tpa6130a2.o
  CC [M]  sound/soc/codecs/wm8510.o
  CC [M]  sound/soc/codecs/wm8523.o
  CC [M]  sound/soc/codecs/wm8580.o
  CC [M]  sound/soc/codecs/wm8711.o
  CC [M]  sound/soc/codecs/wm8728.o
  CC [M]  sound/soc/codecs/wm8731.o
  CC [M]  sound/soc/codecs/wm8737.o
  CC [M]  sound/soc/codecs/wm8741.o
  CC [M]  sound/soc/codecs/wm8750.o
  CC [M]  sound/soc/codecs/wm8753.o
  CC [M]  sound/soc/codecs/wm8770.o
  CC [M]  sound/soc/codecs/wm8776.o
  CC [M]  sound/soc/codecs/wm8804.o
  CC [M]  sound/soc/codecs/wm8903.o
  CC [M]  sound/soc/codecs/wm8962.o
  LD [M]  sound/soc/codecs/snd-soc-adau1701.o
  LD [M]  sound/soc/codecs/snd-soc-ak4104.o
  LD [M]  sound/soc/codecs/snd-soc-ak4554.o
  LD [M]  sound/soc/codecs/snd-soc-ak4642.o
  LD [M]  sound/soc/codecs/snd-soc-ak5386.o
  LD [M]  sound/soc/codecs/snd-soc-alc5623.o
  LD [M]  sound/soc/codecs/snd-soc-cs42l52.o
  LD [M]  sound/soc/codecs/snd-soc-cs42l56.o
  LD [M]  sound/soc/codecs/snd-soc-cs42l73.o
  LD [M]  sound/soc/codecs/snd-soc-cs4270.o
  LD [M]  sound/soc/codecs/snd-soc-cs4271.o
  LD [M]  sound/soc/codecs/snd-soc-cs42xx8.o
  LD [M]  sound/soc/codecs/snd-soc-cs42xx8-i2c.o
  LD [M]  sound/soc/codecs/snd-soc-max98090.o
  LD [M]  sound/soc/codecs/snd-soc-hdmi-codec.o
  LD [M]  sound/soc/codecs/snd-soc-pcm1681.o
  LD [M]  sound/soc/codecs/snd-soc-pcm1792a-codec.o
  LD [M]  sound/soc/codecs/snd-soc-pcm512x.o
  LD [M]  sound/soc/codecs/snd-soc-pcm512x-i2c.o
  LD [M]  sound/soc/codecs/snd-soc-pcm512x-spi.o
  LD [M]  sound/soc/codecs/snd-soc-rl6231.o
  LD [M]  sound/soc/codecs/snd-soc-rt5640.o
  LD [M]  sound/soc/codecs/snd-soc-sgtl5000.o
  LD [M]  sound/soc/codecs/snd-soc-sigmadsp.o
  LD [M]  sound/soc/codecs/snd-soc-sigmadsp-i2c.o
  LD [M]  sound/soc/codecs/snd-soc-si476x.o
  LD [M]  sound/soc/codecs/snd-soc-spdif-rx.o
  LD [M]  sound/soc/codecs/snd-soc-spdif-tx.o
  LD [M]  sound/soc/codecs/snd-soc-sta350.o
  LD [M]  sound/soc/codecs/snd-soc-tas5086.o
  LD [M]  sound/soc/codecs/snd-soc-tlv320aic3x.o
  LD [M]  sound/soc/codecs/snd-soc-wm8510.o
  LD [M]  sound/soc/codecs/snd-soc-wm8523.o
  LD [M]  sound/soc/codecs/snd-soc-wm8580.o
  LD [M]  sound/soc/codecs/snd-soc-wm8711.o
  LD [M]  sound/soc/codecs/snd-soc-wm8728.o
  LD [M]  sound/soc/codecs/snd-soc-wm8731.o
  LD [M]  sound/soc/codecs/snd-soc-wm8737.o
  LD [M]  sound/soc/codecs/snd-soc-wm8741.o
  LD [M]  sound/soc/codecs/snd-soc-wm8750.o
  LD [M]  sound/soc/codecs/snd-soc-wm8753.o
  LD [M]  sound/soc/codecs/snd-soc-wm8770.o
  LD [M]  sound/soc/codecs/snd-soc-wm8776.o
  LD [M]  sound/soc/codecs/snd-soc-wm8804.o
  LD [M]  sound/soc/codecs/snd-soc-wm8903.o
  LD [M]  sound/soc/codecs/snd-soc-wm8962.o
  LD [M]  sound/soc/codecs/snd-soc-tpa6130a2.o
  CC [M]  sound/soc/dwc/designware_i2s.o
  CC [M]  sound/soc/fsl/fsl_esai.o
  CC [M]  sound/soc/fsl/fsl_sai.o
sound/soc/fsl/fsl_sai.c: In function ‘fsl_sai_trigger’:
sound/soc/fsl/fsl_sai.c:337:7: warning: large integer implicitly truncated to unsigned type [-Woverflow]
       ~FSL_SAI_CR2_SYNC);
       ^
  CC [M]  sound/soc/fsl/fsl_spdif.o
  CC [M]  sound/soc/fsl/fsl_ssi.o
  CC [M]  sound/soc/fsl/fsl_ssi_dbg.o
  CC [M]  sound/soc/fsl/fsl_utils.o
  CC [M]  sound/soc/fsl/imx-audmux.o
sound/soc/fsl/imx-audmux.c: In function ‘audmux_read_file’:
sound/soc/fsl/imx-audmux.c:70:13: warning: cast from pointer to integer of different size [-Wpointer-to-int-cast]
  int port = (int)file->private_data;
             ^
sound/soc/fsl/imx-audmux.c: In function ‘audmux_debugfs_init’:
sound/soc/fsl/imx-audmux.c:162:7: warning: cast to pointer from integer of different size [-Wint-to-pointer-cast]
       (void *)i, &audmux_debugfs_fops))
       ^
  LD [M]  sound/soc/fsl/snd-soc-fsl-sai.o
  LD [M]  sound/soc/fsl/snd-soc-fsl-ssi.o
  LD [M]  sound/soc/fsl/snd-soc-fsl-spdif.o
  LD [M]  sound/soc/fsl/snd-soc-fsl-esai.o
  LD [M]  sound/soc/fsl/snd-soc-fsl-utils.o
  LD [M]  sound/soc/fsl/snd-soc-imx-audmux.o
  CC [M]  sound/soc/generic/simple-card.o
  LD [M]  sound/soc/generic/snd-soc-simple-card.o
  CC [M]  sound/soc/intel/sst-acpi.o
  CC [M]  sound/soc/intel/sst-baytrail-ipc.o
  CC [M]  sound/soc/intel/sst-baytrail-pcm.o
  CC [M]  sound/soc/intel/sst-baytrail-dsp.o
  CC [M]  sound/soc/intel/byt-max98090.o
  CC [M]  sound/soc/intel/byt-rt5640.o
  CC [M]  sound/soc/intel/sst-dsp.o
  CC [M]  sound/soc/intel/sst-firmware.o
  CC [M]  sound/soc/intel/sst-haswell-ipc.o
  CC [M]  sound/soc/intel/sst-haswell-pcm.o
  CC [M]  sound/soc/intel/sst-haswell-dsp.o
  CC [M]  sound/soc/intel/haswell.o
  LD [M]  sound/soc/intel/snd-soc-sst-dsp.o
  LD [M]  sound/soc/intel/snd-soc-sst-acpi.o
  LD [M]  sound/soc/intel/snd-soc-sst-haswell-pcm.o
  LD [M]  sound/soc/intel/snd-soc-sst-baytrail-pcm.o
  LD [M]  sound/soc/intel/snd-soc-sst-haswell.o
  LD [M]  sound/soc/intel/snd-soc-sst-byt-rt5640-mach.o
  LD [M]  sound/soc/intel/snd-soc-sst-byt-max98090-mach.o
  CC [M]  sound/synth/util_mem.o
  LD [M]  sound/synth/snd-util-mem.o
  CC [M]  sound/synth/emux/emux.o
  CC [M]  sound/synth/emux/emux_synth.o
  CC [M]  sound/synth/emux/emux_seq.o
  CC [M]  sound/synth/emux/emux_nrpn.o
  CC [M]  sound/synth/emux/emux_effect.o
  CC [M]  sound/synth/emux/emux_proc.o
  CC [M]  sound/synth/emux/emux_hwdep.o
  CC [M]  sound/synth/emux/soundfont.o
  LD [M]  sound/synth/emux/snd-emux-synth.o
  CC [M]  sound/usb/card.o
  CC [M]  sound/usb/clock.o
  CC [M]  sound/usb/endpoint.o
  CC [M]  sound/usb/format.o
  CC [M]  sound/usb/helper.o
  CC [M]  sound/usb/mixer.o
  CC [M]  sound/usb/mixer_quirks.o
  CC [M]  sound/usb/pcm.o
  CC [M]  sound/usb/proc.o
  CC [M]  sound/usb/quirks.o
  CC [M]  sound/usb/stream.o
  CC [M]  sound/usb/midi.o
  LD [M]  sound/usb/snd-usb-audio.o
  LD [M]  sound/usb/snd-usbmidi-lib.o
  CC [M]  sound/usb/6fire/chip.o
  CC [M]  sound/usb/6fire/comm.o
  CC [M]  sound/usb/6fire/midi.o
  CC [M]  sound/usb/6fire/control.o
  CC [M]  sound/usb/6fire/firmware.o
  CC [M]  sound/usb/6fire/pcm.o
  LD [M]  sound/usb/6fire/snd-usb-6fire.o
  CC [M]  sound/usb/bcd2000/bcd2000.o
  LD [M]  sound/usb/bcd2000/snd-bcd2000.o
  CC [M]  sound/usb/caiaq/device.o
  CC [M]  sound/usb/caiaq/audio.o
  CC [M]  sound/usb/caiaq/midi.o
  CC [M]  sound/usb/caiaq/control.o
  CC [M]  sound/usb/caiaq/input.o
  LD [M]  sound/usb/caiaq/snd-usb-caiaq.o
  CC [M]  sound/usb/hiface/chip.o
  CC [M]  sound/usb/hiface/pcm.o
  LD [M]  sound/usb/hiface/snd-usb-hiface.o
  CC [M]  sound/usb/misc/ua101.o
  LD [M]  sound/usb/misc/snd-ua101.o
  CC [M]  sound/usb/usx2y/us122l.o
  CC [M]  sound/usb/usx2y/usbusx2y.o
  CC [M]  sound/usb/usx2y/usX2Yhwdep.o
  CC [M]  sound/usb/usx2y/usx2yhwdeppcm.o
  LD [M]  sound/usb/usx2y/snd-usb-usx2y.o
  LD [M]  sound/usb/usx2y/snd-usb-us122l.o
  CC [M]  arch/x86/oprofile/../../../drivers/oprofile/oprof.o
  CC [M]  arch/x86/oprofile/../../../drivers/oprofile/cpu_buffer.o
  CC [M]  arch/x86/oprofile/../../../drivers/oprofile/buffer_sync.o
  CC [M]  arch/x86/oprofile/../../../drivers/oprofile/event_buffer.o
  CC [M]  arch/x86/oprofile/../../../drivers/oprofile/oprofile_files.o
  CC [M]  arch/x86/oprofile/../../../drivers/oprofile/oprofilefs.o
  CC [M]  arch/x86/oprofile/../../../drivers/oprofile/oprofile_stats.o
  CC [M]  arch/x86/oprofile/../../../drivers/oprofile/timer_int.o
  CC [M]  arch/x86/oprofile/../../../drivers/oprofile/nmi_timer_int.o
  CC [M]  arch/x86/oprofile/init.o
  CC [M]  arch/x86/oprofile/backtrace.o
  CC [M]  arch/x86/oprofile/nmi_int.o
  CC [M]  arch/x86/oprofile/op_model_amd.o
  CC [M]  arch/x86/oprofile/op_model_ppro.o
  CC [M]  arch/x86/oprofile/op_model_p4.o
  LD [M]  arch/x86/oprofile/oprofile.o
  CC [M]  net/802/p8022.o
  CC [M]  net/802/psnap.o
  CC [M]  net/802/p8023.o
  CC [M]  net/802/stp.o
  CC [M]  net/802/garp.o
  CC [M]  net/802/mrp.o
  CC [M]  net/8021q/vlan.o
  CC [M]  net/8021q/vlan_dev.o
  CC [M]  net/8021q/vlan_netlink.o
  CC [M]  net/8021q/vlan_gvrp.o
  CC [M]  net/8021q/vlan_mvrp.o
  CC [M]  net/8021q/vlanproc.o
  LD [M]  net/8021q/8021q.o
  CC [M]  net/9p/mod.o
  CC [M]  net/9p/client.o
  CC [M]  net/9p/error.o
  CC [M]  net/9p/util.o
  CC [M]  net/9p/protocol.o
  CC [M]  net/9p/trans_fd.o
  CC [M]  net/9p/trans_common.o
  CC [M]  net/9p/trans_rdma.o
  CC [M]  net/9p/trans_virtio.o
  LD [M]  net/9p/9pnet.o
  LD [M]  net/9p/9pnet_virtio.o
  LD [M]  net/9p/9pnet_rdma.o
  CC [M]  net/appletalk/aarp.o
  CC [M]  net/appletalk/ddp.o
  CC [M]  net/appletalk/dev.o
  CC [M]  net/appletalk/atalk_proc.o
  CC [M]  net/appletalk/sysctl_net_atalk.o
  LD [M]  net/appletalk/appletalk.o
  CC [M]  net/atm/addr.o
  CC [M]  net/atm/pvc.o
  CC [M]  net/atm/signaling.o
  CC [M]  net/atm/svc.o
  CC [M]  net/atm/ioctl.o
  CC [M]  net/atm/common.o
  CC [M]  net/atm/atm_misc.o
  CC [M]  net/atm/raw.o
  CC [M]  net/atm/resources.o
  CC [M]  net/atm/atm_sysfs.o
  CC [M]  net/atm/proc.o
  CC [M]  net/atm/mpc.o
  CC [M]  net/atm/mpoa_caches.o
  CC [M]  net/atm/mpoa_proc.o
  LD [M]  net/atm/atm.o
  CC [M]  net/atm/clip.o
  CC [M]  net/atm/br2684.o
  CC [M]  net/atm/lec.o
  LD [M]  net/atm/mpoa.o
  CC [M]  net/atm/pppoatm.o
  CC [M]  net/ax25/ax25_addr.o
  CC [M]  net/ax25/ax25_dev.o
  CC [M]  net/ax25/ax25_iface.o
  CC [M]  net/ax25/ax25_in.o
  CC [M]  net/ax25/ax25_ip.o
  CC [M]  net/ax25/ax25_out.o
  CC [M]  net/ax25/ax25_route.o
  CC [M]  net/ax25/ax25_std_in.o
  CC [M]  net/ax25/ax25_std_subr.o
  CC [M]  net/ax25/ax25_std_timer.o
  CC [M]  net/ax25/ax25_subr.o
  CC [M]  net/ax25/ax25_timer.o
  CC [M]  net/ax25/ax25_uid.o
  CC [M]  net/ax25/af_ax25.o
  CC [M]  net/ax25/ax25_ds_in.o
  CC [M]  net/ax25/ax25_ds_subr.o
  CC [M]  net/ax25/ax25_ds_timer.o
  CC [M]  net/ax25/sysctl_net_ax25.o
  LD [M]  net/ax25/ax25.o
  CC [M]  net/batman-adv/bat_iv_ogm.o
  CC [M]  net/batman-adv/bitarray.o
  CC [M]  net/batman-adv/bridge_loop_avoidance.o
  CC [M]  net/batman-adv/debugfs.o
  CC [M]  net/batman-adv/distributed-arp-table.o
  CC [M]  net/batman-adv/fragmentation.o
  CC [M]  net/batman-adv/gateway_client.o
  CC [M]  net/batman-adv/gateway_common.o
  CC [M]  net/batman-adv/hard-interface.o
  CC [M]  net/batman-adv/hash.o
  CC [M]  net/batman-adv/icmp_socket.o
  CC [M]  net/batman-adv/main.o
  CC [M]  net/batman-adv/network-coding.o
  CC [M]  net/batman-adv/originator.o
  CC [M]  net/batman-adv/routing.o
  CC [M]  net/batman-adv/send.o
  CC [M]  net/batman-adv/soft-interface.o
  CC [M]  net/batman-adv/sysfs.o
  CC [M]  net/batman-adv/translation-table.o
  CC [M]  net/batman-adv/multicast.o
  LD [M]  net/batman-adv/batman-adv.o
  CC [M]  net/bluetooth/af_bluetooth.o
  CC [M]  net/bluetooth/hci_core.o
  CC [M]  net/bluetooth/hci_conn.o
  CC [M]  net/bluetooth/hci_event.o
  CC [M]  net/bluetooth/mgmt.o
  CC [M]  net/bluetooth/hci_sock.o
  CC [M]  net/bluetooth/hci_sysfs.o
  CC [M]  net/bluetooth/l2cap_core.o
  CC [M]  net/bluetooth/l2cap_sock.o
  CC [M]  net/bluetooth/smp.o
  CC [M]  net/bluetooth/sco.o
  CC [M]  net/bluetooth/lib.o
  CC [M]  net/bluetooth/a2mp.o
  CC [M]  net/bluetooth/amp.o
  CC [M]  net/bluetooth/6lowpan.o
  LD [M]  net/bluetooth/bluetooth.o
  CC [M]  net/bluetooth/bnep/core.o
  CC [M]  net/bluetooth/bnep/sock.o
  CC [M]  net/bluetooth/bnep/netdev.o
  LD [M]  net/bluetooth/bnep/bnep.o
  CC [M]  net/bluetooth/cmtp/core.o
  CC [M]  net/bluetooth/cmtp/sock.o
  CC [M]  net/bluetooth/cmtp/capi.o
  LD [M]  net/bluetooth/cmtp/cmtp.o
  CC [M]  net/bluetooth/hidp/core.o
  CC [M]  net/bluetooth/hidp/sock.o
  LD [M]  net/bluetooth/hidp/hidp.o
  CC [M]  net/bluetooth/rfcomm/core.o
  CC [M]  net/bluetooth/rfcomm/sock.o
  CC [M]  net/bluetooth/rfcomm/tty.o
  LD [M]  net/bluetooth/rfcomm/rfcomm.o
  CC [M]  net/bridge/br.o
  CC [M]  net/bridge/br_device.o
  CC [M]  net/bridge/br_fdb.o
  CC [M]  net/bridge/br_forward.o
  CC [M]  net/bridge/br_if.o
  CC [M]  net/bridge/br_input.o
  CC [M]  net/bridge/br_ioctl.o
  CC [M]  net/bridge/br_stp.o
  CC [M]  net/bridge/br_stp_bpdu.o
  CC [M]  net/bridge/br_stp_if.o
  CC [M]  net/bridge/br_stp_timer.o
  CC [M]  net/bridge/br_netlink.o
  CC [M]  net/bridge/br_sysfs_if.o
  CC [M]  net/bridge/br_sysfs_br.o
  CC [M]  net/bridge/br_netfilter.o
  CC [M]  net/bridge/br_multicast.o
  CC [M]  net/bridge/br_mdb.o
  CC [M]  net/bridge/br_vlan.o
  LD [M]  net/bridge/bridge.o
  CC [M]  net/bridge/netfilter/nf_tables_bridge.o
  CC [M]  net/bridge/netfilter/nft_meta_bridge.o
  CC [M]  net/bridge/netfilter/ebtables.o
  CC [M]  net/bridge/netfilter/ebtable_broute.o
  CC [M]  net/bridge/netfilter/ebtable_filter.o
  CC [M]  net/bridge/netfilter/ebtable_nat.o
  CC [M]  net/bridge/netfilter/ebt_802_3.o
  CC [M]  net/bridge/netfilter/ebt_among.o
  CC [M]  net/bridge/netfilter/ebt_arp.o
  CC [M]  net/bridge/netfilter/ebt_ip.o
  CC [M]  net/bridge/netfilter/ebt_ip6.o
  CC [M]  net/bridge/netfilter/ebt_limit.o
  CC [M]  net/bridge/netfilter/ebt_mark_m.o
  CC [M]  net/bridge/netfilter/ebt_pkttype.o
  CC [M]  net/bridge/netfilter/ebt_stp.o
  CC [M]  net/bridge/netfilter/ebt_vlan.o
  CC [M]  net/bridge/netfilter/ebt_arpreply.o
  CC [M]  net/bridge/netfilter/ebt_mark.o
  CC [M]  net/bridge/netfilter/ebt_dnat.o
  CC [M]  net/bridge/netfilter/ebt_redirect.o
  CC [M]  net/bridge/netfilter/ebt_snat.o
  CC [M]  net/bridge/netfilter/ebt_log.o
  CC [M]  net/bridge/netfilter/ebt_nflog.o
  CC [M]  net/caif/caif_dev.o
  CC [M]  net/caif/cfcnfg.o
  CC [M]  net/caif/cfmuxl.o
  CC [M]  net/caif/cfctrl.o
  CC [M]  net/caif/cffrml.o
  CC [M]  net/caif/cfveil.o
  CC [M]  net/caif/cfdbgl.o
  CC [M]  net/caif/cfserl.o
  CC [M]  net/caif/cfdgml.o
  CC [M]  net/caif/cfrfml.o
  CC [M]  net/caif/cfvidl.o
  CC [M]  net/caif/cfutill.o
  CC [M]  net/caif/cfsrvl.o
  CC [M]  net/caif/cfpkt_skbuff.o
  LD [M]  net/caif/caif.o
  CC [M]  net/caif/chnl_net.o
  CC [M]  net/caif/caif_socket.o
  CC [M]  net/caif/caif_usb.o
  CC [M]  net/can/bcm.o
  CC [M]  net/can/gw.o
  CC [M]  net/can/raw.o
  CC [M]  net/can/af_can.o
  CC [M]  net/can/proc.o
  LD [M]  net/can/can.o
  LD [M]  net/can/can-raw.o
  LD [M]  net/can/can-bcm.o
  LD [M]  net/can/can-gw.o
  CC [M]  net/ceph/ceph_common.o
  CC [M]  net/ceph/messenger.o
  CC [M]  net/ceph/msgpool.o
  CC [M]  net/ceph/buffer.o
  CC [M]  net/ceph/pagelist.o
  CC [M]  net/ceph/mon_client.o
  CC [M]  net/ceph/osd_client.o
  CC [M]  net/ceph/osdmap.o
  CC [M]  net/ceph/crush/crush.o
  CC [M]  net/ceph/crush/mapper.o
  CC [M]  net/ceph/crush/hash.o
  CC [M]  net/ceph/debugfs.o
  CC [M]  net/ceph/auth.o
  CC [M]  net/ceph/auth_none.o
  CC [M]  net/ceph/crypto.o
  CC [M]  net/ceph/armor.o
  CC [M]  net/ceph/auth_x.o
  CC [M]  net/ceph/ceph_fs.o
  CC [M]  net/ceph/ceph_strings.o
  CC [M]  net/ceph/ceph_hash.o
  CC [M]  net/ceph/pagevec.o
  CC [M]  net/ceph/snapshot.o
  LD [M]  net/ceph/libceph.o
  CC [M]  net/core/pktgen.o
  CC [M]  net/dccp/ccid.o
  CC [M]  net/dccp/feat.o
  CC [M]  net/dccp/input.o
  CC [M]  net/dccp/minisocks.o
  CC [M]  net/dccp/options.o
  CC [M]  net/dccp/output.o
  CC [M]  net/dccp/proto.o
  CC [M]  net/dccp/timer.o
  CC [M]  net/dccp/qpolicy.o
  CC [M]  net/dccp/ccids/ccid2.o
  CC [M]  net/dccp/ackvec.o
  CC [M]  net/dccp/sysctl.o
  CC [M]  net/dccp/diag.o
  CC [M]  net/dccp/ipv4.o
  CC [M]  net/dccp/ipv6.o
  CC [M]  net/dccp/probe.o
  LD [M]  net/dccp/dccp.o
  LD [M]  net/dccp/dccp_ipv4.o
  LD [M]  net/dccp/dccp_ipv6.o
  LD [M]  net/dccp/dccp_diag.o
  LD [M]  net/dccp/dccp_probe.o
  CC [M]  net/decnet/af_decnet.o
  CC [M]  net/decnet/dn_nsp_in.o
  CC [M]  net/decnet/dn_nsp_out.o
  CC [M]  net/decnet/dn_route.o
  CC [M]  net/decnet/dn_dev.o
  CC [M]  net/decnet/dn_neigh.o
  CC [M]  net/decnet/dn_timer.o
  CC [M]  net/decnet/sysctl_net_decnet.o
  LD [M]  net/decnet/decnet.o
  CC [M]  net/decnet/netfilter/dn_rtmsg.o
  CC [M]  net/dsa/dsa.o
  CC [M]  net/dsa/slave.o
  CC [M]  net/dsa/tag_dsa.o
  CC [M]  net/dsa/tag_edsa.o
  CC [M]  net/dsa/tag_trailer.o
  LD [M]  net/dsa/dsa_core.o
  CC [M]  net/hsr/hsr_main.o
  CC [M]  net/hsr/hsr_framereg.o
  CC [M]  net/hsr/hsr_device.o
  CC [M]  net/hsr/hsr_netlink.o
  LD [M]  net/hsr/hsr.o
  CC [M]  net/ieee802154/6lowpan_rtnl.o
  CC [M]  net/ieee802154/reassembly.o
  CC [M]  net/ieee802154/af_ieee802154.o
  CC [M]  net/ieee802154/raw.o
  CC [M]  net/ieee802154/dgram.o
  CC [M]  net/ieee802154/netlink.o
  CC [M]  net/ieee802154/nl-mac.o
  CC [M]  net/ieee802154/nl-phy.o
  CC [M]  net/ieee802154/nl_policy.o
  CC [M]  net/ieee802154/wpan-class.o
  CC [M]  net/ieee802154/header_ops.o
  LD [M]  net/ieee802154/ieee802154.o
  LD [M]  net/ieee802154/af_802154.o
  LD [M]  net/ieee802154/6lowpan.o
  CC [M]  net/ieee802154/6lowpan_iphc.o
  CC [M]  net/ipv4/ip_tunnel.o
  CC [M]  net/ipv4/ipip.o
  CC [M]  net/ipv4/gre_demux.o
  LD [M]  net/ipv4/gre.o
  CC [M]  net/ipv4/ip_gre.o
  CC [M]  net/ipv4/ip_vti.o
  CC [M]  net/ipv4/ah4.o
  CC [M]  net/ipv4/esp4.o
  CC [M]  net/ipv4/ipcomp.o
  CC [M]  net/ipv4/xfrm4_tunnel.o
  CC [M]  net/ipv4/xfrm4_mode_beet.o
  CC [M]  net/ipv4/tunnel4.o
  CC [M]  net/ipv4/xfrm4_mode_transport.o
  CC [M]  net/ipv4/xfrm4_mode_tunnel.o
  CC [M]  net/ipv4/inet_diag.o
  CC [M]  net/ipv4/tcp_diag.o
  CC [M]  net/ipv4/udp_diag.o
  CC [M]  net/ipv4/tcp_probe.o
  CC [M]  net/ipv4/tcp_bic.o
  CC [M]  net/ipv4/tcp_westwood.o
  CC [M]  net/ipv4/tcp_highspeed.o
  CC [M]  net/ipv4/tcp_hybla.o
  CC [M]  net/ipv4/tcp_htcp.o
  CC [M]  net/ipv4/tcp_vegas.o
  CC [M]  net/ipv4/tcp_veno.o
  CC [M]  net/ipv4/tcp_scalable.o
  CC [M]  net/ipv4/tcp_lp.o
  CC [M]  net/ipv4/tcp_yeah.o
  CC [M]  net/ipv4/tcp_illinois.o
  CC [M]  net/ipv4/netfilter/nf_conntrack_l3proto_ipv4.o
  CC [M]  net/ipv4/netfilter/nf_conntrack_proto_icmp.o
  CC [M]  net/ipv4/netfilter/nf_nat_l3proto_ipv4.o
  CC [M]  net/ipv4/netfilter/nf_nat_proto_icmp.o
  LD [M]  net/ipv4/netfilter/nf_conntrack_ipv4.o
  LD [M]  net/ipv4/netfilter/nf_nat_ipv4.o
  CC [M]  net/ipv4/netfilter/nf_defrag_ipv4.o
  CC [M]  net/ipv4/netfilter/nf_nat_h323.o
  CC [M]  net/ipv4/netfilter/nf_nat_pptp.o
  CC [M]  net/ipv4/netfilter/nf_nat_snmp_basic.o
  CC [M]  net/ipv4/netfilter/nf_nat_proto_gre.o
  CC [M]  net/ipv4/netfilter/nf_tables_ipv4.o
  CC [M]  net/ipv4/netfilter/nft_chain_route_ipv4.o
  CC [M]  net/ipv4/netfilter/nft_chain_nat_ipv4.o
  CC [M]  net/ipv4/netfilter/nft_reject_ipv4.o
  CC [M]  net/ipv4/netfilter/nf_tables_arp.o
  CC [M]  net/ipv4/netfilter/ip_tables.o
  CC [M]  net/ipv4/netfilter/iptable_filter.o
  CC [M]  net/ipv4/netfilter/iptable_mangle.o
  CC [M]  net/ipv4/netfilter/iptable_nat.o
  CC [M]  net/ipv4/netfilter/iptable_raw.o
  CC [M]  net/ipv4/netfilter/iptable_security.o
  CC [M]  net/ipv4/netfilter/ipt_ah.o
  CC [M]  net/ipv4/netfilter/ipt_rpfilter.o
  CC [M]  net/ipv4/netfilter/ipt_CLUSTERIP.o
  CC [M]  net/ipv4/netfilter/ipt_ECN.o
  CC [M]  net/ipv4/netfilter/ipt_MASQUERADE.o
  CC [M]  net/ipv4/netfilter/ipt_REJECT.o
  CC [M]  net/ipv4/netfilter/ipt_SYNPROXY.o
  CC [M]  net/ipv4/netfilter/ipt_ULOG.o
  CC [M]  net/ipv4/netfilter/arp_tables.o
  CC [M]  net/ipv4/netfilter/arpt_mangle.o
  CC [M]  net/ipv4/netfilter/arptable_filter.o
  CC [M]  net/ipv6/ah6.o
  CC [M]  net/ipv6/esp6.o
  CC [M]  net/ipv6/ipcomp6.o
  CC [M]  net/ipv6/xfrm6_tunnel.o
  CC [M]  net/ipv6/tunnel6.o
  CC [M]  net/ipv6/xfrm6_mode_transport.o
  CC [M]  net/ipv6/xfrm6_mode_tunnel.o
  CC [M]  net/ipv6/xfrm6_mode_ro.o
  CC [M]  net/ipv6/xfrm6_mode_beet.o
  CC [M]  net/ipv6/mip6.o
  CC [M]  net/ipv6/ip6_vti.o
  CC [M]  net/ipv6/sit.o
  CC [M]  net/ipv6/ip6_tunnel.o
  CC [M]  net/ipv6/ip6_gre.o
  CC [M]  net/ipv6/netfilter/ip6_tables.o
  CC [M]  net/ipv6/netfilter/ip6table_filter.o
  CC [M]  net/ipv6/netfilter/ip6table_mangle.o
  CC [M]  net/ipv6/netfilter/ip6table_raw.o
  CC [M]  net/ipv6/netfilter/ip6table_security.o
  CC [M]  net/ipv6/netfilter/ip6table_nat.o
  CC [M]  net/ipv6/netfilter/nf_conntrack_l3proto_ipv6.o
  CC [M]  net/ipv6/netfilter/nf_conntrack_proto_icmpv6.o
  CC [M]  net/ipv6/netfilter/nf_defrag_ipv6_hooks.o
  CC [M]  net/ipv6/netfilter/nf_conntrack_reasm.o
  CC [M]  net/ipv6/netfilter/nf_nat_l3proto_ipv6.o
  CC [M]  net/ipv6/netfilter/nf_nat_proto_icmpv6.o
  LD [M]  net/ipv6/netfilter/nf_conntrack_ipv6.o
  LD [M]  net/ipv6/netfilter/nf_nat_ipv6.o
  LD [M]  net/ipv6/netfilter/nf_defrag_ipv6.o
  CC [M]  net/ipv6/netfilter/nf_tables_ipv6.o
  CC [M]  net/ipv6/netfilter/nft_chain_route_ipv6.o
  CC [M]  net/ipv6/netfilter/nft_chain_nat_ipv6.o
  CC [M]  net/ipv6/netfilter/nft_reject_ipv6.o
  CC [M]  net/ipv6/netfilter/ip6t_ah.o
  CC [M]  net/ipv6/netfilter/ip6t_eui64.o
  CC [M]  net/ipv6/netfilter/ip6t_frag.o
  CC [M]  net/ipv6/netfilter/ip6t_ipv6header.o
  CC [M]  net/ipv6/netfilter/ip6t_mh.o
  CC [M]  net/ipv6/netfilter/ip6t_hbh.o
  CC [M]  net/ipv6/netfilter/ip6t_rpfilter.o
  CC [M]  net/ipv6/netfilter/ip6t_rt.o
  CC [M]  net/ipv6/netfilter/ip6t_MASQUERADE.o
  CC [M]  net/ipv6/netfilter/ip6t_NPT.o
  CC [M]  net/ipv6/netfilter/ip6t_REJECT.o
  CC [M]  net/ipv6/netfilter/ip6t_SYNPROXY.o
  CC [M]  net/ipx/af_ipx.o
  CC [M]  net/ipx/ipx_route.o
  CC [M]  net/ipx/ipx_proc.o
  CC [M]  net/ipx/pe2.o
  CC [M]  net/ipx/sysctl_net_ipx.o
  LD [M]  net/ipx/ipx.o
  CC [M]  net/irda/iriap.o
  CC [M]  net/irda/iriap_event.o
  CC [M]  net/irda/irlmp.o
  CC [M]  net/irda/irlmp_event.o
  CC [M]  net/irda/irlmp_frame.o
  CC [M]  net/irda/irlap.o
  CC [M]  net/irda/irlap_event.o
  CC [M]  net/irda/irlap_frame.o
  CC [M]  net/irda/timer.o
  CC [M]  net/irda/qos.o
  CC [M]  net/irda/irqueue.o
  CC [M]  net/irda/irttp.o
  CC [M]  net/irda/irda_device.o
  CC [M]  net/irda/irias_object.o
  CC [M]  net/irda/wrapper.o
  CC [M]  net/irda/af_irda.o
  CC [M]  net/irda/discovery.o
  CC [M]  net/irda/parameters.o
  CC [M]  net/irda/irnetlink.o
  CC [M]  net/irda/irmod.o
  CC [M]  net/irda/irproc.o
  CC [M]  net/irda/irsysctl.o
  LD [M]  net/irda/irda.o
  CC [M]  net/irda/ircomm/ircomm_tty.o
  CC [M]  net/irda/ircomm/ircomm_tty_attach.o
  CC [M]  net/irda/ircomm/ircomm_tty_ioctl.o
  CC [M]  net/irda/ircomm/ircomm_param.o
  CC [M]  net/irda/ircomm/ircomm_core.o
  CC [M]  net/irda/ircomm/ircomm_event.o
  CC [M]  net/irda/ircomm/ircomm_lmp.o
  CC [M]  net/irda/ircomm/ircomm_ttp.o
  LD [M]  net/irda/ircomm/ircomm.o
  LD [M]  net/irda/ircomm/ircomm-tty.o
  CC [M]  net/irda/irlan/irlan_common.o
  CC [M]  net/irda/irlan/irlan_eth.o
  CC [M]  net/irda/irlan/irlan_event.o
  CC [M]  net/irda/irlan/irlan_client.o
  CC [M]  net/irda/irlan/irlan_provider.o
  CC [M]  net/irda/irlan/irlan_filter.o
  CC [M]  net/irda/irlan/irlan_provider_event.o
  CC [M]  net/irda/irlan/irlan_client_event.o
  LD [M]  net/irda/irlan/irlan.o
  CC [M]  net/irda/irnet/irnet_ppp.o
  CC [M]  net/irda/irnet/irnet_irda.o
  LD [M]  net/irda/irnet/irnet.o
  CC [M]  net/key/af_key.o
  CC [M]  net/l2tp/l2tp_core.o
  CC [M]  net/l2tp/l2tp_ppp.o
  CC [M]  net/l2tp/l2tp_ip.o
  CC [M]  net/l2tp/l2tp_netlink.o
  CC [M]  net/l2tp/l2tp_eth.o
  CC [M]  net/l2tp/l2tp_debugfs.o
  CC [M]  net/l2tp/l2tp_ip6.o
  CC [M]  net/lapb/lapb_in.o
  CC [M]  net/lapb/lapb_out.o
  CC [M]  net/lapb/lapb_subr.o
  CC [M]  net/lapb/lapb_timer.o
  CC [M]  net/lapb/lapb_iface.o
  LD [M]  net/lapb/lapb.o
  CC [M]  net/llc/llc_core.o
  CC [M]  net/llc/llc_input.o
  CC [M]  net/llc/llc_output.o
  CC [M]  net/llc/llc_if.o
  CC [M]  net/llc/llc_c_ev.o
  CC [M]  net/llc/llc_c_ac.o
  CC [M]  net/llc/llc_conn.o
  CC [M]  net/llc/llc_c_st.o
  CC [M]  net/llc/llc_pdu.o
  CC [M]  net/llc/llc_sap.o
  CC [M]  net/llc/llc_s_ac.o
  CC [M]  net/llc/llc_s_ev.o
  CC [M]  net/llc/llc_s_st.o
  CC [M]  net/llc/af_llc.o
  CC [M]  net/llc/llc_station.o
  CC [M]  net/llc/llc_proc.o
  CC [M]  net/llc/sysctl_net_llc.o
  LD [M]  net/llc/llc.o
  LD [M]  net/llc/llc2.o
  CC [M]  net/mac80211/main.o
  CC [M]  net/mac80211/status.o
  CC [M]  net/mac80211/sta_info.o
  CC [M]  net/mac80211/wep.o
  CC [M]  net/mac80211/wpa.o
  CC [M]  net/mac80211/scan.o
  CC [M]  net/mac80211/offchannel.o
  CC [M]  net/mac80211/ht.o
  CC [M]  net/mac80211/agg-tx.o
  CC [M]  net/mac80211/agg-rx.o
  CC [M]  net/mac80211/vht.o
  CC [M]  net/mac80211/ibss.o
  CC [M]  net/mac80211/iface.o
  CC [M]  net/mac80211/rate.o
  CC [M]  net/mac80211/michael.o
  CC [M]  net/mac80211/tkip.o
  CC [M]  net/mac80211/aes_ccm.o
  CC [M]  net/mac80211/aes_cmac.o
  CC [M]  net/mac80211/cfg.o
  CC [M]  net/mac80211/rx.o
  CC [M]  net/mac80211/spectmgmt.o
  CC [M]  net/mac80211/tx.o
  CC [M]  net/mac80211/key.o
  CC [M]  net/mac80211/util.o
  CC [M]  net/mac80211/wme.o
  CC [M]  net/mac80211/event.o
  CC [M]  net/mac80211/chan.o
  CC [M]  net/mac80211/trace.o
  CC [M]  net/mac80211/mlme.o
  CC [M]  net/mac80211/tdls.o
  CC [M]  net/mac80211/led.o
  CC [M]  net/mac80211/debugfs.o
  CC [M]  net/mac80211/debugfs_sta.o
  CC [M]  net/mac80211/debugfs_netdev.o
  CC [M]  net/mac80211/debugfs_key.o
  CC [M]  net/mac80211/mesh.o
  CC [M]  net/mac80211/mesh_pathtbl.o
  CC [M]  net/mac80211/mesh_plink.o
  CC [M]  net/mac80211/mesh_hwmp.o
  CC [M]  net/mac80211/mesh_sync.o
  CC [M]  net/mac80211/mesh_ps.o
  CC [M]  net/mac80211/pm.o
  CC [M]  net/mac80211/rc80211_pid_algo.o
  CC [M]  net/mac80211/rc80211_pid_debugfs.o
  CC [M]  net/mac80211/rc80211_minstrel.o
  CC [M]  net/mac80211/rc80211_minstrel_debugfs.o
  CC [M]  net/mac80211/rc80211_minstrel_ht.o
  CC [M]  net/mac80211/rc80211_minstrel_ht_debugfs.o
  LD [M]  net/mac80211/mac80211.o
  CC [M]  net/mac802154/ieee802154_dev.o
  CC [M]  net/mac802154/rx.o
  CC [M]  net/mac802154/tx.o
  CC [M]  net/mac802154/mac_cmd.o
  CC [M]  net/mac802154/mib.o
  CC [M]  net/mac802154/monitor.o
  CC [M]  net/mac802154/wpan.o
  CC [M]  net/mac802154/llsec.o
  LD [M]  net/mac802154/mac802154.o
  CC [M]  net/netfilter/nfnetlink.o
  CC [M]  net/netfilter/nfnetlink_acct.o
  CC [M]  net/netfilter/nf_conntrack_core.o
  CC [M]  net/netfilter/nf_conntrack_standalone.o
  CC [M]  net/netfilter/nf_conntrack_expect.o
  CC [M]  net/netfilter/nf_conntrack_helper.o
  CC [M]  net/netfilter/nf_conntrack_proto.o
  CC [M]  net/netfilter/nf_conntrack_l3proto_generic.o
  CC [M]  net/netfilter/nf_conntrack_proto_generic.o
  CC [M]  net/netfilter/nf_conntrack_proto_tcp.o
  CC [M]  net/netfilter/nf_conntrack_proto_udp.o
  CC [M]  net/netfilter/nf_conntrack_extend.o
  CC [M]  net/netfilter/nf_conntrack_acct.o
  CC [M]  net/netfilter/nf_conntrack_seqadj.o
  CC [M]  net/netfilter/nf_conntrack_timeout.o
  CC [M]  net/netfilter/nf_conntrack_timestamp.o
  CC [M]  net/netfilter/nf_conntrack_ecache.o
  CC [M]  net/netfilter/nf_conntrack_labels.o
  CC [M]  net/netfilter/nf_conntrack_h323_main.o
  CC [M]  net/netfilter/nf_conntrack_h323_asn1.o
  CC [M]  net/netfilter/nf_nat_core.o
  CC [M]  net/netfilter/nf_nat_proto_unknown.o
  CC [M]  net/netfilter/nf_nat_proto_common.o
  CC [M]  net/netfilter/nf_nat_proto_udp.o
  CC [M]  net/netfilter/nf_nat_proto_tcp.o
  CC [M]  net/netfilter/nf_nat_helper.o
  CC [M]  net/netfilter/nf_tables_core.o
  CC [M]  net/netfilter/nf_tables_api.o
  CC [M]  net/netfilter/nft_immediate.o
  CC [M]  net/netfilter/nft_cmp.o
  CC [M]  net/netfilter/nft_lookup.o
  CC [M]  net/netfilter/nft_bitwise.o
  CC [M]  net/netfilter/nft_byteorder.o
  CC [M]  net/netfilter/nft_payload.o
  CC [M]  net/netfilter/nfnetlink_queue_core.o
  CC [M]  net/netfilter/nfnetlink_queue_ct.o
  LD [M]  net/netfilter/nfnetlink_queue.o
  CC [M]  net/netfilter/nfnetlink_log.o
  LD [M]  net/netfilter/nf_conntrack.o
  CC [M]  net/netfilter/nf_conntrack_proto_dccp.o
  CC [M]  net/netfilter/nf_conntrack_proto_gre.o
  CC [M]  net/netfilter/nf_conntrack_proto_sctp.o
  CC [M]  net/netfilter/nf_conntrack_proto_udplite.o
  CC [M]  net/netfilter/nf_conntrack_netlink.o
  CC [M]  net/netfilter/nfnetlink_cttimeout.o
  CC [M]  net/netfilter/nfnetlink_cthelper.o
  CC [M]  net/netfilter/nf_conntrack_amanda.o
  CC [M]  net/netfilter/nf_conntrack_ftp.o
  LD [M]  net/netfilter/nf_conntrack_h323.o
  CC [M]  net/netfilter/nf_conntrack_irc.o
  CC [M]  net/netfilter/nf_conntrack_broadcast.o
  CC [M]  net/netfilter/nf_conntrack_netbios_ns.o
  CC [M]  net/netfilter/nf_conntrack_snmp.o
  CC [M]  net/netfilter/nf_conntrack_pptp.o
  CC [M]  net/netfilter/nf_conntrack_sane.o
  CC [M]  net/netfilter/nf_conntrack_sip.o
  CC [M]  net/netfilter/nf_conntrack_tftp.o
  LD [M]  net/netfilter/nf_nat.o
  CC [M]  net/netfilter/nf_nat_proto_dccp.o
  CC [M]  net/netfilter/nf_nat_proto_udplite.o
  CC [M]  net/netfilter/nf_nat_proto_sctp.o
  CC [M]  net/netfilter/nf_nat_amanda.o
  CC [M]  net/netfilter/nf_nat_ftp.o
  CC [M]  net/netfilter/nf_nat_irc.o
  CC [M]  net/netfilter/nf_nat_sip.o
  CC [M]  net/netfilter/nf_nat_tftp.o
  CC [M]  net/netfilter/nf_synproxy_core.o
  LD [M]  net/netfilter/nf_tables.o
  CC [M]  net/netfilter/nf_tables_inet.o
  CC [M]  net/netfilter/nft_compat.o
  CC [M]  net/netfilter/nft_exthdr.o
  CC [M]  net/netfilter/nft_meta.o
  CC [M]  net/netfilter/nft_ct.o
  CC [M]  net/netfilter/nft_limit.o
  CC [M]  net/netfilter/nft_nat.o
  CC [M]  net/netfilter/nft_queue.o
  CC [M]  net/netfilter/nft_reject.o
  CC [M]  net/netfilter/nft_reject_inet.o
  CC [M]  net/netfilter/nft_rbtree.o
  CC [M]  net/netfilter/nft_hash.o
  CC [M]  net/netfilter/nft_counter.o
  CC [M]  net/netfilter/nft_log.o
  CC [M]  net/netfilter/x_tables.o
  CC [M]  net/netfilter/xt_tcpudp.o
  CC [M]  net/netfilter/xt_mark.o
  CC [M]  net/netfilter/xt_connmark.o
  CC [M]  net/netfilter/xt_set.o
  CC [M]  net/netfilter/xt_nat.o
  CC [M]  net/netfilter/xt_AUDIT.o
  CC [M]  net/netfilter/xt_CHECKSUM.o
  CC [M]  net/netfilter/xt_CLASSIFY.o
  CC [M]  net/netfilter/xt_CONNSECMARK.o
  CC [M]  net/netfilter/xt_CT.o
  CC [M]  net/netfilter/xt_DSCP.o
  CC [M]  net/netfilter/xt_HL.o
  CC [M]  net/netfilter/xt_HMARK.o
  CC [M]  net/netfilter/xt_LED.o
  CC [M]  net/netfilter/xt_LOG.o
  CC [M]  net/netfilter/xt_NETMAP.o
  CC [M]  net/netfilter/xt_NFLOG.o
  CC [M]  net/netfilter/xt_NFQUEUE.o
  CC [M]  net/netfilter/xt_RATEEST.o
  CC [M]  net/netfilter/xt_REDIRECT.o
  CC [M]  net/netfilter/xt_SECMARK.o
  CC [M]  net/netfilter/xt_TPROXY.o
  CC [M]  net/netfilter/xt_TCPMSS.o
  CC [M]  net/netfilter/xt_TCPOPTSTRIP.o
  CC [M]  net/netfilter/xt_TEE.o
  CC [M]  net/netfilter/xt_TRACE.o
  CC [M]  net/netfilter/xt_IDLETIMER.o
  CC [M]  net/netfilter/xt_addrtype.o
  CC [M]  net/netfilter/xt_bpf.o
  CC [M]  net/netfilter/xt_cluster.o
  CC [M]  net/netfilter/xt_comment.o
  CC [M]  net/netfilter/xt_connbytes.o
  CC [M]  net/netfilter/xt_connlabel.o
  CC [M]  net/netfilter/xt_connlimit.o
  CC [M]  net/netfilter/xt_conntrack.o
  CC [M]  net/netfilter/xt_cpu.o
  CC [M]  net/netfilter/xt_dccp.o
  CC [M]  net/netfilter/xt_devgroup.o
  CC [M]  net/netfilter/xt_dscp.o
  CC [M]  net/netfilter/xt_ecn.o
  CC [M]  net/netfilter/xt_esp.o
  CC [M]  net/netfilter/xt_hashlimit.o
  CC [M]  net/netfilter/xt_helper.o
  CC [M]  net/netfilter/xt_hl.o
  CC [M]  net/netfilter/xt_ipcomp.o
  CC [M]  net/netfilter/xt_iprange.o
  CC [M]  net/netfilter/xt_ipvs.o
  CC [M]  net/netfilter/xt_l2tp.o
  CC [M]  net/netfilter/xt_length.o
  CC [M]  net/netfilter/xt_limit.o
  CC [M]  net/netfilter/xt_mac.o
  CC [M]  net/netfilter/xt_multiport.o
  CC [M]  net/netfilter/xt_nfacct.o
  CC [M]  net/netfilter/xt_osf.o
  CC [M]  net/netfilter/xt_owner.o
  CC [M]  net/netfilter/xt_cgroup.o
  CC [M]  net/netfilter/xt_physdev.o
  CC [M]  net/netfilter/xt_pkttype.o
  CC [M]  net/netfilter/xt_policy.o
  CC [M]  net/netfilter/xt_quota.o
  CC [M]  net/netfilter/xt_rateest.o
  CC [M]  net/netfilter/xt_realm.o
  CC [M]  net/netfilter/xt_recent.o
  CC [M]  net/netfilter/xt_sctp.o
  CC [M]  net/netfilter/xt_socket.o
  CC [M]  net/netfilter/xt_state.o
  CC [M]  net/netfilter/xt_statistic.o
  CC [M]  net/netfilter/xt_string.o
  CC [M]  net/netfilter/xt_tcpmss.o
  CC [M]  net/netfilter/xt_time.o
  CC [M]  net/netfilter/xt_u32.o
  CC [M]  net/netfilter/ipset/ip_set_core.o
  CC [M]  net/netfilter/ipset/ip_set_getport.o
  CC [M]  net/netfilter/ipset/pfxlen.o
  LD [M]  net/netfilter/ipset/ip_set.o
  CC [M]  net/netfilter/ipset/ip_set_bitmap_ip.o
  CC [M]  net/netfilter/ipset/ip_set_bitmap_ipmac.o
  CC [M]  net/netfilter/ipset/ip_set_bitmap_port.o
  CC [M]  net/netfilter/ipset/ip_set_hash_ip.o
  CC [M]  net/netfilter/ipset/ip_set_hash_ipmark.o
  CC [M]  net/netfilter/ipset/ip_set_hash_ipport.o
  CC [M]  net/netfilter/ipset/ip_set_hash_ipportip.o
  CC [M]  net/netfilter/ipset/ip_set_hash_ipportnet.o
  CC [M]  net/netfilter/ipset/ip_set_hash_net.o
  CC [M]  net/netfilter/ipset/ip_set_hash_netport.o
  CC [M]  net/netfilter/ipset/ip_set_hash_netiface.o
  CC [M]  net/netfilter/ipset/ip_set_hash_netnet.o
  CC [M]  net/netfilter/ipset/ip_set_hash_netportnet.o
  CC [M]  net/netfilter/ipset/ip_set_list_set.o
  CC [M]  net/netfilter/ipvs/ip_vs_conn.o
  CC [M]  net/netfilter/ipvs/ip_vs_core.o
  CC [M]  net/netfilter/ipvs/ip_vs_ctl.o
  CC [M]  net/netfilter/ipvs/ip_vs_sched.o
  CC [M]  net/netfilter/ipvs/ip_vs_xmit.o
  CC [M]  net/netfilter/ipvs/ip_vs_app.o
  CC [M]  net/netfilter/ipvs/ip_vs_sync.o
  CC [M]  net/netfilter/ipvs/ip_vs_est.o
  CC [M]  net/netfilter/ipvs/ip_vs_proto.o
  CC [M]  net/netfilter/ipvs/ip_vs_pe.o
  CC [M]  net/netfilter/ipvs/ip_vs_proto_tcp.o
  CC [M]  net/netfilter/ipvs/ip_vs_proto_udp.o
  CC [M]  net/netfilter/ipvs/ip_vs_proto_ah_esp.o
  CC [M]  net/netfilter/ipvs/ip_vs_proto_sctp.o
  CC [M]  net/netfilter/ipvs/ip_vs_nfct.o
  LD [M]  net/netfilter/ipvs/ip_vs.o
  CC [M]  net/netfilter/ipvs/ip_vs_rr.o
  CC [M]  net/netfilter/ipvs/ip_vs_wrr.o
  CC [M]  net/netfilter/ipvs/ip_vs_lc.o
  CC [M]  net/netfilter/ipvs/ip_vs_wlc.o
  CC [M]  net/netfilter/ipvs/ip_vs_lblc.o
  CC [M]  net/netfilter/ipvs/ip_vs_lblcr.o
  CC [M]  net/netfilter/ipvs/ip_vs_dh.o
  CC [M]  net/netfilter/ipvs/ip_vs_sh.o
  CC [M]  net/netfilter/ipvs/ip_vs_sed.o
  CC [M]  net/netfilter/ipvs/ip_vs_nq.o
  CC [M]  net/netfilter/ipvs/ip_vs_ftp.o
  CC [M]  net/netfilter/ipvs/ip_vs_pe_sip.o
  CC [M]  net/netlink/diag.o
  LD [M]  net/netlink/netlink_diag.o
  CC [M]  net/netrom/af_netrom.o
  CC [M]  net/netrom/nr_dev.o
  CC [M]  net/netrom/nr_in.o
  CC [M]  net/netrom/nr_loopback.o
  CC [M]  net/netrom/nr_out.o
  CC [M]  net/netrom/nr_route.o
  CC [M]  net/netrom/nr_subr.o
  CC [M]  net/netrom/nr_timer.o
  CC [M]  net/netrom/sysctl_net_netrom.o
  LD [M]  net/netrom/netrom.o
  CC [M]  net/nfc/core.o
  CC [M]  net/nfc/netlink.o
  CC [M]  net/nfc/af_nfc.o
  CC [M]  net/nfc/rawsock.o
  CC [M]  net/nfc/llcp_core.o
  CC [M]  net/nfc/llcp_commands.o
  CC [M]  net/nfc/llcp_sock.o
  CC [M]  net/nfc/digital_core.o
  CC [M]  net/nfc/digital_technology.o
  CC [M]  net/nfc/digital_dep.o
  LD [M]  net/nfc/nfc.o
  LD [M]  net/nfc/nfc_digital.o
  CC [M]  net/nfc/hci/core.o
  CC [M]  net/nfc/hci/hcp.o
  CC [M]  net/nfc/hci/command.o
  CC [M]  net/nfc/hci/llc.o
  CC [M]  net/nfc/hci/llc_nop.o
  CC [M]  net/nfc/hci/llc_shdlc.o
  LD [M]  net/nfc/hci/hci.o
  CC [M]  net/nfc/nci/core.o
  CC [M]  net/nfc/nci/data.o
  CC [M]  net/nfc/nci/lib.o
  CC [M]  net/nfc/nci/ntf.o
  CC [M]  net/nfc/nci/rsp.o
  CC [M]  net/nfc/nci/spi.o
  LD [M]  net/nfc/nci/nci.o
  CC [M]  net/openvswitch/actions.o
  CC [M]  net/openvswitch/datapath.o
  CC [M]  net/openvswitch/dp_notify.o
  CC [M]  net/openvswitch/flow.o
  CC [M]  net/openvswitch/flow_netlink.o
  CC [M]  net/openvswitch/flow_table.o
  CC [M]  net/openvswitch/vport.o
  CC [M]  net/openvswitch/vport-internal_dev.o
  CC [M]  net/openvswitch/vport-netdev.o
  CC [M]  net/openvswitch/vport-vxlan.o
  CC [M]  net/openvswitch/vport-gre.o
  LD [M]  net/openvswitch/openvswitch.o
  CC [M]  net/packet/diag.o
  LD [M]  net/packet/af_packet_diag.o
  CC [M]  net/phonet/pn_dev.o
  CC [M]  net/phonet/pn_netlink.o
  CC [M]  net/phonet/socket.o
  CC [M]  net/phonet/datagram.o
  CC [M]  net/phonet/sysctl.o
  CC [M]  net/phonet/af_phonet.o
  CC [M]  net/phonet/pep.o
  CC [M]  net/phonet/pep-gprs.o
  LD [M]  net/phonet/phonet.o
  LD [M]  net/phonet/pn_pep.o
  CC [M]  net/rds/af_rds.o
  CC [M]  net/rds/bind.o
  CC [M]  net/rds/cong.o
  CC [M]  net/rds/connection.o
  CC [M]  net/rds/info.o
  CC [M]  net/rds/message.o
  CC [M]  net/rds/recv.o
  CC [M]  net/rds/send.o
  CC [M]  net/rds/stats.o
  CC [M]  net/rds/sysctl.o
  CC [M]  net/rds/threads.o
  CC [M]  net/rds/transport.o
  CC [M]  net/rds/loop.o
  CC [M]  net/rds/page.o
  CC [M]  net/rds/rdma.o
  CC [M]  net/rds/rdma_transport.o
  CC [M]  net/rds/ib.o
  CC [M]  net/rds/ib_cm.o
  CC [M]  net/rds/ib_recv.o
  CC [M]  net/rds/ib_ring.o
  CC [M]  net/rds/ib_send.o
  CC [M]  net/rds/ib_stats.o
  CC [M]  net/rds/ib_sysctl.o
  CC [M]  net/rds/ib_rdma.o
  CC [M]  net/rds/iw.o
  CC [M]  net/rds/iw_cm.o
  CC [M]  net/rds/iw_recv.o
  CC [M]  net/rds/iw_ring.o
  CC [M]  net/rds/iw_send.o
  CC [M]  net/rds/iw_stats.o
  CC [M]  net/rds/iw_sysctl.o
  CC [M]  net/rds/iw_rdma.o
  CC [M]  net/rds/tcp.o
  CC [M]  net/rds/tcp_connect.o
  CC [M]  net/rds/tcp_listen.o
  CC [M]  net/rds/tcp_recv.o
  CC [M]  net/rds/tcp_send.o
  CC [M]  net/rds/tcp_stats.o
  LD [M]  net/rds/rds.o
  LD [M]  net/rds/rds_rdma.o
  LD [M]  net/rds/rds_tcp.o
  CC [M]  net/rfkill/rfkill-regulator.o
  CC [M]  net/rfkill/rfkill-gpio.o
  CC [M]  net/rose/af_rose.o
  CC [M]  net/rose/rose_dev.o
  CC [M]  net/rose/rose_in.o
  CC [M]  net/rose/rose_link.o
  CC [M]  net/rose/rose_loopback.o
  CC [M]  net/rose/rose_out.o
  CC [M]  net/rose/rose_route.o
  CC [M]  net/rose/rose_subr.o
  CC [M]  net/rose/rose_timer.o
  CC [M]  net/rose/sysctl_net_rose.o
  LD [M]  net/rose/rose.o
  CC [M]  net/rxrpc/af_rxrpc.o
  CC [M]  net/rxrpc/ar-accept.o
  CC [M]  net/rxrpc/ar-ack.o
  CC [M]  net/rxrpc/ar-call.o
  CC [M]  net/rxrpc/ar-connection.o
  CC [M]  net/rxrpc/ar-connevent.o
  CC [M]  net/rxrpc/ar-error.o
  CC [M]  net/rxrpc/ar-input.o
  CC [M]  net/rxrpc/ar-key.o
  CC [M]  net/rxrpc/ar-local.o
  CC [M]  net/rxrpc/ar-output.o
  CC [M]  net/rxrpc/ar-peer.o
  CC [M]  net/rxrpc/ar-recvmsg.o
  CC [M]  net/rxrpc/ar-security.o
  CC [M]  net/rxrpc/ar-skbuff.o
  CC [M]  net/rxrpc/ar-transport.o
  CC [M]  net/rxrpc/ar-proc.o
  CC [M]  net/rxrpc/sysctl.o
  LD [M]  net/rxrpc/af-rxrpc.o
  CC [M]  net/rxrpc/rxkad.o
  CC [M]  net/sched/act_police.o
  CC [M]  net/sched/act_gact.o
  CC [M]  net/sched/act_mirred.o
  CC [M]  net/sched/act_ipt.o
  CC [M]  net/sched/act_nat.o
  CC [M]  net/sched/act_pedit.o
  CC [M]  net/sched/act_simple.o
  CC [M]  net/sched/act_skbedit.o
  CC [M]  net/sched/act_csum.o
  CC [M]  net/sched/sch_cbq.o
  CC [M]  net/sched/sch_htb.o
  CC [M]  net/sched/sch_hfsc.o
  CC [M]  net/sched/sch_red.o
  CC [M]  net/sched/sch_gred.o
  CC [M]  net/sched/sch_ingress.o
  CC [M]  net/sched/sch_dsmark.o
  CC [M]  net/sched/sch_sfb.o
  CC [M]  net/sched/sch_sfq.o
  CC [M]  net/sched/sch_tbf.o
  CC [M]  net/sched/sch_teql.o
  CC [M]  net/sched/sch_prio.o
  CC [M]  net/sched/sch_multiq.o
  CC [M]  net/sched/sch_atm.o
  CC [M]  net/sched/sch_netem.o
  CC [M]  net/sched/sch_drr.o
  CC [M]  net/sched/sch_plug.o
  CC [M]  net/sched/sch_mqprio.o
  CC [M]  net/sched/sch_choke.o
  CC [M]  net/sched/sch_qfq.o
  CC [M]  net/sched/sch_codel.o
  CC [M]  net/sched/sch_fq_codel.o
  CC [M]  net/sched/sch_fq.o
  CC [M]  net/sched/sch_hhf.o
  CC [M]  net/sched/sch_pie.o
  CC [M]  net/sched/cls_u32.o
  CC [M]  net/sched/cls_route.o
  CC [M]  net/sched/cls_fw.o
  CC [M]  net/sched/cls_rsvp.o
  CC [M]  net/sched/cls_tcindex.o
  CC [M]  net/sched/cls_rsvp6.o
  CC [M]  net/sched/cls_basic.o
  CC [M]  net/sched/cls_flow.o
  CC [M]  net/sched/cls_cgroup.o
  CC [M]  net/sched/cls_bpf.o
  CC [M]  net/sched/em_cmp.o
  CC [M]  net/sched/em_nbyte.o
  CC [M]  net/sched/em_u32.o
  CC [M]  net/sched/em_meta.o
  CC [M]  net/sched/em_text.o
  CC [M]  net/sched/em_canid.o
  CC [M]  net/sched/em_ipset.o
  CC [M]  net/sctp/sm_statetable.o
  CC [M]  net/sctp/sm_statefuns.o
  CC [M]  net/sctp/sm_sideeffect.o
  CC [M]  net/sctp/protocol.o
  CC [M]  net/sctp/endpointola.o
  CC [M]  net/sctp/associola.o
  CC [M]  net/sctp/transport.o
  CC [M]  net/sctp/chunk.o
  CC [M]  net/sctp/sm_make_chunk.o
  CC [M]  net/sctp/ulpevent.o
  CC [M]  net/sctp/inqueue.o
  CC [M]  net/sctp/outqueue.o
  CC [M]  net/sctp/ulpqueue.o
  CC [M]  net/sctp/command.o
  CC [M]  net/sctp/tsnmap.o
  CC [M]  net/sctp/bind_addr.o
  CC [M]  net/sctp/socket.o
  CC [M]  net/sctp/primitive.o
  CC [M]  net/sctp/output.o
  CC [M]  net/sctp/input.o
  CC [M]  net/sctp/debug.o
  CC [M]  net/sctp/ssnmap.o
  CC [M]  net/sctp/auth.o
  CC [M]  net/sctp/proc.o
  CC [M]  net/sctp/sysctl.o
  CC [M]  net/sctp/ipv6.o
  CC [M]  net/sctp/probe.o
  LD [M]  net/sctp/sctp.o
  LD [M]  net/sctp/sctp_probe.o
  CC [M]  net/sunrpc/clnt.o
  CC [M]  net/sunrpc/xprt.o
  CC [M]  net/sunrpc/socklib.o
  CC [M]  net/sunrpc/xprtsock.o
  CC [M]  net/sunrpc/sched.o
  CC [M]  net/sunrpc/auth.o
  CC [M]  net/sunrpc/auth_null.o
  CC [M]  net/sunrpc/auth_unix.o
  CC [M]  net/sunrpc/auth_generic.o
  CC [M]  net/sunrpc/svc.o
  CC [M]  net/sunrpc/svcsock.o
  CC [M]  net/sunrpc/svcauth.o
  CC [M]  net/sunrpc/svcauth_unix.o
  CC [M]  net/sunrpc/addr.o
  CC [M]  net/sunrpc/rpcb_clnt.o
  CC [M]  net/sunrpc/timer.o
  CC [M]  net/sunrpc/xdr.o
  CC [M]  net/sunrpc/sunrpc_syms.o
  CC [M]  net/sunrpc/cache.o
  CC [M]  net/sunrpc/rpc_pipe.o
  CC [M]  net/sunrpc/svc_xprt.o
  CC [M]  net/sunrpc/backchannel_rqst.o
  CC [M]  net/sunrpc/bc_svc.o
  CC [M]  net/sunrpc/stats.o
  CC [M]  net/sunrpc/sysctl.o
  LD [M]  net/sunrpc/sunrpc.o
  CC [M]  net/sunrpc/auth_gss/auth_gss.o
  CC [M]  net/sunrpc/auth_gss/gss_generic_token.o
  CC [M]  net/sunrpc/auth_gss/gss_mech_switch.o
  CC [M]  net/sunrpc/auth_gss/svcauth_gss.o
  CC [M]  net/sunrpc/auth_gss/gss_rpc_upcall.o
  CC [M]  net/sunrpc/auth_gss/gss_rpc_xdr.o
  CC [M]  net/sunrpc/auth_gss/gss_krb5_mech.o
  CC [M]  net/sunrpc/auth_gss/gss_krb5_seal.o
  CC [M]  net/sunrpc/auth_gss/gss_krb5_unseal.o
  CC [M]  net/sunrpc/auth_gss/gss_krb5_seqnum.o
  CC [M]  net/sunrpc/auth_gss/gss_krb5_wrap.o
  CC [M]  net/sunrpc/auth_gss/gss_krb5_crypto.o
  CC [M]  net/sunrpc/auth_gss/gss_krb5_keys.o
  LD [M]  net/sunrpc/auth_gss/auth_rpcgss.o
  LD [M]  net/sunrpc/auth_gss/rpcsec_gss_krb5.o
  CC [M]  net/sunrpc/xprtrdma/svc_rdma.o
  CC [M]  net/sunrpc/xprtrdma/svc_rdma_transport.o
  CC [M]  net/sunrpc/xprtrdma/svc_rdma_marshal.o
  CC [M]  net/sunrpc/xprtrdma/svc_rdma_sendto.o
  CC [M]  net/sunrpc/xprtrdma/svc_rdma_recvfrom.o
  CC [M]  net/sunrpc/xprtrdma/transport.o
  CC [M]  net/sunrpc/xprtrdma/rpc_rdma.o
  CC [M]  net/sunrpc/xprtrdma/verbs.o
  LD [M]  net/sunrpc/xprtrdma/xprtrdma.o
  LD [M]  net/sunrpc/xprtrdma/svcrdma.o
  CC [M]  net/tipc/addr.o
  CC [M]  net/tipc/bcast.o
  CC [M]  net/tipc/bearer.o
  CC [M]  net/tipc/config.o
  CC [M]  net/tipc/core.o
  CC [M]  net/tipc/link.o
  CC [M]  net/tipc/discover.o
  CC [M]  net/tipc/msg.o
  CC [M]  net/tipc/name_distr.o
  CC [M]  net/tipc/subscr.o
  CC [M]  net/tipc/name_table.o
  CC [M]  net/tipc/net.o
  CC [M]  net/tipc/netlink.o
  CC [M]  net/tipc/node.o
  CC [M]  net/tipc/node_subscr.o
  CC [M]  net/tipc/port.o
  CC [M]  net/tipc/ref.o
  CC [M]  net/tipc/socket.o
  CC [M]  net/tipc/log.o
  CC [M]  net/tipc/eth_media.o
  CC [M]  net/tipc/server.o
  CC [M]  net/tipc/ib_media.o
  CC [M]  net/tipc/sysctl.o
  LD [M]  net/tipc/tipc.o
  CC [M]  net/unix/diag.o
  LD [M]  net/unix/unix_diag.o
  CC [M]  net/vmw_vsock/vmci_transport.o
  CC [M]  net/vmw_vsock/vmci_transport_notify.o
  CC [M]  net/vmw_vsock/vmci_transport_notify_qstate.o
  CC [M]  net/vmw_vsock/af_vsock.o
  CC [M]  net/vmw_vsock/vsock_addr.o
  LD [M]  net/vmw_vsock/vsock.o
  LD [M]  net/vmw_vsock/vmw_vsock_vmci_transport.o
  CC [M]  net/wimax/id-table.o
  CC [M]  net/wimax/op-msg.o
  CC [M]  net/wimax/op-reset.o
  CC [M]  net/wimax/op-rfkill.o
  CC [M]  net/wimax/op-state-get.o
  CC [M]  net/wimax/stack.o
  CC [M]  net/wimax/debugfs.o
  LD [M]  net/wimax/wimax.o
  CC [M]  net/wireless/core.o
  CC [M]  net/wireless/sysfs.o
  CC [M]  net/wireless/radiotap.o
  CC [M]  net/wireless/util.o
  CC [M]  net/wireless/reg.o
  CC [M]  net/wireless/scan.o
  CC [M]  net/wireless/nl80211.o
  CC [M]  net/wireless/mlme.o
  CC [M]  net/wireless/ibss.o
  CC [M]  net/wireless/sme.o
  CC [M]  net/wireless/chan.o
  CC [M]  net/wireless/ethtool.o
  CC [M]  net/wireless/mesh.o
  CC [M]  net/wireless/ap.o
  CC [M]  net/wireless/trace.o
  CC [M]  net/wireless/debugfs.o
  CC [M]  net/wireless/wext-compat.o
  CC [M]  net/wireless/wext-sme.o
  LD [M]  net/wireless/cfg80211.o
  CC [M]  net/wireless/lib80211.o
  CC [M]  net/wireless/lib80211_crypt_wep.o
  CC [M]  net/wireless/lib80211_crypt_ccmp.o
  CC [M]  net/wireless/lib80211_crypt_tkip.o
  CC [M]  net/x25/af_x25.o
  CC [M]  net/x25/x25_dev.o
  CC [M]  net/x25/x25_facilities.o
  CC [M]  net/x25/x25_in.o
  CC [M]  net/x25/x25_link.o
  CC [M]  net/x25/x25_out.o
  CC [M]  net/x25/x25_route.o
  CC [M]  net/x25/x25_subr.o
  CC [M]  net/x25/x25_timer.o
  CC [M]  net/x25/x25_proc.o
  CC [M]  net/x25/x25_forward.o
  CC [M]  net/x25/sysctl_net_x25.o
  LD [M]  net/x25/x25.o
  CC [M]  net/xfrm/xfrm_algo.o
  CC [M]  net/xfrm/xfrm_user.o
  CC [M]  net/xfrm/xfrm_ipcomp.o
  CC [M]  lib/test-string_helpers.o
  CC [M]  lib/test-kstrtox.o
  CC [M]  lib/test_module.o
  CC [M]  lib/test_user_copy.o
  CC [M]  lib/test_bpf.o
  CC [M]  lib/crc-ccitt.o
  CC [M]  lib/crc-itu-t.o
  CC [M]  lib/crc7.o
  CC [M]  lib/libcrc32c.o
  CC [M]  lib/crc8.o
  CC [M]  lib/bch.o
  CC [M]  lib/ts_kmp.o
  CC [M]  lib/ts_bm.o
  CC [M]  lib/ts_fsm.o
  CC [M]  lib/notifier-error-inject.o
  CC [M]  lib/cpu-notifier-error-inject.o
  CC [M]  lib/pm-notifier-error-inject.o
  CC [M]  lib/memory-notifier-error-inject.o
  CC [M]  lib/lru_cache.o
  CC [M]  lib/cordic.o
  CC [M]  lib/rbtree_test.o
  CC [M]  lib/interval_tree_test.o
  CC [M]  lib/percpu_test.o
  CC [M]  lib/lz4/lz4_compress.o
  CC [M]  lib/lz4/lz4hc_compress.o
  CC [M]  lib/raid6/algos.o
  CC [M]  lib/raid6/recov.o
  HOSTCC  lib/raid6/mktables
  TABLE   lib/raid6/tables.c
  CC [M]  lib/raid6/tables.o
  UNROLL  lib/raid6/int1.c
  CC [M]  lib/raid6/int1.o
  UNROLL  lib/raid6/int2.c
  CC [M]  lib/raid6/int2.o
  UNROLL  lib/raid6/int4.c
  CC [M]  lib/raid6/int4.o
  UNROLL  lib/raid6/int8.c
  CC [M]  lib/raid6/int8.o
  UNROLL  lib/raid6/int16.c
  CC [M]  lib/raid6/int16.o
  UNROLL  lib/raid6/int32.c
  CC [M]  lib/raid6/int32.o
  CC [M]  lib/raid6/recov_ssse3.o
  CC [M]  lib/raid6/recov_avx2.o
  CC [M]  lib/raid6/mmx.o
  CC [M]  lib/raid6/sse1.o
  CC [M]  lib/raid6/sse2.o
  CC [M]  lib/raid6/avx2.o
  LD [M]  lib/raid6/raid6_pq.o
  CC [M]  lib/reed_solomon/reed_solomon.o
  CC [M]  lib/xz/xz_dec_test.o
  Building modules, stage 2.
  MODPOST 4130 modules
ERROR: "__tracepoint_mm_page_alloc_zone_locked_hc" [arch/x86/kvm/kvm.ko] undefined!
ERROR: "__tracepoint_mm_page_alloc_extfrag_hc" [arch/x86/kvm/kvm.ko] undefined!
ERROR: "__tracepoint_mm_page_free_hc" [arch/x86/kvm/kvm.ko] undefined!
ERROR: "__tracepoint_mm_page_pcpu_drain_hc" [arch/x86/kvm/kvm.ko] undefined!
ERROR: "__tracepoint_mm_page_alloc_hc" [arch/x86/kvm/kvm.ko] undefined!
ERROR: "__tracepoint_mm_page_free_batched_hc" [arch/x86/kvm/kvm.ko] undefined!
make[2]: *** [__modpost] Error 1
make[1]: *** [modules] Error 2
make[1]: Leaving directory `/home/yjiao/linux-3.16'
make: *** [debian/stamp/build/kernel] Error 2
